<html>
<body>
<pre>
<h1>µVision Build Log</h1>
<h2>Tool Versions:</h2>
IDE-Version: ¦ÌVision V5.27.1.0
Copyright (C) 2019 ARM Ltd and ARM Germany GmbH. All rights reserved.
License Information: bigwudan bigwudan, bigwudan, LIC=76F30-BJCAZ-62SLB-2APYG-2CWL9-AAJGB
 
Tool Versions:
Toolchain:       MDK-ARM Plus  Version: 5.27.1.0
Toolchain Path:  D:\keil5\ARM\ARMCC\Bin
C Compiler:      Armcc.exe V5.06 update 6 (build 750)
Assembler:       Armasm.exe V5.06 update 6 (build 750)
Linker/Locator:  ArmLink.exe V5.06 update 6 (build 750)
Library Manager: ArmAr.exe V5.06 update 6 (build 750)
Hex Converter:   FromElf.exe V5.06 update 6 (build 750)
CPU DLL:         SARMCM3.DLL V5.27.1.0
Dialog DLL:      DARMCM1.DLL V1.19.2.0
Target DLL:      STLink\ST-LINKIII-KEIL_SWO.dll V3.0.6.0
Dialog DLL:      TARMCM1.DLL V1.14.1.0
 
<h2>Project:</h2>
D:\lora_node\app\MDK-ARM\LLCC68 Demo.uvprojx
Project File Date:  11/09/2022

<h2>Output:</h2>
*** Using Compiler 'V5.06 update 6 (build 750)', folder: 'D:\keil5\ARM\ARMCC\Bin'
Build target 'app'
compiling main.c...
..\main.c(12): warning:  #174-D: expression has no effect
  		__NOP;
..\main.c(24): warning:  #174-D: expression has no effect
  			__NOP;	
..\main.c(28): warning:  #174-D: expression has no effect
  			__NOP;		
..\main.c(85): warning:  #550-D: variable "d"  was set but never used
  	uint8_t d =0;
..\main.c(111): warning:  #174-D: expression has no effect
  		__NOP;
..\main.c(109): warning:  #177-D: variable "sx"  was declared but never referenced
  	uint8_t sx[] = "12\n";
..\main.c: 6 warnings, 0 errors
linking...
Program Size: Code=5872 RO-data=212 RW-data=76 ZI-data=1648  
FromELF: creating hex file...
".\Objects\LLCC68 Demo.axf" - 0 Error(s), 6 Warning(s).

<h2>Software Packages used:</h2>

Package Vendor: Keil
                https://www.keil.com/pack/Keil.STM32F0xx_DFP.2.1.1.pack
                Keil.STM32F0xx_DFP.2.1.1
                STMicroelectronics STM32F0 Series Device Support, Drivers and Examples

<h2>Collection of Component include folders:</h2>
  .\RTE\_app
  D:\keil5_pack\Keil\STM32F0xx_DFP\2.1.1\Drivers\CMSIS\Device\ST\STM32F0xx\Include

<h2>Collection of Component Files used:</h2>
Build Time Elapsed:  00:00:01
</pre>
</body>
</html>
