Component: ARM Compiler 5.06 update 6 (build 750) Tool: armlink [4d35ed]

==============================================================================

Section Cross References

    startup_stm32f030.o(RESET) refers to startup_stm32f030.o(STACK) for __initial_sp
    startup_stm32f030.o(RESET) refers to startup_stm32f030.o(.text) for Reset_Handler
    startup_stm32f030.o(RESET) refers to stm32f0xx_it.o(i.NMI_Handler) for NMI_Handler
    startup_stm32f030.o(RESET) refers to stm32f0xx_it.o(i.HardFault_Handler) for HardFault_Handler
    startup_stm32f030.o(RESET) refers to stm32f0xx_it.o(i.SVC_Handler) for SVC_Handler
    startup_stm32f030.o(RESET) refers to stm32f0xx_it.o(i.PendSV_Handler) for PendSV_Handler
    startup_stm32f030.o(RESET) refers to stm32f0xx_it.o(i.SysTick_Handler) for SysTick_Handler
    startup_stm32f030.o(RESET) refers to stm32f0xx_it.o(i.EXTI0_1_IRQHandler) for EXTI0_1_IRQHandler
    startup_stm32f030.o(RESET) refers to stm32f0xx_it.o(i.ADC1_IRQHandler) for ADC1_IRQHandler
    startup_stm32f030.o(RESET) refers to stm32f0xx_it.o(i.TIM3_IRQHandler) for TIM3_IRQHandler
    startup_stm32f030.o(RESET) refers to stm32f0xx_it.o(i.TIM14_IRQHandler) for TIM14_IRQHandler
    startup_stm32f030.o(RESET) refers to stm32f0xx_it.o(i.SPI2_IRQHandler) for SPI2_IRQHandler
    startup_stm32f030.o(RESET) refers to stm32f0xx_it.o(i.USART1_IRQHandler) for USART1_IRQHandler
    startup_stm32f030.o(.text) refers to startup_stm32f030.o(STACK) for __initial_sp
    startup_stm32f030.o(.text) refers to system_stm32f0xx.o(i.SystemInit) for SystemInit
    startup_stm32f030.o(.text) refers to entry.o(.ARM.Collect$$$$00000000) for __main
    system_stm32f0xx.o(i.SystemCoreClockUpdate) refers to uidiv.o(.text) for __aeabi_uidivmod
    system_stm32f0xx.o(i.SystemCoreClockUpdate) refers to system_stm32f0xx.o(.data) for .data
    system_stm32f0xx.o(i.SystemInit) refers to system_stm32f0xx.o(i.SetSysClock) for SetSysClock
    stm32f0xx_gpio.o(i.GPIO_DeInit) refers to stm32f0xx_rcc.o(i.RCC_AHBPeriphResetCmd) for RCC_AHBPeriphResetCmd
    stm32f0xx_pwr.o(i.PWR_DeInit) refers to stm32f0xx_rcc.o(i.RCC_APB1PeriphResetCmd) for RCC_APB1PeriphResetCmd
    stm32f0xx_rcc.o(i.RCC_GetClocksFreq) refers to uidiv.o(.text) for __aeabi_uidivmod
    stm32f0xx_rcc.o(i.RCC_GetClocksFreq) refers to stm32f0xx_rcc.o(.data) for .data
    stm32f0xx_rcc.o(i.RCC_WaitForHSEStartUp) refers to stm32f0xx_rcc.o(i.RCC_GetFlagStatus) for RCC_GetFlagStatus
    stm32f0xx_rtc.o(i.RTC_DeInit) refers to stm32f0xx_rtc.o(i.RTC_EnterInitMode) for RTC_EnterInitMode
    stm32f0xx_rtc.o(i.RTC_DeInit) refers to stm32f0xx_rtc.o(i.RTC_WaitForSynchro) for RTC_WaitForSynchro
    stm32f0xx_rtc.o(i.RTC_GetAlarm) refers to stm32f0xx_rtc.o(i.RTC_Bcd2ToByte) for RTC_Bcd2ToByte
    stm32f0xx_rtc.o(i.RTC_GetDate) refers to stm32f0xx_rtc.o(i.RTC_Bcd2ToByte) for RTC_Bcd2ToByte
    stm32f0xx_rtc.o(i.RTC_GetTime) refers to stm32f0xx_rtc.o(i.RTC_Bcd2ToByte) for RTC_Bcd2ToByte
    stm32f0xx_rtc.o(i.RTC_GetTimeStamp) refers to stm32f0xx_rtc.o(i.RTC_Bcd2ToByte) for RTC_Bcd2ToByte
    stm32f0xx_rtc.o(i.RTC_Init) refers to stm32f0xx_rtc.o(i.RTC_EnterInitMode) for RTC_EnterInitMode
    stm32f0xx_rtc.o(i.RTC_Init) refers to stm32f0xx_rtc.o(i.RTC_ExitInitMode) for RTC_ExitInitMode
    stm32f0xx_rtc.o(i.RTC_RefClockCmd) refers to stm32f0xx_rtc.o(i.RTC_EnterInitMode) for RTC_EnterInitMode
    stm32f0xx_rtc.o(i.RTC_RefClockCmd) refers to stm32f0xx_rtc.o(i.RTC_ExitInitMode) for RTC_ExitInitMode
    stm32f0xx_rtc.o(i.RTC_SetAlarm) refers to stm32f0xx_rtc.o(i.RTC_Bcd2ToByte) for RTC_Bcd2ToByte
    stm32f0xx_rtc.o(i.RTC_SetAlarm) refers to stm32f0xx_rtc.o(i.RTC_ByteToBcd2) for RTC_ByteToBcd2
    stm32f0xx_rtc.o(i.RTC_SetDate) refers to stm32f0xx_rtc.o(i.RTC_Bcd2ToByte) for RTC_Bcd2ToByte
    stm32f0xx_rtc.o(i.RTC_SetDate) refers to stm32f0xx_rtc.o(i.RTC_ByteToBcd2) for RTC_ByteToBcd2
    stm32f0xx_rtc.o(i.RTC_SetDate) refers to stm32f0xx_rtc.o(i.RTC_EnterInitMode) for RTC_EnterInitMode
    stm32f0xx_rtc.o(i.RTC_SetDate) refers to stm32f0xx_rtc.o(i.RTC_ExitInitMode) for RTC_ExitInitMode
    stm32f0xx_rtc.o(i.RTC_SetDate) refers to stm32f0xx_rtc.o(i.RTC_WaitForSynchro) for RTC_WaitForSynchro
    stm32f0xx_rtc.o(i.RTC_SetTime) refers to stm32f0xx_rtc.o(i.RTC_Bcd2ToByte) for RTC_Bcd2ToByte
    stm32f0xx_rtc.o(i.RTC_SetTime) refers to stm32f0xx_rtc.o(i.RTC_ByteToBcd2) for RTC_ByteToBcd2
    stm32f0xx_rtc.o(i.RTC_SetTime) refers to stm32f0xx_rtc.o(i.RTC_EnterInitMode) for RTC_EnterInitMode
    stm32f0xx_rtc.o(i.RTC_SetTime) refers to stm32f0xx_rtc.o(i.RTC_ExitInitMode) for RTC_ExitInitMode
    stm32f0xx_rtc.o(i.RTC_SetTime) refers to stm32f0xx_rtc.o(i.RTC_WaitForSynchro) for RTC_WaitForSynchro
    stm32f0xx_rtc.o(i.RTC_SynchroShiftConfig) refers to stm32f0xx_rtc.o(i.RTC_WaitForSynchro) for RTC_WaitForSynchro
    stm32f0xx_spi.o(i.I2S_Init) refers to stm32f0xx_rcc.o(i.RCC_GetClocksFreq) for RCC_GetClocksFreq
[...]
    ..\\Libraries\\STM32F0xx_StdPeriph_Driver\\src\\stm32f0xx_gpio.c 0x00000000   Number         0  stm32f0xx_gpio.o ABSOLUTE
    ..\\Libraries\\STM32F0xx_StdPeriph_Driver\\src\\stm32f0xx_misc.c 0x00000000   Number         0  stm32f0xx_misc.o ABSOLUTE
    ..\\Libraries\\STM32F0xx_StdPeriph_Driver\\src\\stm32f0xx_pwr.c 0x00000000   Number         0  stm32f0xx_pwr.o ABSOLUTE
    ..\\Libraries\\STM32F0xx_StdPeriph_Driver\\src\\stm32f0xx_rcc.c 0x00000000   Number         0  stm32f0xx_rcc.o ABSOLUTE
    ..\\Libraries\\STM32F0xx_StdPeriph_Driver\\src\\stm32f0xx_rtc.c 0x00000000   Number         0  stm32f0xx_rtc.o ABSOLUTE
    ..\\Libraries\\STM32F0xx_StdPeriph_Driver\\src\\stm32f0xx_spi.c 0x00000000   Number         0  stm32f0xx_spi.o ABSOLUTE
    ..\\Libraries\\STM32F0xx_StdPeriph_Driver\\src\\stm32f0xx_syscfg.c 0x00000000   Number         0  stm32f0xx_syscfg.o ABSOLUTE
    ..\\Libraries\\STM32F0xx_StdPeriph_Driver\\src\\stm32f0xx_tim.c 0x00000000   Number         0  stm32f0xx_tim.o ABSOLUTE
    ..\\Libraries\\STM32F0xx_StdPeriph_Driver\\src\\stm32f0xx_usart.c 0x00000000   Number         0  stm32f0xx_usart.o ABSOLUTE
    ..\\Radio\\lora_app\\lora_node.c         0x00000000   Number         0  lora_node.o ABSOLUTE
    ..\\Radio\\src\\radio.c                  0x00000000   Number         0  radio.o ABSOLUTE
    ..\\Radio\\src\\sx126x-board.c           0x00000000   Number         0  sx126x-board.o ABSOLUTE
    ..\\gpio.c                               0x00000000   Number         0  gpio.o ABSOLUTE
    ..\\main.c                               0x00000000   Number         0  main.o ABSOLUTE
    ..\\rtc.c                                0x00000000   Number         0  rtc.o ABSOLUTE
    ..\\spi.c                                0x00000000   Number         0  spi.o ABSOLUTE
    ..\\stm32f0xx_it.c                       0x00000000   Number         0  stm32f0xx_it.o ABSOLUTE
    ..\\uart.c                               0x00000000   Number         0  uart.o ABSOLUTE
    ..\delay.c                               0x00000000   Number         0  delay.o ABSOLUTE
    ..\gpio.c                                0x00000000   Number         0  gpio.o ABSOLUTE
    ..\main.c                                0x00000000   Number         0  main.o ABSOLUTE
    ..\rtc.c                                 0x00000000   Number         0  rtc.o ABSOLUTE
    ..\spi.c                                 0x00000000   Number         0  spi.o ABSOLUTE
    ..\stm32f0xx_it.c                        0x00000000   Number         0  stm32f0xx_it.o ABSOLUTE
    ..\uart.c                                0x00000000   Number         0  uart.o ABSOLUTE
    cdrcmple.s                               0x00000000   Number         0  cdrcmple.o ABSOLUTE
    dc.s                                     0x00000000   Number         0  dc.o ABSOLUTE
    handlers.s                               0x00000000   Number         0  handlers.o ABSOLUTE
    init.s                                   0x00000000   Number         0  init.o ABSOLUTE
    RESET                                    0x08000000   Section      180  startup_stm32f030.o(RESET)
    .ARM.Collect$$$$00000000                 0x080000b4   Section        0  entry.o(.ARM.Collect$$$$00000000)
    .ARM.Collect$$$$00000001                 0x080000b4   Section        4  entry2.o(.ARM.Collect$$$$00000001)
    .ARM.Collect$$$$00000004                 0x080000b8   Section        4  entry5.o(.ARM.Collect$$$$00000004)
    .ARM.Collect$$$$00000008                 0x080000bc   Section        0  entry7b.o(.ARM.Collect$$$$00000008)
    .ARM.Collect$$$$0000000A                 0x080000bc   Section        0  entry8b.o(.ARM.Collect$$$$0000000A)
    .ARM.Collect$$$$0000000B                 0x080000bc   Section        8  entry9a.o(.ARM.Collect$$$$0000000B)
    .ARM.Collect$$$$0000000D                 0x080000c4   Section        0  entry10a.o(.ARM.Collect$$$$0000000D)
    .ARM.Collect$$$$0000000F                 0x080000c4   Section        0  entry11a.o(.ARM.Collect$$$$0000000F)
    .ARM.Collect$$$$00002712                 0x080000c4   Section        4  entry2.o(.ARM.Collect$$$$00002712)
    __lit__00000000                          0x080000c4   Data           4  entry2.o(.ARM.Collect$$$$00002712)
    .text                                    0x080000c8   Section       88  startup_stm32f030.o(.text)
    .text                                    0x08000120   Section        0  uidiv.o(.text)
    .text                                    0x0800014c   Section        0  memcpya.o(.text)
    .text                                    0x08000170   Section        0  memseta.o(.text)
    .text                                    0x08000194   Section        0  dadd.o(.text)
    .text                                    0x080002f8   Section        0  dmul.o(.text)
    .text                                    0x080003c8   Section        0  ddiv.o(.text)
    .text                                    0x080004b8   Section        0  dscalb.o(.text)
    .text                                    0x080004e4   Section        0  dflti.o(.text)
    .text                                    0x0800050c   Section        0  dfltui.o(.text)
    .text                                    0x08000528   Section        0  dfixui.o(.text)
    .text                                    0x08000564   Section       40  cdrcmple.o(.text)
    .text                                    0x0800058c   Section        0  uldiv.o(.text)
    .text                                    0x080005ec   Section        0  llshl.o(.text)
    .text                                    0x0800060c   Section        0  llushr.o(.text)
    .text                                    0x0800062e   Section        0  llsshr.o(.text)
    .text                                    0x08000654   Section        0  iusefp.o(.text)
    .text                                    0x08000654   Section        0  depilogue.o(.text)
    .text                                    0x08000714   Section        0  drnd.o(.text)
    .text                                    0x08000790   Section       36  init.o(.text)
    i.ADC1_IRQHandler                        0x080007b4   Section        0  stm32f0xx_it.o(i.ADC1_IRQHandler)
    i.Delay_Ms                               0x080007b8   Section        0  delay.o(i.Delay_Ms)
    i.EXTI0_1_IRQHandler                     0x080007d4   Section        0  stm32f0xx_it.o(i.EXTI0_1_IRQHandler)
    i.GPIO_Init                              0x080007d6   Section        0  stm32f0xx_gpio.o(i.GPIO_Init)
    i.GPIO_PinAFConfig                       0x08000846   Section        0  stm32f0xx_gpio.o(i.GPIO_PinAFConfig)
    i.GPIO_ReadInputDataBit                  0x08000866   Section        0  stm32f0xx_gpio.o(i.GPIO_ReadInputDataBit)
    i.GPIO_WriteBit                          0x08000874   Section        0  stm32f0xx_gpio.o(i.GPIO_WriteBit)
    i.GPIO_int                               0x08000880   Section        0  gpio.o(i.GPIO_int)
    i.HAL_Delay_nMS                          0x08000968   Section        0  delay.o(i.HAL_Delay_nMS)
    i.HW_int                                 0x0800097c   Section        0  main.o(i.HW_int)
    i.HardFault_Handler                      0x080009d0   Section        0  stm32f0xx_it.o(i.HardFault_Handler)
    i.NMI_Handler                            0x080009d2   Section        0  stm32f0xx_it.o(i.NMI_Handler)
    i.PWR_BackupAccessCmd                    0x080009d4   Section        0  stm32f0xx_pwr.o(i.PWR_BackupAccessCmd)
    i.PWR_GetFlagStatus                      0x080009f0   Section        0  stm32f0xx_pwr.o(i.PWR_GetFlagStatus)
    i.PendSV_Handler                         0x08000a04   Section        0  stm32f0xx_it.o(i.PendSV_Handler)
    i.RCC_AHBPeriphClockCmd                  0x08000a08   Section        0  stm32f0xx_rcc.o(i.RCC_AHBPeriphClockCmd)
    i.RCC_APB1PeriphClockCmd                 0x08000a24   Section        0  stm32f0xx_rcc.o(i.RCC_APB1PeriphClockCmd)
    i.RCC_APB2PeriphClockCmd                 0x08000a40   Section        0  stm32f0xx_rcc.o(i.RCC_APB2PeriphClockCmd)
    i.RCC_Configuration                      0x08000a5c   Section        0  main.o(i.RCC_Configuration)
    i.RCC_DeInit                             0x08000a78   Section        0  stm32f0xx_rcc.o(i.RCC_DeInit)
    i.RCC_GetClocksFreq                      0x08000ad4   Section        0  stm32f0xx_rcc.o(i.RCC_GetClocksFreq)
    i.RCC_GetFlagStatus                      0x08000c6c   Section        0  stm32f0xx_rcc.o(i.RCC_GetFlagStatus)
    i.RCC_LSICmd                             0x08000ca4   Section        0  stm32f0xx_rcc.o(i.RCC_LSICmd)
    i.RCC_PLLCmd                             0x08000cc4   Section        0  stm32f0xx_rcc.o(i.RCC_PLLCmd)
    i.RCC_PLLConfig                          0x08000ce4   Section        0  stm32f0xx_rcc.o(i.RCC_PLLConfig)
    i.RCC_RTCCLKCmd                          0x08000d00   Section        0  stm32f0xx_rcc.o(i.RCC_RTCCLKCmd)
    i.RCC_RTCCLKConfig                       0x08000d20   Section        0  stm32f0xx_rcc.o(i.RCC_RTCCLKConfig)
    i.RCC_SYSCLKConfig                       0x08000d30   Section        0  stm32f0xx_rcc.o(i.RCC_SYSCLKConfig)
    i.RTC_Bcd2ToByte                         0x08000d44   Section        0  stm32f0xx_rtc.o(i.RTC_Bcd2ToByte)
    RTC_Bcd2ToByte                           0x08000d45   Thumb Code    16  stm32f0xx_rtc.o(i.RTC_Bcd2ToByte)
    i.RTC_ByteToBcd2                         0x08000d54   Section        0  stm32f0xx_rtc.o(i.RTC_ByteToBcd2)
    RTC_ByteToBcd2                           0x08000d55   Thumb Code    24  stm32f0xx_rtc.o(i.RTC_ByteToBcd2)
    i.RTC_DateStructInit                     0x08000d6c   Section        0  stm32f0xx_rtc.o(i.RTC_DateStructInit)
    i.RTC_EnterInitMode                      0x08000d7c   Section        0  stm32f0xx_rtc.o(i.RTC_EnterInitMode)
    i.RTC_ExitInitMode                       0x08000dc0   Section        0  stm32f0xx_rtc.o(i.RTC_ExitInitMode)
    i.RTC_GetTime                            0x08000dd0   Section        0  stm32f0xx_rtc.o(i.RTC_GetTime)
    i.RTC_Init                               0x08000e1c   Section        0  stm32f0xx_rtc.o(i.RTC_Init)
    i.RTC_SetDate                            0x08000e64   Section        0  stm32f0xx_rtc.o(i.RTC_SetDate)
    i.RTC_SetTime                            0x08000f08   Section        0  stm32f0xx_rtc.o(i.RTC_SetTime)
    i.RTC_WaitForSynchro                     0x08000fac   Section        0  stm32f0xx_rtc.o(i.RTC_WaitForSynchro)
    i.RadioCheckRfFrequency                  0x08000ffc   Section        0  radio.o(i.RadioCheckRfFrequency)
    i.RadioGetFskBandwidthRegValue           0x08001000   Section        0  radio.o(i.RadioGetFskBandwidthRegValue)
    RadioGetFskBandwidthRegValue             0x08001001   Thumb Code    50  radio.o(i.RadioGetFskBandwidthRegValue)
    i.RadioGetStatus                         0x08001038   Section        0  radio.o(i.RadioGetStatus)
    i.RadioGetWakeupTime                     0x0800105a   Section        0  radio.o(i.RadioGetWakeupTime)
    i.RadioInit                              0x08001060   Section        0  radio.o(i.RadioInit)
    i.RadioIrqProcess                        0x080010a8   Section        0  radio.o(i.RadioIrqProcess)
    i.RadioIsChannelFree                     0x08001194   Section        0  radio.o(i.RadioIsChannelFree)
    i.RadioOnDioIrq                          0x080011b8   Section        0  radio.o(i.RadioOnDioIrq)
    i.RadioRandom                            0x080011c4   Section        0  radio.o(i.RadioRandom)
    i.RadioRead                              0x080011f8   Section        0  radio.o(i.RadioRead)
    i.RadioReadBuffer                        0x08001200   Section        0  radio.o(i.RadioReadBuffer)
    i.RadioRssi                              0x08001208   Section        0  radio.o(i.RadioRssi)
    i.RadioRx                                0x08001210   Section        0  radio.o(i.RadioRx)
    i.RadioRxBoosted                         0x08001244   Section        0  radio.o(i.RadioRxBoosted)
    i.RadioSend                              0x08001278   Section        0  radio.o(i.RadioSend)
    i.RadioSetChannel                        0x080012b4   Section        0  radio.o(i.RadioSetChannel)
    i.RadioSetMaxPayloadLength               0x080012bc   Section        0  radio.o(i.RadioSetMaxPayloadLength)
    i.RadioSetModem                          0x080012ec   Section        0  radio.o(i.RadioSetModem)
    i.RadioSetPublicNetwork                  0x0800131c   Section        0  radio.o(i.RadioSetPublicNetwork)
    i.RadioSetRxConfig                       0x0800135c   Section        0  radio.o(i.RadioSetRxConfig)
    i.RadioSetRxDutyCycle                    0x080014fc   Section        0  radio.o(i.RadioSetRxDutyCycle)
    i.RadioSetTxConfig                       0x08001504   Section        0  radio.o(i.RadioSetTxConfig)
    i.RadioSetTxContinuousWave               0x0800163c   Section        0  radio.o(i.RadioSetTxContinuousWave)
    i.RadioSleep                             0x08001650   Section        0  radio.o(i.RadioSleep)
    i.RadioStandby                           0x0800166e   Section        0  radio.o(i.RadioStandby)
    i.RadioStartCad                          0x08001678   Section        0  radio.o(i.RadioStartCad)
    i.RadioTimeOnAir                         0x08001680   Section        0  radio.o(i.RadioTimeOnAir)
    i.RadioWrite                             0x0800181c   Section        0  radio.o(i.RadioWrite)
    i.RadioWriteBuffer                       0x08001824   Section        0  radio.o(i.RadioWriteBuffer)
    i.SPI1_Int                               0x0800182c   Section        0  spi.o(i.SPI1_Int)
    i.SPI2_IRQHandler                        0x08001878   Section        0  stm32f0xx_it.o(i.SPI2_IRQHandler)
    i.SPI_Cmd                                0x0800187a   Section        0  stm32f0xx_spi.o(i.SPI_Cmd)
    i.SPI_I2S_GetFlagStatus                  0x08001890   Section        0  stm32f0xx_spi.o(i.SPI_I2S_GetFlagStatus)
    i.SPI_Init                               0x080018a0   Section        0  stm32f0xx_spi.o(i.SPI_Init)
    i.SPI_ReceiveData8                       0x080018f4   Section        0  stm32f0xx_spi.o(i.SPI_ReceiveData8)
    i.SPI_RxFIFOThresholdConfig              0x080018f8   Section        0  stm32f0xx_spi.o(i.SPI_RxFIFOThresholdConfig)
    i.SPI_SendData8                          0x0800190c   Section        0  stm32f0xx_spi.o(i.SPI_SendData8)
    i.SVC_Handler                            0x08001910   Section        0  stm32f0xx_it.o(i.SVC_Handler)
    i.SX126xAntSwOff                         0x08001912   Section        0  sx126x-board.o(i.SX126xAntSwOff)
    i.SX126xAntSwOn                          0x08001914   Section        0  sx126x-board.o(i.SX126xAntSwOn)
    i.SX126xCalibrateImage                   0x08001918   Section        0  sx126x.o(i.SX126xCalibrateImage)
    i.SX126xCheckDeviceReady                 0x08001994   Section        0  sx126x.o(i.SX126xCheckDeviceReady)
    i.SX126xClearIrqStatus                   0x080019b4   Section        0  sx126x.o(i.SX126xClearIrqStatus)
    i.SX126xGetIrqStatus                     0x080019ca   Section        0  sx126x.o(i.SX126xGetIrqStatus)
    i.SX126xGetOperatingMode                 0x080019e4   Section        0  sx126x.o(i.SX126xGetOperatingMode)
    i.SX126xGetPaSelect                      0x080019f0   Section        0  sx126x-board.o(i.SX126xGetPaSelect)
    i.SX126xGetPacketStatus                  0x080019f4   Section        0  sx126x.o(i.SX126xGetPacketStatus)
    i.SX126xGetPacketType                    0x08001a74   Section        0  sx126x.o(i.SX126xGetPacketType)
    i.SX126xGetPayload                       0x08001a80   Section        0  sx126x.o(i.SX126xGetPayload)
    i.SX126xGetRssiInst                      0x08001aac   Section        0  sx126x.o(i.SX126xGetRssiInst)
    i.SX126xGetRxBufferStatus                0x08001ac4   Section        0  sx126x.o(i.SX126xGetRxBufferStatus)
    i.SX126xInit                             0x08001b04   Section        0  sx126x.o(i.SX126xInit)
    i.SX126xReadBuffer                       0x08001b28   Section        0  sx126x-board.o(i.SX126xReadBuffer)
    i.SX126xReadCommand                      0x08001b78   Section        0  sx126x-board.o(i.SX126xReadCommand)
    i.SX126xReadRegister                     0x08001bc2   Section        0  sx126x-board.o(i.SX126xReadRegister)
    i.SX126xReadRegisters                    0x08001bd2   Section        0  sx126x-board.o(i.SX126xReadRegisters)
    i.SX126xReset                            0x08001c28   Section        0  sx126x-board.o(i.SX126xReset)
    i.SX126xSendPayload                      0x08001c58   Section        0  sx126x.o(i.SX126xSendPayload)
    i.SX126xSetBufferBaseAddress             0x08001c68   Section        0  sx126x.o(i.SX126xSetBufferBaseAddress)
    i.SX126xSetCad                           0x08001c7c   Section        0  sx126x.o(i.SX126xSetCad)
    i.SX126xSetCadParams                     0x08001c94   Section        0  sx126x.o(i.SX126xSetCadParams)
    i.SX126xSetCrcPolynomial                 0x08001cc4   Section        0  sx126x.o(i.SX126xSetCrcPolynomial)
    i.SX126xSetCrcSeed                       0x08001ce8   Section        0  sx126x.o(i.SX126xSetCrcSeed)
    i.SX126xSetDio2AsRfSwitchCtrl            0x08001d0c   Section        0  sx126x.o(i.SX126xSetDio2AsRfSwitchCtrl)
    i.SX126xSetDioIrqParams                  0x08001d1a   Section        0  sx126x.o(i.SX126xSetDioIrqParams)
    i.SX126xSetLoRaSymbNumTimeout            0x08001d42   Section        0  sx126x.o(i.SX126xSetLoRaSymbNumTimeout)
    i.SX126xSetModulationParams              0x08001d50   Section        0  sx126x.o(i.SX126xSetModulationParams)
    i.SX126xSetPaConfig                      0x08001df8   Section        0  sx126x.o(i.SX126xSetPaConfig)
    i.SX126xSetPacketParams                  0x08001e10   Section        0  sx126x.o(i.SX126xSetPacketParams)
    i.SX126xSetPacketType                    0x08001ec4   Section        0  sx126x.o(i.SX126xSetPacketType)
    i.SX126xSetPayload                       0x08001ee0   Section        0  sx126x.o(i.SX126xSetPayload)
    i.SX126xSetRegulatorMode                 0x08001eee   Section        0  sx126x.o(i.SX126xSetRegulatorMode)
    i.SX126xSetRfFrequency                   0x08001efc   Section        0  sx126x.o(i.SX126xSetRfFrequency)
    i.SX126xSetRfTxPower                     0x08001f48   Section        0  sx126x-board.o(i.SX126xSetRfTxPower)
    i.SX126xSetRx                            0x08001f54   Section        0  sx126x.o(i.SX126xSetRx)
    i.SX126xSetRxBoosted                     0x08001f78   Section        0  sx126x.o(i.SX126xSetRxBoosted)
    i.SX126xSetRxDutyCycle                   0x08001fa8   Section        0  sx126x.o(i.SX126xSetRxDutyCycle)
    i.SX126xSetSleep                         0x08001fd8   Section        0  sx126x.o(i.SX126xSetSleep)
    i.SX126xSetStandby                       0x08001ff4   Section        0  sx126x.o(i.SX126xSetStandby)
    i.SX126xSetStopRxTimerOnPreambleDetect   0x0800201c   Section        0  sx126x.o(i.SX126xSetStopRxTimerOnPreambleDetect)
    i.SX126xSetSyncWord                      0x0800202a   Section        0  sx126x.o(i.SX126xSetSyncWord)
    i.SX126xSetTx                            0x0800203c   Section        0  sx126x.o(i.SX126xSetTx)
    i.SX126xSetTxContinuousWave              0x08002060   Section        0  sx126x.o(i.SX126xSetTxContinuousWave)
    i.SX126xSetTxParams                      0x08002070   Section        0  sx126x.o(i.SX126xSetTxParams)
    i.SX126xSetWhiteningSeed                 0x080020f4   Section        0  sx126x.o(i.SX126xSetWhiteningSeed)
    i.SX126xWaitOnBusy                       0x08002124   Section        0  sx126x-board.o(i.SX126xWaitOnBusy)
    i.SX126xWakeup                           0x0800213c   Section        0  sx126x-board.o(i.SX126xWakeup)
    i.SX126xWriteBuffer                      0x08002168   Section        0  sx126x-board.o(i.SX126xWriteBuffer)
    i.SX126xWriteCommand                     0x080021b0   Section        0  sx126x-board.o(i.SX126xWriteCommand)
    i.SX126xWriteRegister                    0x080021f6   Section        0  sx126x-board.o(i.SX126xWriteRegister)
    i.SX126xWriteRegisters                   0x08002202   Section        0  sx126x-board.o(i.SX126xWriteRegisters)
    i.SetSysClock                            0x08002250   Section        0  system_stm32f0xx.o(i.SetSysClock)
    SetSysClock                              0x08002251   Thumb Code   148  system_stm32f0xx.o(i.SetSysClock)
    i.SpiInOut                               0x080022ec   Section        0  spi.o(i.SpiInOut)
    i.SysClock_48                            0x08002320   Section        0  main.o(i.SysClock_48)
    i.SysTick_Handler                        0x08002350   Section        0  stm32f0xx_it.o(i.SysTick_Handler)
    i.SystemInit                             0x08002364   Section        0  system_stm32f0xx.o(i.SystemInit)
    i.TIM14_IRQHandler                       0x080023c4   Section        0  stm32f0xx_it.o(i.TIM14_IRQHandler)
    i.TIM3_IRQHandler                        0x080023c6   Section        0  stm32f0xx_it.o(i.TIM3_IRQHandler)
    i.Tick_Configration                      0x080023c8   Section        0  main.o(i.Tick_Configration)
    i.USART1_IRQHandler                      0x08002414   Section        0  stm32f0xx_it.o(i.USART1_IRQHandler)
    i.USART_Cmd                              0x08002416   Section        0  stm32f0xx_usart.o(i.USART_Cmd)
    i.USART_Init                             0x08002430   Section        0  stm32f0xx_usart.o(i.USART_Init)
    i.UartInit                               0x080024e0   Section        0  uart.o(i.UartInit)
    i._OnCadDone                             0x08002554   Section        0  lora_node.o(i._OnCadDone)
    _OnCadDone                               0x08002555   Thumb Code    32  lora_node.o(i._OnCadDone)
    i._OnRxDone                              0x08002584   Section        0  lora_node.o(i._OnRxDone)
    _OnRxDone                                0x08002585   Thumb Code    40  lora_node.o(i._OnRxDone)
    i._OnRxError                             0x080025c4   Section        0  lora_node.o(i._OnRxError)
    _OnRxError                               0x080025c5   Thumb Code    22  lora_node.o(i._OnRxError)
    i._OnRxTimeout                           0x080025ec   Section        0  lora_node.o(i._OnRxTimeout)
    _OnRxTimeout                             0x080025ed   Thumb Code    22  lora_node.o(i._OnRxTimeout)
    i._OnTxDone                              0x08002614   Section        0  lora_node.o(i._OnTxDone)
    _OnTxDone                                0x08002615   Thumb Code    22  lora_node.o(i._OnTxDone)
    i._OnTxTimeout                           0x0800263c   Section        0  lora_node.o(i._OnTxTimeout)
    _OnTxTimeout                             0x0800263d   Thumb Code    10  lora_node.o(i._OnTxTimeout)
    i.__0printf$8                            0x08002648   Section        0  printf8.o(i.__0printf$8)
    i.__ARM_clz                              0x08002668   Section        0  depilogue.o(i.__ARM_clz)
    i.__scatterload_copy                     0x08002696   Section       14  handlers.o(i.__scatterload_copy)
    i.__scatterload_null                     0x080026a4   Section        2  handlers.o(i.__scatterload_null)
    i.__scatterload_zeroinit                 0x080026a6   Section       14  handlers.o(i.__scatterload_zeroinit)
    i._again_fsm_func                        0x080026b4   Section        0  lora_node.o(i._again_fsm_func)
    _again_fsm_func                          0x080026b5   Thumb Code    12  lora_node.o(i._again_fsm_func)
    i._cad_busy_fsm_func                     0x080026c0   Section        0  lora_node.o(i._cad_busy_fsm_func)
    _cad_busy_fsm_func                       0x080026c1   Thumb Code    22  lora_node.o(i._cad_busy_fsm_func)
    i._cad_check_fsm_func                    0x080026e8   Section        0  lora_node.o(i._cad_check_fsm_func)
    _cad_check_fsm_func                      0x080026e9   Thumb Code    16  lora_node.o(i._cad_check_fsm_func)
    i._cad_idie_fsm_func                     0x080026f8   Section        0  lora_node.o(i._cad_idie_fsm_func)
    _cad_idie_fsm_func                       0x080026f9   Thumb Code    12  lora_node.o(i._cad_idie_fsm_func)
    i._check_cad                             0x08002704   Section        0  lora_node.o(i._check_cad)
    _check_cad                               0x08002705   Thumb Code    42  lora_node.o(i._check_cad)
    i._idie_fsm_func                         0x08002740   Section        0  lora_node.o(i._idie_fsm_func)
    _idie_fsm_func                           0x08002741   Thumb Code    12  lora_node.o(i._idie_fsm_func)
    i._printf_core                           0x0800274c   Section        0  printf8.o(i._printf_core)
    _printf_core                             0x0800274d   Thumb Code  1020  printf8.o(i._printf_core)
    i._printf_post_padding                   0x08002b74   Section        0  printf8.o(i._printf_post_padding)
    _printf_post_padding                     0x08002b75   Thumb Code    32  printf8.o(i._printf_post_padding)
    i._printf_pre_padding                    0x08002b94   Section        0  printf8.o(i._printf_pre_padding)
    _printf_pre_padding                      0x08002b95   Thumb Code    44  printf8.o(i._printf_pre_padding)
    i._recv_end_fsm_func                     0x08002bc0   Section        0  lora_node.o(i._recv_end_fsm_func)
    _recv_end_fsm_func                       0x08002bc1   Thumb Code    74  lora_node.o(i._recv_end_fsm_func)
    i._recv_fsm_func                         0x08002c4c   Section        0  lora_node.o(i._recv_fsm_func)
    _recv_fsm_func                           0x08002c4d   Thumb Code    22  lora_node.o(i._recv_fsm_func)
    i._recv_overtime_fsm_func                0x08002c68   Section        0  lora_node.o(i._recv_overtime_fsm_func)
    _recv_overtime_fsm_func                  0x08002c69   Thumb Code     4  lora_node.o(i._recv_overtime_fsm_func)
    i._recving_fsm_func                      0x08002c6c   Section        0  lora_node.o(i._recving_fsm_func)
    _recving_fsm_func                        0x08002c6d   Thumb Code     4  lora_node.o(i._recving_fsm_func)
    i._send_data                             0x08002c70   Section        0  lora_node.o(i._send_data)
    _send_data                               0x08002c71   Thumb Code    90  lora_node.o(i._send_data)
    i._send_end_fsm_func                     0x08002ce8   Section        0  lora_node.o(i._send_end_fsm_func)
    _send_end_fsm_func                       0x08002ce9   Thumb Code    12  lora_node.o(i._send_end_fsm_func)
    i._send_fsm_func                         0x08002cf4   Section        0  lora_node.o(i._send_fsm_func)
    _send_fsm_func                           0x08002cf5   Thumb Code    16  lora_node.o(i._send_fsm_func)
    i._send_overtime_fsm_func                0x08002d04   Section        0  lora_node.o(i._send_overtime_fsm_func)
    _send_overtime_fsm_func                  0x08002d05   Thumb Code     4  lora_node.o(i._send_overtime_fsm_func)
    i._sending_fsm_func                      0x08002d08   Section        0  lora_node.o(i._sending_fsm_func)
    _sending_fsm_func                        0x08002d09   Thumb Code     4  lora_node.o(i._sending_fsm_func)
    i._sleep_fsm_func                        0x08002d0c   Section        0  lora_node.o(i._sleep_fsm_func)
    _sleep_fsm_func                          0x08002d0d   Thumb Code    28  lora_node.o(i._sleep_fsm_func)
    i.ceil                                   0x08002d3c   Section        0  ceil.o(i.ceil)
    i.floor                                  0x08002e04   Section        0  floor.o(i.floor)
    i.fputc                                  0x08002ecc   Section        0  uart.o(i.fputc)
    i.lora_change_state                      0x08002ee4   Section        0  lora_node.o(i.lora_change_state)
    i.lora_common_crc                        0x08002ef0   Section        0  lora_common.o(i.lora_common_crc)
    i.lora_common_get_data                   0x08002f08   Section        0  lora_common.o(i.lora_common_get_data)
    i.lora_common_snd_beg                    0x08002f18   Section        0  lora_common.o(i.lora_common_snd_beg)
    i.lora_common_snd_end                    0x08002f44   Section        0  lora_common.o(i.lora_common_snd_end)
    i.lora_common_snd_join                   0x08002f70   Section        0  lora_common.o(i.lora_common_snd_join)
    i.lora_node_init                         0x08002fb0   Section        0  lora_node.o(i.lora_node_init)
    i.lora_node_task                         0x080030a0   Section        0  lora_node.o(i.lora_node_task)
    i.main                                   0x08003138   Section        0  main.o(i.main)
    i.rint                                   0x080031a8   Section        0  rint.o(i.rint)
    i.rtc_get_time                           0x080031b0   Section        0  rtc.o(i.rtc_get_time)
    i.rtc_set                                0x080031bc   Section        0  rtc.o(i.rtc_set)
    .constdata                               0x08003244   Section      108  radio.o(.constdata)
    .constdata                               0x080032b0   Section      180  radio.o(.constdata)
    .constdata                               0x08003364   Section       79  lora_node.o(.constdata)
    __func__                                 0x08003364   Data          16  lora_node.o(.constdata)
    __func__                                 0x08003374   Data          19  lora_node.o(.constdata)
    __func__                                 0x08003387   Data          10  lora_node.o(.constdata)
    __func__                                 0x08003391   Data          10  lora_node.o(.constdata)
    __func__                                 0x0800339b   Data          13  lora_node.o(.constdata)
    __func__                                 0x080033a8   Data          11  lora_node.o(.constdata)
    .data                                    0x20000000   Section       20  system_stm32f0xx.o(.data)
    .data                                    0x20000014   Section       16  stm32f0xx_rcc.o(.data)
    APBAHBPrescTable                         0x20000014   Data          16  stm32f0xx_rcc.o(.data)
    .data                                    0x20000024   Section        8  stm32f0xx_it.o(.data)
    .data                                    0x2000002c   Section        4  uart.o(.data)
    .data                                    0x20000030   Section      168  radio.o(.data)
    RadioPublicNetwork                       0x20000033   Data           2  radio.o(.data)
    RadioEvents                              0x20000040   Data           4  radio.o(.data)
    RadioLoRaSymbTime                        0x20000048   Data         144  radio.o(.data)
    .data                                    0x200000d8   Section        8  sx126x.o(.data)
    ImageCalibrated                          0x200000d8   Data           1  sx126x.o(.data)
    OperatingMode                            0x200000d9   Data           1  sx126x.o(.data)
    PacketType                               0x200000da   Data           1  sx126x.o(.data)
    .data                                    0x200000e0   Section        1  lora_node.o(.data)
    _recv_len                                0x200000e0   Data           1  lora_node.o(.data)
    .bss                                     0x200000e4   Section      336  radio.o(.bss)
    .bss                                     0x20000234   Section       25  lora_common.o(.bss)
    _send_data_info                          0x20000234   Data          25  lora_common.o(.bss)
    .bss                                     0x20000250   Section       64  lora_node.o(.bss)
    _base_info                               0x20000250   Data          12  lora_node.o(.bss)
    _RadioEvents                             0x2000025c   Data          28  lora_node.o(.bss)
    _recv_buf                                0x20000278   Data          24  lora_node.o(.bss)
    STACK                                    0x20000290   Section     1024  startup_stm32f030.o(STACK)

    Global Symbols

    Symbol Name                              Value     Ov Type        Size  Object(Section)

    BuildAttributes$$THM_ISAv3M$S$PE$A:L22$X:L11$S22$IEEE1$IW$USESV6$~STKCKD$USESV7$~SHL$OTIME$ROPI$IEEEJ$EBA8$MICROLIB$REQ8$PRES8$EABIv2 0x00000000   Number         0  anon$$obj.o ABSOLUTE
    __ARM_use_no_argv                        0x00000000   Number         0  main.o ABSOLUTE
    _printf_a                                0x00000000   Number         0  stubs.o ABSOLUTE
    _printf_c                                0x00000000   Number         0  stubs.o ABSOLUTE
    _printf_charcount                        0x00000000   Number         0  stubs.o ABSOLUTE
    _printf_d                                0x00000000   Number         0  stubs.o ABSOLUTE
    _printf_e                                0x00000000   Number         0  stubs.o ABSOLUTE
    _printf_f                                0x00000000   Number         0  stubs.o ABSOLUTE
    _printf_flags                            0x00000000   Number         0  stubs.o ABSOLUTE
    _printf_fp_dec                           0x00000000   Number         0  stubs.o ABSOLUTE
    _printf_fp_hex                           0x00000000   Number         0  stubs.o ABSOLUTE
    _printf_g                                0x00000000   Number         0  stubs.o ABSOLUTE
    _printf_i                                0x00000000   Number         0  stubs.o ABSOLUTE
    _printf_int_dec                          0x00000000   Number         0  stubs.o ABSOLUTE
    _printf_l                                0x00000000   Number         0  stubs.o ABSOLUTE
    _printf_lc                               0x00000000   Number         0  stubs.o ABSOLUTE
    _printf_ll                               0x00000000   Number         0  stubs.o ABSOLUTE
    _printf_lld                              0x00000000   Number         0  stubs.o ABSOLUTE
    _printf_lli                              0x00000000   Number         0  stubs.o ABSOLUTE
    _printf_llo                              0x00000000   Number         0  stubs.o ABSOLUTE
    _printf_llu                              0x00000000   Number         0  stubs.o ABSOLUTE
    _printf_llx                              0x00000000   Number         0  stubs.o ABSOLUTE
    _printf_longlong_dec                     0x00000000   Number         0  stubs.o ABSOLUTE
    _printf_longlong_hex                     0x00000000   Number         0  stubs.o ABSOLUTE
    _printf_longlong_oct                     0x00000000   Number         0  stubs.o ABSOLUTE
    _printf_ls                               0x00000000   Number         0  stubs.o ABSOLUTE
    _printf_mbtowc                           0x00000000   Number         0  stubs.o ABSOLUTE
    _printf_n                                0x00000000   Number         0  stubs.o ABSOLUTE
    _printf_o                                0x00000000   Number         0  stubs.o ABSOLUTE
    _printf_p                                0x00000000   Number         0  stubs.o ABSOLUTE
    _printf_percent                          0x00000000   Number         0  stubs.o ABSOLUTE
    _printf_pre_padding                      0x00000000   Number         0  stubs.o ABSOLUTE
    _printf_return_value                     0x00000000   Number         0  stubs.o ABSOLUTE
    _printf_s                                0x00000000   Number         0  stubs.o ABSOLUTE
    _printf_sizespec                         0x00000000   Number         0  stubs.o ABSOLUTE
    _printf_str                              0x00000000   Number         0  stubs.o ABSOLUTE
    _printf_truncate_signed                  0x00000000   Number         0  stubs.o ABSOLUTE
    _printf_truncate_unsigned                0x00000000   Number         0  stubs.o ABSOLUTE
    _printf_u                                0x00000000   Number         0  stubs.o ABSOLUTE
    _printf_wc                               0x00000000   Number         0  stubs.o ABSOLUTE
    _printf_wctomb                           0x00000000   Number         0  stubs.o ABSOLUTE
    _printf_widthprec                        0x00000000   Number         0  stubs.o ABSOLUTE
    _printf_x                                0x00000000   Number         0  stubs.o ABSOLUTE
    __cpp_initialize__aeabi_                  - Undefined Weak Reference
    __cxa_finalize                            - Undefined Weak Reference
    __decompress                              - Undefined Weak Reference
    _clock_init                               - Undefined Weak Reference
    _microlib_exit                            - Undefined Weak Reference
    __Vectors_Size                           0x000000b4   Number         0  startup_stm32f030.o ABSOLUTE
    __Vectors                                0x08000000   Data           4  startup_stm32f030.o(RESET)
    __Vectors_End                            0x080000b4   Data           0  startup_stm32f030.o(RESET)
    __main                                   0x080000b5   Thumb Code     0  entry.o(.ARM.Collect$$$$00000000)
    _main_stk                                0x080000b5   Thumb Code     0  entry2.o(.ARM.Collect$$$$00000001)
    _main_scatterload                        0x080000b9   Thumb Code     0  entry5.o(.ARM.Collect$$$$00000004)
    __main_after_scatterload                 0x080000bd   Thumb Code     0  entry5.o(.ARM.Collect$$$$00000004)
    _main_clock                              0x080000bd   Thumb Code     0  entry7b.o(.ARM.Collect$$$$00000008)
    _main_cpp_init                           0x080000bd   Thumb Code     0  entry8b.o(.ARM.Collect$$$$0000000A)
    _main_init                               0x080000bd   Thumb Code     0  entry9a.o(.ARM.Collect$$$$0000000B)
    __rt_final_cpp                           0x080000c5   Thumb Code     0  entry10a.o(.ARM.Collect$$$$0000000D)
    __rt_final_exit                          0x080000c5   Thumb Code     0  entry11a.o(.ARM.Collect$$$$0000000F)
    Reset_Handler                            0x080000c9   Thumb Code    38  startup_stm32f030.o(.text)
    DMA1_Channel1_IRQHandler                 0x080000f9   Thumb Code     0  startup_stm32f030.o(.text)
    DMA1_Channel2_3_IRQHandler               0x080000f9   Thumb Code     0  startup_stm32f030.o(.text)
    DMA1_Channel4_5_IRQHandler               0x080000f9   Thumb Code     0  startup_stm32f030.o(.text)
    EXTI2_3_IRQHandler                       0x080000f9   Thumb Code     0  startup_stm32f030.o(.text)
    EXTI4_15_IRQHandler                      0x080000f9   Thumb Code     0  startup_stm32f030.o(.text)
    FLASH_IRQHandler                         0x080000f9   Thumb Code     0  startup_stm32f030.o(.text)
    I2C1_IRQHandler                          0x080000f9   Thumb Code     0  startup_stm32f030.o(.text)
    I2C2_IRQHandler                          0x080000f9   Thumb Code     0  startup_stm32f030.o(.text)
    RCC_IRQHandler                           0x080000f9   Thumb Code     0  startup_stm32f030.o(.text)
    RTC_IRQHandler                           0x080000f9   Thumb Code     0  startup_stm32f030.o(.text)
    SPI1_IRQHandler                          0x080000f9   Thumb Code     0  startup_stm32f030.o(.text)
    TIM15_IRQHandler                         0x080000f9   Thumb Code     0  startup_stm32f030.o(.text)
    TIM16_IRQHandler                         0x080000f9   Thumb Code     0  startup_stm32f030.o(.text)
    TIM17_IRQHandler                         0x080000f9   Thumb Code     0  startup_stm32f030.o(.text)
    TIM1_BRK_UP_TRG_COM_IRQHandler           0x080000f9   Thumb Code     0  startup_stm32f030.o(.text)
    TIM1_CC_IRQHandler                       0x080000f9   Thumb Code     0  startup_stm32f030.o(.text)
    USART2_IRQHandler                        0x080000f9   Thumb Code     0  startup_stm32f030.o(.text)
    WWDG_IRQHandler                          0x080000f9   Thumb Code     0  startup_stm32f030.o(.text)
    __aeabi_uidiv                            0x08000121   Thumb Code     0  uidiv.o(.text)
    __aeabi_uidivmod                         0x08000121   Thumb Code    44  uidiv.o(.text)
    __aeabi_memcpy                           0x0800014d   Thumb Code    36  memcpya.o(.text)
    __aeabi_memcpy4                          0x0800014d   Thumb Code     0  memcpya.o(.text)
    __aeabi_memcpy8                          0x0800014d   Thumb Code     0  memcpya.o(.text)
    __aeabi_memset                           0x08000171   Thumb Code    14  memseta.o(.text)
    __aeabi_memset4                          0x08000171   Thumb Code     0  memseta.o(.text)
    __aeabi_memset8                          0x08000171   Thumb Code     0  memseta.o(.text)
    __aeabi_memclr                           0x0800017f   Thumb Code     4  memseta.o(.text)
    __aeabi_memclr4                          0x0800017f   Thumb Code     0  memseta.o(.text)
    __aeabi_memclr8                          0x0800017f   Thumb Code     0  memseta.o(.text)
    _memset$wrapper                          0x08000183   Thumb Code    18  memseta.o(.text)
    __aeabi_dadd                             0x08000195   Thumb Code   328  dadd.o(.text)
    __aeabi_dsub                             0x080002dd   Thumb Code    12  dadd.o(.text)
    __aeabi_drsub                            0x080002e9   Thumb Code    12  dadd.o(.text)
    __aeabi_dmul                             0x080002f9   Thumb Code   202  dmul.o(.text)
    __aeabi_ddiv                             0x080003c9   Thumb Code   234  ddiv.o(.text)
    __ARM_scalbn                             0x080004b9   Thumb Code    44  dscalb.o(.text)
    scalbn                                   0x080004b9   Thumb Code     0  dscalb.o(.text)
    __aeabi_i2d                              0x080004e5   Thumb Code    34  dflti.o(.text)
    __aeabi_ui2d                             0x0800050d   Thumb Code    24  dfltui.o(.text)
    __aeabi_d2uiz                            0x08000529   Thumb Code    50  dfixui.o(.text)
    __aeabi_cdrcmple                         0x08000565   Thumb Code    38  cdrcmple.o(.text)
    __aeabi_uldivmod                         0x0800058d   Thumb Code    96  uldiv.o(.text)
    __aeabi_llsl                             0x080005ed   Thumb Code    32  llshl.o(.text)
    _ll_shift_l                              0x080005ed   Thumb Code     0  llshl.o(.text)
    __aeabi_llsr                             0x0800060d   Thumb Code    34  llushr.o(.text)
    _ll_ushift_r                             0x0800060d   Thumb Code     0  llushr.o(.text)
    __aeabi_lasr                             0x0800062f   Thumb Code    38  llsshr.o(.text)
    _ll_sshift_r                             0x0800062f   Thumb Code     0  llsshr.o(.text)
    __I$use$fp                               0x08000655   Thumb Code     0  iusefp.o(.text)
    _double_round                            0x08000655   Thumb Code    26  depilogue.o(.text)
    _double_epilogue                         0x0800066f   Thumb Code   164  depilogue.o(.text)
    _drnd                                    0x08000715   Thumb Code   114  drnd.o(.text)
    __scatterload                            0x08000791   Thumb Code    28  init.o(.text)
    __scatterload_rt2                        0x08000791   Thumb Code     0  init.o(.text)
    ADC1_IRQHandler                          0x080007b5   Thumb Code     2  stm32f0xx_it.o(i.ADC1_IRQHandler)
    Delay_Ms                                 0x080007b9   Thumb Code    22  delay.o(i.Delay_Ms)
    EXTI0_1_IRQHandler                       0x080007d5   Thumb Code     2  stm32f0xx_it.o(i.EXTI0_1_IRQHandler)
    GPIO_Init                                0x080007d7   Thumb Code   112  stm32f0xx_gpio.o(i.GPIO_Init)
    GPIO_PinAFConfig                         0x08000847   Thumb Code    32  stm32f0xx_gpio.o(i.GPIO_PinAFConfig)
    GPIO_ReadInputDataBit                    0x08000867   Thumb Code    14  stm32f0xx_gpio.o(i.GPIO_ReadInputDataBit)
    GPIO_WriteBit                            0x08000875   Thumb Code    12  stm32f0xx_gpio.o(i.GPIO_WriteBit)
    GPIO_int                                 0x08000881   Thumb Code   222  gpio.o(i.GPIO_int)
    HAL_Delay_nMS                            0x08000969   Thumb Code    14  delay.o(i.HAL_Delay_nMS)
    HW_int                                   0x0800097d   Thumb Code    60  main.o(i.HW_int)
    HardFault_Handler                        0x080009d1   Thumb Code     2  stm32f0xx_it.o(i.HardFault_Handler)
    NMI_Handler                              0x080009d3   Thumb Code     2  stm32f0xx_it.o(i.NMI_Handler)
    PWR_BackupAccessCmd                      0x080009d5   Thumb Code    24  stm32f0xx_pwr.o(i.PWR_BackupAccessCmd)
    PWR_GetFlagStatus                        0x080009f1   Thumb Code    16  stm32f0xx_pwr.o(i.PWR_GetFlagStatus)
    PendSV_Handler                           0x08000a05   Thumb Code     2  stm32f0xx_it.o(i.PendSV_Handler)
    RCC_AHBPeriphClockCmd                    0x08000a09   Thumb Code    22  stm32f0xx_rcc.o(i.RCC_AHBPeriphClockCmd)
    RCC_APB1PeriphClockCmd                   0x08000a25   Thumb Code    22  stm32f0xx_rcc.o(i.RCC_APB1PeriphClockCmd)
    RCC_APB2PeriphClockCmd                   0x08000a41   Thumb Code    22  stm32f0xx_rcc.o(i.RCC_APB2PeriphClockCmd)
    RCC_Configuration                        0x08000a5d   Thumb Code    22  main.o(i.RCC_Configuration)
    RCC_DeInit                               0x08000a79   Thumb Code    76  stm32f0xx_rcc.o(i.RCC_DeInit)
    RCC_GetClocksFreq                        0x08000ad5   Thumb Code   376  stm32f0xx_rcc.o(i.RCC_GetClocksFreq)
    RCC_GetFlagStatus                        0x08000c6d   Thumb Code    50  stm32f0xx_rcc.o(i.RCC_GetFlagStatus)
    RCC_LSICmd                               0x08000ca5   Thumb Code    26  stm32f0xx_rcc.o(i.RCC_LSICmd)
    RCC_PLLCmd                               0x08000cc5   Thumb Code    26  stm32f0xx_rcc.o(i.RCC_PLLCmd)
    RCC_PLLConfig                            0x08000ce5   Thumb Code    24  stm32f0xx_rcc.o(i.RCC_PLLConfig)
    RCC_RTCCLKCmd                            0x08000d01   Thumb Code    26  stm32f0xx_rcc.o(i.RCC_RTCCLKCmd)
    RCC_RTCCLKConfig                         0x08000d21   Thumb Code    10  stm32f0xx_rcc.o(i.RCC_RTCCLKConfig)
    RCC_SYSCLKConfig                         0x08000d31   Thumb Code    14  stm32f0xx_rcc.o(i.RCC_SYSCLKConfig)
    RTC_DateStructInit                       0x08000d6d   Thumb Code    14  stm32f0xx_rtc.o(i.RTC_DateStructInit)
    RTC_EnterInitMode                        0x08000d7d   Thumb Code    62  stm32f0xx_rtc.o(i.RTC_EnterInitMode)
    RTC_ExitInitMode                         0x08000dc1   Thumb Code    12  stm32f0xx_rtc.o(i.RTC_ExitInitMode)
    RTC_GetTime                              0x08000dd1   Thumb Code    68  stm32f0xx_rtc.o(i.RTC_GetTime)
    RTC_Init                                 0x08000e1d   Thumb Code    68  stm32f0xx_rtc.o(i.RTC_Init)
    RTC_SetDate                              0x08000e65   Thumb Code   156  stm32f0xx_rtc.o(i.RTC_SetDate)
    RTC_SetTime                              0x08000f09   Thumb Code   154  stm32f0xx_rtc.o(i.RTC_SetTime)
    RTC_WaitForSynchro                       0x08000fad   Thumb Code    76  stm32f0xx_rtc.o(i.RTC_WaitForSynchro)
    RadioCheckRfFrequency                    0x08000ffd   Thumb Code     4  radio.o(i.RadioCheckRfFrequency)
    RadioGetStatus                           0x08001039   Thumb Code    34  radio.o(i.RadioGetStatus)
    RadioGetWakeupTime                       0x0800105b   Thumb Code     4  radio.o(i.RadioGetWakeupTime)
    RadioInit                                0x08001061   Thumb Code    58  radio.o(i.RadioInit)
    RadioIrqProcess                          0x080010a9   Thumb Code   222  radio.o(i.RadioIrqProcess)
    RadioIsChannelFree                       0x08001195   Thumb Code    36  radio.o(i.RadioIsChannelFree)
    RadioOnDioIrq                            0x080011b9   Thumb Code     8  radio.o(i.RadioOnDioIrq)
    RadioRandom                              0x080011c5   Thumb Code    52  radio.o(i.RadioRandom)
    RadioRead                                0x080011f9   Thumb Code     8  radio.o(i.RadioRead)
    RadioReadBuffer                          0x08001201   Thumb Code     8  radio.o(i.RadioReadBuffer)
    RadioRssi                                0x08001209   Thumb Code     8  radio.o(i.RadioRssi)
    RadioRx                                  0x08001211   Thumb Code    40  radio.o(i.RadioRx)
    RadioRxBoosted                           0x08001245   Thumb Code    40  radio.o(i.RadioRxBoosted)
    RadioSend                                0x08001279   Thumb Code    52  radio.o(i.RadioSend)
    RadioSetChannel                          0x080012b5   Thumb Code     8  radio.o(i.RadioSetChannel)
    RadioSetMaxPayloadLength                 0x080012bd   Thumb Code    40  radio.o(i.RadioSetMaxPayloadLength)
    RadioSetModem                            0x080012ed   Thumb Code    42  radio.o(i.RadioSetModem)
    RadioSetPublicNetwork                    0x0800131d   Thumb Code    58  radio.o(i.RadioSetPublicNetwork)
    RadioSetRxConfig                         0x0800135d   Thumb Code   380  radio.o(i.RadioSetRxConfig)
    RadioSetRxDutyCycle                      0x080014fd   Thumb Code     8  radio.o(i.RadioSetRxDutyCycle)
    RadioSetTxConfig                         0x08001505   Thumb Code   286  radio.o(i.RadioSetTxConfig)
    RadioSetTxContinuousWave                 0x0800163d   Thumb Code    20  radio.o(i.RadioSetTxContinuousWave)
    RadioSleep                               0x08001651   Thumb Code    30  radio.o(i.RadioSleep)
    RadioStandby                             0x0800166f   Thumb Code    10  radio.o(i.RadioStandby)
    RadioStartCad                            0x08001679   Thumb Code     8  radio.o(i.RadioStartCad)
    RadioTimeOnAir                           0x08001681   Thumb Code   378  radio.o(i.RadioTimeOnAir)
    RadioWrite                               0x0800181d   Thumb Code     8  radio.o(i.RadioWrite)
    RadioWriteBuffer                         0x08001825   Thumb Code     8  radio.o(i.RadioWriteBuffer)
    SPI1_Int                                 0x0800182d   Thumb Code    72  spi.o(i.SPI1_Int)
    SPI2_IRQHandler                          0x08001879   Thumb Code     2  stm32f0xx_it.o(i.SPI2_IRQHandler)
    SPI_Cmd                                  0x0800187b   Thumb Code    22  stm32f0xx_spi.o(i.SPI_Cmd)
    SPI_I2S_GetFlagStatus                    0x08001891   Thumb Code    14  stm32f0xx_spi.o(i.SPI_I2S_GetFlagStatus)
    SPI_Init                                 0x080018a1   Thumb Code    74  stm32f0xx_spi.o(i.SPI_Init)
    SPI_ReceiveData8                         0x080018f5   Thumb Code     4  stm32f0xx_spi.o(i.SPI_ReceiveData8)
    SPI_RxFIFOThresholdConfig                0x080018f9   Thumb Code    16  stm32f0xx_spi.o(i.SPI_RxFIFOThresholdConfig)
    SPI_SendData8                            0x0800190d   Thumb Code     4  stm32f0xx_spi.o(i.SPI_SendData8)
    SVC_Handler                              0x08001911   Thumb Code     2  stm32f0xx_it.o(i.SVC_Handler)
    SX126xAntSwOff                           0x08001913   Thumb Code     2  sx126x-board.o(i.SX126xAntSwOff)
    SX126xAntSwOn                            0x08001915   Thumb Code     2  sx126x-board.o(i.SX126xAntSwOn)
    SX126xCalibrateImage                     0x08001919   Thumb Code   102  sx126x.o(i.SX126xCalibrateImage)
    SX126xCheckDeviceReady                   0x08001995   Thumb Code    32  sx126x.o(i.SX126xCheckDeviceReady)
    SX126xClearIrqStatus                     0x080019b5   Thumb Code    22  sx126x.o(i.SX126xClearIrqStatus)
    SX126xGetIrqStatus                       0x080019cb   Thumb Code    24  sx126x.o(i.SX126xGetIrqStatus)
    SX126xGetOperatingMode                   0x080019e5   Thumb Code     6  sx126x.o(i.SX126xGetOperatingMode)
    SX126xGetPaSelect                        0x080019f1   Thumb Code     4  sx126x-board.o(i.SX126xGetPaSelect)
    SX126xGetPacketStatus                    0x080019f5   Thumb Code   124  sx126x.o(i.SX126xGetPacketStatus)
    SX126xGetPacketType                      0x08001a75   Thumb Code     6  sx126x.o(i.SX126xGetPacketType)
    SX126xGetPayload                         0x08001a81   Thumb Code    44  sx126x.o(i.SX126xGetPayload)
    SX126xGetRssiInst                        0x08001aad   Thumb Code    24  sx126x.o(i.SX126xGetRssiInst)
    SX126xGetRxBufferStatus                  0x08001ac5   Thumb Code    60  sx126x.o(i.SX126xGetRxBufferStatus)
    SX126xInit                               0x08001b05   Thumb Code    30  sx126x.o(i.SX126xInit)
    SX126xReadBuffer                         0x08001b29   Thumb Code    80  sx126x-board.o(i.SX126xReadBuffer)
    SX126xReadCommand                        0x08001b79   Thumb Code    74  sx126x-board.o(i.SX126xReadCommand)
    SX126xReadRegister                       0x08001bc3   Thumb Code    16  sx126x-board.o(i.SX126xReadRegister)
    SX126xReadRegisters                      0x08001bd3   Thumb Code    86  sx126x-board.o(i.SX126xReadRegisters)
    SX126xReset                              0x08001c29   Thumb Code    44  sx126x-board.o(i.SX126xReset)
    SX126xSendPayload                        0x08001c59   Thumb Code    16  sx126x.o(i.SX126xSendPayload)
    SX126xSetBufferBaseAddress               0x08001c69   Thumb Code    20  sx126x.o(i.SX126xSetBufferBaseAddress)
    SX126xSetCad                             0x08001c7d   Thumb Code    20  sx126x.o(i.SX126xSetCad)
    SX126xSetCadParams                       0x08001c95   Thumb Code    42  sx126x.o(i.SX126xSetCadParams)
    SX126xSetCrcPolynomial                   0x08001cc5   Thumb Code    30  sx126x.o(i.SX126xSetCrcPolynomial)
    SX126xSetCrcSeed                         0x08001ce9   Thumb Code    30  sx126x.o(i.SX126xSetCrcSeed)
    SX126xSetDio2AsRfSwitchCtrl              0x08001d0d   Thumb Code    14  sx126x.o(i.SX126xSetDio2AsRfSwitchCtrl)
    SX126xSetDioIrqParams                    0x08001d1b   Thumb Code    40  sx126x.o(i.SX126xSetDioIrqParams)
    SX126xSetLoRaSymbNumTimeout              0x08001d43   Thumb Code    14  sx126x.o(i.SX126xSetLoRaSymbNumTimeout)
    SX126xSetModulationParams                0x08001d51   Thumb Code   154  sx126x.o(i.SX126xSetModulationParams)
    SX126xSetPaConfig                        0x08001df9   Thumb Code    24  sx126x.o(i.SX126xSetPaConfig)
    SX126xSetPacketParams                    0x08001e11   Thumb Code   158  sx126x.o(i.SX126xSetPacketParams)
    SX126xSetPacketType                      0x08001ec5   Thumb Code    22  sx126x.o(i.SX126xSetPacketType)
    SX126xSetPayload                         0x08001ee1   Thumb Code    14  sx126x.o(i.SX126xSetPayload)
    SX126xSetRegulatorMode                   0x08001eef   Thumb Code    14  sx126x.o(i.SX126xSetRegulatorMode)
    SX126xSetRfFrequency                     0x08001efd   Thumb Code    68  sx126x.o(i.SX126xSetRfFrequency)
    SX126xSetRfTxPower                       0x08001f49   Thumb Code    10  sx126x-board.o(i.SX126xSetRfTxPower)
    SX126xSetRx                              0x08001f55   Thumb Code    32  sx126x.o(i.SX126xSetRx)
    SX126xSetRxBoosted                       0x08001f79   Thumb Code    40  sx126x.o(i.SX126xSetRxBoosted)
    SX126xSetRxDutyCycle                     0x08001fa9   Thumb Code    42  sx126x.o(i.SX126xSetRxDutyCycle)
    SX126xSetSleep                           0x08001fd9   Thumb Code    24  sx126x.o(i.SX126xSetSleep)
    SX126xSetStandby                         0x08001ff5   Thumb Code    34  sx126x.o(i.SX126xSetStandby)
    SX126xSetStopRxTimerOnPreambleDetect     0x0800201d   Thumb Code    14  sx126x.o(i.SX126xSetStopRxTimerOnPreambleDetect)
    SX126xSetSyncWord                        0x0800202b   Thumb Code    18  sx126x.o(i.SX126xSetSyncWord)
    SX126xSetTx                              0x0800203d   Thumb Code    32  sx126x.o(i.SX126xSetTx)
    SX126xSetTxContinuousWave                0x08002061   Thumb Code    14  sx126x.o(i.SX126xSetTxContinuousWave)
    SX126xSetTxParams                        0x08002071   Thumb Code   128  sx126x.o(i.SX126xSetTxParams)
    SX126xSetWhiteningSeed                   0x080020f5   Thumb Code    48  sx126x.o(i.SX126xSetWhiteningSeed)
    SX126xWaitOnBusy                         0x08002125   Thumb Code    18  sx126x-board.o(i.SX126xWaitOnBusy)
    SX126xWakeup                             0x0800213d   Thumb Code    44  sx126x-board.o(i.SX126xWakeup)
    SX126xWriteBuffer                        0x08002169   Thumb Code    72  sx126x-board.o(i.SX126xWriteBuffer)
    SX126xWriteCommand                       0x080021b1   Thumb Code    70  sx126x-board.o(i.SX126xWriteCommand)
    SX126xWriteRegister                      0x080021f7   Thumb Code    12  sx126x-board.o(i.SX126xWriteRegister)
    SX126xWriteRegisters                     0x08002203   Thumb Code    78  sx126x-board.o(i.SX126xWriteRegisters)
    SpiInOut                                 0x080022ed   Thumb Code    46  spi.o(i.SpiInOut)
    SysClock_48                              0x08002321   Thumb Code    46  main.o(i.SysClock_48)
    SysTick_Handler                          0x08002351   Thumb Code    16  stm32f0xx_it.o(i.SysTick_Handler)
    SystemInit                               0x08002365   Thumb Code    84  system_stm32f0xx.o(i.SystemInit)
    TIM14_IRQHandler                         0x080023c5   Thumb Code     2  stm32f0xx_it.o(i.TIM14_IRQHandler)
    TIM3_IRQHandler                          0x080023c7   Thumb Code     2  stm32f0xx_it.o(i.TIM3_IRQHandler)
    Tick_Configration                        0x080023c9   Thumb Code    60  main.o(i.Tick_Configration)
    USART1_IRQHandler                        0x08002415   Thumb Code     2  stm32f0xx_it.o(i.USART1_IRQHandler)
    USART_Cmd                                0x08002417   Thumb Code    24  stm32f0xx_usart.o(i.USART_Cmd)
    USART_Init                               0x08002431   Thumb Code   156  stm32f0xx_usart.o(i.USART_Init)
    UartInit                                 0x080024e1   Thumb Code   110  uart.o(i.UartInit)
    __0printf$8                              0x08002649   Thumb Code    24  printf8.o(i.__0printf$8)
    __1printf$8                              0x08002649   Thumb Code     0  printf8.o(i.__0printf$8)
    __2printf                                0x08002649   Thumb Code     0  printf8.o(i.__0printf$8)
    __ARM_clz                                0x08002669   Thumb Code    46  depilogue.o(i.__ARM_clz)
    __scatterload_copy                       0x08002697   Thumb Code    14  handlers.o(i.__scatterload_copy)
    __scatterload_null                       0x080026a5   Thumb Code     2  handlers.o(i.__scatterload_null)
    __scatterload_zeroinit                   0x080026a7   Thumb Code    14  handlers.o(i.__scatterload_zeroinit)
    ceil                                     0x08002d3d   Thumb Code   180  ceil.o(i.ceil)
    floor                                    0x08002e05   Thumb Code   180  floor.o(i.floor)
    fputc                                    0x08002ecd   Thumb Code    18  uart.o(i.fputc)
    lora_change_state                        0x08002ee5   Thumb Code     6  lora_node.o(i.lora_change_state)
    lora_common_crc                          0x08002ef1   Thumb Code    24  lora_common.o(i.lora_common_crc)
    lora_common_get_data                     0x08002f09   Thumb Code    12  lora_common.o(i.lora_common_get_data)
    lora_common_snd_beg                      0x08002f19   Thumb Code    40  lora_common.o(i.lora_common_snd_beg)
    lora_common_snd_end                      0x08002f45   Thumb Code    40  lora_common.o(i.lora_common_snd_end)
    lora_common_snd_join                     0x08002f71   Thumb Code    60  lora_common.o(i.lora_common_snd_join)
    lora_node_init                           0x08002fb1   Thumb Code   158  lora_node.o(i.lora_node_init)
    lora_node_task                           0x080030a1   Thumb Code   146  lora_node.o(i.lora_node_task)
    main                                     0x08003139   Thumb Code    54  main.o(i.main)
    rint                                     0x080031a9   Thumb Code     8  rint.o(i.rint)
    rtc_get_time                             0x080031b1   Thumb Code    12  rtc.o(i.rtc_get_time)
    rtc_set                                  0x080031bd   Thumb Code   134  rtc.o(i.rtc_set)
    Radio                                    0x08003244   Data         108  radio.o(.constdata)
    Bandwidths                               0x080032b0   Data           3  radio.o(.constdata)
    FskBandwidths                            0x080032b4   Data         176  radio.o(.constdata)
    Region$$Table$$Base                      0x080033b4   Number         0  anon$$obj.o(Region$$Table)
    Region$$Table$$Limit                     0x080033d4   Number         0  anon$$obj.o(Region$$Table)
    SystemCoreClock                          0x20000000   Data           4  system_stm32f0xx.o(.data)
    AHBPrescTable                            0x20000004   Data          16  system_stm32f0xx.o(.data)
    TickCounter                              0x20000024   Data           4  stm32f0xx_it.o(.data)
    ticktimer                                0x20000028   Data           4  stm32f0xx_it.o(.data)
    __stdout                                 0x2000002c   Data           4  uart.o(.data)
    MaxPayloadLength                         0x20000030   Data           1  radio.o(.data)
    RxContinuous                             0x20000031   Data           1  radio.o(.data)
    IrqFired                                 0x20000032   Data           1  radio.o(.data)
    TxTimeout                                0x20000038   Data           4  radio.o(.data)
    RxTimeout                                0x2000003c   Data           4  radio.o(.data)
    FrequencyError                           0x200000dc   Data           4  sx126x.o(.data)
    RadioPktStatus                           0x200000e4   Data          20  radio.o(.bss)
    RadioRxPayload                           0x200000f8   Data         255  radio.o(.bss)
    SX126x                                   0x200001f8   Data          60  radio.o(.bss)
    __initial_sp                             0x20000690   Data           0  startup_stm32f030.o(STACK)



==============================================================================

Memory Map of the image

  Image Entry point : 0x080000b5

  Load Region LR_IROM1 (Base: 0x08000000, Size: 0x000034b8, Max: 0x00004000, ABSOLUTE)

    Execution Region ER_IROM1 (Exec base: 0x08000000, Load base: 0x08000000, Size: 0x000033d4, Max: 0x00004000, ABSOLUTE)

    Exec Addr    Load Addr    Size         Type   Attr      Idx    E Section Name        Object

    0x08000000   0x08000000   0x000000b4   Data   RO            3    RESET               startup_stm32f030.o
    0x080000b4   0x080000b4   0x00000000   Code   RO         3413  * .ARM.Collect$$$$00000000  mc_p.l(entry.o)
    0x080000b4   0x080000b4   0x00000004   Code   RO         3701    .ARM.Collect$$$$00000001  mc_p.l(entry2.o)
    0x080000b8   0x080000b8   0x00000004   Code   RO         3704    .ARM.Collect$$$$00000004  mc_p.l(entry5.o)
    0x080000bc   0x080000bc   0x00000000   Code   RO         3706    .ARM.Collect$$$$00000008  mc_p.l(entry7b.o)
    0x080000bc   0x080000bc   0x00000000   Code   RO         3708    .ARM.Collect$$$$0000000A  mc_p.l(entry8b.o)
    0x080000bc   0x080000bc   0x00000008   Code   RO         3709    .ARM.Collect$$$$0000000B  mc_p.l(entry9a.o)
    0x080000c4   0x080000c4   0x00000000   Code   RO         3711    .ARM.Collect$$$$0000000D  mc_p.l(entry10a.o)
    0x080000c4   0x080000c4   0x00000000   Code   RO         3713    .ARM.Collect$$$$0000000F  mc_p.l(entry11a.o)
    0x080000c4   0x080000c4   0x00000004   Code   RO         3702    .ARM.Collect$$$$00002712  mc_p.l(entry2.o)
    0x080000c8   0x080000c8   0x00000058   Code   RO            4    .text               startup_stm32f030.o
    0x08000120   0x08000120   0x0000002c   Code   RO         3416    .text               mc_p.l(uidiv.o)
    0x0800014c   0x0800014c   0x00000024   Code   RO         3418    .text               mc_p.l(memcpya.o)
    0x08000170   0x08000170   0x00000024   Code   RO         3420    .text               mc_p.l(memseta.o)
    0x08000194   0x08000194   0x00000164   Code   RO         3685    .text               mf_p.l(dadd.o)
    0x080002f8   0x080002f8   0x000000d0   Code   RO         3687    .text               mf_p.l(dmul.o)
    0x080003c8   0x080003c8   0x000000f0   Code   RO         3689    .text               mf_p.l(ddiv.o)
    0x080004b8   0x080004b8   0x0000002c   Code   RO         3691    .text               mf_p.l(dscalb.o)
    0x080004e4   0x080004e4   0x00000028   Code   RO         3693    .text               mf_p.l(dflti.o)
    0x0800050c   0x0800050c   0x0000001c   Code   RO         3695    .text               mf_p.l(dfltui.o)
    0x08000528   0x08000528   0x0000003c   Code   RO         3697    .text               mf_p.l(dfixui.o)
    0x08000564   0x08000564   0x00000028   Code   RO         3699    .text               mf_p.l(cdrcmple.o)
    0x0800058c   0x0800058c   0x00000060   Code   RO         3715    .text               mc_p.l(uldiv.o)
    0x080005ec   0x080005ec   0x00000020   Code   RO         3717    .text               mc_p.l(llshl.o)
    0x0800060c   0x0800060c   0x00000022   Code   RO         3719    .text               mc_p.l(llushr.o)
    0x0800062e   0x0800062e   0x00000026   Code   RO         3721    .text               mc_p.l(llsshr.o)
    0x08000654   0x08000654   0x00000000   Code   RO         3723    .text               mc_p.l(iusefp.o)
    0x08000654   0x08000654   0x000000be   Code   RO         3724    .text               mf_p.l(depilogue.o)
    0x08000712   0x08000712   0x00000002   PAD
    0x08000714   0x08000714   0x0000007c   Code   RO         3728    .text               mf_p.l(drnd.o)
    0x08000790   0x08000790   0x00000024   Code   RO         3732    .text               mc_p.l(init.o)
    0x080007b4   0x080007b4   0x00000002   Code   RO         2283    i.ADC1_IRQHandler   stm32f0xx_it.o
    0x080007b6   0x080007b6   0x00000002   PAD
    0x080007b8   0x080007b8   0x0000001c   Code   RO         2479    i.Delay_Ms          delay.o
    0x080007d4   0x080007d4   0x00000002   Code   RO         2284    i.EXTI0_1_IRQHandler  stm32f0xx_it.o
    0x080007d6   0x080007d6   0x00000070   Code   RO          204    i.GPIO_Init         stm32f0xx_gpio.o
    0x08000846   0x08000846   0x00000020   Code   RO          205    i.GPIO_PinAFConfig  stm32f0xx_gpio.o
    0x08000866   0x08000866   0x0000000e   Code   RO          208    i.GPIO_ReadInputDataBit  stm32f0xx_gpio.o
    0x08000874   0x08000874   0x0000000c   Code   RO          215    i.GPIO_WriteBit     stm32f0xx_gpio.o
    0x08000880   0x08000880   0x000000e8   Code   RO         2426    i.GPIO_int          gpio.o
    0x08000968   0x08000968   0x00000014   Code   RO         2481    i.HAL_Delay_nMS     delay.o
    0x0800097c   0x0800097c   0x00000054   Code   RO         2143    i.HW_int            main.o
    0x080009d0   0x080009d0   0x00000002   Code   RO         2285    i.HardFault_Handler  stm32f0xx_it.o
    0x080009d2   0x080009d2   0x00000002   Code   RO         2286    i.NMI_Handler       stm32f0xx_it.o
    0x080009d4   0x080009d4   0x0000001c   Code   RO          327    i.PWR_BackupAccessCmd  stm32f0xx_pwr.o
    0x080009f0   0x080009f0   0x00000014   Code   RO          333    i.PWR_GetFlagStatus  stm32f0xx_pwr.o
    0x08000a04   0x08000a04   0x00000002   Code   RO         2287    i.PendSV_Handler    stm32f0xx_it.o
    0x08000a06   0x08000a06   0x00000002   PAD
    0x08000a08   0x08000a08   0x0000001c   Code   RO          402    i.RCC_AHBPeriphClockCmd  stm32f0xx_rcc.o
    0x08000a24   0x08000a24   0x0000001c   Code   RO          404    i.RCC_APB1PeriphClockCmd  stm32f0xx_rcc.o
    0x08000a40   0x08000a40   0x0000001c   Code   RO          406    i.RCC_APB2PeriphClockCmd  stm32f0xx_rcc.o
    0x08000a5c   0x08000a5c   0x0000001c   Code   RO         2144    i.RCC_Configuration  main.o
    0x08000a78   0x08000a78   0x0000005c   Code   RO          415    i.RCC_DeInit        stm32f0xx_rcc.o
    0x08000ad4   0x08000ad4   0x00000198   Code   RO          416    i.RCC_GetClocksFreq  stm32f0xx_rcc.o
    0x08000c6c   0x08000c6c   0x00000038   Code   RO          417    i.RCC_GetFlagStatus  stm32f0xx_rcc.o
    0x08000ca4   0x08000ca4   0x00000020   Code   RO          430    i.RCC_LSICmd        stm32f0xx_rcc.o
    0x08000cc4   0x08000cc4   0x00000020   Code   RO          433    i.RCC_PLLCmd        stm32f0xx_rcc.o
    0x08000ce4   0x08000ce4   0x0000001c   Code   RO          434    i.RCC_PLLConfig     stm32f0xx_rcc.o
    0x08000d00   0x08000d00   0x00000020   Code   RO          436    i.RCC_RTCCLKCmd     stm32f0xx_rcc.o
    0x08000d20   0x08000d20   0x00000010   Code   RO          437    i.RCC_RTCCLKConfig  stm32f0xx_rcc.o
    0x08000d30   0x08000d30   0x00000014   Code   RO          438    i.RCC_SYSCLKConfig  stm32f0xx_rcc.o
    0x08000d44   0x08000d44   0x00000010   Code   RO          666    i.RTC_Bcd2ToByte    stm32f0xx_rtc.o
    0x08000d54   0x08000d54   0x00000018   Code   RO          668    i.RTC_ByteToBcd2    stm32f0xx_rtc.o
    0x08000d6c   0x08000d6c   0x0000000e   Code   RO          673    i.RTC_DateStructInit  stm32f0xx_rtc.o
    0x08000d7a   0x08000d7a   0x00000002   PAD
    0x08000d7c   0x08000d7c   0x00000044   Code   RO          676    i.RTC_EnterInitMode  stm32f0xx_rtc.o
    0x08000dc0   0x08000dc0   0x00000010   Code   RO          677    i.RTC_ExitInitMode  stm32f0xx_rtc.o
    0x08000dd0   0x08000dd0   0x0000004c   Code   RO          685    i.RTC_GetTime       stm32f0xx_rtc.o
    0x08000e1c   0x08000e1c   0x00000048   Code   RO          690    i.RTC_Init          stm32f0xx_rtc.o
    0x08000e64   0x08000e64   0x000000a4   Code   RO          696    i.RTC_SetDate       stm32f0xx_rtc.o
    0x08000f08   0x08000f08   0x000000a4   Code   RO          697    i.RTC_SetTime       stm32f0xx_rtc.o
    0x08000fac   0x08000fac   0x00000050   Code   RO          711    i.RTC_WaitForSynchro  stm32f0xx_rtc.o
    0x08000ffc   0x08000ffc   0x00000004   Code   RO         2557    i.RadioCheckRfFrequency  radio.o
    0x08001000   0x08001000   0x00000038   Code   RO         2558    i.RadioGetFskBandwidthRegValue  radio.o
    0x08001038   0x08001038   0x00000022   Code   RO         2559    i.RadioGetStatus    radio.o
    0x0800105a   0x0800105a   0x00000004   Code   RO         2560    i.RadioGetWakeupTime  radio.o
    0x0800105e   0x0800105e   0x00000002   PAD
    0x08001060   0x08001060   0x00000048   Code   RO         2561    i.RadioInit         radio.o
    0x080010a8   0x080010a8   0x000000ec   Code   RO         2562    i.RadioIrqProcess   radio.o
    0x08001194   0x08001194   0x00000024   Code   RO         2563    i.RadioIsChannelFree  radio.o
    0x080011b8   0x080011b8   0x0000000c   Code   RO         2564    i.RadioOnDioIrq     radio.o
    0x080011c4   0x080011c4   0x00000034   Code   RO         2567    i.RadioRandom       radio.o
    0x080011f8   0x080011f8   0x00000008   Code   RO         2568    i.RadioRead         radio.o
    0x08001200   0x08001200   0x00000008   Code   RO         2569    i.RadioReadBuffer   radio.o
    0x08001208   0x08001208   0x00000008   Code   RO         2571    i.RadioRssi         radio.o
    0x08001210   0x08001210   0x00000034   Code   RO         2572    i.RadioRx           radio.o
    0x08001244   0x08001244   0x00000034   Code   RO         2573    i.RadioRxBoosted    radio.o
    0x08001278   0x08001278   0x0000003c   Code   RO         2574    i.RadioSend         radio.o
    0x080012b4   0x080012b4   0x00000008   Code   RO         2575    i.RadioSetChannel   radio.o
    0x080012bc   0x080012bc   0x00000030   Code   RO         2576    i.RadioSetMaxPayloadLength  radio.o
    0x080012ec   0x080012ec   0x00000030   Code   RO         2577    i.RadioSetModem     radio.o
    0x0800131c   0x0800131c   0x00000040   Code   RO         2578    i.RadioSetPublicNetwork  radio.o
    0x0800135c   0x0800135c   0x000001a0   Code   RO         2579    i.RadioSetRxConfig  radio.o
    0x080014fc   0x080014fc   0x00000008   Code   RO         2580    i.RadioSetRxDutyCycle  radio.o
    0x08001504   0x08001504   0x00000138   Code   RO         2581    i.RadioSetTxConfig  radio.o
    0x0800163c   0x0800163c   0x00000014   Code   RO         2582    i.RadioSetTxContinuousWave  radio.o
    0x08001650   0x08001650   0x0000001e   Code   RO         2583    i.RadioSleep        radio.o
    0x0800166e   0x0800166e   0x0000000a   Code   RO         2584    i.RadioStandby      radio.o
    0x08001678   0x08001678   0x00000008   Code   RO         2585    i.RadioStartCad     radio.o
    0x08001680   0x08001680   0x0000019c   Code   RO         2586    i.RadioTimeOnAir    radio.o
    0x0800181c   0x0800181c   0x00000008   Code   RO         2588    i.RadioWrite        radio.o
    0x08001824   0x08001824   0x00000008   Code   RO         2589    i.RadioWriteBuffer  radio.o
    0x0800182c   0x0800182c   0x0000004c   Code   RO         2449    i.SPI1_Int          spi.o
    0x08001878   0x08001878   0x00000002   Code   RO         2288    i.SPI2_IRQHandler   stm32f0xx_it.o
    0x0800187a   0x0800187a   0x00000016   Code   RO          999    i.SPI_Cmd           stm32f0xx_spi.o
    0x08001890   0x08001890   0x0000000e   Code   RO         1008    i.SPI_I2S_GetFlagStatus  stm32f0xx_spi.o
    0x0800189e   0x0800189e   0x00000002   PAD
    0x080018a0   0x080018a0   0x00000054   Code   RO         1013    i.SPI_Init          stm32f0xx_spi.o
    0x080018f4   0x080018f4   0x00000004   Code   RO         1017    i.SPI_ReceiveData8  stm32f0xx_spi.o
    0x080018f8   0x080018f8   0x00000014   Code   RO         1018    i.SPI_RxFIFOThresholdConfig  stm32f0xx_spi.o
    0x0800190c   0x0800190c   0x00000004   Code   RO         1020    i.SPI_SendData8     stm32f0xx_spi.o
    0x08001910   0x08001910   0x00000002   Code   RO         2289    i.SVC_Handler       stm32f0xx_it.o
    0x08001912   0x08001912   0x00000002   Code   RO         3091    i.SX126xAntSwOff    sx126x-board.o
    0x08001914   0x08001914   0x00000002   Code   RO         3092    i.SX126xAntSwOn     sx126x-board.o
    0x08001916   0x08001916   0x00000002   PAD
    0x08001918   0x08001918   0x0000007c   Code   RO         2799    i.SX126xCalibrateImage  sx126x.o
    0x08001994   0x08001994   0x00000020   Code   RO         2800    i.SX126xCheckDeviceReady  sx126x.o
    0x080019b4   0x080019b4   0x00000016   Code   RO         2802    i.SX126xClearIrqStatus  sx126x.o
    0x080019ca   0x080019ca   0x00000018   Code   RO         2804    i.SX126xGetIrqStatus  sx126x.o
    0x080019e2   0x080019e2   0x00000002   PAD
    0x080019e4   0x080019e4   0x0000000c   Code   RO         2805    i.SX126xGetOperatingMode  sx126x.o
    0x080019f0   0x080019f0   0x00000004   Code   RO         3094    i.SX126xGetPaSelect  sx126x-board.o
    0x080019f4   0x080019f4   0x00000080   Code   RO         2806    i.SX126xGetPacketStatus  sx126x.o
    0x08001a74   0x08001a74   0x0000000c   Code   RO         2807    i.SX126xGetPacketType  sx126x.o
    0x08001a80   0x08001a80   0x0000002c   Code   RO         2808    i.SX126xGetPayload  sx126x.o
    0x08001aac   0x08001aac   0x00000018   Code   RO         2810    i.SX126xGetRssiInst  sx126x.o
    0x08001ac4   0x08001ac4   0x00000040   Code   RO         2811    i.SX126xGetRxBufferStatus  sx126x.o
    0x08001b04   0x08001b04   0x00000024   Code   RO         2813    i.SX126xInit        sx126x.o
    0x08001b28   0x08001b28   0x00000050   Code   RO         3095    i.SX126xReadBuffer  sx126x-board.o
    0x08001b78   0x08001b78   0x0000004a   Code   RO         3096    i.SX126xReadCommand  sx126x-board.o
    0x08001bc2   0x08001bc2   0x00000010   Code   RO         3097    i.SX126xReadRegister  sx126x-board.o
    0x08001bd2   0x08001bd2   0x00000056   Code   RO         3098    i.SX126xReadRegisters  sx126x-board.o
    0x08001c28   0x08001c28   0x00000030   Code   RO         3099    i.SX126xReset       sx126x-board.o
    0x08001c58   0x08001c58   0x00000010   Code   RO         2814    i.SX126xSendPayload  sx126x.o
    0x08001c68   0x08001c68   0x00000014   Code   RO         2815    i.SX126xSetBufferBaseAddress  sx126x.o
    0x08001c7c   0x08001c7c   0x00000018   Code   RO         2816    i.SX126xSetCad      sx126x.o
    0x08001c94   0x08001c94   0x00000030   Code   RO         2817    i.SX126xSetCadParams  sx126x.o
    0x08001cc4   0x08001cc4   0x00000024   Code   RO         2818    i.SX126xSetCrcPolynomial  sx126x.o
    0x08001ce8   0x08001ce8   0x00000024   Code   RO         2819    i.SX126xSetCrcSeed  sx126x.o
    0x08001d0c   0x08001d0c   0x0000000e   Code   RO         2820    i.SX126xSetDio2AsRfSwitchCtrl  sx126x.o
    0x08001d1a   0x08001d1a   0x00000028   Code   RO         2822    i.SX126xSetDioIrqParams  sx126x.o
    0x08001d42   0x08001d42   0x0000000e   Code   RO         2824    i.SX126xSetLoRaSymbNumTimeout  sx126x.o
    0x08001d50   0x08001d50   0x000000a8   Code   RO         2825    i.SX126xSetModulationParams  sx126x.o
    0x08001df8   0x08001df8   0x00000018   Code   RO         2826    i.SX126xSetPaConfig  sx126x.o
    0x08001e10   0x08001e10   0x000000b4   Code   RO         2827    i.SX126xSetPacketParams  sx126x.o
    0x08001ec4   0x08001ec4   0x0000001c   Code   RO         2828    i.SX126xSetPacketType  sx126x.o
    0x08001ee0   0x08001ee0   0x0000000e   Code   RO         2829    i.SX126xSetPayload  sx126x.o
    0x08001eee   0x08001eee   0x0000000e   Code   RO         2830    i.SX126xSetRegulatorMode  sx126x.o
    0x08001efc   0x08001efc   0x0000004c   Code   RO         2831    i.SX126xSetRfFrequency  sx126x.o
    0x08001f48   0x08001f48   0x0000000a   Code   RO         3100    i.SX126xSetRfTxPower  sx126x-board.o
    0x08001f52   0x08001f52   0x00000002   PAD
    0x08001f54   0x08001f54   0x00000024   Code   RO         2832    i.SX126xSetRx       sx126x.o
    0x08001f78   0x08001f78   0x00000030   Code   RO         2833    i.SX126xSetRxBoosted  sx126x.o
    0x08001fa8   0x08001fa8   0x00000030   Code   RO         2834    i.SX126xSetRxDutyCycle  sx126x.o
    0x08001fd8   0x08001fd8   0x0000001c   Code   RO         2836    i.SX126xSetSleep    sx126x.o
    0x08001ff4   0x08001ff4   0x00000028   Code   RO         2837    i.SX126xSetStandby  sx126x.o
    0x0800201c   0x0800201c   0x0000000e   Code   RO         2838    i.SX126xSetStopRxTimerOnPreambleDetect  sx126x.o
    0x0800202a   0x0800202a   0x00000012   Code   RO         2839    i.SX126xSetSyncWord  sx126x.o
    0x0800203c   0x0800203c   0x00000024   Code   RO         2840    i.SX126xSetTx       sx126x.o
    0x08002060   0x08002060   0x0000000e   Code   RO         2841    i.SX126xSetTxContinuousWave  sx126x.o
    0x0800206e   0x0800206e   0x00000002   PAD
    0x08002070   0x08002070   0x00000084   Code   RO         2843    i.SX126xSetTxParams  sx126x.o
    0x080020f4   0x080020f4   0x00000030   Code   RO         2844    i.SX126xSetWhiteningSeed  sx126x.o
    0x08002124   0x08002124   0x00000018   Code   RO         3101    i.SX126xWaitOnBusy  sx126x-board.o
    0x0800213c   0x0800213c   0x0000002c   Code   RO         3102    i.SX126xWakeup      sx126x-board.o
    0x08002168   0x08002168   0x00000048   Code   RO         3103    i.SX126xWriteBuffer  sx126x-board.o
    0x080021b0   0x080021b0   0x00000046   Code   RO         3104    i.SX126xWriteCommand  sx126x-board.o
    0x080021f6   0x080021f6   0x0000000c   Code   RO         3105    i.SX126xWriteRegister  sx126x-board.o
    0x08002202   0x08002202   0x0000004e   Code   RO         3106    i.SX126xWriteRegisters  sx126x-board.o
    0x08002250   0x08002250   0x0000009c   Code   RO           12    i.SetSysClock       system_stm32f0xx.o
    0x080022ec   0x080022ec   0x00000034   Code   RO         2451    i.SpiInOut          spi.o
    0x08002320   0x08002320   0x0000002e   Code   RO         2145    i.SysClock_48       main.o
    0x0800234e   0x0800234e   0x00000002   PAD
    0x08002350   0x08002350   0x00000014   Code   RO         2290    i.SysTick_Handler   stm32f0xx_it.o
    0x08002364   0x08002364   0x00000060   Code   RO           14    i.SystemInit        system_stm32f0xx.o
    0x080023c4   0x080023c4   0x00000002   Code   RO         2291    i.TIM14_IRQHandler  stm32f0xx_it.o
    0x080023c6   0x080023c6   0x00000002   Code   RO         2292    i.TIM3_IRQHandler   stm32f0xx_it.o
    0x080023c8   0x080023c8   0x0000004c   Code   RO         2146    i.Tick_Configration  main.o
    0x08002414   0x08002414   0x00000002   Code   RO         2293    i.USART1_IRQHandler  stm32f0xx_it.o
    0x08002416   0x08002416   0x00000018   Code   RO         1842    i.USART_Cmd         stm32f0xx_usart.o
    0x0800242e   0x0800242e   0x00000002   PAD
    0x08002430   0x08002430   0x000000b0   Code   RO         1854    i.USART_Init        stm32f0xx_usart.o
    0x080024e0   0x080024e0   0x00000074   Code   RO         2375    i.UartInit          uart.o
    0x08002554   0x08002554   0x00000030   Code   RO         3246    i._OnCadDone        lora_node.o
    0x08002584   0x08002584   0x00000040   Code   RO         3247    i._OnRxDone         lora_node.o
    0x080025c4   0x080025c4   0x00000028   Code   RO         3248    i._OnRxError        lora_node.o
    0x080025ec   0x080025ec   0x00000028   Code   RO         3249    i._OnRxTimeout      lora_node.o
    0x08002614   0x08002614   0x00000028   Code   RO         3250    i._OnTxDone         lora_node.o
    0x0800263c   0x0800263c   0x0000000a   Code   RO         3251    i._OnTxTimeout      lora_node.o
    0x08002646   0x08002646   0x00000002   PAD
    0x08002648   0x08002648   0x00000020   Code   RO         3631    i.__0printf$8       mc_p.l(printf8.o)
    0x08002668   0x08002668   0x0000002e   Code   RO         3726    i.__ARM_clz         mf_p.l(depilogue.o)
    0x08002696   0x08002696   0x0000000e   Code   RO         3736    i.__scatterload_copy  mc_p.l(handlers.o)
    0x080026a4   0x080026a4   0x00000002   Code   RO         3737    i.__scatterload_null  mc_p.l(handlers.o)
    0x080026a6   0x080026a6   0x0000000e   Code   RO         3738    i.__scatterload_zeroinit  mc_p.l(handlers.o)
    0x080026b4   0x080026b4   0x0000000c   Code   RO         3252    i._again_fsm_func   lora_node.o
    0x080026c0   0x080026c0   0x00000028   Code   RO         3253    i._cad_busy_fsm_func  lora_node.o
    0x080026e8   0x080026e8   0x00000010   Code   RO         3254    i._cad_check_fsm_func  lora_node.o
    0x080026f8   0x080026f8   0x0000000c   Code   RO         3255    i._cad_idie_fsm_func  lora_node.o
    0x08002704   0x08002704   0x0000003c   Code   RO         3256    i._check_cad        lora_node.o
    0x08002740   0x08002740   0x0000000c   Code   RO         3257    i._idie_fsm_func    lora_node.o
    0x0800274c   0x0800274c   0x00000428   Code   RO         3638    i._printf_core      mc_p.l(printf8.o)
    0x08002b74   0x08002b74   0x00000020   Code   RO         3639    i._printf_post_padding  mc_p.l(printf8.o)
    0x08002b94   0x08002b94   0x0000002c   Code   RO         3640    i._printf_pre_padding  mc_p.l(printf8.o)
    0x08002bc0   0x08002bc0   0x0000008c   Code   RO         3258    i._recv_end_fsm_func  lora_node.o
    0x08002c4c   0x08002c4c   0x0000001c   Code   RO         3259    i._recv_fsm_func    lora_node.o
    0x08002c68   0x08002c68   0x00000004   Code   RO         3260    i._recv_overtime_fsm_func  lora_node.o
    0x08002c6c   0x08002c6c   0x00000004   Code   RO         3261    i._recving_fsm_func  lora_node.o
    0x08002c70   0x08002c70   0x00000078   Code   RO         3262    i._send_data        lora_node.o
    0x08002ce8   0x08002ce8   0x0000000c   Code   RO         3263    i._send_end_fsm_func  lora_node.o
    0x08002cf4   0x08002cf4   0x00000010   Code   RO         3264    i._send_fsm_func    lora_node.o
    0x08002d04   0x08002d04   0x00000004   Code   RO         3265    i._send_overtime_fsm_func  lora_node.o
    0x08002d08   0x08002d08   0x00000004   Code   RO         3266    i._sending_fsm_func  lora_node.o
    0x08002d0c   0x08002d0c   0x00000030   Code   RO         3267    i._sleep_fsm_func   lora_node.o
    0x08002d3c   0x08002d3c   0x000000c8   Code   RO         3404    i.ceil              m_ps.l(ceil.o)
    0x08002e04   0x08002e04   0x000000c8   Code   RO         3408    i.floor             m_ps.l(floor.o)
    0x08002ecc   0x08002ecc   0x00000018   Code   RO         2376    i.fputc             uart.o
    0x08002ee4   0x08002ee4   0x0000000c   Code   RO         3268    i.lora_change_state  lora_node.o
    0x08002ef0   0x08002ef0   0x00000018   Code   RO         3199    i.lora_common_crc   lora_common.o
    0x08002f08   0x08002f08   0x00000010   Code   RO         3200    i.lora_common_get_data  lora_common.o
    0x08002f18   0x08002f18   0x0000002c   Code   RO         3201    i.lora_common_snd_beg  lora_common.o
    0x08002f44   0x08002f44   0x0000002c   Code   RO         3202    i.lora_common_snd_end  lora_common.o
    0x08002f70   0x08002f70   0x00000040   Code   RO         3203    i.lora_common_snd_join  lora_common.o
    0x08002fb0   0x08002fb0   0x000000f0   Code   RO         3269    i.lora_node_init    lora_node.o
    0x080030a0   0x080030a0   0x00000098   Code   RO         3270    i.lora_node_task    lora_node.o
    0x08003138   0x08003138   0x00000070   Code   RO         2147    i.main              main.o
    0x080031a8   0x080031a8   0x00000008   Code   RO         3411    i.rint              m_ps.l(rint.o)
    0x080031b0   0x080031b0   0x0000000c   Code   RO         2509    i.rtc_get_time      rtc.o
    0x080031bc   0x080031bc   0x00000086   Code   RO         2510    i.rtc_set           rtc.o
    0x08003242   0x08003242   0x00000002   PAD
    0x08003244   0x08003244   0x0000006c   Data   RO         2592    .constdata          radio.o
    0x080032b0   0x080032b0   0x000000b4   Data   RO         2593    .constdata          radio.o
    0x08003364   0x08003364   0x0000004f   Data   RO         3272    .constdata          lora_node.o
    0x080033b3   0x080033b3   0x00000001   PAD
    0x080033b4   0x080033b4   0x00000020   Data   RO         3734    Region$$Table       anon$$obj.o


    Execution Region RW_IRAM1 (Exec base: 0x20000000, Load base: 0x080033d4, Size: 0x00000690, Max: 0x00001000, ABSOLUTE)

    Exec Addr    Load Addr    Size         Type   Attr      Idx    E Section Name        Object

    0x20000000   0x080033d4   0x00000014   Data   RW           15    .data               system_stm32f0xx.o
    0x20000014   0x080033e8   0x00000010   Data   RW          442    .data               stm32f0xx_rcc.o
    0x20000024   0x080033f8   0x00000008   Data   RW         2294    .data               stm32f0xx_it.o
    0x2000002c   0x08003400   0x00000004   Data   RW         2377    .data               uart.o
    0x20000030   0x08003404   0x000000a8   Data   RW         2594    .data               radio.o
    0x200000d8   0x080034ac   0x00000008   Data   RW         2845    .data               sx126x.o
    0x200000e0   0x080034b4   0x00000001   Data   RW         3273    .data               lora_node.o
    0x200000e1   0x080034b5   0x00000003   PAD
    0x200000e4        -       0x00000150   Zero   RW         2591    .bss                radio.o
    0x20000234        -       0x00000019   Zero   RW         3204    .bss                lora_common.o
    0x2000024d   0x080034b5   0x00000003   PAD
    0x20000250        -       0x00000040   Zero   RW         3271    .bss                lora_node.o
    0x20000290        -       0x00000400   Zero   RW            1    STACK               startup_stm32f030.o


==============================================================================

Image component sizes


      Code (inc. data)   RO Data    RW Data    ZI Data      Debug   Object Name

        48         12          0          0          0        887   delay.o
       232         10          0          0          0        539   gpio.o
       192         16          0          0         25       3496   lora_common.o
      1178        346         79          1         64      12593   lora_node.o
       346        104          0          0          0     202382   main.o
      2094        186        288        168        336      19754   radio.o
       146          0          0          0          0       1293   rtc.o
       128         10          0          0          0        938   spi.o
        88         38        180          0       1024        728   startup_stm32f030.o
       170          0          0          0          0       3035   stm32f0xx_gpio.o
        40          4          0          8          0       4633   stm32f0xx_it.o
        48          8          0          0          0       1146   stm32f0xx_pwr.o
       800        106          0         16          0       8211   stm32f0xx_rcc.o
       694         44          0          0          0       7318   stm32f0xx_rtc.o
       148         14          0          0          0       4120   stm32f0xx_spi.o
       200         20          0          0          0       2249   stm32f0xx_usart.o
       622         10          0          0          0       8470   sx126x-board.o
      1736        156          0          8          0      20660   sx126x.o
       252         20          0         20          0     213085   system_stm32f0xx.o
       140         12          0          4          0       3233   uart.o

    ----------------------------------------------------------------------
      9328       1116        580        228       1452     518770   Object Totals
         0          0         32          0          0          0   (incl. Generated)
        26          0          1          3          3          0   (incl. Padding)

    ----------------------------------------------------------------------

      Code (inc. data)   RO Data    RW Data    ZI Data      Debug   Library Member Name

       200         20          0          0          0         76   ceil.o
       200         20          0          0          0         76   floor.o
         8          0          0          0          0         68   rint.o
         0          0          0          0          0          0   entry.o
         0          0          0          0          0          0   entry10a.o
         0          0          0          0          0          0   entry11a.o
         8          4          0          0          0          0   entry2.o
         4          0          0          0          0          0   entry5.o
         0          0          0          0          0          0   entry7b.o
         0          0          0          0          0          0   entry8b.o
         8          4          0          0          0          0   entry9a.o
        30          0          0          0          0          0   handlers.o
        36          8          0          0          0         68   init.o
         0          0          0          0          0          0   iusefp.o
        32          0          0          0          0         68   llshl.o
        38          0          0          0          0         68   llsshr.o
        34          0          0          0          0         68   llushr.o
        36          0          0          0          0         60   memcpya.o
        36          0          0          0          0        100   memseta.o
      1172         52          0          0          0        324   printf8.o
        44          0          0          0          0         72   uidiv.o
        96          0          0          0          0         84   uldiv.o
        40          2          0          0          0         68   cdrcmple.o
       356          4          0          0          0        140   dadd.o
       240          6          0          0          0         84   ddiv.o
       236          0          0          0          0        216   depilogue.o
        60         10          0          0          0         68   dfixui.o
        40          6          0          0          0         68   dflti.o
        28          4          0          0          0         68   dfltui.o
       208          6          0          0          0         88   dmul.o
       124         10          0          0          0         76   drnd.o
        44          0          0          0          0         72   dscalb.o

    ----------------------------------------------------------------------
      3360        156          0          0          0       2080   Library Totals
         2          0          0          0          0          0   (incl. Padding)

    ----------------------------------------------------------------------

      Code (inc. data)   RO Data    RW Data    ZI Data      Debug   Library Name

       408         40          0          0          0        220   m_ps.l
      1574         68          0          0          0        912   mc_p.l
      1376         48          0          0          0        948   mf_p.l

    ----------------------------------------------------------------------
      3360        156          0          0          0       2080   Library Totals

    ----------------------------------------------------------------------

==============================================================================


      Code (inc. data)   RO Data    RW Data    ZI Data      Debug   

     12688       1272        580        228       1452     512414   Grand Totals
     12688       1272        580        228       1452     512414   ELF Image Totals
     12688       1272        580        228          0          0   ROM Totals

==============================================================================

    Total RO  Size (Code + RO Data)                13268 (  12.96kB)
    Total RW  Size (RW Data + ZI Data)              1680 (   1.64kB)
    Total ROM Size (Code + RO Data + RW Data)      13496 (  13.18kB)

==============================================================================

