Component: ARM Compiler 5.06 update 6 (build 750) Tool: armlink [4d35ed]

==============================================================================

Section Cross References

    startup_stm32f030.o(RESET) refers to startup_stm32f030.o(STACK) for __initial_sp
    startup_stm32f030.o(RESET) refers to startup_stm32f030.o(.text) for Reset_Handler
    startup_stm32f030.o(RESET) refers to stm32f0xx_it.o(i.NMI_Handler) for NMI_Handler
    startup_stm32f030.o(RESET) refers to stm32f0xx_it.o(i.HardFault_Handler) for HardFault_Handler
    startup_stm32f030.o(RESET) refers to stm32f0xx_it.o(i.SVC_Handler) for SVC_Handler
    startup_stm32f030.o(RESET) refers to stm32f0xx_it.o(i.PendSV_Handler) for PendSV_Handler
    startup_stm32f030.o(RESET) refers to stm32f0xx_it.o(i.SysTick_Handler) for SysTick_Handler
    startup_stm32f030.o(RESET) refers to stm32f0xx_it.o(i.EXTI0_1_IRQHandler) for EXTI0_1_IRQHandler
    startup_stm32f030.o(RESET) refers to stm32f0xx_it.o(i.ADC1_IRQHandler) for ADC1_IRQHandler
    startup_stm32f030.o(RESET) refers to stm32f0xx_it.o(i.TIM3_IRQHandler) for TIM3_IRQHandler
    startup_stm32f030.o(RESET) refers to stm32f0xx_it.o(i.TIM14_IRQHandler) for TIM14_IRQHandler
    startup_stm32f030.o(RESET) refers to stm32f0xx_it.o(i.SPI2_IRQHandler) for SPI2_IRQHandler
    startup_stm32f030.o(RESET) refers to stm32f0xx_it.o(i.USART1_IRQHandler) for USART1_IRQHandler
    startup_stm32f030.o(.text) refers to startup_stm32f030.o(STACK) for __initial_sp
    startup_stm32f030.o(.text) refers to system_stm32f0xx.o(i.SystemInit) for SystemInit
    startup_stm32f030.o(.text) refers to entry.o(.ARM.Collect$$$$00000000) for __main
    system_stm32f0xx.o(i.SystemCoreClockUpdate) refers to uidiv.o(.text) for __aeabi_uidivmod
    system_stm32f0xx.o(i.SystemCoreClockUpdate) refers to system_stm32f0xx.o(.data) for .data
    system_stm32f0xx.o(i.SystemInit) refers to system_stm32f0xx.o(i.SetSysClock) for SetSysClock
    stm32f0xx_gpio.o(i.GPIO_DeInit) refers to stm32f0xx_rcc.o(i.RCC_AHBPeriphResetCmd) for RCC_AHBPeriphResetCmd
    stm32f0xx_pwr.o(i.PWR_DeInit) refers to stm32f0xx_rcc.o(i.RCC_APB1PeriphResetCmd) for RCC_APB1PeriphResetCmd
    stm32f0xx_rcc.o(i.RCC_GetClocksFreq) refers to uidiv.o(.text) for __aeabi_uidivmod
    stm32f0xx_rcc.o(i.RCC_GetClocksFreq) refers to stm32f0xx_rcc.o(.data) for .data
    stm32f0xx_rcc.o(i.RCC_WaitForHSEStartUp) refers to stm32f0xx_rcc.o(i.RCC_GetFlagStatus) for RCC_GetFlagStatus
    stm32f0xx_rtc.o(i.RTC_DeInit) refers to stm32f0xx_rtc.o(i.RTC_EnterInitMode) for RTC_EnterInitMode
    stm32f0xx_rtc.o(i.RTC_DeInit) refers to stm32f0xx_rtc.o(i.RTC_WaitForSynchro) for RTC_WaitForSynchro
    stm32f0xx_rtc.o(i.RTC_GetAlarm) refers to stm32f0xx_rtc.o(i.RTC_Bcd2ToByte) for RTC_Bcd2ToByte
    stm32f0xx_rtc.o(i.RTC_GetDate) refers to stm32f0xx_rtc.o(i.RTC_Bcd2ToByte) for RTC_Bcd2ToByte
    stm32f0xx_rtc.o(i.RTC_GetTime) refers to stm32f0xx_rtc.o(i.RTC_Bcd2ToByte) for RTC_Bcd2ToByte
    stm32f0xx_rtc.o(i.RTC_GetTimeStamp) refers to stm32f0xx_rtc.o(i.RTC_Bcd2ToByte) for RTC_Bcd2ToByte
    stm32f0xx_rtc.o(i.RTC_Init) refers to stm32f0xx_rtc.o(i.RTC_EnterInitMode) for RTC_EnterInitMode
    stm32f0xx_rtc.o(i.RTC_Init) refers to stm32f0xx_rtc.o(i.RTC_ExitInitMode) for RTC_ExitInitMode
    stm32f0xx_rtc.o(i.RTC_RefClockCmd) refers to stm32f0xx_rtc.o(i.RTC_EnterInitMode) for RTC_EnterInitMode
    stm32f0xx_rtc.o(i.RTC_RefClockCmd) refers to stm32f0xx_rtc.o(i.RTC_ExitInitMode) for RTC_ExitInitMode
    stm32f0xx_rtc.o(i.RTC_SetAlarm) refers to stm32f0xx_rtc.o(i.RTC_Bcd2ToByte) for RTC_Bcd2ToByte
    stm32f0xx_rtc.o(i.RTC_SetAlarm) refers to stm32f0xx_rtc.o(i.RTC_ByteToBcd2) for RTC_ByteToBcd2
    stm32f0xx_rtc.o(i.RTC_SetDate) refers to stm32f0xx_rtc.o(i.RTC_Bcd2ToByte) for RTC_Bcd2ToByte
    stm32f0xx_rtc.o(i.RTC_SetDate) refers to stm32f0xx_rtc.o(i.RTC_ByteToBcd2) for RTC_ByteToBcd2
    stm32f0xx_rtc.o(i.RTC_SetDate) refers to stm32f0xx_rtc.o(i.RTC_EnterInitMode) for RTC_EnterInitMode
    stm32f0xx_rtc.o(i.RTC_SetDate) refers to stm32f0xx_rtc.o(i.RTC_ExitInitMode) for RTC_ExitInitMode
    stm32f0xx_rtc.o(i.RTC_SetDate) refers to stm32f0xx_rtc.o(i.RTC_WaitForSynchro) for RTC_WaitForSynchro
    stm32f0xx_rtc.o(i.RTC_SetTime) refers to stm32f0xx_rtc.o(i.RTC_Bcd2ToByte) for RTC_Bcd2ToByte
    stm32f0xx_rtc.o(i.RTC_SetTime) refers to stm32f0xx_rtc.o(i.RTC_ByteToBcd2) for RTC_ByteToBcd2
    stm32f0xx_rtc.o(i.RTC_SetTime) refers to stm32f0xx_rtc.o(i.RTC_EnterInitMode) for RTC_EnterInitMode
    stm32f0xx_rtc.o(i.RTC_SetTime) refers to stm32f0xx_rtc.o(i.RTC_ExitInitMode) for RTC_ExitInitMode
    stm32f0xx_rtc.o(i.RTC_SetTime) refers to stm32f0xx_rtc.o(i.RTC_WaitForSynchro) for RTC_WaitForSynchro
    stm32f0xx_rtc.o(i.RTC_SynchroShiftConfig) refers to stm32f0xx_rtc.o(i.RTC_WaitForSynchro) for RTC_WaitForSynchro
    stm32f0xx_spi.o(i.I2S_Init) refers to stm32f0xx_rcc.o(i.RCC_GetClocksFreq) for RCC_GetClocksFreq
[...]
    ../clib/microlib/init/entry.s            0x00000000   Number         0  entry2.o ABSOLUTE
    ../clib/microlib/init/entry.s            0x00000000   Number         0  entry11b.o ABSOLUTE
    ../clib/microlib/init/entry.s            0x00000000   Number         0  entry7a.o ABSOLUTE
    ../clib/microlib/init/entry.s            0x00000000   Number         0  entry9a.o ABSOLUTE
    ../clib/microlib/init/entry.s            0x00000000   Number         0  entry8b.o ABSOLUTE
    ../clib/microlib/init/entry.s            0x00000000   Number         0  entry.o ABSOLUTE
    ../clib/microlib/init/entry.s            0x00000000   Number         0  entry8a.o ABSOLUTE
    ../clib/microlib/init/entry.s            0x00000000   Number         0  entry5.o ABSOLUTE
    ../clib/microlib/init/entry.s            0x00000000   Number         0  entry10a.o ABSOLUTE
    ../clib/microlib/init/entry.s            0x00000000   Number         0  entry10b.o ABSOLUTE
    ../clib/microlib/longlong.c              0x00000000   Number         0  llushr.o ABSOLUTE
    ../clib/microlib/longlong.c              0x00000000   Number         0  llshl.o ABSOLUTE
    ../clib/microlib/longlong.c              0x00000000   Number         0  llsshr.o ABSOLUTE
    ../clib/microlib/printf/printf.c         0x00000000   Number         0  printf4.o ABSOLUTE
    ../clib/microlib/printf/printf.c         0x00000000   Number         0  printf5.o ABSOLUTE
    ../clib/microlib/printf/printf.c         0x00000000   Number         0  printf7.o ABSOLUTE
    ../clib/microlib/printf/printf.c         0x00000000   Number         0  printf8.o ABSOLUTE
    ../clib/microlib/printf/printf.c         0x00000000   Number         0  printfa.o ABSOLUTE
    ../clib/microlib/printf/printf.c         0x00000000   Number         0  printf6.o ABSOLUTE
    ../clib/microlib/printf/printf.c         0x00000000   Number         0  printf2.o ABSOLUTE
    ../clib/microlib/printf/printf.c         0x00000000   Number         0  printf3.o ABSOLUTE
    ../clib/microlib/printf/printf.c         0x00000000   Number         0  printfb.o ABSOLUTE
    ../clib/microlib/printf/printf.c         0x00000000   Number         0  printf0.o ABSOLUTE
    ../clib/microlib/printf/printf.c         0x00000000   Number         0  printf1.o ABSOLUTE
    ../clib/microlib/printf/stubs.s          0x00000000   Number         0  stubs.o ABSOLUTE
    ../clib/microlib/string/memcpy.c         0x00000000   Number         0  memcpya.o ABSOLUTE
    ../clib/microlib/string/memcpy.c         0x00000000   Number         0  memcpyb.o ABSOLUTE
    ../clib/microlib/string/memset.c         0x00000000   Number         0  memseta.o ABSOLUTE
    ../clib/microlib/stubs.s                 0x00000000   Number         0  iusefp.o ABSOLUTE
    ../fplib/microlib/fpadd.c                0x00000000   Number         0  dadd.o ABSOLUTE
    ../fplib/microlib/fpdiv.c                0x00000000   Number         0  ddiv.o ABSOLUTE
    ../fplib/microlib/fpepilogue.c           0x00000000   Number         0  depilogue.o ABSOLUTE
    ../fplib/microlib/fpfix.c                0x00000000   Number         0  dfixui.o ABSOLUTE
    ../fplib/microlib/fpfix.c                0x00000000   Number         0  dfixul.o ABSOLUTE
    ../fplib/microlib/fpflt.c                0x00000000   Number         0  dflti.o ABSOLUTE
    ../fplib/microlib/fpflt.c                0x00000000   Number         0  dfltui.o ABSOLUTE
    ../fplib/microlib/fpmul.c                0x00000000   Number         0  dmul.o ABSOLUTE
    ../fplib/microlib/fprnd.c                0x00000000   Number         0  drnd.o ABSOLUTE
    ../fplib/microlib/fpscalb.c              0x00000000   Number         0  dscalb.o ABSOLUTE
    ../mathlib/ceil.c                        0x00000000   Number         0  ceil.o ABSOLUTE
    ../mathlib/floor.c                       0x00000000   Number         0  floor.o ABSOLUTE
    ../mathlib/rint.c                        0x00000000   Number         0  rint.o ABSOLUTE
    ..\Libraries\CMSIS\Device\ST\STM32F0xx\Source\Templates\arm\startup_stm32f030.s 0x00000000   Number         0  startup_stm32f030.o ABSOLUTE
    ..\Libraries\CMSIS\Device\ST\STM32F0xx\Source\Templates\system_stm32f0xx.c 0x00000000   Number         0  system_stm32f0xx.o ABSOLUTE
    ..\Libraries\STM32F0xx_StdPeriph_Driver\src\stm32f0xx_exti.c 0x00000000   Number         0  stm32f0xx_exti.o ABSOLUTE
    ..\Libraries\STM32F0xx_StdPeriph_Driver\src\stm32f0xx_gpio.c 0x00000000   Number         0  stm32f0xx_gpio.o ABSOLUTE
    ..\Libraries\STM32F0xx_StdPeriph_Driver\src\stm32f0xx_misc.c 0x00000000   Number         0  stm32f0xx_misc.o ABSOLUTE
    ..\Libraries\STM32F0xx_StdPeriph_Driver\src\stm32f0xx_pwr.c 0x00000000   Number         0  stm32f0xx_pwr.o ABSOLUTE
    ..\Libraries\STM32F0xx_StdPeriph_Driver\src\stm32f0xx_rcc.c 0x00000000   Number         0  stm32f0xx_rcc.o ABSOLUTE
    ..\Libraries\STM32F0xx_StdPeriph_Driver\src\stm32f0xx_rtc.c 0x00000000   Number         0  stm32f0xx_rtc.o ABSOLUTE
    ..\Libraries\STM32F0xx_StdPeriph_Driver\src\stm32f0xx_spi.c 0x00000000   Number         0  stm32f0xx_spi.o ABSOLUTE
    ..\Libraries\STM32F0xx_StdPeriph_Driver\src\stm32f0xx_syscfg.c 0x00000000   Number         0  stm32f0xx_syscfg.o ABSOLUTE
    ..\Libraries\STM32F0xx_StdPeriph_Driver\src\stm32f0xx_tim.c 0x00000000   Number         0  stm32f0xx_tim.o ABSOLUTE
    ..\Libraries\STM32F0xx_StdPeriph_Driver\src\stm32f0xx_usart.c 0x00000000   Number         0  stm32f0xx_usart.o ABSOLUTE
    ..\Radio\lora_app\lora_common.c          0x00000000   Number         0  lora_common.o ABSOLUTE
    ..\Radio\lora_app\lora_node.c            0x00000000   Number         0  lora_node.o ABSOLUTE
    ..\Radio\src\crc.c                       0x00000000   Number         0  crc.o ABSOLUTE
    ..\Radio\src\radio.c                     0x00000000   Number         0  radio.o ABSOLUTE
    ..\Radio\src\sx126x-board.c              0x00000000   Number         0  sx126x-board.o ABSOLUTE
    ..\Radio\src\sx126x.c                    0x00000000   Number         0  sx126x.o ABSOLUTE
    ..\\Libraries\\CMSIS\\Device\\ST\\STM32F0xx\\Source\\Templates\\system_stm32f0xx.c 0x00000000   Number         0  system_stm32f0xx.o ABSOLUTE
    ..\\Libraries\\STM32F0xx_StdPeriph_Driver\\src\\stm32f0xx_exti.c 0x00000000   Number         0  stm32f0xx_exti.o ABSOLUTE
    ..\\Libraries\\STM32F0xx_StdPeriph_Driver\\src\\stm32f0xx_gpio.c 0x00000000   Number         0  stm32f0xx_gpio.o ABSOLUTE
    ..\\Libraries\\STM32F0xx_StdPeriph_Driver\\src\\stm32f0xx_misc.c 0x00000000   Number         0  stm32f0xx_misc.o ABSOLUTE
    ..\\Libraries\\STM32F0xx_StdPeriph_Driver\\src\\stm32f0xx_pwr.c 0x00000000   Number         0  stm32f0xx_pwr.o ABSOLUTE
    ..\\Libraries\\STM32F0xx_StdPeriph_Driver\\src\\stm32f0xx_rcc.c 0x00000000   Number         0  stm32f0xx_rcc.o ABSOLUTE
    ..\\Libraries\\STM32F0xx_StdPeriph_Driver\\src\\stm32f0xx_rtc.c 0x00000000   Number         0  stm32f0xx_rtc.o ABSOLUTE
    ..\\Libraries\\STM32F0xx_StdPeriph_Driver\\src\\stm32f0xx_spi.c 0x00000000   Number         0  stm32f0xx_spi.o ABSOLUTE
    ..\\Libraries\\STM32F0xx_StdPeriph_Driver\\src\\stm32f0xx_syscfg.c 0x00000000   Number         0  stm32f0xx_syscfg.o ABSOLUTE
    ..\\Libraries\\STM32F0xx_StdPeriph_Driver\\src\\stm32f0xx_tim.c 0x00000000   Number         0  stm32f0xx_tim.o ABSOLUTE
    ..\\Libraries\\STM32F0xx_StdPeriph_Driver\\src\\stm32f0xx_usart.c 0x00000000   Number         0  stm32f0xx_usart.o ABSOLUTE
    ..\\Radio\\lora_app\\lora_node.c         0x00000000   Number         0  lora_node.o ABSOLUTE
    ..\\Radio\\src\\radio.c                  0x00000000   Number         0  radio.o ABSOLUTE
    ..\\Radio\\src\\sx126x-board.c           0x00000000   Number         0  sx126x-board.o ABSOLUTE
    ..\\gpio.c                               0x00000000   Number         0  gpio.o ABSOLUTE
    ..\\main.c                               0x00000000   Number         0  main.o ABSOLUTE
    ..\\spi.c                                0x00000000   Number         0  spi.o ABSOLUTE
    ..\\stm32f0xx_it.c                       0x00000000   Number         0  stm32f0xx_it.o ABSOLUTE
    ..\\uart.c                               0x00000000   Number         0  uart.o ABSOLUTE
    ..\delay.c                               0x00000000   Number         0  delay.o ABSOLUTE
    ..\gpio.c                                0x00000000   Number         0  gpio.o ABSOLUTE
    ..\main.c                                0x00000000   Number         0  main.o ABSOLUTE
    ..\spi.c                                 0x00000000   Number         0  spi.o ABSOLUTE
    ..\stm32f0xx_it.c                        0x00000000   Number         0  stm32f0xx_it.o ABSOLUTE
    ..\uart.c                                0x00000000   Number         0  uart.o ABSOLUTE
    cdrcmple.s                               0x00000000   Number         0  cdrcmple.o ABSOLUTE
    dc.s                                     0x00000000   Number         0  dc.o ABSOLUTE
    handlers.s                               0x00000000   Number         0  handlers.o ABSOLUTE
    init.s                                   0x00000000   Number         0  init.o ABSOLUTE
    RESET                                    0x08000000   Section      180  startup_stm32f030.o(RESET)
    .ARM.Collect$$$$00000000                 0x080000b4   Section        0  entry.o(.ARM.Collect$$$$00000000)
    .ARM.Collect$$$$00000001                 0x080000b4   Section        4  entry2.o(.ARM.Collect$$$$00000001)
    .ARM.Collect$$$$00000004                 0x080000b8   Section        4  entry5.o(.ARM.Collect$$$$00000004)
    .ARM.Collect$$$$00000008                 0x080000bc   Section        0  entry7b.o(.ARM.Collect$$$$00000008)
    .ARM.Collect$$$$0000000A                 0x080000bc   Section        0  entry8b.o(.ARM.Collect$$$$0000000A)
    .ARM.Collect$$$$0000000B                 0x080000bc   Section        8  entry9a.o(.ARM.Collect$$$$0000000B)
    .ARM.Collect$$$$0000000D                 0x080000c4   Section        0  entry10a.o(.ARM.Collect$$$$0000000D)
    .ARM.Collect$$$$0000000F                 0x080000c4   Section        0  entry11a.o(.ARM.Collect$$$$0000000F)
    .ARM.Collect$$$$00002712                 0x080000c4   Section        4  entry2.o(.ARM.Collect$$$$00002712)
    __lit__00000000                          0x080000c4   Data           4  entry2.o(.ARM.Collect$$$$00002712)
    .text                                    0x080000c8   Section       88  startup_stm32f030.o(.text)
    .text                                    0x08000120   Section        0  uidiv.o(.text)
    .text                                    0x0800014c   Section        0  memcpya.o(.text)
    .text                                    0x08000170   Section        0  memseta.o(.text)
    .text                                    0x08000194   Section        0  dadd.o(.text)
    .text                                    0x080002f8   Section        0  dmul.o(.text)
    .text                                    0x080003c8   Section        0  ddiv.o(.text)
    .text                                    0x080004b8   Section        0  dscalb.o(.text)
    .text                                    0x080004e4   Section        0  dflti.o(.text)
    .text                                    0x0800050c   Section        0  dfltui.o(.text)
    .text                                    0x08000528   Section        0  dfixui.o(.text)
    .text                                    0x08000564   Section       40  cdrcmple.o(.text)
    .text                                    0x0800058c   Section        0  uldiv.o(.text)
    .text                                    0x080005ec   Section        0  llshl.o(.text)
    .text                                    0x0800060c   Section        0  llushr.o(.text)
    .text                                    0x0800062e   Section        0  llsshr.o(.text)
    .text                                    0x08000654   Section        0  iusefp.o(.text)
    .text                                    0x08000654   Section        0  depilogue.o(.text)
    .text                                    0x08000714   Section        0  drnd.o(.text)
    .text                                    0x08000790   Section       36  init.o(.text)
    i.ADC1_IRQHandler                        0x080007b4   Section        0  stm32f0xx_it.o(i.ADC1_IRQHandler)
    i.Delay_Ms                               0x080007b8   Section        0  delay.o(i.Delay_Ms)
    i.EXTI0_1_IRQHandler                     0x080007d4   Section        0  stm32f0xx_it.o(i.EXTI0_1_IRQHandler)
    i.GPIO_Init                              0x080007d6   Section        0  stm32f0xx_gpio.o(i.GPIO_Init)
    i.GPIO_PinAFConfig                       0x08000846   Section        0  stm32f0xx_gpio.o(i.GPIO_PinAFConfig)
    i.GPIO_ReadInputDataBit                  0x08000866   Section        0  stm32f0xx_gpio.o(i.GPIO_ReadInputDataBit)
    i.GPIO_WriteBit                          0x08000874   Section        0  stm32f0xx_gpio.o(i.GPIO_WriteBit)
    i.GPIO_int                               0x08000880   Section        0  gpio.o(i.GPIO_int)
    i.HAL_Delay_nMS                          0x08000968   Section        0  delay.o(i.HAL_Delay_nMS)
    i.HW_int                                 0x0800097c   Section        0  main.o(i.HW_int)
    i.HardFault_Handler                      0x0800099c   Section        0  stm32f0xx_it.o(i.HardFault_Handler)
    i.NMI_Handler                            0x0800099e   Section        0  stm32f0xx_it.o(i.NMI_Handler)
    i.PendSV_Handler                         0x080009a0   Section        0  stm32f0xx_it.o(i.PendSV_Handler)
    i.RCC_AHBPeriphClockCmd                  0x080009a4   Section        0  stm32f0xx_rcc.o(i.RCC_AHBPeriphClockCmd)
    i.RCC_APB2PeriphClockCmd                 0x080009c0   Section        0  stm32f0xx_rcc.o(i.RCC_APB2PeriphClockCmd)
    i.RCC_Configuration                      0x080009dc   Section        0  main.o(i.RCC_Configuration)
    i.RCC_DeInit                             0x080009f8   Section        0  stm32f0xx_rcc.o(i.RCC_DeInit)
    i.RCC_GetClocksFreq                      0x08000a54   Section        0  stm32f0xx_rcc.o(i.RCC_GetClocksFreq)
    i.RCC_GetFlagStatus                      0x08000bec   Section        0  stm32f0xx_rcc.o(i.RCC_GetFlagStatus)
    i.RCC_PLLCmd                             0x08000c24   Section        0  stm32f0xx_rcc.o(i.RCC_PLLCmd)
    i.RCC_PLLConfig                          0x08000c44   Section        0  stm32f0xx_rcc.o(i.RCC_PLLConfig)
    i.RCC_SYSCLKConfig                       0x08000c60   Section        0  stm32f0xx_rcc.o(i.RCC_SYSCLKConfig)
    i.RadioCheckRfFrequency                  0x08000c74   Section        0  radio.o(i.RadioCheckRfFrequency)
    i.RadioGetFskBandwidthRegValue           0x08000c78   Section        0  radio.o(i.RadioGetFskBandwidthRegValue)
    RadioGetFskBandwidthRegValue             0x08000c79   Thumb Code    50  radio.o(i.RadioGetFskBandwidthRegValue)
    i.RadioGetStatus                         0x08000cb0   Section        0  radio.o(i.RadioGetStatus)
    i.RadioGetWakeupTime                     0x08000cd2   Section        0  radio.o(i.RadioGetWakeupTime)
    i.RadioInit                              0x08000cd8   Section        0  radio.o(i.RadioInit)
    i.RadioIrqProcess                        0x08000d20   Section        0  radio.o(i.RadioIrqProcess)
    i.RadioIsChannelFree                     0x08000e0c   Section        0  radio.o(i.RadioIsChannelFree)
    i.RadioOnDioIrq                          0x08000e30   Section        0  radio.o(i.RadioOnDioIrq)
    i.RadioRandom                            0x08000e3c   Section        0  radio.o(i.RadioRandom)
    i.RadioRead                              0x08000e70   Section        0  radio.o(i.RadioRead)
    i.RadioReadBuffer                        0x08000e78   Section        0  radio.o(i.RadioReadBuffer)
    i.RadioRssi                              0x08000e80   Section        0  radio.o(i.RadioRssi)
    i.RadioRx                                0x08000e88   Section        0  radio.o(i.RadioRx)
    i.RadioRxBoosted                         0x08000ebc   Section        0  radio.o(i.RadioRxBoosted)
    i.RadioSend                              0x08000ef0   Section        0  radio.o(i.RadioSend)
    i.RadioSetChannel                        0x08000f2c   Section        0  radio.o(i.RadioSetChannel)
    i.RadioSetMaxPayloadLength               0x08000f34   Section        0  radio.o(i.RadioSetMaxPayloadLength)
    i.RadioSetModem                          0x08000f64   Section        0  radio.o(i.RadioSetModem)
    i.RadioSetPublicNetwork                  0x08000f94   Section        0  radio.o(i.RadioSetPublicNetwork)
    i.RadioSetRxConfig                       0x08000fd4   Section        0  radio.o(i.RadioSetRxConfig)
    i.RadioSetRxDutyCycle                    0x08001174   Section        0  radio.o(i.RadioSetRxDutyCycle)
    i.RadioSetTxConfig                       0x0800117c   Section        0  radio.o(i.RadioSetTxConfig)
    i.RadioSetTxContinuousWave               0x080012b4   Section        0  radio.o(i.RadioSetTxContinuousWave)
    i.RadioSleep                             0x080012c8   Section        0  radio.o(i.RadioSleep)
    i.RadioStandby                           0x080012e6   Section        0  radio.o(i.RadioStandby)
    i.RadioStartCad                          0x080012f0   Section        0  radio.o(i.RadioStartCad)
    i.RadioTimeOnAir                         0x080012f8   Section        0  radio.o(i.RadioTimeOnAir)
    i.RadioWrite                             0x08001494   Section        0  radio.o(i.RadioWrite)
    i.RadioWriteBuffer                       0x0800149c   Section        0  radio.o(i.RadioWriteBuffer)
    i.SPI1_Int                               0x080014a4   Section        0  spi.o(i.SPI1_Int)
    i.SPI2_IRQHandler                        0x080014f0   Section        0  stm32f0xx_it.o(i.SPI2_IRQHandler)
    i.SPI_Cmd                                0x080014f2   Section        0  stm32f0xx_spi.o(i.SPI_Cmd)
    i.SPI_I2S_GetFlagStatus                  0x08001508   Section        0  stm32f0xx_spi.o(i.SPI_I2S_GetFlagStatus)
    i.SPI_Init                               0x08001518   Section        0  stm32f0xx_spi.o(i.SPI_Init)
    i.SPI_ReceiveData8                       0x0800156c   Section        0  stm32f0xx_spi.o(i.SPI_ReceiveData8)
    i.SPI_RxFIFOThresholdConfig              0x08001570   Section        0  stm32f0xx_spi.o(i.SPI_RxFIFOThresholdConfig)
    i.SPI_SendData8                          0x08001584   Section        0  stm32f0xx_spi.o(i.SPI_SendData8)
    i.SVC_Handler                            0x08001588   Section        0  stm32f0xx_it.o(i.SVC_Handler)
    i.SX126xAntSwOff                         0x0800158a   Section        0  sx126x-board.o(i.SX126xAntSwOff)
    i.SX126xAntSwOn                          0x0800158c   Section        0  sx126x-board.o(i.SX126xAntSwOn)
    i.SX126xCalibrateImage                   0x08001590   Section        0  sx126x.o(i.SX126xCalibrateImage)
    i.SX126xCheckDeviceReady                 0x0800160c   Section        0  sx126x.o(i.SX126xCheckDeviceReady)
    i.SX126xClearIrqStatus                   0x0800162c   Section        0  sx126x.o(i.SX126xClearIrqStatus)
    i.SX126xGetIrqStatus                     0x08001642   Section        0  sx126x.o(i.SX126xGetIrqStatus)
    i.SX126xGetOperatingMode                 0x0800165c   Section        0  sx126x.o(i.SX126xGetOperatingMode)
    i.SX126xGetPaSelect                      0x08001668   Section        0  sx126x-board.o(i.SX126xGetPaSelect)
    i.SX126xGetPacketStatus                  0x0800166c   Section        0  sx126x.o(i.SX126xGetPacketStatus)
    i.SX126xGetPacketType                    0x080016ec   Section        0  sx126x.o(i.SX126xGetPacketType)
    i.SX126xGetPayload                       0x080016f8   Section        0  sx126x.o(i.SX126xGetPayload)
    i.SX126xGetRssiInst                      0x08001724   Section        0  sx126x.o(i.SX126xGetRssiInst)
    i.SX126xGetRxBufferStatus                0x0800173c   Section        0  sx126x.o(i.SX126xGetRxBufferStatus)
    i.SX126xInit                             0x0800177c   Section        0  sx126x.o(i.SX126xInit)
    i.SX126xReadBuffer                       0x080017a0   Section        0  sx126x-board.o(i.SX126xReadBuffer)
    i.SX126xReadCommand                      0x080017f0   Section        0  sx126x-board.o(i.SX126xReadCommand)
    i.SX126xReadRegister                     0x0800183a   Section        0  sx126x-board.o(i.SX126xReadRegister)
    i.SX126xReadRegisters                    0x0800184a   Section        0  sx126x-board.o(i.SX126xReadRegisters)
    i.SX126xReset                            0x080018a0   Section        0  sx126x-board.o(i.SX126xReset)
    i.SX126xSendPayload                      0x080018d0   Section        0  sx126x.o(i.SX126xSendPayload)
    i.SX126xSetBufferBaseAddress             0x080018e0   Section        0  sx126x.o(i.SX126xSetBufferBaseAddress)
    i.SX126xSetCad                           0x080018f4   Section        0  sx126x.o(i.SX126xSetCad)
    i.SX126xSetCadParams                     0x0800190c   Section        0  sx126x.o(i.SX126xSetCadParams)
    i.SX126xSetCrcPolynomial                 0x0800193c   Section        0  sx126x.o(i.SX126xSetCrcPolynomial)
    i.SX126xSetCrcSeed                       0x08001960   Section        0  sx126x.o(i.SX126xSetCrcSeed)
    i.SX126xSetDio2AsRfSwitchCtrl            0x08001984   Section        0  sx126x.o(i.SX126xSetDio2AsRfSwitchCtrl)
    i.SX126xSetDioIrqParams                  0x08001992   Section        0  sx126x.o(i.SX126xSetDioIrqParams)
    i.SX126xSetLoRaSymbNumTimeout            0x080019ba   Section        0  sx126x.o(i.SX126xSetLoRaSymbNumTimeout)
    i.SX126xSetModulationParams              0x080019c8   Section        0  sx126x.o(i.SX126xSetModulationParams)
    i.SX126xSetPaConfig                      0x08001a70   Section        0  sx126x.o(i.SX126xSetPaConfig)
    i.SX126xSetPacketParams                  0x08001a88   Section        0  sx126x.o(i.SX126xSetPacketParams)
    i.SX126xSetPacketType                    0x08001b3c   Section        0  sx126x.o(i.SX126xSetPacketType)
    i.SX126xSetPayload                       0x08001b58   Section        0  sx126x.o(i.SX126xSetPayload)
    i.SX126xSetRegulatorMode                 0x08001b66   Section        0  sx126x.o(i.SX126xSetRegulatorMode)
    i.SX126xSetRfFrequency                   0x08001b74   Section        0  sx126x.o(i.SX126xSetRfFrequency)
    i.SX126xSetRfTxPower                     0x08001bc0   Section        0  sx126x-board.o(i.SX126xSetRfTxPower)
    i.SX126xSetRx                            0x08001bcc   Section        0  sx126x.o(i.SX126xSetRx)
    i.SX126xSetRxBoosted                     0x08001bf0   Section        0  sx126x.o(i.SX126xSetRxBoosted)
    i.SX126xSetRxDutyCycle                   0x08001c20   Section        0  sx126x.o(i.SX126xSetRxDutyCycle)
    i.SX126xSetSleep                         0x08001c50   Section        0  sx126x.o(i.SX126xSetSleep)
    i.SX126xSetStandby                       0x08001c6c   Section        0  sx126x.o(i.SX126xSetStandby)
    i.SX126xSetStopRxTimerOnPreambleDetect   0x08001c94   Section        0  sx126x.o(i.SX126xSetStopRxTimerOnPreambleDetect)
    i.SX126xSetSyncWord                      0x08001ca2   Section        0  sx126x.o(i.SX126xSetSyncWord)
    i.SX126xSetTx                            0x08001cb4   Section        0  sx126x.o(i.SX126xSetTx)
    i.SX126xSetTxContinuousWave              0x08001cd8   Section        0  sx126x.o(i.SX126xSetTxContinuousWave)
    i.SX126xSetTxParams                      0x08001ce8   Section        0  sx126x.o(i.SX126xSetTxParams)
    i.SX126xSetWhiteningSeed                 0x08001d6c   Section        0  sx126x.o(i.SX126xSetWhiteningSeed)
    i.SX126xWaitOnBusy                       0x08001d9c   Section        0  sx126x-board.o(i.SX126xWaitOnBusy)
    i.SX126xWakeup                           0x08001db4   Section        0  sx126x-board.o(i.SX126xWakeup)
    i.SX126xWriteBuffer                      0x08001de0   Section        0  sx126x-board.o(i.SX126xWriteBuffer)
    i.SX126xWriteCommand                     0x08001e28   Section        0  sx126x-board.o(i.SX126xWriteCommand)
    i.SX126xWriteRegister                    0x08001e6e   Section        0  sx126x-board.o(i.SX126xWriteRegister)
    i.SX126xWriteRegisters                   0x08001e7a   Section        0  sx126x-board.o(i.SX126xWriteRegisters)
    i.SetSysClock                            0x08001ec8   Section        0  system_stm32f0xx.o(i.SetSysClock)
    SetSysClock                              0x08001ec9   Thumb Code   148  system_stm32f0xx.o(i.SetSysClock)
    i.SpiInOut                               0x08001f64   Section        0  spi.o(i.SpiInOut)
    i.SysClock_48                            0x08001f98   Section        0  main.o(i.SysClock_48)
    i.SysTick_Handler                        0x08001fc8   Section        0  stm32f0xx_it.o(i.SysTick_Handler)
    i.SystemInit                             0x08001fdc   Section        0  system_stm32f0xx.o(i.SystemInit)
    i.TIM14_IRQHandler                       0x0800203c   Section        0  stm32f0xx_it.o(i.TIM14_IRQHandler)
    i.TIM3_IRQHandler                        0x0800203e   Section        0  stm32f0xx_it.o(i.TIM3_IRQHandler)
    i.Tick_Configration                      0x08002040   Section        0  main.o(i.Tick_Configration)
    i.USART1_IRQHandler                      0x0800208c   Section        0  stm32f0xx_it.o(i.USART1_IRQHandler)
    i.USART_Cmd                              0x0800208e   Section        0  stm32f0xx_usart.o(i.USART_Cmd)
    i.USART_Init                             0x080020a8   Section        0  stm32f0xx_usart.o(i.USART_Init)
    i.UartInit                               0x08002158   Section        0  uart.o(i.UartInit)
    i._OnCadDone                             0x080021cc   Section        0  lora_node.o(i._OnCadDone)
    _OnCadDone                               0x080021cd   Thumb Code    32  lora_node.o(i._OnCadDone)
    i._OnRxDone                              0x080021fc   Section        0  lora_node.o(i._OnRxDone)
    _OnRxDone                                0x080021fd   Thumb Code    40  lora_node.o(i._OnRxDone)
    i._OnRxError                             0x0800223c   Section        0  lora_node.o(i._OnRxError)
    _OnRxError                               0x0800223d   Thumb Code    22  lora_node.o(i._OnRxError)
    i._OnRxTimeout                           0x08002264   Section        0  lora_node.o(i._OnRxTimeout)
    _OnRxTimeout                             0x08002265   Thumb Code    22  lora_node.o(i._OnRxTimeout)
    i._OnTxDone                              0x0800228c   Section        0  lora_node.o(i._OnTxDone)
    _OnTxDone                                0x0800228d   Thumb Code    22  lora_node.o(i._OnTxDone)
    i._OnTxTimeout                           0x080022b4   Section        0  lora_node.o(i._OnTxTimeout)
    _OnTxTimeout                             0x080022b5   Thumb Code    10  lora_node.o(i._OnTxTimeout)
    i.__0printf$8                            0x080022c0   Section        0  printf8.o(i.__0printf$8)
    i.__ARM_clz                              0x080022e0   Section        0  depilogue.o(i.__ARM_clz)
    i.__scatterload_copy                     0x0800230e   Section       14  handlers.o(i.__scatterload_copy)
    i.__scatterload_null                     0x0800231c   Section        2  handlers.o(i.__scatterload_null)
    i.__scatterload_zeroinit                 0x0800231e   Section       14  handlers.o(i.__scatterload_zeroinit)
    i._again_fsm_func                        0x0800232c   Section        0  lora_node.o(i._again_fsm_func)
    _again_fsm_func                          0x0800232d   Thumb Code    12  lora_node.o(i._again_fsm_func)
    i._cad_busy_fsm_func                     0x08002338   Section        0  lora_node.o(i._cad_busy_fsm_func)
    _cad_busy_fsm_func                       0x08002339   Thumb Code    22  lora_node.o(i._cad_busy_fsm_func)
    i._cad_check_fsm_func                    0x08002360   Section        0  lora_node.o(i._cad_check_fsm_func)
    _cad_check_fsm_func                      0x08002361   Thumb Code    16  lora_node.o(i._cad_check_fsm_func)
    i._cad_idie_fsm_func                     0x08002370   Section        0  lora_node.o(i._cad_idie_fsm_func)
    _cad_idie_fsm_func                       0x08002371   Thumb Code    12  lora_node.o(i._cad_idie_fsm_func)
    i._check_cad                             0x0800237c   Section        0  lora_node.o(i._check_cad)
    _check_cad                               0x0800237d   Thumb Code    42  lora_node.o(i._check_cad)
    i._idie_fsm_func                         0x080023b8   Section        0  lora_node.o(i._idie_fsm_func)
    _idie_fsm_func                           0x080023b9   Thumb Code    12  lora_node.o(i._idie_fsm_func)
    i._printf_core                           0x080023c4   Section        0  printf8.o(i._printf_core)
    _printf_core                             0x080023c5   Thumb Code  1020  printf8.o(i._printf_core)
    i._printf_post_padding                   0x080027ec   Section        0  printf8.o(i._printf_post_padding)
    _printf_post_padding                     0x080027ed   Thumb Code    32  printf8.o(i._printf_post_padding)
    i._printf_pre_padding                    0x0800280c   Section        0  printf8.o(i._printf_pre_padding)
    _printf_pre_padding                      0x0800280d   Thumb Code    44  printf8.o(i._printf_pre_padding)
    i._recv_end_fsm_func                     0x08002838   Section        0  lora_node.o(i._recv_end_fsm_func)
    _recv_end_fsm_func                       0x08002839   Thumb Code    74  lora_node.o(i._recv_end_fsm_func)
    i._recv_fsm_func                         0x080028c4   Section        0  lora_node.o(i._recv_fsm_func)
    _recv_fsm_func                           0x080028c5   Thumb Code    22  lora_node.o(i._recv_fsm_func)
    i._recv_overtime_fsm_func                0x080028e0   Section        0  lora_node.o(i._recv_overtime_fsm_func)
    _recv_overtime_fsm_func                  0x080028e1   Thumb Code     4  lora_node.o(i._recv_overtime_fsm_func)
    i._recving_fsm_func                      0x080028e4   Section        0  lora_node.o(i._recving_fsm_func)
    _recving_fsm_func                        0x080028e5   Thumb Code     4  lora_node.o(i._recving_fsm_func)
    i._send_data                             0x080028e8   Section        0  lora_node.o(i._send_data)
    _send_data                               0x080028e9   Thumb Code    90  lora_node.o(i._send_data)
    i._send_end_fsm_func                     0x08002960   Section        0  lora_node.o(i._send_end_fsm_func)
    _send_end_fsm_func                       0x08002961   Thumb Code    12  lora_node.o(i._send_end_fsm_func)
    i._send_fsm_func                         0x0800296c   Section        0  lora_node.o(i._send_fsm_func)
    _send_fsm_func                           0x0800296d   Thumb Code    16  lora_node.o(i._send_fsm_func)
    i._send_overtime_fsm_func                0x0800297c   Section        0  lora_node.o(i._send_overtime_fsm_func)
    _send_overtime_fsm_func                  0x0800297d   Thumb Code     4  lora_node.o(i._send_overtime_fsm_func)
    i._sending_fsm_func                      0x08002980   Section        0  lora_node.o(i._sending_fsm_func)
    _sending_fsm_func                        0x08002981   Thumb Code     4  lora_node.o(i._sending_fsm_func)
    i._sleep_fsm_func                        0x08002984   Section        0  lora_node.o(i._sleep_fsm_func)
    _sleep_fsm_func                          0x08002985   Thumb Code    28  lora_node.o(i._sleep_fsm_func)
    i.ceil                                   0x080029b4   Section        0  ceil.o(i.ceil)
    i.floor                                  0x08002a7c   Section        0  floor.o(i.floor)
    i.fputc                                  0x08002b44   Section        0  uart.o(i.fputc)
    i.lora_change_state                      0x08002b5c   Section        0  lora_node.o(i.lora_change_state)
    i.lora_common_crc                        0x08002b68   Section        0  lora_common.o(i.lora_common_crc)
    i.lora_common_get_data                   0x08002b80   Section        0  lora_common.o(i.lora_common_get_data)
    i.lora_common_snd_beg                    0x08002b90   Section        0  lora_common.o(i.lora_common_snd_beg)
    i.lora_common_snd_end                    0x08002bbc   Section        0  lora_common.o(i.lora_common_snd_end)
    i.lora_common_snd_join                   0x08002be8   Section        0  lora_common.o(i.lora_common_snd_join)
    i.lora_node_init                         0x08002c28   Section        0  lora_node.o(i.lora_node_init)
    i.lora_node_task                         0x08002d18   Section        0  lora_node.o(i.lora_node_task)
    i.main                                   0x08002db0   Section        0  main.o(i.main)
    i.rint                                   0x08002df4   Section        0  rint.o(i.rint)
    .constdata                               0x08002dfc   Section      108  radio.o(.constdata)
    .constdata                               0x08002e68   Section      180  radio.o(.constdata)
    .constdata                               0x08002f1c   Section       79  lora_node.o(.constdata)
    __func__                                 0x08002f1c   Data          16  lora_node.o(.constdata)
    __func__                                 0x08002f2c   Data          19  lora_node.o(.constdata)
    __func__                                 0x08002f3f   Data          10  lora_node.o(.constdata)
    __func__                                 0x08002f49   Data          10  lora_node.o(.constdata)
    __func__                                 0x08002f53   Data          13  lora_node.o(.constdata)
    __func__                                 0x08002f60   Data          11  lora_node.o(.constdata)
    .data                                    0x20000000   Section       20  system_stm32f0xx.o(.data)
    .data                                    0x20000014   Section       16  stm32f0xx_rcc.o(.data)
    APBAHBPrescTable                         0x20000014   Data          16  stm32f0xx_rcc.o(.data)
    .data                                    0x20000024   Section        8  stm32f0xx_it.o(.data)
    .data                                    0x2000002c   Section        4  uart.o(.data)
    .data                                    0x20000030   Section      168  radio.o(.data)
    RadioPublicNetwork                       0x20000033   Data           2  radio.o(.data)
    RadioEvents                              0x20000040   Data           4  radio.o(.data)
    RadioLoRaSymbTime                        0x20000048   Data         144  radio.o(.data)
    .data                                    0x200000d8   Section        8  sx126x.o(.data)
    ImageCalibrated                          0x200000d8   Data           1  sx126x.o(.data)
    OperatingMode                            0x200000d9   Data           1  sx126x.o(.data)
    PacketType                               0x200000da   Data           1  sx126x.o(.data)
    .data                                    0x200000e0   Section        1  lora_node.o(.data)
    _recv_len                                0x200000e0   Data           1  lora_node.o(.data)
    .bss                                     0x200000e4   Section      336  radio.o(.bss)
    .bss                                     0x20000234   Section       25  lora_common.o(.bss)
    _send_data_info                          0x20000234   Data          25  lora_common.o(.bss)
    .bss                                     0x20000250   Section       64  lora_node.o(.bss)
    _base_info                               0x20000250   Data          12  lora_node.o(.bss)
    _RadioEvents                             0x2000025c   Data          28  lora_node.o(.bss)
    _recv_buf                                0x20000278   Data          24  lora_node.o(.bss)
    STACK                                    0x20000290   Section     1024  startup_stm32f030.o(STACK)

    Global Symbols

    Symbol Name                              Value     Ov Type        Size  Object(Section)

    BuildAttributes$$THM_ISAv3M$S$PE$A:L22$X:L11$S22$IEEE1$IW$USESV6$~STKCKD$USESV7$~SHL$OTIME$ROPI$IEEEJ$EBA8$MICROLIB$REQ8$PRES8$EABIv2 0x00000000   Number         0  anon$$obj.o ABSOLUTE
    __ARM_use_no_argv                        0x00000000   Number         0  main.o ABSOLUTE
    _printf_a                                0x00000000   Number         0  stubs.o ABSOLUTE
    _printf_c                                0x00000000   Number         0  stubs.o ABSOLUTE
    _printf_charcount                        0x00000000   Number         0  stubs.o ABSOLUTE
    _printf_d                                0x00000000   Number         0  stubs.o ABSOLUTE
    _printf_e                                0x00000000   Number         0  stubs.o ABSOLUTE
    _printf_f                                0x00000000   Number         0  stubs.o ABSOLUTE
    _printf_flags                            0x00000000   Number         0  stubs.o ABSOLUTE
    _printf_fp_dec                           0x00000000   Number         0  stubs.o ABSOLUTE
    _printf_fp_hex                           0x00000000   Number         0  stubs.o ABSOLUTE
    _printf_g                                0x00000000   Number         0  stubs.o ABSOLUTE
    _printf_i                                0x00000000   Number         0  stubs.o ABSOLUTE
    _printf_int_dec                          0x00000000   Number         0  stubs.o ABSOLUTE
    _printf_l                                0x00000000   Number         0  stubs.o ABSOLUTE
    _printf_lc                               0x00000000   Number         0  stubs.o ABSOLUTE
    _printf_ll                               0x00000000   Number         0  stubs.o ABSOLUTE
    _printf_lld                              0x00000000   Number         0  stubs.o ABSOLUTE
    _printf_lli                              0x00000000   Number         0  stubs.o ABSOLUTE
    _printf_llo                              0x00000000   Number         0  stubs.o ABSOLUTE
    _printf_llu                              0x00000000   Number         0  stubs.o ABSOLUTE
    _printf_llx                              0x00000000   Number         0  stubs.o ABSOLUTE
    _printf_longlong_dec                     0x00000000   Number         0  stubs.o ABSOLUTE
    _printf_longlong_hex                     0x00000000   Number         0  stubs.o ABSOLUTE
    _printf_longlong_oct                     0x00000000   Number         0  stubs.o ABSOLUTE
    _printf_ls                               0x00000000   Number         0  stubs.o ABSOLUTE
    _printf_mbtowc                           0x00000000   Number         0  stubs.o ABSOLUTE
    _printf_n                                0x00000000   Number         0  stubs.o ABSOLUTE
    _printf_o                                0x00000000   Number         0  stubs.o ABSOLUTE
    _printf_p                                0x00000000   Number         0  stubs.o ABSOLUTE
    _printf_percent                          0x00000000   Number         0  stubs.o ABSOLUTE
    _printf_pre_padding                      0x00000000   Number         0  stubs.o ABSOLUTE
    _printf_return_value                     0x00000000   Number         0  stubs.o ABSOLUTE
    _printf_s                                0x00000000   Number         0  stubs.o ABSOLUTE
    _printf_sizespec                         0x00000000   Number         0  stubs.o ABSOLUTE
    _printf_str                              0x00000000   Number         0  stubs.o ABSOLUTE
    _printf_truncate_signed                  0x00000000   Number         0  stubs.o ABSOLUTE
    _printf_truncate_unsigned                0x00000000   Number         0  stubs.o ABSOLUTE
    _printf_u                                0x00000000   Number         0  stubs.o ABSOLUTE
    _printf_wc                               0x00000000   Number         0  stubs.o ABSOLUTE
    _printf_wctomb                           0x00000000   Number         0  stubs.o ABSOLUTE
    _printf_widthprec                        0x00000000   Number         0  stubs.o ABSOLUTE
    _printf_x                                0x00000000   Number         0  stubs.o ABSOLUTE
    __cpp_initialize__aeabi_                  - Undefined Weak Reference
    __cxa_finalize                            - Undefined Weak Reference
    __decompress                              - Undefined Weak Reference
    _clock_init                               - Undefined Weak Reference
    _microlib_exit                            - Undefined Weak Reference
    __Vectors_Size                           0x000000b4   Number         0  startup_stm32f030.o ABSOLUTE
    __Vectors                                0x08000000   Data           4  startup_stm32f030.o(RESET)
    __Vectors_End                            0x080000b4   Data           0  startup_stm32f030.o(RESET)
    __main                                   0x080000b5   Thumb Code     0  entry.o(.ARM.Collect$$$$00000000)
    _main_stk                                0x080000b5   Thumb Code     0  entry2.o(.ARM.Collect$$$$00000001)
    _main_scatterload                        0x080000b9   Thumb Code     0  entry5.o(.ARM.Collect$$$$00000004)
    __main_after_scatterload                 0x080000bd   Thumb Code     0  entry5.o(.ARM.Collect$$$$00000004)
    _main_clock                              0x080000bd   Thumb Code     0  entry7b.o(.ARM.Collect$$$$00000008)
    _main_cpp_init                           0x080000bd   Thumb Code     0  entry8b.o(.ARM.Collect$$$$0000000A)
    _main_init                               0x080000bd   Thumb Code     0  entry9a.o(.ARM.Collect$$$$0000000B)
    __rt_final_cpp                           0x080000c5   Thumb Code     0  entry10a.o(.ARM.Collect$$$$0000000D)
    __rt_final_exit                          0x080000c5   Thumb Code     0  entry11a.o(.ARM.Collect$$$$0000000F)
    Reset_Handler                            0x080000c9   Thumb Code    38  startup_stm32f030.o(.text)
    DMA1_Channel1_IRQHandler                 0x080000f9   Thumb Code     0  startup_stm32f030.o(.text)
    DMA1_Channel2_3_IRQHandler               0x080000f9   Thumb Code     0  startup_stm32f030.o(.text)
    DMA1_Channel4_5_IRQHandler               0x080000f9   Thumb Code     0  startup_stm32f030.o(.text)
    EXTI2_3_IRQHandler                       0x080000f9   Thumb Code     0  startup_stm32f030.o(.text)
    EXTI4_15_IRQHandler                      0x080000f9   Thumb Code     0  startup_stm32f030.o(.text)
    FLASH_IRQHandler                         0x080000f9   Thumb Code     0  startup_stm32f030.o(.text)
    I2C1_IRQHandler                          0x080000f9   Thumb Code     0  startup_stm32f030.o(.text)
    I2C2_IRQHandler                          0x080000f9   Thumb Code     0  startup_stm32f030.o(.text)
    RCC_IRQHandler                           0x080000f9   Thumb Code     0  startup_stm32f030.o(.text)
    RTC_IRQHandler                           0x080000f9   Thumb Code     0  startup_stm32f030.o(.text)
    SPI1_IRQHandler                          0x080000f9   Thumb Code     0  startup_stm32f030.o(.text)
    TIM15_IRQHandler                         0x080000f9   Thumb Code     0  startup_stm32f030.o(.text)
    TIM16_IRQHandler                         0x080000f9   Thumb Code     0  startup_stm32f030.o(.text)
    TIM17_IRQHandler                         0x080000f9   Thumb Code     0  startup_stm32f030.o(.text)
    TIM1_BRK_UP_TRG_COM_IRQHandler           0x080000f9   Thumb Code     0  startup_stm32f030.o(.text)
    TIM1_CC_IRQHandler                       0x080000f9   Thumb Code     0  startup_stm32f030.o(.text)
    USART2_IRQHandler                        0x080000f9   Thumb Code     0  startup_stm32f030.o(.text)
    WWDG_IRQHandler                          0x080000f9   Thumb Code     0  startup_stm32f030.o(.text)
    __aeabi_uidiv                            0x08000121   Thumb Code     0  uidiv.o(.text)
    __aeabi_uidivmod                         0x08000121   Thumb Code    44  uidiv.o(.text)
    __aeabi_memcpy                           0x0800014d   Thumb Code    36  memcpya.o(.text)
    __aeabi_memcpy4                          0x0800014d   Thumb Code     0  memcpya.o(.text)
    __aeabi_memcpy8                          0x0800014d   Thumb Code     0  memcpya.o(.text)
    __aeabi_memset                           0x08000171   Thumb Code    14  memseta.o(.text)
    __aeabi_memset4                          0x08000171   Thumb Code     0  memseta.o(.text)
    __aeabi_memset8                          0x08000171   Thumb Code     0  memseta.o(.text)
    __aeabi_memclr                           0x0800017f   Thumb Code     4  memseta.o(.text)
    __aeabi_memclr4                          0x0800017f   Thumb Code     0  memseta.o(.text)
    __aeabi_memclr8                          0x0800017f   Thumb Code     0  memseta.o(.text)
    _memset$wrapper                          0x08000183   Thumb Code    18  memseta.o(.text)
    __aeabi_dadd                             0x08000195   Thumb Code   328  dadd.o(.text)
    __aeabi_dsub                             0x080002dd   Thumb Code    12  dadd.o(.text)
    __aeabi_drsub                            0x080002e9   Thumb Code    12  dadd.o(.text)
    __aeabi_dmul                             0x080002f9   Thumb Code   202  dmul.o(.text)
    __aeabi_ddiv                             0x080003c9   Thumb Code   234  ddiv.o(.text)
    __ARM_scalbn                             0x080004b9   Thumb Code    44  dscalb.o(.text)
    scalbn                                   0x080004b9   Thumb Code     0  dscalb.o(.text)
    __aeabi_i2d                              0x080004e5   Thumb Code    34  dflti.o(.text)
    __aeabi_ui2d                             0x0800050d   Thumb Code    24  dfltui.o(.text)
    __aeabi_d2uiz                            0x08000529   Thumb Code    50  dfixui.o(.text)
    __aeabi_cdrcmple                         0x08000565   Thumb Code    38  cdrcmple.o(.text)
    __aeabi_uldivmod                         0x0800058d   Thumb Code    96  uldiv.o(.text)
    __aeabi_llsl                             0x080005ed   Thumb Code    32  llshl.o(.text)
    _ll_shift_l                              0x080005ed   Thumb Code     0  llshl.o(.text)
    __aeabi_llsr                             0x0800060d   Thumb Code    34  llushr.o(.text)
    _ll_ushift_r                             0x0800060d   Thumb Code     0  llushr.o(.text)
    __aeabi_lasr                             0x0800062f   Thumb Code    38  llsshr.o(.text)
    _ll_sshift_r                             0x0800062f   Thumb Code     0  llsshr.o(.text)
    __I$use$fp                               0x08000655   Thumb Code     0  iusefp.o(.text)
    _double_round                            0x08000655   Thumb Code    26  depilogue.o(.text)
    _double_epilogue                         0x0800066f   Thumb Code   164  depilogue.o(.text)
    _drnd                                    0x08000715   Thumb Code   114  drnd.o(.text)
    __scatterload                            0x08000791   Thumb Code    28  init.o(.text)
    __scatterload_rt2                        0x08000791   Thumb Code     0  init.o(.text)
    ADC1_IRQHandler                          0x080007b5   Thumb Code     2  stm32f0xx_it.o(i.ADC1_IRQHandler)
    Delay_Ms                                 0x080007b9   Thumb Code    22  delay.o(i.Delay_Ms)
    EXTI0_1_IRQHandler                       0x080007d5   Thumb Code     2  stm32f0xx_it.o(i.EXTI0_1_IRQHandler)
    GPIO_Init                                0x080007d7   Thumb Code   112  stm32f0xx_gpio.o(i.GPIO_Init)
    GPIO_PinAFConfig                         0x08000847   Thumb Code    32  stm32f0xx_gpio.o(i.GPIO_PinAFConfig)
    GPIO_ReadInputDataBit                    0x08000867   Thumb Code    14  stm32f0xx_gpio.o(i.GPIO_ReadInputDataBit)
    GPIO_WriteBit                            0x08000875   Thumb Code    12  stm32f0xx_gpio.o(i.GPIO_WriteBit)
    GPIO_int                                 0x08000881   Thumb Code   222  gpio.o(i.GPIO_int)
    HAL_Delay_nMS                            0x08000969   Thumb Code    14  delay.o(i.HAL_Delay_nMS)
    HW_int                                   0x0800097d   Thumb Code    32  main.o(i.HW_int)
    HardFault_Handler                        0x0800099d   Thumb Code     2  stm32f0xx_it.o(i.HardFault_Handler)
    NMI_Handler                              0x0800099f   Thumb Code     2  stm32f0xx_it.o(i.NMI_Handler)
    PendSV_Handler                           0x080009a1   Thumb Code     2  stm32f0xx_it.o(i.PendSV_Handler)
    RCC_AHBPeriphClockCmd                    0x080009a5   Thumb Code    22  stm32f0xx_rcc.o(i.RCC_AHBPeriphClockCmd)
    RCC_APB2PeriphClockCmd                   0x080009c1   Thumb Code    22  stm32f0xx_rcc.o(i.RCC_APB2PeriphClockCmd)
    RCC_Configuration                        0x080009dd   Thumb Code    22  main.o(i.RCC_Configuration)
    RCC_DeInit                               0x080009f9   Thumb Code    76  stm32f0xx_rcc.o(i.RCC_DeInit)
    RCC_GetClocksFreq                        0x08000a55   Thumb Code   376  stm32f0xx_rcc.o(i.RCC_GetClocksFreq)
    RCC_GetFlagStatus                        0x08000bed   Thumb Code    50  stm32f0xx_rcc.o(i.RCC_GetFlagStatus)
    RCC_PLLCmd                               0x08000c25   Thumb Code    26  stm32f0xx_rcc.o(i.RCC_PLLCmd)
    RCC_PLLConfig                            0x08000c45   Thumb Code    24  stm32f0xx_rcc.o(i.RCC_PLLConfig)
    RCC_SYSCLKConfig                         0x08000c61   Thumb Code    14  stm32f0xx_rcc.o(i.RCC_SYSCLKConfig)
    RadioCheckRfFrequency                    0x08000c75   Thumb Code     4  radio.o(i.RadioCheckRfFrequency)
    RadioGetStatus                           0x08000cb1   Thumb Code    34  radio.o(i.RadioGetStatus)
    RadioGetWakeupTime                       0x08000cd3   Thumb Code     4  radio.o(i.RadioGetWakeupTime)
    RadioInit                                0x08000cd9   Thumb Code    58  radio.o(i.RadioInit)
    RadioIrqProcess                          0x08000d21   Thumb Code   222  radio.o(i.RadioIrqProcess)
    RadioIsChannelFree                       0x08000e0d   Thumb Code    36  radio.o(i.RadioIsChannelFree)
    RadioOnDioIrq                            0x08000e31   Thumb Code     8  radio.o(i.RadioOnDioIrq)
    RadioRandom                              0x08000e3d   Thumb Code    52  radio.o(i.RadioRandom)
    RadioRead                                0x08000e71   Thumb Code     8  radio.o(i.RadioRead)
    RadioReadBuffer                          0x08000e79   Thumb Code     8  radio.o(i.RadioReadBuffer)
    RadioRssi                                0x08000e81   Thumb Code     8  radio.o(i.RadioRssi)
    RadioRx                                  0x08000e89   Thumb Code    40  radio.o(i.RadioRx)
    RadioRxBoosted                           0x08000ebd   Thumb Code    40  radio.o(i.RadioRxBoosted)
    RadioSend                                0x08000ef1   Thumb Code    52  radio.o(i.RadioSend)
    RadioSetChannel                          0x08000f2d   Thumb Code     8  radio.o(i.RadioSetChannel)
    RadioSetMaxPayloadLength                 0x08000f35   Thumb Code    40  radio.o(i.RadioSetMaxPayloadLength)
    RadioSetModem                            0x08000f65   Thumb Code    42  radio.o(i.RadioSetModem)
    RadioSetPublicNetwork                    0x08000f95   Thumb Code    58  radio.o(i.RadioSetPublicNetwork)
    RadioSetRxConfig                         0x08000fd5   Thumb Code   380  radio.o(i.RadioSetRxConfig)
    RadioSetRxDutyCycle                      0x08001175   Thumb Code     8  radio.o(i.RadioSetRxDutyCycle)
    RadioSetTxConfig                         0x0800117d   Thumb Code   286  radio.o(i.RadioSetTxConfig)
    RadioSetTxContinuousWave                 0x080012b5   Thumb Code    20  radio.o(i.RadioSetTxContinuousWave)
    RadioSleep                               0x080012c9   Thumb Code    30  radio.o(i.RadioSleep)
    RadioStandby                             0x080012e7   Thumb Code    10  radio.o(i.RadioStandby)
    RadioStartCad                            0x080012f1   Thumb Code     8  radio.o(i.RadioStartCad)
    RadioTimeOnAir                           0x080012f9   Thumb Code   378  radio.o(i.RadioTimeOnAir)
    RadioWrite                               0x08001495   Thumb Code     8  radio.o(i.RadioWrite)
    RadioWriteBuffer                         0x0800149d   Thumb Code     8  radio.o(i.RadioWriteBuffer)
    SPI1_Int                                 0x080014a5   Thumb Code    72  spi.o(i.SPI1_Int)
    SPI2_IRQHandler                          0x080014f1   Thumb Code     2  stm32f0xx_it.o(i.SPI2_IRQHandler)
    SPI_Cmd                                  0x080014f3   Thumb Code    22  stm32f0xx_spi.o(i.SPI_Cmd)
    SPI_I2S_GetFlagStatus                    0x08001509   Thumb Code    14  stm32f0xx_spi.o(i.SPI_I2S_GetFlagStatus)
    SPI_Init                                 0x08001519   Thumb Code    74  stm32f0xx_spi.o(i.SPI_Init)
    SPI_ReceiveData8                         0x0800156d   Thumb Code     4  stm32f0xx_spi.o(i.SPI_ReceiveData8)
    SPI_RxFIFOThresholdConfig                0x08001571   Thumb Code    16  stm32f0xx_spi.o(i.SPI_RxFIFOThresholdConfig)
    SPI_SendData8                            0x08001585   Thumb Code     4  stm32f0xx_spi.o(i.SPI_SendData8)
    SVC_Handler                              0x08001589   Thumb Code     2  stm32f0xx_it.o(i.SVC_Handler)
    SX126xAntSwOff                           0x0800158b   Thumb Code     2  sx126x-board.o(i.SX126xAntSwOff)
    SX126xAntSwOn                            0x0800158d   Thumb Code     2  sx126x-board.o(i.SX126xAntSwOn)
    SX126xCalibrateImage                     0x08001591   Thumb Code   102  sx126x.o(i.SX126xCalibrateImage)
    SX126xCheckDeviceReady                   0x0800160d   Thumb Code    32  sx126x.o(i.SX126xCheckDeviceReady)
    SX126xClearIrqStatus                     0x0800162d   Thumb Code    22  sx126x.o(i.SX126xClearIrqStatus)
    SX126xGetIrqStatus                       0x08001643   Thumb Code    24  sx126x.o(i.SX126xGetIrqStatus)
    SX126xGetOperatingMode                   0x0800165d   Thumb Code     6  sx126x.o(i.SX126xGetOperatingMode)
    SX126xGetPaSelect                        0x08001669   Thumb Code     4  sx126x-board.o(i.SX126xGetPaSelect)
    SX126xGetPacketStatus                    0x0800166d   Thumb Code   124  sx126x.o(i.SX126xGetPacketStatus)
    SX126xGetPacketType                      0x080016ed   Thumb Code     6  sx126x.o(i.SX126xGetPacketType)
    SX126xGetPayload                         0x080016f9   Thumb Code    44  sx126x.o(i.SX126xGetPayload)
    SX126xGetRssiInst                        0x08001725   Thumb Code    24  sx126x.o(i.SX126xGetRssiInst)
    SX126xGetRxBufferStatus                  0x0800173d   Thumb Code    60  sx126x.o(i.SX126xGetRxBufferStatus)
    SX126xInit                               0x0800177d   Thumb Code    30  sx126x.o(i.SX126xInit)
    SX126xReadBuffer                         0x080017a1   Thumb Code    80  sx126x-board.o(i.SX126xReadBuffer)
    SX126xReadCommand                        0x080017f1   Thumb Code    74  sx126x-board.o(i.SX126xReadCommand)
    SX126xReadRegister                       0x0800183b   Thumb Code    16  sx126x-board.o(i.SX126xReadRegister)
    SX126xReadRegisters                      0x0800184b   Thumb Code    86  sx126x-board.o(i.SX126xReadRegisters)
    SX126xReset                              0x080018a1   Thumb Code    44  sx126x-board.o(i.SX126xReset)
    SX126xSendPayload                        0x080018d1   Thumb Code    16  sx126x.o(i.SX126xSendPayload)
    SX126xSetBufferBaseAddress               0x080018e1   Thumb Code    20  sx126x.o(i.SX126xSetBufferBaseAddress)
    SX126xSetCad                             0x080018f5   Thumb Code    20  sx126x.o(i.SX126xSetCad)
    SX126xSetCadParams                       0x0800190d   Thumb Code    42  sx126x.o(i.SX126xSetCadParams)
    SX126xSetCrcPolynomial                   0x0800193d   Thumb Code    30  sx126x.o(i.SX126xSetCrcPolynomial)
    SX126xSetCrcSeed                         0x08001961   Thumb Code    30  sx126x.o(i.SX126xSetCrcSeed)
    SX126xSetDio2AsRfSwitchCtrl              0x08001985   Thumb Code    14  sx126x.o(i.SX126xSetDio2AsRfSwitchCtrl)
    SX126xSetDioIrqParams                    0x08001993   Thumb Code    40  sx126x.o(i.SX126xSetDioIrqParams)
    SX126xSetLoRaSymbNumTimeout              0x080019bb   Thumb Code    14  sx126x.o(i.SX126xSetLoRaSymbNumTimeout)
    SX126xSetModulationParams                0x080019c9   Thumb Code   154  sx126x.o(i.SX126xSetModulationParams)
    SX126xSetPaConfig                        0x08001a71   Thumb Code    24  sx126x.o(i.SX126xSetPaConfig)
    SX126xSetPacketParams                    0x08001a89   Thumb Code   158  sx126x.o(i.SX126xSetPacketParams)
    SX126xSetPacketType                      0x08001b3d   Thumb Code    22  sx126x.o(i.SX126xSetPacketType)
    SX126xSetPayload                         0x08001b59   Thumb Code    14  sx126x.o(i.SX126xSetPayload)
    SX126xSetRegulatorMode                   0x08001b67   Thumb Code    14  sx126x.o(i.SX126xSetRegulatorMode)
    SX126xSetRfFrequency                     0x08001b75   Thumb Code    68  sx126x.o(i.SX126xSetRfFrequency)
    SX126xSetRfTxPower                       0x08001bc1   Thumb Code    10  sx126x-board.o(i.SX126xSetRfTxPower)
    SX126xSetRx                              0x08001bcd   Thumb Code    32  sx126x.o(i.SX126xSetRx)
    SX126xSetRxBoosted                       0x08001bf1   Thumb Code    40  sx126x.o(i.SX126xSetRxBoosted)
    SX126xSetRxDutyCycle                     0x08001c21   Thumb Code    42  sx126x.o(i.SX126xSetRxDutyCycle)
    SX126xSetSleep                           0x08001c51   Thumb Code    24  sx126x.o(i.SX126xSetSleep)
    SX126xSetStandby                         0x08001c6d   Thumb Code    34  sx126x.o(i.SX126xSetStandby)
    SX126xSetStopRxTimerOnPreambleDetect     0x08001c95   Thumb Code    14  sx126x.o(i.SX126xSetStopRxTimerOnPreambleDetect)
    SX126xSetSyncWord                        0x08001ca3   Thumb Code    18  sx126x.o(i.SX126xSetSyncWord)
    SX126xSetTx                              0x08001cb5   Thumb Code    32  sx126x.o(i.SX126xSetTx)
    SX126xSetTxContinuousWave                0x08001cd9   Thumb Code    14  sx126x.o(i.SX126xSetTxContinuousWave)
    SX126xSetTxParams                        0x08001ce9   Thumb Code   128  sx126x.o(i.SX126xSetTxParams)
    SX126xSetWhiteningSeed                   0x08001d6d   Thumb Code    48  sx126x.o(i.SX126xSetWhiteningSeed)
    SX126xWaitOnBusy                         0x08001d9d   Thumb Code    18  sx126x-board.o(i.SX126xWaitOnBusy)
    SX126xWakeup                             0x08001db5   Thumb Code    44  sx126x-board.o(i.SX126xWakeup)
    SX126xWriteBuffer                        0x08001de1   Thumb Code    72  sx126x-board.o(i.SX126xWriteBuffer)
    SX126xWriteCommand                       0x08001e29   Thumb Code    70  sx126x-board.o(i.SX126xWriteCommand)
    SX126xWriteRegister                      0x08001e6f   Thumb Code    12  sx126x-board.o(i.SX126xWriteRegister)
    SX126xWriteRegisters                     0x08001e7b   Thumb Code    78  sx126x-board.o(i.SX126xWriteRegisters)
    SpiInOut                                 0x08001f65   Thumb Code    46  spi.o(i.SpiInOut)
    SysClock_48                              0x08001f99   Thumb Code    46  main.o(i.SysClock_48)
    SysTick_Handler                          0x08001fc9   Thumb Code    16  stm32f0xx_it.o(i.SysTick_Handler)
    SystemInit                               0x08001fdd   Thumb Code    84  system_stm32f0xx.o(i.SystemInit)
    TIM14_IRQHandler                         0x0800203d   Thumb Code     2  stm32f0xx_it.o(i.TIM14_IRQHandler)
    TIM3_IRQHandler                          0x0800203f   Thumb Code     2  stm32f0xx_it.o(i.TIM3_IRQHandler)
    Tick_Configration                        0x08002041   Thumb Code    60  main.o(i.Tick_Configration)
    USART1_IRQHandler                        0x0800208d   Thumb Code     2  stm32f0xx_it.o(i.USART1_IRQHandler)
    USART_Cmd                                0x0800208f   Thumb Code    24  stm32f0xx_usart.o(i.USART_Cmd)
    USART_Init                               0x080020a9   Thumb Code   156  stm32f0xx_usart.o(i.USART_Init)
    UartInit                                 0x08002159   Thumb Code   110  uart.o(i.UartInit)
    __0printf$8                              0x080022c1   Thumb Code    24  printf8.o(i.__0printf$8)
    __1printf$8                              0x080022c1   Thumb Code     0  printf8.o(i.__0printf$8)
    __2printf                                0x080022c1   Thumb Code     0  printf8.o(i.__0printf$8)
    __ARM_clz                                0x080022e1   Thumb Code    46  depilogue.o(i.__ARM_clz)
    __scatterload_copy                       0x0800230f   Thumb Code    14  handlers.o(i.__scatterload_copy)
    __scatterload_null                       0x0800231d   Thumb Code     2  handlers.o(i.__scatterload_null)
    __scatterload_zeroinit                   0x0800231f   Thumb Code    14  handlers.o(i.__scatterload_zeroinit)
    ceil                                     0x080029b5   Thumb Code   180  ceil.o(i.ceil)
    floor                                    0x08002a7d   Thumb Code   180  floor.o(i.floor)
    fputc                                    0x08002b45   Thumb Code    18  uart.o(i.fputc)
    lora_change_state                        0x08002b5d   Thumb Code     6  lora_node.o(i.lora_change_state)
    lora_common_crc                          0x08002b69   Thumb Code    24  lora_common.o(i.lora_common_crc)
    lora_common_get_data                     0x08002b81   Thumb Code    12  lora_common.o(i.lora_common_get_data)
    lora_common_snd_beg                      0x08002b91   Thumb Code    40  lora_common.o(i.lora_common_snd_beg)
    lora_common_snd_end                      0x08002bbd   Thumb Code    40  lora_common.o(i.lora_common_snd_end)
    lora_common_snd_join                     0x08002be9   Thumb Code    60  lora_common.o(i.lora_common_snd_join)
    lora_node_init                           0x08002c29   Thumb Code   158  lora_node.o(i.lora_node_init)
    lora_node_task                           0x08002d19   Thumb Code   146  lora_node.o(i.lora_node_task)
    main                                     0x08002db1   Thumb Code    32  main.o(i.main)
    rint                                     0x08002df5   Thumb Code     8  rint.o(i.rint)
    Radio                                    0x08002dfc   Data         108  radio.o(.constdata)
    Bandwidths                               0x08002e68   Data           3  radio.o(.constdata)
    FskBandwidths                            0x08002e6c   Data         176  radio.o(.constdata)
    Region$$Table$$Base                      0x08002f6c   Number         0  anon$$obj.o(Region$$Table)
    Region$$Table$$Limit                     0x08002f8c   Number         0  anon$$obj.o(Region$$Table)
    SystemCoreClock                          0x20000000   Data           4  system_stm32f0xx.o(.data)
    AHBPrescTable                            0x20000004   Data          16  system_stm32f0xx.o(.data)
    TickCounter                              0x20000024   Data           4  stm32f0xx_it.o(.data)
    ticktimer                                0x20000028   Data           4  stm32f0xx_it.o(.data)
    __stdout                                 0x2000002c   Data           4  uart.o(.data)
    MaxPayloadLength                         0x20000030   Data           1  radio.o(.data)
    RxContinuous                             0x20000031   Data           1  radio.o(.data)
    IrqFired                                 0x20000032   Data           1  radio.o(.data)
    TxTimeout                                0x20000038   Data           4  radio.o(.data)
    RxTimeout                                0x2000003c   Data           4  radio.o(.data)
    FrequencyError                           0x200000dc   Data           4  sx126x.o(.data)
    RadioPktStatus                           0x200000e4   Data          20  radio.o(.bss)
    RadioRxPayload                           0x200000f8   Data         255  radio.o(.bss)
    SX126x                                   0x200001f8   Data          60  radio.o(.bss)
    __initial_sp                             0x20000690   Data           0  startup_stm32f030.o(STACK)



==============================================================================

Memory Map of the image

  Image Entry point : 0x080000b5

  Load Region LR_IROM1 (Base: 0x08000000, Size: 0x00003070, Max: 0x00004000, ABSOLUTE)

    Execution Region ER_IROM1 (Exec base: 0x08000000, Load base: 0x08000000, Size: 0x00002f8c, Max: 0x00004000, ABSOLUTE)

    Exec Addr    Load Addr    Size         Type   Attr      Idx    E Section Name        Object

    0x08000000   0x08000000   0x000000b4   Data   RO            3    RESET               startup_stm32f030.o
    0x080000b4   0x080000b4   0x00000000   Code   RO         3380  * .ARM.Collect$$$$00000000  mc_p.l(entry.o)
    0x080000b4   0x080000b4   0x00000004   Code   RO         3668    .ARM.Collect$$$$00000001  mc_p.l(entry2.o)
    0x080000b8   0x080000b8   0x00000004   Code   RO         3671    .ARM.Collect$$$$00000004  mc_p.l(entry5.o)
    0x080000bc   0x080000bc   0x00000000   Code   RO         3673    .ARM.Collect$$$$00000008  mc_p.l(entry7b.o)
    0x080000bc   0x080000bc   0x00000000   Code   RO         3675    .ARM.Collect$$$$0000000A  mc_p.l(entry8b.o)
    0x080000bc   0x080000bc   0x00000008   Code   RO         3676    .ARM.Collect$$$$0000000B  mc_p.l(entry9a.o)
    0x080000c4   0x080000c4   0x00000000   Code   RO         3678    .ARM.Collect$$$$0000000D  mc_p.l(entry10a.o)
    0x080000c4   0x080000c4   0x00000000   Code   RO         3680    .ARM.Collect$$$$0000000F  mc_p.l(entry11a.o)
    0x080000c4   0x080000c4   0x00000004   Code   RO         3669    .ARM.Collect$$$$00002712  mc_p.l(entry2.o)
    0x080000c8   0x080000c8   0x00000058   Code   RO            4    .text               startup_stm32f030.o
    0x08000120   0x08000120   0x0000002c   Code   RO         3383    .text               mc_p.l(uidiv.o)
    0x0800014c   0x0800014c   0x00000024   Code   RO         3385    .text               mc_p.l(memcpya.o)
    0x08000170   0x08000170   0x00000024   Code   RO         3387    .text               mc_p.l(memseta.o)
    0x08000194   0x08000194   0x00000164   Code   RO         3652    .text               mf_p.l(dadd.o)
    0x080002f8   0x080002f8   0x000000d0   Code   RO         3654    .text               mf_p.l(dmul.o)
    0x080003c8   0x080003c8   0x000000f0   Code   RO         3656    .text               mf_p.l(ddiv.o)
    0x080004b8   0x080004b8   0x0000002c   Code   RO         3658    .text               mf_p.l(dscalb.o)
    0x080004e4   0x080004e4   0x00000028   Code   RO         3660    .text               mf_p.l(dflti.o)
    0x0800050c   0x0800050c   0x0000001c   Code   RO         3662    .text               mf_p.l(dfltui.o)
    0x08000528   0x08000528   0x0000003c   Code   RO         3664    .text               mf_p.l(dfixui.o)
    0x08000564   0x08000564   0x00000028   Code   RO         3666    .text               mf_p.l(cdrcmple.o)
    0x0800058c   0x0800058c   0x00000060   Code   RO         3682    .text               mc_p.l(uldiv.o)
    0x080005ec   0x080005ec   0x00000020   Code   RO         3684    .text               mc_p.l(llshl.o)
    0x0800060c   0x0800060c   0x00000022   Code   RO         3686    .text               mc_p.l(llushr.o)
    0x0800062e   0x0800062e   0x00000026   Code   RO         3688    .text               mc_p.l(llsshr.o)
    0x08000654   0x08000654   0x00000000   Code   RO         3690    .text               mc_p.l(iusefp.o)
    0x08000654   0x08000654   0x000000be   Code   RO         3691    .text               mf_p.l(depilogue.o)
    0x08000712   0x08000712   0x00000002   PAD
    0x08000714   0x08000714   0x0000007c   Code   RO         3695    .text               mf_p.l(drnd.o)
    0x08000790   0x08000790   0x00000024   Code   RO         3699    .text               mc_p.l(init.o)
    0x080007b4   0x080007b4   0x00000002   Code   RO         2280    i.ADC1_IRQHandler   stm32f0xx_it.o
    0x080007b6   0x080007b6   0x00000002   PAD
    0x080007b8   0x080007b8   0x0000001c   Code   RO         2476    i.Delay_Ms          delay.o
    0x080007d4   0x080007d4   0x00000002   Code   RO         2281    i.EXTI0_1_IRQHandler  stm32f0xx_it.o
    0x080007d6   0x080007d6   0x00000070   Code   RO          204    i.GPIO_Init         stm32f0xx_gpio.o
    0x08000846   0x08000846   0x00000020   Code   RO          205    i.GPIO_PinAFConfig  stm32f0xx_gpio.o
    0x08000866   0x08000866   0x0000000e   Code   RO          208    i.GPIO_ReadInputDataBit  stm32f0xx_gpio.o
    0x08000874   0x08000874   0x0000000c   Code   RO          215    i.GPIO_WriteBit     stm32f0xx_gpio.o
    0x08000880   0x08000880   0x000000e8   Code   RO         2423    i.GPIO_int          gpio.o
    0x08000968   0x08000968   0x00000014   Code   RO         2478    i.HAL_Delay_nMS     delay.o
    0x0800097c   0x0800097c   0x00000020   Code   RO         2143    i.HW_int            main.o
    0x0800099c   0x0800099c   0x00000002   Code   RO         2282    i.HardFault_Handler  stm32f0xx_it.o
    0x0800099e   0x0800099e   0x00000002   Code   RO         2283    i.NMI_Handler       stm32f0xx_it.o
    0x080009a0   0x080009a0   0x00000002   Code   RO         2284    i.PendSV_Handler    stm32f0xx_it.o
    0x080009a2   0x080009a2   0x00000002   PAD
    0x080009a4   0x080009a4   0x0000001c   Code   RO          402    i.RCC_AHBPeriphClockCmd  stm32f0xx_rcc.o
    0x080009c0   0x080009c0   0x0000001c   Code   RO          406    i.RCC_APB2PeriphClockCmd  stm32f0xx_rcc.o
    0x080009dc   0x080009dc   0x0000001c   Code   RO         2144    i.RCC_Configuration  main.o
    0x080009f8   0x080009f8   0x0000005c   Code   RO          415    i.RCC_DeInit        stm32f0xx_rcc.o
    0x08000a54   0x08000a54   0x00000198   Code   RO          416    i.RCC_GetClocksFreq  stm32f0xx_rcc.o
    0x08000bec   0x08000bec   0x00000038   Code   RO          417    i.RCC_GetFlagStatus  stm32f0xx_rcc.o
    0x08000c24   0x08000c24   0x00000020   Code   RO          433    i.RCC_PLLCmd        stm32f0xx_rcc.o
    0x08000c44   0x08000c44   0x0000001c   Code   RO          434    i.RCC_PLLConfig     stm32f0xx_rcc.o
    0x08000c60   0x08000c60   0x00000014   Code   RO          438    i.RCC_SYSCLKConfig  stm32f0xx_rcc.o
    0x08000c74   0x08000c74   0x00000004   Code   RO         2524    i.RadioCheckRfFrequency  radio.o
    0x08000c78   0x08000c78   0x00000038   Code   RO         2525    i.RadioGetFskBandwidthRegValue  radio.o
    0x08000cb0   0x08000cb0   0x00000022   Code   RO         2526    i.RadioGetStatus    radio.o
    0x08000cd2   0x08000cd2   0x00000004   Code   RO         2527    i.RadioGetWakeupTime  radio.o
    0x08000cd6   0x08000cd6   0x00000002   PAD
    0x08000cd8   0x08000cd8   0x00000048   Code   RO         2528    i.RadioInit         radio.o
    0x08000d20   0x08000d20   0x000000ec   Code   RO         2529    i.RadioIrqProcess   radio.o
    0x08000e0c   0x08000e0c   0x00000024   Code   RO         2530    i.RadioIsChannelFree  radio.o
    0x08000e30   0x08000e30   0x0000000c   Code   RO         2531    i.RadioOnDioIrq     radio.o
    0x08000e3c   0x08000e3c   0x00000034   Code   RO         2534    i.RadioRandom       radio.o
    0x08000e70   0x08000e70   0x00000008   Code   RO         2535    i.RadioRead         radio.o
    0x08000e78   0x08000e78   0x00000008   Code   RO         2536    i.RadioReadBuffer   radio.o
    0x08000e80   0x08000e80   0x00000008   Code   RO         2538    i.RadioRssi         radio.o
    0x08000e88   0x08000e88   0x00000034   Code   RO         2539    i.RadioRx           radio.o
    0x08000ebc   0x08000ebc   0x00000034   Code   RO         2540    i.RadioRxBoosted    radio.o
    0x08000ef0   0x08000ef0   0x0000003c   Code   RO         2541    i.RadioSend         radio.o
    0x08000f2c   0x08000f2c   0x00000008   Code   RO         2542    i.RadioSetChannel   radio.o
    0x08000f34   0x08000f34   0x00000030   Code   RO         2543    i.RadioSetMaxPayloadLength  radio.o
    0x08000f64   0x08000f64   0x00000030   Code   RO         2544    i.RadioSetModem     radio.o
    0x08000f94   0x08000f94   0x00000040   Code   RO         2545    i.RadioSetPublicNetwork  radio.o
    0x08000fd4   0x08000fd4   0x000001a0   Code   RO         2546    i.RadioSetRxConfig  radio.o
    0x08001174   0x08001174   0x00000008   Code   RO         2547    i.RadioSetRxDutyCycle  radio.o
    0x0800117c   0x0800117c   0x00000138   Code   RO         2548    i.RadioSetTxConfig  radio.o
    0x080012b4   0x080012b4   0x00000014   Code   RO         2549    i.RadioSetTxContinuousWave  radio.o
    0x080012c8   0x080012c8   0x0000001e   Code   RO         2550    i.RadioSleep        radio.o
    0x080012e6   0x080012e6   0x0000000a   Code   RO         2551    i.RadioStandby      radio.o
    0x080012f0   0x080012f0   0x00000008   Code   RO         2552    i.RadioStartCad     radio.o
    0x080012f8   0x080012f8   0x0000019c   Code   RO         2553    i.RadioTimeOnAir    radio.o
    0x08001494   0x08001494   0x00000008   Code   RO         2555    i.RadioWrite        radio.o
    0x0800149c   0x0800149c   0x00000008   Code   RO         2556    i.RadioWriteBuffer  radio.o
    0x080014a4   0x080014a4   0x0000004c   Code   RO         2446    i.SPI1_Int          spi.o
    0x080014f0   0x080014f0   0x00000002   Code   RO         2285    i.SPI2_IRQHandler   stm32f0xx_it.o
    0x080014f2   0x080014f2   0x00000016   Code   RO          999    i.SPI_Cmd           stm32f0xx_spi.o
    0x08001508   0x08001508   0x0000000e   Code   RO         1008    i.SPI_I2S_GetFlagStatus  stm32f0xx_spi.o
    0x08001516   0x08001516   0x00000002   PAD
    0x08001518   0x08001518   0x00000054   Code   RO         1013    i.SPI_Init          stm32f0xx_spi.o
    0x0800156c   0x0800156c   0x00000004   Code   RO         1017    i.SPI_ReceiveData8  stm32f0xx_spi.o
    0x08001570   0x08001570   0x00000014   Code   RO         1018    i.SPI_RxFIFOThresholdConfig  stm32f0xx_spi.o
    0x08001584   0x08001584   0x00000004   Code   RO         1020    i.SPI_SendData8     stm32f0xx_spi.o
    0x08001588   0x08001588   0x00000002   Code   RO         2286    i.SVC_Handler       stm32f0xx_it.o
    0x0800158a   0x0800158a   0x00000002   Code   RO         3058    i.SX126xAntSwOff    sx126x-board.o
    0x0800158c   0x0800158c   0x00000002   Code   RO         3059    i.SX126xAntSwOn     sx126x-board.o
    0x0800158e   0x0800158e   0x00000002   PAD
    0x08001590   0x08001590   0x0000007c   Code   RO         2766    i.SX126xCalibrateImage  sx126x.o
    0x0800160c   0x0800160c   0x00000020   Code   RO         2767    i.SX126xCheckDeviceReady  sx126x.o
    0x0800162c   0x0800162c   0x00000016   Code   RO         2769    i.SX126xClearIrqStatus  sx126x.o
    0x08001642   0x08001642   0x00000018   Code   RO         2771    i.SX126xGetIrqStatus  sx126x.o
    0x0800165a   0x0800165a   0x00000002   PAD
    0x0800165c   0x0800165c   0x0000000c   Code   RO         2772    i.SX126xGetOperatingMode  sx126x.o
    0x08001668   0x08001668   0x00000004   Code   RO         3061    i.SX126xGetPaSelect  sx126x-board.o
    0x0800166c   0x0800166c   0x00000080   Code   RO         2773    i.SX126xGetPacketStatus  sx126x.o
    0x080016ec   0x080016ec   0x0000000c   Code   RO         2774    i.SX126xGetPacketType  sx126x.o
    0x080016f8   0x080016f8   0x0000002c   Code   RO         2775    i.SX126xGetPayload  sx126x.o
    0x08001724   0x08001724   0x00000018   Code   RO         2777    i.SX126xGetRssiInst  sx126x.o
    0x0800173c   0x0800173c   0x00000040   Code   RO         2778    i.SX126xGetRxBufferStatus  sx126x.o
    0x0800177c   0x0800177c   0x00000024   Code   RO         2780    i.SX126xInit        sx126x.o
    0x080017a0   0x080017a0   0x00000050   Code   RO         3062    i.SX126xReadBuffer  sx126x-board.o
    0x080017f0   0x080017f0   0x0000004a   Code   RO         3063    i.SX126xReadCommand  sx126x-board.o
    0x0800183a   0x0800183a   0x00000010   Code   RO         3064    i.SX126xReadRegister  sx126x-board.o
    0x0800184a   0x0800184a   0x00000056   Code   RO         3065    i.SX126xReadRegisters  sx126x-board.o
    0x080018a0   0x080018a0   0x00000030   Code   RO         3066    i.SX126xReset       sx126x-board.o
    0x080018d0   0x080018d0   0x00000010   Code   RO         2781    i.SX126xSendPayload  sx126x.o
    0x080018e0   0x080018e0   0x00000014   Code   RO         2782    i.SX126xSetBufferBaseAddress  sx126x.o
    0x080018f4   0x080018f4   0x00000018   Code   RO         2783    i.SX126xSetCad      sx126x.o
    0x0800190c   0x0800190c   0x00000030   Code   RO         2784    i.SX126xSetCadParams  sx126x.o
    0x0800193c   0x0800193c   0x00000024   Code   RO         2785    i.SX126xSetCrcPolynomial  sx126x.o
    0x08001960   0x08001960   0x00000024   Code   RO         2786    i.SX126xSetCrcSeed  sx126x.o
    0x08001984   0x08001984   0x0000000e   Code   RO         2787    i.SX126xSetDio2AsRfSwitchCtrl  sx126x.o
    0x08001992   0x08001992   0x00000028   Code   RO         2789    i.SX126xSetDioIrqParams  sx126x.o
    0x080019ba   0x080019ba   0x0000000e   Code   RO         2791    i.SX126xSetLoRaSymbNumTimeout  sx126x.o
    0x080019c8   0x080019c8   0x000000a8   Code   RO         2792    i.SX126xSetModulationParams  sx126x.o
    0x08001a70   0x08001a70   0x00000018   Code   RO         2793    i.SX126xSetPaConfig  sx126x.o
    0x08001a88   0x08001a88   0x000000b4   Code   RO         2794    i.SX126xSetPacketParams  sx126x.o
    0x08001b3c   0x08001b3c   0x0000001c   Code   RO         2795    i.SX126xSetPacketType  sx126x.o
    0x08001b58   0x08001b58   0x0000000e   Code   RO         2796    i.SX126xSetPayload  sx126x.o
    0x08001b66   0x08001b66   0x0000000e   Code   RO         2797    i.SX126xSetRegulatorMode  sx126x.o
    0x08001b74   0x08001b74   0x0000004c   Code   RO         2798    i.SX126xSetRfFrequency  sx126x.o
    0x08001bc0   0x08001bc0   0x0000000a   Code   RO         3067    i.SX126xSetRfTxPower  sx126x-board.o
    0x08001bca   0x08001bca   0x00000002   PAD
    0x08001bcc   0x08001bcc   0x00000024   Code   RO         2799    i.SX126xSetRx       sx126x.o
    0x08001bf0   0x08001bf0   0x00000030   Code   RO         2800    i.SX126xSetRxBoosted  sx126x.o
    0x08001c20   0x08001c20   0x00000030   Code   RO         2801    i.SX126xSetRxDutyCycle  sx126x.o
    0x08001c50   0x08001c50   0x0000001c   Code   RO         2803    i.SX126xSetSleep    sx126x.o
    0x08001c6c   0x08001c6c   0x00000028   Code   RO         2804    i.SX126xSetStandby  sx126x.o
    0x08001c94   0x08001c94   0x0000000e   Code   RO         2805    i.SX126xSetStopRxTimerOnPreambleDetect  sx126x.o
    0x08001ca2   0x08001ca2   0x00000012   Code   RO         2806    i.SX126xSetSyncWord  sx126x.o
    0x08001cb4   0x08001cb4   0x00000024   Code   RO         2807    i.SX126xSetTx       sx126x.o
    0x08001cd8   0x08001cd8   0x0000000e   Code   RO         2808    i.SX126xSetTxContinuousWave  sx126x.o
    0x08001ce6   0x08001ce6   0x00000002   PAD
    0x08001ce8   0x08001ce8   0x00000084   Code   RO         2810    i.SX126xSetTxParams  sx126x.o
    0x08001d6c   0x08001d6c   0x00000030   Code   RO         2811    i.SX126xSetWhiteningSeed  sx126x.o
    0x08001d9c   0x08001d9c   0x00000018   Code   RO         3068    i.SX126xWaitOnBusy  sx126x-board.o
    0x08001db4   0x08001db4   0x0000002c   Code   RO         3069    i.SX126xWakeup      sx126x-board.o
    0x08001de0   0x08001de0   0x00000048   Code   RO         3070    i.SX126xWriteBuffer  sx126x-board.o
    0x08001e28   0x08001e28   0x00000046   Code   RO         3071    i.SX126xWriteCommand  sx126x-board.o
    0x08001e6e   0x08001e6e   0x0000000c   Code   RO         3072    i.SX126xWriteRegister  sx126x-board.o
    0x08001e7a   0x08001e7a   0x0000004e   Code   RO         3073    i.SX126xWriteRegisters  sx126x-board.o
    0x08001ec8   0x08001ec8   0x0000009c   Code   RO           12    i.SetSysClock       system_stm32f0xx.o
    0x08001f64   0x08001f64   0x00000034   Code   RO         2448    i.SpiInOut          spi.o
    0x08001f98   0x08001f98   0x0000002e   Code   RO         2145    i.SysClock_48       main.o
    0x08001fc6   0x08001fc6   0x00000002   PAD
    0x08001fc8   0x08001fc8   0x00000014   Code   RO         2287    i.SysTick_Handler   stm32f0xx_it.o
    0x08001fdc   0x08001fdc   0x00000060   Code   RO           14    i.SystemInit        system_stm32f0xx.o
    0x0800203c   0x0800203c   0x00000002   Code   RO         2288    i.TIM14_IRQHandler  stm32f0xx_it.o
    0x0800203e   0x0800203e   0x00000002   Code   RO         2289    i.TIM3_IRQHandler   stm32f0xx_it.o
    0x08002040   0x08002040   0x0000004c   Code   RO         2146    i.Tick_Configration  main.o
    0x0800208c   0x0800208c   0x00000002   Code   RO         2290    i.USART1_IRQHandler  stm32f0xx_it.o
    0x0800208e   0x0800208e   0x00000018   Code   RO         1842    i.USART_Cmd         stm32f0xx_usart.o
    0x080020a6   0x080020a6   0x00000002   PAD
    0x080020a8   0x080020a8   0x000000b0   Code   RO         1854    i.USART_Init        stm32f0xx_usart.o
    0x08002158   0x08002158   0x00000074   Code   RO         2372    i.UartInit          uart.o
    0x080021cc   0x080021cc   0x00000030   Code   RO         3213    i._OnCadDone        lora_node.o
    0x080021fc   0x080021fc   0x00000040   Code   RO         3214    i._OnRxDone         lora_node.o
    0x0800223c   0x0800223c   0x00000028   Code   RO         3215    i._OnRxError        lora_node.o
    0x08002264   0x08002264   0x00000028   Code   RO         3216    i._OnRxTimeout      lora_node.o
    0x0800228c   0x0800228c   0x00000028   Code   RO         3217    i._OnTxDone         lora_node.o
    0x080022b4   0x080022b4   0x0000000a   Code   RO         3218    i._OnTxTimeout      lora_node.o
    0x080022be   0x080022be   0x00000002   PAD
    0x080022c0   0x080022c0   0x00000020   Code   RO         3598    i.__0printf$8       mc_p.l(printf8.o)
    0x080022e0   0x080022e0   0x0000002e   Code   RO         3693    i.__ARM_clz         mf_p.l(depilogue.o)
    0x0800230e   0x0800230e   0x0000000e   Code   RO         3703    i.__scatterload_copy  mc_p.l(handlers.o)
    0x0800231c   0x0800231c   0x00000002   Code   RO         3704    i.__scatterload_null  mc_p.l(handlers.o)
    0x0800231e   0x0800231e   0x0000000e   Code   RO         3705    i.__scatterload_zeroinit  mc_p.l(handlers.o)
    0x0800232c   0x0800232c   0x0000000c   Code   RO         3219    i._again_fsm_func   lora_node.o
    0x08002338   0x08002338   0x00000028   Code   RO         3220    i._cad_busy_fsm_func  lora_node.o
    0x08002360   0x08002360   0x00000010   Code   RO         3221    i._cad_check_fsm_func  lora_node.o
    0x08002370   0x08002370   0x0000000c   Code   RO         3222    i._cad_idie_fsm_func  lora_node.o
    0x0800237c   0x0800237c   0x0000003c   Code   RO         3223    i._check_cad        lora_node.o
    0x080023b8   0x080023b8   0x0000000c   Code   RO         3224    i._idie_fsm_func    lora_node.o
    0x080023c4   0x080023c4   0x00000428   Code   RO         3605    i._printf_core      mc_p.l(printf8.o)
    0x080027ec   0x080027ec   0x00000020   Code   RO         3606    i._printf_post_padding  mc_p.l(printf8.o)
    0x0800280c   0x0800280c   0x0000002c   Code   RO         3607    i._printf_pre_padding  mc_p.l(printf8.o)
    0x08002838   0x08002838   0x0000008c   Code   RO         3225    i._recv_end_fsm_func  lora_node.o
    0x080028c4   0x080028c4   0x0000001c   Code   RO         3226    i._recv_fsm_func    lora_node.o
    0x080028e0   0x080028e0   0x00000004   Code   RO         3227    i._recv_overtime_fsm_func  lora_node.o
    0x080028e4   0x080028e4   0x00000004   Code   RO         3228    i._recving_fsm_func  lora_node.o
    0x080028e8   0x080028e8   0x00000078   Code   RO         3229    i._send_data        lora_node.o
    0x08002960   0x08002960   0x0000000c   Code   RO         3230    i._send_end_fsm_func  lora_node.o
    0x0800296c   0x0800296c   0x00000010   Code   RO         3231    i._send_fsm_func    lora_node.o
    0x0800297c   0x0800297c   0x00000004   Code   RO         3232    i._send_overtime_fsm_func  lora_node.o
    0x08002980   0x08002980   0x00000004   Code   RO         3233    i._sending_fsm_func  lora_node.o
    0x08002984   0x08002984   0x00000030   Code   RO         3234    i._sleep_fsm_func   lora_node.o
    0x080029b4   0x080029b4   0x000000c8   Code   RO         3371    i.ceil              m_ps.l(ceil.o)
    0x08002a7c   0x08002a7c   0x000000c8   Code   RO         3375    i.floor             m_ps.l(floor.o)
    0x08002b44   0x08002b44   0x00000018   Code   RO         2373    i.fputc             uart.o
    0x08002b5c   0x08002b5c   0x0000000c   Code   RO         3235    i.lora_change_state  lora_node.o
    0x08002b68   0x08002b68   0x00000018   Code   RO         3166    i.lora_common_crc   lora_common.o
    0x08002b80   0x08002b80   0x00000010   Code   RO         3167    i.lora_common_get_data  lora_common.o
    0x08002b90   0x08002b90   0x0000002c   Code   RO         3168    i.lora_common_snd_beg  lora_common.o
    0x08002bbc   0x08002bbc   0x0000002c   Code   RO         3169    i.lora_common_snd_end  lora_common.o
    0x08002be8   0x08002be8   0x00000040   Code   RO         3170    i.lora_common_snd_join  lora_common.o
    0x08002c28   0x08002c28   0x000000f0   Code   RO         3236    i.lora_node_init    lora_node.o
    0x08002d18   0x08002d18   0x00000098   Code   RO         3237    i.lora_node_task    lora_node.o
    0x08002db0   0x08002db0   0x00000044   Code   RO         2147    i.main              main.o
    0x08002df4   0x08002df4   0x00000008   Code   RO         3378    i.rint              m_ps.l(rint.o)
    0x08002dfc   0x08002dfc   0x0000006c   Data   RO         2559    .constdata          radio.o
    0x08002e68   0x08002e68   0x000000b4   Data   RO         2560    .constdata          radio.o
    0x08002f1c   0x08002f1c   0x0000004f   Data   RO         3239    .constdata          lora_node.o
    0x08002f6b   0x08002f6b   0x00000001   PAD
    0x08002f6c   0x08002f6c   0x00000020   Data   RO         3701    Region$$Table       anon$$obj.o


    Execution Region RW_IRAM1 (Exec base: 0x20000000, Load base: 0x08002f8c, Size: 0x00000690, Max: 0x00001000, ABSOLUTE)

    Exec Addr    Load Addr    Size         Type   Attr      Idx    E Section Name        Object

    0x20000000   0x08002f8c   0x00000014   Data   RW           15    .data               system_stm32f0xx.o
    0x20000014   0x08002fa0   0x00000010   Data   RW          442    .data               stm32f0xx_rcc.o
    0x20000024   0x08002fb0   0x00000008   Data   RW         2291    .data               stm32f0xx_it.o
    0x2000002c   0x08002fb8   0x00000004   Data   RW         2374    .data               uart.o
    0x20000030   0x08002fbc   0x000000a8   Data   RW         2561    .data               radio.o
    0x200000d8   0x08003064   0x00000008   Data   RW         2812    .data               sx126x.o
    0x200000e0   0x0800306c   0x00000001   Data   RW         3240    .data               lora_node.o
    0x200000e1   0x0800306d   0x00000003   PAD
    0x200000e4        -       0x00000150   Zero   RW         2558    .bss                radio.o
    0x20000234        -       0x00000019   Zero   RW         3171    .bss                lora_common.o
    0x2000024d   0x0800306d   0x00000003   PAD
    0x20000250        -       0x00000040   Zero   RW         3238    .bss                lora_node.o
    0x20000290        -       0x00000400   Zero   RW            1    STACK               startup_stm32f030.o


==============================================================================

Image component sizes


      Code (inc. data)   RO Data    RW Data    ZI Data      Debug   Object Name

        48         12          0          0          0        887   delay.o
       232         10          0          0          0        539   gpio.o
       192         16          0          0         25       3496   lora_common.o
      1178        346         79          1         64      12593   lora_node.o
       250         58          0          0          0     189182   main.o
      2094        186        288        168        336      19754   radio.o
       128         10          0          0          0        938   spi.o
        88         38        180          0       1024        728   startup_stm32f030.o
       170          0          0          0          0       3035   stm32f0xx_gpio.o
        40          4          0          8          0       4633   stm32f0xx_it.o
       692         82          0         16          0       6042   stm32f0xx_rcc.o
       148         14          0          0          0       4120   stm32f0xx_spi.o
       200         20          0          0          0       2249   stm32f0xx_usart.o
       622         10          0          0          0       8470   sx126x-board.o
      1736        156          0          8          0      20660   sx126x.o
       252         20          0         20          0     200073   system_stm32f0xx.o
       140         12          0          4          0       3233   uart.o

    ----------------------------------------------------------------------
      8232        994        580        228       1452     480632   Object Totals
         0          0         32          0          0          0   (incl. Generated)
        22          0          1          3          3          0   (incl. Padding)

    ----------------------------------------------------------------------

      Code (inc. data)   RO Data    RW Data    ZI Data      Debug   Library Member Name

       200         20          0          0          0         76   ceil.o
       200         20          0          0          0         76   floor.o
         8          0          0          0          0         68   rint.o
         0          0          0          0          0          0   entry.o
         0          0          0          0          0          0   entry10a.o
         0          0          0          0          0          0   entry11a.o
         8          4          0          0          0          0   entry2.o
         4          0          0          0          0          0   entry5.o
         0          0          0          0          0          0   entry7b.o
         0          0          0          0          0          0   entry8b.o
         8          4          0          0          0          0   entry9a.o
        30          0          0          0          0          0   handlers.o
        36          8          0          0          0         68   init.o
         0          0          0          0          0          0   iusefp.o
        32          0          0          0          0         68   llshl.o
        38          0          0          0          0         68   llsshr.o
        34          0          0          0          0         68   llushr.o
        36          0          0          0          0         60   memcpya.o
        36          0          0          0          0        100   memseta.o
      1172         52          0          0          0        324   printf8.o
        44          0          0          0          0         72   uidiv.o
        96          0          0          0          0         84   uldiv.o
        40          2          0          0          0         68   cdrcmple.o
       356          4          0          0          0        140   dadd.o
       240          6          0          0          0         84   ddiv.o
       236          0          0          0          0        216   depilogue.o
        60         10          0          0          0         68   dfixui.o
        40          6          0          0          0         68   dflti.o
        28          4          0          0          0         68   dfltui.o
       208          6          0          0          0         88   dmul.o
       124         10          0          0          0         76   drnd.o
        44          0          0          0          0         72   dscalb.o

    ----------------------------------------------------------------------
      3360        156          0          0          0       2080   Library Totals
         2          0          0          0          0          0   (incl. Padding)

    ----------------------------------------------------------------------

      Code (inc. data)   RO Data    RW Data    ZI Data      Debug   Library Name

       408         40          0          0          0        220   m_ps.l
      1574         68          0          0          0        912   mc_p.l
      1376         48          0          0          0        948   mf_p.l

    ----------------------------------------------------------------------
      3360        156          0          0          0       2080   Library Totals

    ----------------------------------------------------------------------

==============================================================================


      Code (inc. data)   RO Data    RW Data    ZI Data      Debug   

     11592       1150        580        228       1452     475068   Grand Totals
     11592       1150        580        228       1452     475068   ELF Image Totals
     11592       1150        580        228          0          0   ROM Totals

==============================================================================

    Total RO  Size (Code + RO Data)                12172 (  11.89kB)
    Total RW  Size (RW Data + ZI Data)              1680 (   1.64kB)
    Total ROM Size (Code + RO Data + RW Data)      12400 (  12.11kB)

==============================================================================

