Component: ARM Compiler 5.06 update 6 (build 750) Tool: armlink [4d35ed]

==============================================================================

Section Cross References

    startup_stm32f030.o(RESET) refers to startup_stm32f030.o(STACK) for __initial_sp
    startup_stm32f030.o(RESET) refers to startup_stm32f030.o(.text) for Reset_Handler
    startup_stm32f030.o(RESET) refers to stm32f0xx_it.o(i.NMI_Handler) for NMI_Handler
    startup_stm32f030.o(RESET) refers to stm32f0xx_it.o(i.HardFault_Handler) for HardFault_Handler
    startup_stm32f030.o(RESET) refers to stm32f0xx_it.o(i.SVC_Handler) for SVC_Handler
    startup_stm32f030.o(RESET) refers to stm32f0xx_it.o(i.PendSV_Handler) for PendSV_Handler
    startup_stm32f030.o(RESET) refers to stm32f0xx_it.o(i.SysTick_Handler) for SysTick_Handler
    startup_stm32f030.o(RESET) refers to stm32f0xx_it.o(i.EXTI0_1_IRQHandler) for EXTI0_1_IRQHandler
    startup_stm32f030.o(RESET) refers to stm32f0xx_it.o(i.ADC1_IRQHandler) for ADC1_IRQHandler
    startup_stm32f030.o(RESET) refers to stm32f0xx_it.o(i.TIM3_IRQHandler) for TIM3_IRQHandler
    startup_stm32f030.o(RESET) refers to stm32f0xx_it.o(i.TIM14_IRQHandler) for TIM14_IRQHandler
    startup_stm32f030.o(RESET) refers to stm32f0xx_it.o(i.SPI2_IRQHandler) for SPI2_IRQHandler
    startup_stm32f030.o(RESET) refers to stm32f0xx_it.o(i.USART1_IRQHandler) for USART1_IRQHandler
    startup_stm32f030.o(.text) refers to startup_stm32f030.o(STACK) for __initial_sp
    startup_stm32f030.o(.text) refers to system_stm32f0xx.o(i.SystemInit) for SystemInit
    startup_stm32f030.o(.text) refers to entry.o(.ARM.Collect$$$$00000000) for __main
    system_stm32f0xx.o(i.SystemCoreClockUpdate) refers to uidiv.o(.text) for __aeabi_uidivmod
    system_stm32f0xx.o(i.SystemCoreClockUpdate) refers to system_stm32f0xx.o(.data) for .data
    system_stm32f0xx.o(i.SystemInit) refers to system_stm32f0xx.o(i.SetSysClock) for SetSysClock
    stm32f0xx_gpio.o(i.GPIO_DeInit) refers to stm32f0xx_rcc.o(i.RCC_AHBPeriphResetCmd) for RCC_AHBPeriphResetCmd
    stm32f0xx_pwr.o(i.PWR_DeInit) refers to stm32f0xx_rcc.o(i.RCC_APB1PeriphResetCmd) for RCC_APB1PeriphResetCmd
    stm32f0xx_rcc.o(i.RCC_GetClocksFreq) refers to uidiv.o(.text) for __aeabi_uidivmod
    stm32f0xx_rcc.o(i.RCC_GetClocksFreq) refers to stm32f0xx_rcc.o(.data) for .data
    stm32f0xx_rcc.o(i.RCC_WaitForHSEStartUp) refers to stm32f0xx_rcc.o(i.RCC_GetFlagStatus) for RCC_GetFlagStatus
    stm32f0xx_rtc.o(i.RTC_DeInit) refers to stm32f0xx_rtc.o(i.RTC_EnterInitMode) for RTC_EnterInitMode
    stm32f0xx_rtc.o(i.RTC_DeInit) refers to stm32f0xx_rtc.o(i.RTC_WaitForSynchro) for RTC_WaitForSynchro
    stm32f0xx_rtc.o(i.RTC_GetAlarm) refers to stm32f0xx_rtc.o(i.RTC_Bcd2ToByte) for RTC_Bcd2ToByte
    stm32f0xx_rtc.o(i.RTC_GetDate) refers to stm32f0xx_rtc.o(i.RTC_Bcd2ToByte) for RTC_Bcd2ToByte
    stm32f0xx_rtc.o(i.RTC_GetTime) refers to stm32f0xx_rtc.o(i.RTC_Bcd2ToByte) for RTC_Bcd2ToByte
    stm32f0xx_rtc.o(i.RTC_GetTimeStamp) refers to stm32f0xx_rtc.o(i.RTC_Bcd2ToByte) for RTC_Bcd2ToByte
    stm32f0xx_rtc.o(i.RTC_Init) refers to stm32f0xx_rtc.o(i.RTC_EnterInitMode) for RTC_EnterInitMode
    stm32f0xx_rtc.o(i.RTC_Init) refers to stm32f0xx_rtc.o(i.RTC_ExitInitMode) for RTC_ExitInitMode
    stm32f0xx_rtc.o(i.RTC_RefClockCmd) refers to stm32f0xx_rtc.o(i.RTC_EnterInitMode) for RTC_EnterInitMode
    stm32f0xx_rtc.o(i.RTC_RefClockCmd) refers to stm32f0xx_rtc.o(i.RTC_ExitInitMode) for RTC_ExitInitMode
    stm32f0xx_rtc.o(i.RTC_SetAlarm) refers to stm32f0xx_rtc.o(i.RTC_Bcd2ToByte) for RTC_Bcd2ToByte
    stm32f0xx_rtc.o(i.RTC_SetAlarm) refers to stm32f0xx_rtc.o(i.RTC_ByteToBcd2) for RTC_ByteToBcd2
    stm32f0xx_rtc.o(i.RTC_SetDate) refers to stm32f0xx_rtc.o(i.RTC_Bcd2ToByte) for RTC_Bcd2ToByte
    stm32f0xx_rtc.o(i.RTC_SetDate) refers to stm32f0xx_rtc.o(i.RTC_ByteToBcd2) for RTC_ByteToBcd2
    stm32f0xx_rtc.o(i.RTC_SetDate) refers to stm32f0xx_rtc.o(i.RTC_EnterInitMode) for RTC_EnterInitMode
    stm32f0xx_rtc.o(i.RTC_SetDate) refers to stm32f0xx_rtc.o(i.RTC_ExitInitMode) for RTC_ExitInitMode
    stm32f0xx_rtc.o(i.RTC_SetDate) refers to stm32f0xx_rtc.o(i.RTC_WaitForSynchro) for RTC_WaitForSynchro
    stm32f0xx_rtc.o(i.RTC_SetTime) refers to stm32f0xx_rtc.o(i.RTC_Bcd2ToByte) for RTC_Bcd2ToByte
    stm32f0xx_rtc.o(i.RTC_SetTime) refers to stm32f0xx_rtc.o(i.RTC_ByteToBcd2) for RTC_ByteToBcd2
    stm32f0xx_rtc.o(i.RTC_SetTime) refers to stm32f0xx_rtc.o(i.RTC_EnterInitMode) for RTC_EnterInitMode
    stm32f0xx_rtc.o(i.RTC_SetTime) refers to stm32f0xx_rtc.o(i.RTC_ExitInitMode) for RTC_ExitInitMode
    stm32f0xx_rtc.o(i.RTC_SetTime) refers to stm32f0xx_rtc.o(i.RTC_WaitForSynchro) for RTC_WaitForSynchro
    stm32f0xx_rtc.o(i.RTC_SynchroShiftConfig) refers to stm32f0xx_rtc.o(i.RTC_WaitForSynchro) for RTC_WaitForSynchro
    stm32f0xx_spi.o(i.I2S_Init) refers to stm32f0xx_rcc.o(i.RCC_GetClocksFreq) for RCC_GetClocksFreq
[...]
    Removing stm32f0xx_spi.o(i.SPI_LastDMATransferCmd), (20 bytes).
    Removing stm32f0xx_spi.o(i.SPI_NSSInternalSoftwareConfig), (32 bytes).
    Removing stm32f0xx_spi.o(i.SPI_NSSPulseModeCmd), (22 bytes).
    Removing stm32f0xx_spi.o(i.SPI_SSOutputCmd), (22 bytes).
    Removing stm32f0xx_spi.o(i.SPI_StructInit), (28 bytes).
    Removing stm32f0xx_spi.o(i.SPI_TIModeCmd), (22 bytes).
    Removing stm32f0xx_spi.o(i.SPI_TransmitCRC), (12 bytes).
    Removing stm32f0xx_syscfg.o(.rev16_text), (4 bytes).
    Removing stm32f0xx_syscfg.o(.revsh_text), (4 bytes).
    Removing stm32f0xx_syscfg.o(i.SYSCFG_BreakConfig), (16 bytes).
    Removing stm32f0xx_syscfg.o(i.SYSCFG_ClearFlag), (16 bytes).
    Removing stm32f0xx_syscfg.o(i.SYSCFG_DMAChannelRemapConfig), (28 bytes).
    Removing stm32f0xx_syscfg.o(i.SYSCFG_DeInit), (36 bytes).
    Removing stm32f0xx_syscfg.o(i.SYSCFG_EXTILineConfig), (40 bytes).
    Removing stm32f0xx_syscfg.o(i.SYSCFG_GetFlagStatus), (20 bytes).
    Removing stm32f0xx_syscfg.o(i.SYSCFG_GetPendingIT), (24 bytes).
    Removing stm32f0xx_syscfg.o(i.SYSCFG_I2CFastModePlusConfig), (28 bytes).
    Removing stm32f0xx_syscfg.o(i.SYSCFG_IRDAEnvSelection), (24 bytes).
    Removing stm32f0xx_syscfg.o(i.SYSCFG_MemoryRemapConfig), (20 bytes).
    Removing stm32f0xx_tim.o(.rev16_text), (4 bytes).
    Removing stm32f0xx_tim.o(.revsh_text), (4 bytes).
    Removing stm32f0xx_tim.o(i.TI1_Config), (40 bytes).
    Removing stm32f0xx_tim.o(i.TI2_Config), (48 bytes).
    Removing stm32f0xx_tim.o(i.TI3_Config), (52 bytes).
    Removing stm32f0xx_tim.o(i.TI4_Config), (60 bytes).
    Removing stm32f0xx_tim.o(i.TIM_ARRPreloadConfig), (22 bytes).
    Removing stm32f0xx_tim.o(i.TIM_BDTRConfig), (34 bytes).
    Removing stm32f0xx_tim.o(i.TIM_BDTRStructInit), (18 bytes).
    Removing stm32f0xx_tim.o(i.TIM_CCPreloadControl), (24 bytes).
    Removing stm32f0xx_tim.o(i.TIM_CCxCmd), (22 bytes).
    Removing stm32f0xx_tim.o(i.TIM_CCxNCmd), (22 bytes).
    Removing stm32f0xx_tim.o(i.TIM_ClearFlag), (6 bytes).
    Removing stm32f0xx_tim.o(i.TIM_ClearITPendingBit), (6 bytes).
    Removing stm32f0xx_tim.o(i.TIM_ClearOC1Ref), (12 bytes).
    Removing stm32f0xx_tim.o(i.TIM_ClearOC2Ref), (14 bytes).
    Removing stm32f0xx_tim.o(i.TIM_ClearOC3Ref), (12 bytes).
    Removing stm32f0xx_tim.o(i.TIM_ClearOC4Ref), (14 bytes).
    Removing stm32f0xx_tim.o(i.TIM_Cmd), (24 bytes).
    Removing stm32f0xx_tim.o(i.TIM_CounterModeConfig), (12 bytes).
    Removing stm32f0xx_tim.o(i.TIM_CtrlPWMOutputs), (28 bytes).
    Removing stm32f0xx_tim.o(i.TIM_DMACmd), (20 bytes).
    Removing stm32f0xx_tim.o(i.TIM_DMAConfig), (8 bytes).
    Removing stm32f0xx_tim.o(i.TIM_DeInit), (264 bytes).
    Removing stm32f0xx_tim.o(i.TIM_ETRClockMode1Config), (30 bytes).
    Removing stm32f0xx_tim.o(i.TIM_ETRClockMode2Config), (22 bytes).
    Removing stm32f0xx_tim.o(i.TIM_ETRConfig), (18 bytes).
    Removing stm32f0xx_tim.o(i.TIM_EncoderInterfaceConfig), (48 bytes).
    Removing stm32f0xx_tim.o(i.TIM_ForcedOC1Config), (12 bytes).
    Removing stm32f0xx_tim.o(i.TIM_ForcedOC2Config), (20 bytes).
    Removing stm32f0xx_tim.o(i.TIM_ForcedOC3Config), (12 bytes).
    Removing stm32f0xx_tim.o(i.TIM_ForcedOC4Config), (20 bytes).
    Removing stm32f0xx_tim.o(i.TIM_GenerateEvent), (4 bytes).
    Removing stm32f0xx_tim.o(i.TIM_GetCapture1), (4 bytes).
    Removing stm32f0xx_tim.o(i.TIM_GetCapture2), (4 bytes).
    Removing stm32f0xx_tim.o(i.TIM_GetCapture3), (4 bytes).
    Removing stm32f0xx_tim.o(i.TIM_GetCapture4), (4 bytes).
    Removing stm32f0xx_tim.o(i.TIM_GetCounter), (4 bytes).
    Removing stm32f0xx_tim.o(i.TIM_GetFlagStatus), (14 bytes).
    Removing stm32f0xx_tim.o(i.TIM_GetITStatus), (24 bytes).
    Removing stm32f0xx_tim.o(i.TIM_GetPrescaler), (4 bytes).
    Removing stm32f0xx_tim.o(i.TIM_ICInit), (90 bytes).
    Removing stm32f0xx_tim.o(i.TIM_ICStructInit), (16 bytes).
    Removing stm32f0xx_tim.o(i.TIM_ITConfig), (20 bytes).
    Removing stm32f0xx_tim.o(i.TIM_ITRxExternalClockConfig), (20 bytes).
    Removing stm32f0xx_tim.o(i.TIM_InternalClockConfig), (10 bytes).
    Removing stm32f0xx_tim.o(i.TIM_OC1FastConfig), (12 bytes).
    Removing stm32f0xx_tim.o(i.TIM_OC1Init), (132 bytes).
    Removing stm32f0xx_tim.o(i.TIM_OC1NPolarityConfig), (12 bytes).
    Removing stm32f0xx_tim.o(i.TIM_OC1PolarityConfig), (12 bytes).
    Removing stm32f0xx_tim.o(i.TIM_OC1PreloadConfig), (12 bytes).
    Removing stm32f0xx_tim.o(i.TIM_OC2FastConfig), (20 bytes).
    Removing stm32f0xx_tim.o(i.TIM_OC2Init), (152 bytes).
    Removing stm32f0xx_tim.o(i.TIM_OC2NPolarityConfig), (14 bytes).
    Removing stm32f0xx_tim.o(i.TIM_OC2PolarityConfig), (14 bytes).
    Removing stm32f0xx_tim.o(i.TIM_OC2PreloadConfig), (20 bytes).
    Removing stm32f0xx_tim.o(i.TIM_OC3FastConfig), (12 bytes).
    Removing stm32f0xx_tim.o(i.TIM_OC3Init), (144 bytes).
    Removing stm32f0xx_tim.o(i.TIM_OC3NPolarityConfig), (20 bytes).
    Removing stm32f0xx_tim.o(i.TIM_OC3PolarityConfig), (20 bytes).
    Removing stm32f0xx_tim.o(i.TIM_OC3PreloadConfig), (12 bytes).
    Removing stm32f0xx_tim.o(i.TIM_OC4FastConfig), (20 bytes).
    Removing stm32f0xx_tim.o(i.TIM_OC4Init), (108 bytes).
    Removing stm32f0xx_tim.o(i.TIM_OC4PolarityConfig), (20 bytes).
    Removing stm32f0xx_tim.o(i.TIM_OC4PreloadConfig), (20 bytes).
    Removing stm32f0xx_tim.o(i.TIM_OCStructInit), (20 bytes).
    Removing stm32f0xx_tim.o(i.TIM_PWMIConfig), (106 bytes).
    Removing stm32f0xx_tim.o(i.TIM_PrescalerConfig), (6 bytes).
    Removing stm32f0xx_tim.o(i.TIM_RemapConfig), (6 bytes).
    Removing stm32f0xx_tim.o(i.TIM_SelectCCDMA), (22 bytes).
    Removing stm32f0xx_tim.o(i.TIM_SelectCOM), (22 bytes).
    Removing stm32f0xx_tim.o(i.TIM_SelectHallSensor), (22 bytes).
    Removing stm32f0xx_tim.o(i.TIM_SelectInputTrigger), (12 bytes).
    Removing stm32f0xx_tim.o(i.TIM_SelectMasterSlaveMode), (16 bytes).
    Removing stm32f0xx_tim.o(i.TIM_SelectOCREFClear), (16 bytes).
    Removing stm32f0xx_tim.o(i.TIM_SelectOCxM), (74 bytes).
    Removing stm32f0xx_tim.o(i.TIM_SelectOnePulseMode), (16 bytes).
    Removing stm32f0xx_tim.o(i.TIM_SelectOutputTrigger), (16 bytes).
    Removing stm32f0xx_tim.o(i.TIM_SelectSlaveMode), (16 bytes).
    Removing stm32f0xx_tim.o(i.TIM_SetAutoreload), (4 bytes).
    Removing stm32f0xx_tim.o(i.TIM_SetClockDivision), (20 bytes).
    Removing stm32f0xx_tim.o(i.TIM_SetCompare1), (4 bytes).
    Removing stm32f0xx_tim.o(i.TIM_SetCompare2), (4 bytes).
    Removing stm32f0xx_tim.o(i.TIM_SetCompare3), (4 bytes).
    Removing stm32f0xx_tim.o(i.TIM_SetCompare4), (4 bytes).
    Removing stm32f0xx_tim.o(i.TIM_SetCounter), (4 bytes).
    Removing stm32f0xx_tim.o(i.TIM_SetIC1Prescaler), (16 bytes).
    Removing stm32f0xx_tim.o(i.TIM_SetIC2Prescaler), (24 bytes).
    Removing stm32f0xx_tim.o(i.TIM_SetIC3Prescaler), (16 bytes).
    Removing stm32f0xx_tim.o(i.TIM_SetIC4Prescaler), (24 bytes).
    Removing stm32f0xx_tim.o(i.TIM_TIxExternalClockConfig), (48 bytes).
    Removing stm32f0xx_tim.o(i.TIM_TimeBaseInit), (116 bytes).
    Removing stm32f0xx_tim.o(i.TIM_TimeBaseStructInit), (18 bytes).
    Removing stm32f0xx_tim.o(i.TIM_UpdateDisableConfig), (22 bytes).
    Removing stm32f0xx_tim.o(i.TIM_UpdateRequestConfig), (22 bytes).
    Removing stm32f0xx_usart.o(.rev16_text), (4 bytes).
    Removing stm32f0xx_usart.o(.revsh_text), (4 bytes).
    Removing stm32f0xx_usart.o(i.USART_AddressDetectionConfig), (16 bytes).
    Removing stm32f0xx_usart.o(i.USART_AutoBaudRateCmd), (24 bytes).
    Removing stm32f0xx_usart.o(i.USART_AutoBaudRateConfig), (18 bytes).
    Removing stm32f0xx_usart.o(i.USART_ClearFlag), (4 bytes).
    Removing stm32f0xx_usart.o(i.USART_ClearITPendingBit), (10 bytes).
    Removing stm32f0xx_usart.o(i.USART_ClockInit), (30 bytes).
    Removing stm32f0xx_usart.o(i.USART_ClockStructInit), (12 bytes).
    Removing stm32f0xx_usart.o(i.USART_DECmd), (24 bytes).
    Removing stm32f0xx_usart.o(i.USART_DEPolarityConfig), (18 bytes).
    Removing stm32f0xx_usart.o(i.USART_DMACmd), (20 bytes).
    Removing stm32f0xx_usart.o(i.USART_DMAReceptionErrorConfig), (18 bytes).
    Removing stm32f0xx_usart.o(i.USART_DataInvCmd), (24 bytes).
    Removing stm32f0xx_usart.o(i.USART_DeInit), (236 bytes).
    Removing stm32f0xx_usart.o(i.USART_DirectionModeCmd), (20 bytes).
    Removing stm32f0xx_usart.o(i.USART_GetFlagStatus), (14 bytes).
    Removing stm32f0xx_usart.o(i.USART_GetITStatus), (60 bytes).
    Removing stm32f0xx_usart.o(i.USART_HalfDuplexCmd), (22 bytes).
    Removing stm32f0xx_usart.o(i.USART_ITConfig), (46 bytes).
    Removing stm32f0xx_usart.o(i.USART_InvPinCmd), (20 bytes).
    Removing stm32f0xx_usart.o(i.USART_IrDACmd), (22 bytes).
    Removing stm32f0xx_usart.o(i.USART_IrDAConfig), (16 bytes).
    Removing stm32f0xx_usart.o(i.USART_LINBreakDetectLengthConfig), (16 bytes).
    Removing stm32f0xx_usart.o(i.USART_LINCmd), (24 bytes).
    Removing stm32f0xx_usart.o(i.USART_MSBFirstCmd), (24 bytes).
    Removing stm32f0xx_usart.o(i.USART_MuteModeCmd), (24 bytes).
    Removing stm32f0xx_usart.o(i.USART_MuteModeWakeUpConfig), (18 bytes).
    Removing stm32f0xx_usart.o(i.USART_OneBitMethodCmd), (24 bytes).
    Removing stm32f0xx_usart.o(i.USART_OverSampling8Cmd), (24 bytes).
    Removing stm32f0xx_usart.o(i.USART_OverrunDetectionConfig), (18 bytes).
    Removing stm32f0xx_usart.o(i.USART_ReceiveData), (8 bytes).
    Removing stm32f0xx_usart.o(i.USART_ReceiverTimeOutCmd), (24 bytes).
    Removing stm32f0xx_usart.o(i.USART_RequestCmd), (20 bytes).
    Removing stm32f0xx_usart.o(i.USART_STOPModeCmd), (22 bytes).
    Removing stm32f0xx_usart.o(i.USART_SWAPPinCmd), (24 bytes).
    Removing stm32f0xx_usart.o(i.USART_SendData), (8 bytes).
    Removing stm32f0xx_usart.o(i.USART_SetAddress), (18 bytes).
    Removing stm32f0xx_usart.o(i.USART_SetAutoRetryCount), (20 bytes).
    Removing stm32f0xx_usart.o(i.USART_SetBlockLength), (18 bytes).
    Removing stm32f0xx_usart.o(i.USART_SetDEAssertionTime), (20 bytes).
    Removing stm32f0xx_usart.o(i.USART_SetDEDeassertionTime), (20 bytes).
    Removing stm32f0xx_usart.o(i.USART_SetGuardTime), (16 bytes).
    Removing stm32f0xx_usart.o(i.USART_SetPrescaler), (16 bytes).
    Removing stm32f0xx_usart.o(i.USART_SetReceiverTimeOut), (16 bytes).
    Removing stm32f0xx_usart.o(i.USART_SmartCardCmd), (22 bytes).
    Removing stm32f0xx_usart.o(i.USART_SmartCardNACKCmd), (22 bytes).
    Removing stm32f0xx_usart.o(i.USART_StopModeWakeUpSourceConfig), (18 bytes).
    Removing stm32f0xx_usart.o(i.USART_StructInit), (22 bytes).
    Removing main.o(.rev16_text), (4 bytes).
    Removing main.o(.revsh_text), (4 bytes).
    Removing main.o(i.main_bk), (20 bytes).
    Removing main.o(.data), (1 bytes).
    Removing stm32f0xx_it.o(.rev16_text), (4 bytes).
    Removing stm32f0xx_it.o(.revsh_text), (4 bytes).
    Removing uart.o(.rev16_text), (4 bytes).
    Removing uart.o(.revsh_text), (4 bytes).
    Removing uart.o(i.UART_Recive), (24 bytes).
    Removing uart.o(i.UART_Send), (36 bytes).
    Removing uart.o(i.UART_send_byte), (20 bytes).
    Removing gpio.o(.rev16_text), (4 bytes).
    Removing gpio.o(.revsh_text), (4 bytes).
    Removing spi.o(.rev16_text), (4 bytes).
    Removing spi.o(.revsh_text), (4 bytes).
    Removing spi.o(i.SpiIn), (64 bytes).
    Removing delay.o(i.Delay_Ms), (28 bytes).
    Removing delay.o(i.Delay_Us), (22 bytes).
    Removing radio.o(.rev16_text), (4 bytes).
    Removing radio.o(.revsh_text), (4 bytes).
    Removing radio.o(i.RadioOnRxTimeoutIrq), (24 bytes).
    Removing radio.o(i.RadioOnTxTimeoutIrq), (24 bytes).
    Removing radio.o(i.RadioReadFifo), (14 bytes).
    Removing radio.o(i.RadioTx), (10 bytes).
    Removing radio.o(i.RadioWriteFifo), (14 bytes).
    Removing sx126x.o(i.SX126xCalibrate), (14 bytes).
    Removing sx126x.o(i.SX126xClearDeviceErrors), (18 bytes).
    Removing sx126x.o(i.SX126xGetDeviceErrors), (18 bytes).
    Removing sx126x.o(i.SX126xGetRandom), (60 bytes).
    Removing sx126x.o(i.SX126xGetStatus), (22 bytes).
    Removing sx126x.o(i.SX126xSetCadParams), (48 bytes).
    Removing sx126x.o(i.SX126xSetDio3AsTcxoCtrl), (32 bytes).
    Removing sx126x.o(i.SX126xSetFs), (24 bytes).
    Removing sx126x.o(i.SX126xSetRxTxFallbackMode), (14 bytes).
    Removing sx126x.o(i.SX126xSetTxInfinitePreamble), (14 bytes).
    Removing sx126x-board.o(.rev16_text), (4 bytes).
    Removing sx126x-board.o(.revsh_text), (4 bytes).
    Removing sx126x-board.o(i.SX126xCheckRfFrequency), (4 bytes).
    Removing dfixul.o(.text), (64 bytes).

354 unused section(s) (total 10603 bytes) removed from the image.

==============================================================================

Image Symbol Table

    Local Symbols

    Symbol Name                              Value     Ov Type        Size  Object(Section)

    ../clib/microlib/division.c              0x00000000   Number         0  uldiv.o ABSOLUTE
    ../clib/microlib/division.c              0x00000000   Number         0  uidiv.o ABSOLUTE
    ../clib/microlib/init/entry.s            0x00000000   Number         0  entry11a.o ABSOLUTE
    ../clib/microlib/init/entry.s            0x00000000   Number         0  entry11b.o ABSOLUTE
    ../clib/microlib/init/entry.s            0x00000000   Number         0  entry8a.o ABSOLUTE
    ../clib/microlib/init/entry.s            0x00000000   Number         0  entry9b.o ABSOLUTE
    ../clib/microlib/init/entry.s            0x00000000   Number         0  entry9a.o ABSOLUTE
    ../clib/microlib/init/entry.s            0x00000000   Number         0  entry2.o ABSOLUTE
    ../clib/microlib/init/entry.s            0x00000000   Number         0  entry8b.o ABSOLUTE
    ../clib/microlib/init/entry.s            0x00000000   Number         0  entry10b.o ABSOLUTE
    ../clib/microlib/init/entry.s            0x00000000   Number         0  entry10a.o ABSOLUTE
    ../clib/microlib/init/entry.s            0x00000000   Number         0  entry5.o ABSOLUTE
    ../clib/microlib/init/entry.s            0x00000000   Number         0  entry.o ABSOLUTE
    ../clib/microlib/init/entry.s            0x00000000   Number         0  entry7a.o ABSOLUTE
    ../clib/microlib/init/entry.s            0x00000000   Number         0  entry7b.o ABSOLUTE
    ../clib/microlib/longlong.c              0x00000000   Number         0  llushr.o ABSOLUTE
    ../clib/microlib/longlong.c              0x00000000   Number         0  llsshr.o ABSOLUTE
    ../clib/microlib/longlong.c              0x00000000   Number         0  llshl.o ABSOLUTE
    ../clib/microlib/printf/printf.c         0x00000000   Number         0  printf0.o ABSOLUTE
    ../clib/microlib/printf/printf.c         0x00000000   Number         0  printfb.o ABSOLUTE
    ../clib/microlib/printf/printf.c         0x00000000   Number         0  printf1.o ABSOLUTE
    ../clib/microlib/printf/printf.c         0x00000000   Number         0  printf3.o ABSOLUTE
    ../clib/microlib/printf/printf.c         0x00000000   Number         0  printf4.o ABSOLUTE
    ../clib/microlib/printf/printf.c         0x00000000   Number         0  printf2.o ABSOLUTE
    ../clib/microlib/printf/printf.c         0x00000000   Number         0  printf5.o ABSOLUTE
    ../clib/microlib/printf/printf.c         0x00000000   Number         0  printfa.o ABSOLUTE
    ../clib/microlib/printf/printf.c         0x00000000   Number         0  printf6.o ABSOLUTE
    ../clib/microlib/printf/printf.c         0x00000000   Number         0  printf7.o ABSOLUTE
    ../clib/microlib/printf/printf.c         0x00000000   Number         0  printf8.o ABSOLUTE
    ../clib/microlib/string/memcmp.c         0x00000000   Number         0  memcmp.o ABSOLUTE
    ../clib/microlib/string/memcpy.c         0x00000000   Number         0  memcpya.o ABSOLUTE
    ../clib/microlib/string/memcpy.c         0x00000000   Number         0  memcpyb.o ABSOLUTE
    ../clib/microlib/string/memset.c         0x00000000   Number         0  memseta.o ABSOLUTE
    ../clib/microlib/stubs.s                 0x00000000   Number         0  iusefp.o ABSOLUTE
    ../fplib/microlib/fpadd.c                0x00000000   Number         0  dadd.o ABSOLUTE
    ../fplib/microlib/fpdiv.c                0x00000000   Number         0  ddiv.o ABSOLUTE
    ../fplib/microlib/fpepilogue.c           0x00000000   Number         0  depilogue.o ABSOLUTE
    ../fplib/microlib/fpfix.c                0x00000000   Number         0  dfixul.o ABSOLUTE
    ../fplib/microlib/fpfix.c                0x00000000   Number         0  dfixui.o ABSOLUTE
    ../fplib/microlib/fpflt.c                0x00000000   Number         0  dflti.o ABSOLUTE
    ../fplib/microlib/fpflt.c                0x00000000   Number         0  dfltui.o ABSOLUTE
    ../fplib/microlib/fpmul.c                0x00000000   Number         0  dmul.o ABSOLUTE
    ../fplib/microlib/fprnd.c                0x00000000   Number         0  drnd.o ABSOLUTE
    ../fplib/microlib/fpscalb.c              0x00000000   Number         0  dscalb.o ABSOLUTE
    ../mathlib/ceil.c                        0x00000000   Number         0  ceil.o ABSOLUTE
    ../mathlib/floor.c                       0x00000000   Number         0  floor.o ABSOLUTE
    ../mathlib/rint.c                        0x00000000   Number         0  rint.o ABSOLUTE
    ..\Libraries\CMSIS\Device\ST\STM32F0xx\Source\Templates\arm\startup_stm32f030.s 0x00000000   Number         0  startup_stm32f030.o ABSOLUTE
    ..\Libraries\CMSIS\Device\ST\STM32F0xx\Source\Templates\system_stm32f0xx.c 0x00000000   Number         0  system_stm32f0xx.o ABSOLUTE
    ..\Libraries\STM32F0xx_StdPeriph_Driver\src\stm32f0xx_exti.c 0x00000000   Number         0  stm32f0xx_exti.o ABSOLUTE
    ..\Libraries\STM32F0xx_StdPeriph_Driver\src\stm32f0xx_gpio.c 0x00000000   Number         0  stm32f0xx_gpio.o ABSOLUTE
    ..\Libraries\STM32F0xx_StdPeriph_Driver\src\stm32f0xx_misc.c 0x00000000   Number         0  stm32f0xx_misc.o ABSOLUTE
    ..\Libraries\STM32F0xx_StdPeriph_Driver\src\stm32f0xx_pwr.c 0x00000000   Number         0  stm32f0xx_pwr.o ABSOLUTE
    ..\Libraries\STM32F0xx_StdPeriph_Driver\src\stm32f0xx_rcc.c 0x00000000   Number         0  stm32f0xx_rcc.o ABSOLUTE
    ..\Libraries\STM32F0xx_StdPeriph_Driver\src\stm32f0xx_rtc.c 0x00000000   Number         0  stm32f0xx_rtc.o ABSOLUTE
    ..\Libraries\STM32F0xx_StdPeriph_Driver\src\stm32f0xx_spi.c 0x00000000   Number         0  stm32f0xx_spi.o ABSOLUTE
    ..\Libraries\STM32F0xx_StdPeriph_Driver\src\stm32f0xx_syscfg.c 0x00000000   Number         0  stm32f0xx_syscfg.o ABSOLUTE
    ..\Libraries\STM32F0xx_StdPeriph_Driver\src\stm32f0xx_tim.c 0x00000000   Number         0  stm32f0xx_tim.o ABSOLUTE
    ..\Libraries\STM32F0xx_StdPeriph_Driver\src\stm32f0xx_usart.c 0x00000000   Number         0  stm32f0xx_usart.o ABSOLUTE
    ..\Radio\src\crc.c                       0x00000000   Number         0  crc.o ABSOLUTE
    ..\Radio\src\radio.c                     0x00000000   Number         0  radio.o ABSOLUTE
    ..\Radio\src\sx126x-board.c              0x00000000   Number         0  sx126x-board.o ABSOLUTE
    ..\Radio\src\sx126x.c                    0x00000000   Number         0  sx126x.o ABSOLUTE
    ..\\Libraries\\CMSIS\\Device\\ST\\STM32F0xx\\Source\\Templates\\system_stm32f0xx.c 0x00000000   Number         0  system_stm32f0xx.o ABSOLUTE
    ..\\Libraries\\STM32F0xx_StdPeriph_Driver\\src\\stm32f0xx_exti.c 0x00000000   Number         0  stm32f0xx_exti.o ABSOLUTE
    ..\\Libraries\\STM32F0xx_StdPeriph_Driver\\src\\stm32f0xx_gpio.c 0x00000000   Number         0  stm32f0xx_gpio.o ABSOLUTE
    ..\\Libraries\\STM32F0xx_StdPeriph_Driver\\src\\stm32f0xx_misc.c 0x00000000   Number         0  stm32f0xx_misc.o ABSOLUTE
    ..\\Libraries\\STM32F0xx_StdPeriph_Driver\\src\\stm32f0xx_pwr.c 0x00000000   Number         0  stm32f0xx_pwr.o ABSOLUTE
    ..\\Libraries\\STM32F0xx_StdPeriph_Driver\\src\\stm32f0xx_rcc.c 0x00000000   Number         0  stm32f0xx_rcc.o ABSOLUTE
    ..\\Libraries\\STM32F0xx_StdPeriph_Driver\\src\\stm32f0xx_rtc.c 0x00000000   Number         0  stm32f0xx_rtc.o ABSOLUTE
    ..\\Libraries\\STM32F0xx_StdPeriph_Driver\\src\\stm32f0xx_spi.c 0x00000000   Number         0  stm32f0xx_spi.o ABSOLUTE
    ..\\Libraries\\STM32F0xx_StdPeriph_Driver\\src\\stm32f0xx_syscfg.c 0x00000000   Number         0  stm32f0xx_syscfg.o ABSOLUTE
    ..\\Libraries\\STM32F0xx_StdPeriph_Driver\\src\\stm32f0xx_tim.c 0x00000000   Number         0  stm32f0xx_tim.o ABSOLUTE
    ..\\Libraries\\STM32F0xx_StdPeriph_Driver\\src\\stm32f0xx_usart.c 0x00000000   Number         0  stm32f0xx_usart.o ABSOLUTE
    ..\\Radio\\src\\radio.c                  0x00000000   Number         0  radio.o ABSOLUTE
    ..\\Radio\\src\\sx126x-board.c           0x00000000   Number         0  sx126x-board.o ABSOLUTE
    ..\\gpio.c                               0x00000000   Number         0  gpio.o ABSOLUTE
    ..\\main.c                               0x00000000   Number         0  main.o ABSOLUTE
    ..\\spi.c                                0x00000000   Number         0  spi.o ABSOLUTE
    ..\\stm32f0xx_it.c                       0x00000000   Number         0  stm32f0xx_it.o ABSOLUTE
    ..\\uart.c                               0x00000000   Number         0  uart.o ABSOLUTE
    ..\delay.c                               0x00000000   Number         0  delay.o ABSOLUTE
    ..\gpio.c                                0x00000000   Number         0  gpio.o ABSOLUTE
    ..\main.c                                0x00000000   Number         0  main.o ABSOLUTE
    ..\spi.c                                 0x00000000   Number         0  spi.o ABSOLUTE
    ..\stm32f0xx_it.c                        0x00000000   Number         0  stm32f0xx_it.o ABSOLUTE
    ..\uart.c                                0x00000000   Number         0  uart.o ABSOLUTE
    cdrcmple.s                               0x00000000   Number         0  cdrcmple.o ABSOLUTE
    dc.s                                     0x00000000   Number         0  dc.o ABSOLUTE
    handlers.s                               0x00000000   Number         0  handlers.o ABSOLUTE
    init.s                                   0x00000000   Number         0  init.o ABSOLUTE
    RESET                                    0x08000000   Section      180  startup_stm32f030.o(RESET)
    .ARM.Collect$$$$00000000                 0x080000b4   Section        0  entry.o(.ARM.Collect$$$$00000000)
    .ARM.Collect$$$$00000001                 0x080000b4   Section        4  entry2.o(.ARM.Collect$$$$00000001)
    .ARM.Collect$$$$00000004                 0x080000b8   Section        4  entry5.o(.ARM.Collect$$$$00000004)
    .ARM.Collect$$$$00000008                 0x080000bc   Section        0  entry7b.o(.ARM.Collect$$$$00000008)
    .ARM.Collect$$$$0000000A                 0x080000bc   Section        0  entry8b.o(.ARM.Collect$$$$0000000A)
    .ARM.Collect$$$$0000000B                 0x080000bc   Section        8  entry9a.o(.ARM.Collect$$$$0000000B)
    .ARM.Collect$$$$0000000D                 0x080000c4   Section        0  entry10a.o(.ARM.Collect$$$$0000000D)
    .ARM.Collect$$$$0000000F                 0x080000c4   Section        0  entry11a.o(.ARM.Collect$$$$0000000F)
    .ARM.Collect$$$$00002712                 0x080000c4   Section        4  entry2.o(.ARM.Collect$$$$00002712)
    __lit__00000000                          0x080000c4   Data           4  entry2.o(.ARM.Collect$$$$00002712)
    .text                                    0x080000c8   Section       88  startup_stm32f030.o(.text)
    .text                                    0x08000120   Section        0  uidiv.o(.text)
    .text                                    0x0800014c   Section        0  memcpya.o(.text)
    .text                                    0x08000170   Section        0  memseta.o(.text)
    .text                                    0x08000194   Section        0  memcmp.o(.text)
    .text                                    0x080001b0   Section        0  dadd.o(.text)
    .text                                    0x08000314   Section        0  dmul.o(.text)
    .text                                    0x080003e4   Section        0  ddiv.o(.text)
    .text                                    0x080004d4   Section        0  dscalb.o(.text)
    .text                                    0x08000500   Section        0  dflti.o(.text)
    .text                                    0x08000528   Section        0  dfltui.o(.text)
    .text                                    0x08000544   Section        0  dfixui.o(.text)
    .text                                    0x08000580   Section       40  cdrcmple.o(.text)
    .text                                    0x080005a8   Section        0  llshl.o(.text)
    .text                                    0x080005c8   Section        0  llushr.o(.text)
    .text                                    0x080005ea   Section        0  llsshr.o(.text)
    .text                                    0x08000610   Section        0  iusefp.o(.text)
    .text                                    0x08000610   Section        0  depilogue.o(.text)
    .text                                    0x080006d0   Section        0  drnd.o(.text)
    .text                                    0x0800074c   Section       36  init.o(.text)
    i.ADC1_IRQHandler                        0x08000770   Section        0  stm32f0xx_it.o(i.ADC1_IRQHandler)
    i.ComputeCrc                             0x08000772   Section        0  crc.o(i.ComputeCrc)
    i.EXTI0_1_IRQHandler                     0x0800079c   Section        0  stm32f0xx_it.o(i.EXTI0_1_IRQHandler)
    i.GPIO_Init                              0x0800079e   Section        0  stm32f0xx_gpio.o(i.GPIO_Init)
    i.GPIO_PinAFConfig                       0x0800080e   Section        0  stm32f0xx_gpio.o(i.GPIO_PinAFConfig)
    i.GPIO_ReadInputDataBit                  0x0800082e   Section        0  stm32f0xx_gpio.o(i.GPIO_ReadInputDataBit)
    i.GPIO_WriteBit                          0x0800083c   Section        0  stm32f0xx_gpio.o(i.GPIO_WriteBit)
    i.GPIO_int                               0x08000848   Section        0  gpio.o(i.GPIO_int)
    i.HAL_Delay_nMS                          0x08000930   Section        0  delay.o(i.HAL_Delay_nMS)
    i.HW_int                                 0x08000944   Section        0  main.o(i.HW_int)
    i.HardFault_Handler                      0x08000964   Section        0  stm32f0xx_it.o(i.HardFault_Handler)
    i.NMI_Handler                            0x08000966   Section        0  stm32f0xx_it.o(i.NMI_Handler)
    i.OnRxDone                               0x08000968   Section        0  main.o(i.OnRxDone)
    i.OnRxError                              0x08000a20   Section        0  main.o(i.OnRxError)
    i.OnRxTimeout                            0x08000a74   Section        0  main.o(i.OnRxTimeout)
    i.OnTxDone                               0x08000ac8   Section        0  main.o(i.OnTxDone)
    i.OnTxTimeout                            0x08000ae0   Section        0  main.o(i.OnTxTimeout)
    i.PendSV_Handler                         0x08000ae2   Section        0  stm32f0xx_it.o(i.PendSV_Handler)
    i.RCC_AHBPeriphClockCmd                  0x08000ae4   Section        0  stm32f0xx_rcc.o(i.RCC_AHBPeriphClockCmd)
    i.RCC_APB2PeriphClockCmd                 0x08000b00   Section        0  stm32f0xx_rcc.o(i.RCC_APB2PeriphClockCmd)
    i.RCC_Configuration                      0x08000b1c   Section        0  main.o(i.RCC_Configuration)
    i.RCC_DeInit                             0x08000b38   Section        0  stm32f0xx_rcc.o(i.RCC_DeInit)
    i.RCC_GetClocksFreq                      0x08000b94   Section        0  stm32f0xx_rcc.o(i.RCC_GetClocksFreq)
    i.RCC_GetFlagStatus                      0x08000d2c   Section        0  stm32f0xx_rcc.o(i.RCC_GetFlagStatus)
    i.RCC_PLLCmd                             0x08000d64   Section        0  stm32f0xx_rcc.o(i.RCC_PLLCmd)
    i.RCC_PLLConfig                          0x08000d84   Section        0  stm32f0xx_rcc.o(i.RCC_PLLConfig)
    i.RCC_SYSCLKConfig                       0x08000da0   Section        0  stm32f0xx_rcc.o(i.RCC_SYSCLKConfig)
    i.RadioCheckRfFrequency                  0x08000db4   Section        0  radio.o(i.RadioCheckRfFrequency)
    i.RadioComputeCRC                        0x08000db8   Section        0  crc.o(i.RadioComputeCRC)
    i.RadioGetFskBandwidthRegValue           0x08000e04   Section        0  radio.o(i.RadioGetFskBandwidthRegValue)
    RadioGetFskBandwidthRegValue             0x08000e05   Thumb Code    50  radio.o(i.RadioGetFskBandwidthRegValue)
    i.RadioGetStatus                         0x08000e3c   Section        0  radio.o(i.RadioGetStatus)
    i.RadioGetWakeupTime                     0x08000e5e   Section        0  radio.o(i.RadioGetWakeupTime)
    i.RadioInit                              0x08000e64   Section        0  radio.o(i.RadioInit)
    i.RadioIrqProcess                        0x08000eac   Section        0  radio.o(i.RadioIrqProcess)
    i.RadioIsChannelFree                     0x08000f98   Section        0  radio.o(i.RadioIsChannelFree)
    i.RadioOnDioIrq                          0x08000fbc   Section        0  radio.o(i.RadioOnDioIrq)
    i.RadioRandom                            0x08000fc8   Section        0  radio.o(i.RadioRandom)
    i.RadioRead                              0x08000ffc   Section        0  radio.o(i.RadioRead)
    i.RadioReadBuffer                        0x08001004   Section        0  radio.o(i.RadioReadBuffer)
    i.RadioRssi                              0x0800100c   Section        0  radio.o(i.RadioRssi)
    i.RadioRx                                0x08001014   Section        0  radio.o(i.RadioRx)
    i.RadioRxBoosted                         0x08001048   Section        0  radio.o(i.RadioRxBoosted)
    i.RadioSend                              0x0800107c   Section        0  radio.o(i.RadioSend)
    i.RadioSetChannel                        0x080010b8   Section        0  radio.o(i.RadioSetChannel)
    i.RadioSetMaxPayloadLength               0x080010c0   Section        0  radio.o(i.RadioSetMaxPayloadLength)
    i.RadioSetModem                          0x080010f0   Section        0  radio.o(i.RadioSetModem)
    i.RadioSetPublicNetwork                  0x08001120   Section        0  radio.o(i.RadioSetPublicNetwork)
    i.RadioSetRxConfig                       0x08001160   Section        0  radio.o(i.RadioSetRxConfig)
    i.RadioSetRxDutyCycle                    0x08001300   Section        0  radio.o(i.RadioSetRxDutyCycle)
    i.RadioSetTxConfig                       0x08001308   Section        0  radio.o(i.RadioSetTxConfig)
    i.RadioSetTxContinuousWave               0x08001440   Section        0  radio.o(i.RadioSetTxContinuousWave)
    i.RadioSleep                             0x08001454   Section        0  radio.o(i.RadioSleep)
    i.RadioStandby                           0x08001472   Section        0  radio.o(i.RadioStandby)
    i.RadioStartCad                          0x0800147c   Section        0  radio.o(i.RadioStartCad)
    i.RadioTimeOnAir                         0x08001484   Section        0  radio.o(i.RadioTimeOnAir)
    i.RadioWrite                             0x08001620   Section        0  radio.o(i.RadioWrite)
    i.RadioWriteBuffer                       0x08001628   Section        0  radio.o(i.RadioWriteBuffer)
    i.SPI1_Int                               0x08001630   Section        0  spi.o(i.SPI1_Int)
    i.SPI2_IRQHandler                        0x0800167c   Section        0  stm32f0xx_it.o(i.SPI2_IRQHandler)
    i.SPI_Cmd                                0x0800167e   Section        0  stm32f0xx_spi.o(i.SPI_Cmd)
    i.SPI_I2S_GetFlagStatus                  0x08001694   Section        0  stm32f0xx_spi.o(i.SPI_I2S_GetFlagStatus)
    i.SPI_Init                               0x080016a4   Section        0  stm32f0xx_spi.o(i.SPI_Init)
    i.SPI_ReceiveData8                       0x080016f8   Section        0  stm32f0xx_spi.o(i.SPI_ReceiveData8)
    i.SPI_RxFIFOThresholdConfig              0x080016fc   Section        0  stm32f0xx_spi.o(i.SPI_RxFIFOThresholdConfig)
    i.SPI_SendData8                          0x08001710   Section        0  stm32f0xx_spi.o(i.SPI_SendData8)
    i.SVC_Handler                            0x08001714   Section        0  stm32f0xx_it.o(i.SVC_Handler)
    i.SX126xAntSwOff                         0x08001716   Section        0  sx126x-board.o(i.SX126xAntSwOff)
    i.SX126xAntSwOn                          0x08001718   Section        0  sx126x-board.o(i.SX126xAntSwOn)
    i.SX126xCalibrateImage                   0x0800171c   Section        0  sx126x.o(i.SX126xCalibrateImage)
    i.SX126xCheckDeviceReady                 0x08001798   Section        0  sx126x.o(i.SX126xCheckDeviceReady)
    i.SX126xClearIrqStatus                   0x080017b8   Section        0  sx126x.o(i.SX126xClearIrqStatus)
    i.SX126xGetIrqStatus                     0x080017ce   Section        0  sx126x.o(i.SX126xGetIrqStatus)
    i.SX126xGetOperatingMode                 0x080017e8   Section        0  sx126x.o(i.SX126xGetOperatingMode)
    i.SX126xGetPaSelect                      0x080017f4   Section        0  sx126x-board.o(i.SX126xGetPaSelect)
    i.SX126xGetPacketStatus                  0x080017f8   Section        0  sx126x.o(i.SX126xGetPacketStatus)
    i.SX126xGetPacketType                    0x08001878   Section        0  sx126x.o(i.SX126xGetPacketType)
    i.SX126xGetPayload                       0x08001884   Section        0  sx126x.o(i.SX126xGetPayload)
    i.SX126xGetRssiInst                      0x080018b0   Section        0  sx126x.o(i.SX126xGetRssiInst)
    i.SX126xGetRxBufferStatus                0x080018c8   Section        0  sx126x.o(i.SX126xGetRxBufferStatus)
    i.SX126xInit                             0x08001908   Section        0  sx126x.o(i.SX126xInit)
    i.SX126xReadBuffer                       0x0800192c   Section        0  sx126x-board.o(i.SX126xReadBuffer)
    i.SX126xReadCommand                      0x0800197c   Section        0  sx126x-board.o(i.SX126xReadCommand)
    i.SX126xReadRegister                     0x080019c6   Section        0  sx126x-board.o(i.SX126xReadRegister)
    i.SX126xReadRegisters                    0x080019d6   Section        0  sx126x-board.o(i.SX126xReadRegisters)
    i.SX126xReset                            0x08001a2c   Section        0  sx126x-board.o(i.SX126xReset)
    i.SX126xSendPayload                      0x08001a5c   Section        0  sx126x.o(i.SX126xSendPayload)
    i.SX126xSetBufferBaseAddress             0x08001a6c   Section        0  sx126x.o(i.SX126xSetBufferBaseAddress)
    i.SX126xSetCad                           0x08001a80   Section        0  sx126x.o(i.SX126xSetCad)
    i.SX126xSetCrcPolynomial                 0x08001a98   Section        0  sx126x.o(i.SX126xSetCrcPolynomial)
    i.SX126xSetCrcSeed                       0x08001abc   Section        0  sx126x.o(i.SX126xSetCrcSeed)
    i.SX126xSetDio2AsRfSwitchCtrl            0x08001ae0   Section        0  sx126x.o(i.SX126xSetDio2AsRfSwitchCtrl)
    i.SX126xSetDioIrqParams                  0x08001aee   Section        0  sx126x.o(i.SX126xSetDioIrqParams)
    i.SX126xSetLoRaSymbNumTimeout            0x08001b16   Section        0  sx126x.o(i.SX126xSetLoRaSymbNumTimeout)
    i.SX126xSetModulationParams              0x08001b24   Section        0  sx126x.o(i.SX126xSetModulationParams)
    i.SX126xSetPaConfig                      0x08001bcc   Section        0  sx126x.o(i.SX126xSetPaConfig)
    i.SX126xSetPacketParams                  0x08001be4   Section        0  sx126x.o(i.SX126xSetPacketParams)
    i.SX126xSetPacketType                    0x08001c98   Section        0  sx126x.o(i.SX126xSetPacketType)
    i.SX126xSetPayload                       0x08001cb4   Section        0  sx126x.o(i.SX126xSetPayload)
    i.SX126xSetRegulatorMode                 0x08001cc2   Section        0  sx126x.o(i.SX126xSetRegulatorMode)
    i.SX126xSetRfFrequency                   0x08001cd0   Section        0  sx126x.o(i.SX126xSetRfFrequency)
    i.SX126xSetRfTxPower                     0x08001d1c   Section        0  sx126x-board.o(i.SX126xSetRfTxPower)
    i.SX126xSetRx                            0x08001d28   Section        0  sx126x.o(i.SX126xSetRx)
    i.SX126xSetRxBoosted                     0x08001d4c   Section        0  sx126x.o(i.SX126xSetRxBoosted)
    i.SX126xSetRxDutyCycle                   0x08001d7c   Section        0  sx126x.o(i.SX126xSetRxDutyCycle)
    i.SX126xSetSleep                         0x08001dac   Section        0  sx126x.o(i.SX126xSetSleep)
    i.SX126xSetStandby                       0x08001dc8   Section        0  sx126x.o(i.SX126xSetStandby)
    i.SX126xSetStopRxTimerOnPreambleDetect   0x08001df0   Section        0  sx126x.o(i.SX126xSetStopRxTimerOnPreambleDetect)
    i.SX126xSetSyncWord                      0x08001dfe   Section        0  sx126x.o(i.SX126xSetSyncWord)
    i.SX126xSetTx                            0x08001e10   Section        0  sx126x.o(i.SX126xSetTx)
    i.SX126xSetTxContinuousWave              0x08001e34   Section        0  sx126x.o(i.SX126xSetTxContinuousWave)
    i.SX126xSetTxParams                      0x08001e44   Section        0  sx126x.o(i.SX126xSetTxParams)
    i.SX126xSetWhiteningSeed                 0x08001ec8   Section        0  sx126x.o(i.SX126xSetWhiteningSeed)
    i.SX126xWaitOnBusy                       0x08001ef8   Section        0  sx126x-board.o(i.SX126xWaitOnBusy)
    i.SX126xWakeup                           0x08001f10   Section        0  sx126x-board.o(i.SX126xWakeup)
    i.SX126xWriteBuffer                      0x08001f3c   Section        0  sx126x-board.o(i.SX126xWriteBuffer)
    i.SX126xWriteCommand                     0x08001f84   Section        0  sx126x-board.o(i.SX126xWriteCommand)
    i.SX126xWriteRegister                    0x08001fca   Section        0  sx126x-board.o(i.SX126xWriteRegister)
    i.SX126xWriteRegisters                   0x08001fd6   Section        0  sx126x-board.o(i.SX126xWriteRegisters)
    i.SetSysClock                            0x08002024   Section        0  system_stm32f0xx.o(i.SetSysClock)
    SetSysClock                              0x08002025   Thumb Code   148  system_stm32f0xx.o(i.SetSysClock)
    i.SpiInOut                               0x080020c0   Section        0  spi.o(i.SpiInOut)
    i.SysClock_48                            0x080020f4   Section        0  main.o(i.SysClock_48)
    i.SysTick_Handler                        0x08002124   Section        0  stm32f0xx_it.o(i.SysTick_Handler)
    i.SystemInit                             0x08002138   Section        0  system_stm32f0xx.o(i.SystemInit)
    i.TIM14_IRQHandler                       0x08002198   Section        0  stm32f0xx_it.o(i.TIM14_IRQHandler)
    i.TIM3_IRQHandler                        0x0800219a   Section        0  stm32f0xx_it.o(i.TIM3_IRQHandler)
    i.Tick_Configration                      0x0800219c   Section        0  main.o(i.Tick_Configration)
    i.USART1_IRQHandler                      0x080021e8   Section        0  stm32f0xx_it.o(i.USART1_IRQHandler)
    i.USART_Cmd                              0x080021ea   Section        0  stm32f0xx_usart.o(i.USART_Cmd)
    i.USART_Init                             0x08002204   Section        0  stm32f0xx_usart.o(i.USART_Init)
    i.UartInit                               0x080022b4   Section        0  uart.o(i.UartInit)
    i.__0printf$bare                         0x08002328   Section        0  printfb.o(i.__0printf$bare)
    i.__ARM_clz                              0x0800233c   Section        0  depilogue.o(i.__ARM_clz)
    i.__scatterload_copy                     0x0800236a   Section       14  handlers.o(i.__scatterload_copy)
    i.__scatterload_null                     0x08002378   Section        2  handlers.o(i.__scatterload_null)
    i.__scatterload_zeroinit                 0x0800237a   Section       14  handlers.o(i.__scatterload_zeroinit)
    i._printf_core                           0x08002388   Section        0  printfb.o(i._printf_core)
    _printf_core                             0x08002389   Thumb Code    30  printfb.o(i._printf_core)
    i.ceil                                   0x080023a8   Section        0  ceil.o(i.ceil)
    i.floor                                  0x08002470   Section        0  floor.o(i.floor)
    i.fputc                                  0x08002538   Section        0  uart.o(i.fputc)
    i.main                                   0x08002550   Section        0  main.o(i.main)
    i.rint                                   0x08002668   Section        0  rint.o(i.rint)
    .constdata                               0x08002670   Section       10  main.o(.constdata)
    .constdata                               0x0800267c   Section      108  radio.o(.constdata)
    .constdata                               0x080026e8   Section      180  radio.o(.constdata)
    .data                                    0x20000000   Section       20  system_stm32f0xx.o(.data)
    .data                                    0x20000014   Section       16  stm32f0xx_rcc.o(.data)
    APBAHBPrescTable                         0x20000014   Data          16  stm32f0xx_rcc.o(.data)
    .data                                    0x20000024   Section       10  main.o(.data)
    test                                     0x2000002a   Data           2  main.o(.data)
    .data                                    0x20000030   Section        8  stm32f0xx_it.o(.data)
    .data                                    0x20000038   Section        4  uart.o(.data)
    .data                                    0x20000040   Section      168  radio.o(.data)
    RadioPublicNetwork                       0x20000043   Data           2  radio.o(.data)
    RadioEvents                              0x20000050   Data           4  radio.o(.data)
    RadioLoRaSymbTime                        0x20000058   Data         144  radio.o(.data)
    .data                                    0x200000e8   Section        8  sx126x.o(.data)
    ImageCalibrated                          0x200000e8   Data           1  sx126x.o(.data)
    OperatingMode                            0x200000e9   Data           1  sx126x.o(.data)
    PacketType                               0x200000ea   Data           1  sx126x.o(.data)
    .bss                                     0x200000f0   Section      156  main.o(.bss)
    RadioEvents                              0x200000f0   Data          28  main.o(.bss)
    .bss                                     0x2000018c   Section      336  radio.o(.bss)
    STACK                                    0x200002e0   Section     1024  startup_stm32f030.o(STACK)

    Global Symbols

    Symbol Name                              Value     Ov Type        Size  Object(Section)

    BuildAttributes$$THM_ISAv3M$S$PE$A:L22$X:L11$S22$IEEE1$IW$USESV6$~STKCKD$USESV7$~SHL$OTIME$ROPI$IEEEJ$EBA8$MICROLIB$REQ8$PRES8$EABIv2 0x00000000   Number         0  anon$$obj.o ABSOLUTE
    __ARM_use_no_argv                        0x00000000   Number         0  main.o ABSOLUTE
    __cpp_initialize__aeabi_                  - Undefined Weak Reference
    __cxa_finalize                            - Undefined Weak Reference
    __decompress                              - Undefined Weak Reference
    _clock_init                               - Undefined Weak Reference
    _microlib_exit                            - Undefined Weak Reference
    __Vectors_Size                           0x000000b4   Number         0  startup_stm32f030.o ABSOLUTE
    __Vectors                                0x08000000   Data           4  startup_stm32f030.o(RESET)
    __Vectors_End                            0x080000b4   Data           0  startup_stm32f030.o(RESET)
    __main                                   0x080000b5   Thumb Code     0  entry.o(.ARM.Collect$$$$00000000)
    _main_stk                                0x080000b5   Thumb Code     0  entry2.o(.ARM.Collect$$$$00000001)
    _main_scatterload                        0x080000b9   Thumb Code     0  entry5.o(.ARM.Collect$$$$00000004)
    __main_after_scatterload                 0x080000bd   Thumb Code     0  entry5.o(.ARM.Collect$$$$00000004)
    _main_clock                              0x080000bd   Thumb Code     0  entry7b.o(.ARM.Collect$$$$00000008)
    _main_cpp_init                           0x080000bd   Thumb Code     0  entry8b.o(.ARM.Collect$$$$0000000A)
    _main_init                               0x080000bd   Thumb Code     0  entry9a.o(.ARM.Collect$$$$0000000B)
    __rt_final_cpp                           0x080000c5   Thumb Code     0  entry10a.o(.ARM.Collect$$$$0000000D)
    __rt_final_exit                          0x080000c5   Thumb Code     0  entry11a.o(.ARM.Collect$$$$0000000F)
    Reset_Handler                            0x080000c9   Thumb Code    38  startup_stm32f030.o(.text)
    DMA1_Channel1_IRQHandler                 0x080000f9   Thumb Code     0  startup_stm32f030.o(.text)
    DMA1_Channel2_3_IRQHandler               0x080000f9   Thumb Code     0  startup_stm32f030.o(.text)
    DMA1_Channel4_5_IRQHandler               0x080000f9   Thumb Code     0  startup_stm32f030.o(.text)
    EXTI2_3_IRQHandler                       0x080000f9   Thumb Code     0  startup_stm32f030.o(.text)
    EXTI4_15_IRQHandler                      0x080000f9   Thumb Code     0  startup_stm32f030.o(.text)
    FLASH_IRQHandler                         0x080000f9   Thumb Code     0  startup_stm32f030.o(.text)
    I2C1_IRQHandler                          0x080000f9   Thumb Code     0  startup_stm32f030.o(.text)
    I2C2_IRQHandler                          0x080000f9   Thumb Code     0  startup_stm32f030.o(.text)
    RCC_IRQHandler                           0x080000f9   Thumb Code     0  startup_stm32f030.o(.text)
    RTC_IRQHandler                           0x080000f9   Thumb Code     0  startup_stm32f030.o(.text)
    SPI1_IRQHandler                          0x080000f9   Thumb Code     0  startup_stm32f030.o(.text)
    TIM15_IRQHandler                         0x080000f9   Thumb Code     0  startup_stm32f030.o(.text)
    TIM16_IRQHandler                         0x080000f9   Thumb Code     0  startup_stm32f030.o(.text)
    TIM17_IRQHandler                         0x080000f9   Thumb Code     0  startup_stm32f030.o(.text)
    TIM1_BRK_UP_TRG_COM_IRQHandler           0x080000f9   Thumb Code     0  startup_stm32f030.o(.text)
    TIM1_CC_IRQHandler                       0x080000f9   Thumb Code     0  startup_stm32f030.o(.text)
    USART2_IRQHandler                        0x080000f9   Thumb Code     0  startup_stm32f030.o(.text)
    WWDG_IRQHandler                          0x080000f9   Thumb Code     0  startup_stm32f030.o(.text)
    __aeabi_uidiv                            0x08000121   Thumb Code     0  uidiv.o(.text)
    __aeabi_uidivmod                         0x08000121   Thumb Code    44  uidiv.o(.text)
    __aeabi_memcpy                           0x0800014d   Thumb Code    36  memcpya.o(.text)
    __aeabi_memcpy4                          0x0800014d   Thumb Code     0  memcpya.o(.text)
    __aeabi_memcpy8                          0x0800014d   Thumb Code     0  memcpya.o(.text)
    __aeabi_memset                           0x08000171   Thumb Code    14  memseta.o(.text)
    __aeabi_memset4                          0x08000171   Thumb Code     0  memseta.o(.text)
    __aeabi_memset8                          0x08000171   Thumb Code     0  memseta.o(.text)
    __aeabi_memclr                           0x0800017f   Thumb Code     4  memseta.o(.text)
    __aeabi_memclr4                          0x0800017f   Thumb Code     0  memseta.o(.text)
    __aeabi_memclr8                          0x0800017f   Thumb Code     0  memseta.o(.text)
    _memset$wrapper                          0x08000183   Thumb Code    18  memseta.o(.text)
    memcmp                                   0x08000195   Thumb Code    26  memcmp.o(.text)
    __aeabi_dadd                             0x080001b1   Thumb Code   328  dadd.o(.text)
    __aeabi_dsub                             0x080002f9   Thumb Code    12  dadd.o(.text)
    __aeabi_drsub                            0x08000305   Thumb Code    12  dadd.o(.text)
    __aeabi_dmul                             0x08000315   Thumb Code   202  dmul.o(.text)
    __aeabi_ddiv                             0x080003e5   Thumb Code   234  ddiv.o(.text)
    __ARM_scalbn                             0x080004d5   Thumb Code    44  dscalb.o(.text)
    scalbn                                   0x080004d5   Thumb Code     0  dscalb.o(.text)
    __aeabi_i2d                              0x08000501   Thumb Code    34  dflti.o(.text)
    __aeabi_ui2d                             0x08000529   Thumb Code    24  dfltui.o(.text)
    __aeabi_d2uiz                            0x08000545   Thumb Code    50  dfixui.o(.text)
    __aeabi_cdrcmple                         0x08000581   Thumb Code    38  cdrcmple.o(.text)
    __aeabi_llsl                             0x080005a9   Thumb Code    32  llshl.o(.text)
    _ll_shift_l                              0x080005a9   Thumb Code     0  llshl.o(.text)
    __aeabi_llsr                             0x080005c9   Thumb Code    34  llushr.o(.text)
    _ll_ushift_r                             0x080005c9   Thumb Code     0  llushr.o(.text)
    __aeabi_lasr                             0x080005eb   Thumb Code    38  llsshr.o(.text)
    _ll_sshift_r                             0x080005eb   Thumb Code     0  llsshr.o(.text)
    __I$use$fp                               0x08000611   Thumb Code     0  iusefp.o(.text)
    _double_round                            0x08000611   Thumb Code    26  depilogue.o(.text)
    _double_epilogue                         0x0800062b   Thumb Code   164  depilogue.o(.text)
    _drnd                                    0x080006d1   Thumb Code   114  drnd.o(.text)
    __scatterload                            0x0800074d   Thumb Code    28  init.o(.text)
    __scatterload_rt2                        0x0800074d   Thumb Code     0  init.o(.text)
    ADC1_IRQHandler                          0x08000771   Thumb Code     2  stm32f0xx_it.o(i.ADC1_IRQHandler)
    ComputeCrc                               0x08000773   Thumb Code    42  crc.o(i.ComputeCrc)
    EXTI0_1_IRQHandler                       0x0800079d   Thumb Code     2  stm32f0xx_it.o(i.EXTI0_1_IRQHandler)
    GPIO_Init                                0x0800079f   Thumb Code   112  stm32f0xx_gpio.o(i.GPIO_Init)
    GPIO_PinAFConfig                         0x0800080f   Thumb Code    32  stm32f0xx_gpio.o(i.GPIO_PinAFConfig)
    GPIO_ReadInputDataBit                    0x0800082f   Thumb Code    14  stm32f0xx_gpio.o(i.GPIO_ReadInputDataBit)
    GPIO_WriteBit                            0x0800083d   Thumb Code    12  stm32f0xx_gpio.o(i.GPIO_WriteBit)
    GPIO_int                                 0x08000849   Thumb Code   222  gpio.o(i.GPIO_int)
    HAL_Delay_nMS                            0x08000931   Thumb Code    14  delay.o(i.HAL_Delay_nMS)
    HW_int                                   0x08000945   Thumb Code    32  main.o(i.HW_int)
    HardFault_Handler                        0x08000965   Thumb Code     2  stm32f0xx_it.o(i.HardFault_Handler)
    NMI_Handler                              0x08000967   Thumb Code     2  stm32f0xx_it.o(i.NMI_Handler)
    OnRxDone                                 0x08000969   Thumb Code   166  main.o(i.OnRxDone)
    OnRxError                                0x08000a21   Thumb Code    72  main.o(i.OnRxError)
    OnRxTimeout                              0x08000a75   Thumb Code    72  main.o(i.OnRxTimeout)
    OnTxDone                                 0x08000ac9   Thumb Code    18  main.o(i.OnTxDone)
    OnTxTimeout                              0x08000ae1   Thumb Code     2  main.o(i.OnTxTimeout)
    PendSV_Handler                           0x08000ae3   Thumb Code     2  stm32f0xx_it.o(i.PendSV_Handler)
    RCC_AHBPeriphClockCmd                    0x08000ae5   Thumb Code    22  stm32f0xx_rcc.o(i.RCC_AHBPeriphClockCmd)
    RCC_APB2PeriphClockCmd                   0x08000b01   Thumb Code    22  stm32f0xx_rcc.o(i.RCC_APB2PeriphClockCmd)
    RCC_Configuration                        0x08000b1d   Thumb Code    22  main.o(i.RCC_Configuration)
    RCC_DeInit                               0x08000b39   Thumb Code    76  stm32f0xx_rcc.o(i.RCC_DeInit)
    RCC_GetClocksFreq                        0x08000b95   Thumb Code   376  stm32f0xx_rcc.o(i.RCC_GetClocksFreq)
    RCC_GetFlagStatus                        0x08000d2d   Thumb Code    50  stm32f0xx_rcc.o(i.RCC_GetFlagStatus)
    RCC_PLLCmd                               0x08000d65   Thumb Code    26  stm32f0xx_rcc.o(i.RCC_PLLCmd)
    RCC_PLLConfig                            0x08000d85   Thumb Code    24  stm32f0xx_rcc.o(i.RCC_PLLConfig)
    RCC_SYSCLKConfig                         0x08000da1   Thumb Code    14  stm32f0xx_rcc.o(i.RCC_SYSCLKConfig)
    RadioCheckRfFrequency                    0x08000db5   Thumb Code     4  radio.o(i.RadioCheckRfFrequency)
    RadioComputeCRC                          0x08000db9   Thumb Code    60  crc.o(i.RadioComputeCRC)
    RadioGetStatus                           0x08000e3d   Thumb Code    34  radio.o(i.RadioGetStatus)
    RadioGetWakeupTime                       0x08000e5f   Thumb Code     4  radio.o(i.RadioGetWakeupTime)
    RadioInit                                0x08000e65   Thumb Code    58  radio.o(i.RadioInit)
    RadioIrqProcess                          0x08000ead   Thumb Code   222  radio.o(i.RadioIrqProcess)
    RadioIsChannelFree                       0x08000f99   Thumb Code    36  radio.o(i.RadioIsChannelFree)
    RadioOnDioIrq                            0x08000fbd   Thumb Code     8  radio.o(i.RadioOnDioIrq)
    RadioRandom                              0x08000fc9   Thumb Code    52  radio.o(i.RadioRandom)
    RadioRead                                0x08000ffd   Thumb Code     8  radio.o(i.RadioRead)
    RadioReadBuffer                          0x08001005   Thumb Code     8  radio.o(i.RadioReadBuffer)
    RadioRssi                                0x0800100d   Thumb Code     8  radio.o(i.RadioRssi)
    RadioRx                                  0x08001015   Thumb Code    40  radio.o(i.RadioRx)
    RadioRxBoosted                           0x08001049   Thumb Code    40  radio.o(i.RadioRxBoosted)
    RadioSend                                0x0800107d   Thumb Code    52  radio.o(i.RadioSend)
    RadioSetChannel                          0x080010b9   Thumb Code     8  radio.o(i.RadioSetChannel)
    RadioSetMaxPayloadLength                 0x080010c1   Thumb Code    40  radio.o(i.RadioSetMaxPayloadLength)
    RadioSetModem                            0x080010f1   Thumb Code    42  radio.o(i.RadioSetModem)
    RadioSetPublicNetwork                    0x08001121   Thumb Code    58  radio.o(i.RadioSetPublicNetwork)
    RadioSetRxConfig                         0x08001161   Thumb Code   380  radio.o(i.RadioSetRxConfig)
    RadioSetRxDutyCycle                      0x08001301   Thumb Code     8  radio.o(i.RadioSetRxDutyCycle)
    RadioSetTxConfig                         0x08001309   Thumb Code   286  radio.o(i.RadioSetTxConfig)
    RadioSetTxContinuousWave                 0x08001441   Thumb Code    20  radio.o(i.RadioSetTxContinuousWave)
    RadioSleep                               0x08001455   Thumb Code    30  radio.o(i.RadioSleep)
    RadioStandby                             0x08001473   Thumb Code    10  radio.o(i.RadioStandby)
    RadioStartCad                            0x0800147d   Thumb Code     8  radio.o(i.RadioStartCad)
    RadioTimeOnAir                           0x08001485   Thumb Code   378  radio.o(i.RadioTimeOnAir)
    RadioWrite                               0x08001621   Thumb Code     8  radio.o(i.RadioWrite)
    RadioWriteBuffer                         0x08001629   Thumb Code     8  radio.o(i.RadioWriteBuffer)
    SPI1_Int                                 0x08001631   Thumb Code    72  spi.o(i.SPI1_Int)
    SPI2_IRQHandler                          0x0800167d   Thumb Code     2  stm32f0xx_it.o(i.SPI2_IRQHandler)
    SPI_Cmd                                  0x0800167f   Thumb Code    22  stm32f0xx_spi.o(i.SPI_Cmd)
    SPI_I2S_GetFlagStatus                    0x08001695   Thumb Code    14  stm32f0xx_spi.o(i.SPI_I2S_GetFlagStatus)
    SPI_Init                                 0x080016a5   Thumb Code    74  stm32f0xx_spi.o(i.SPI_Init)
    SPI_ReceiveData8                         0x080016f9   Thumb Code     4  stm32f0xx_spi.o(i.SPI_ReceiveData8)
    SPI_RxFIFOThresholdConfig                0x080016fd   Thumb Code    16  stm32f0xx_spi.o(i.SPI_RxFIFOThresholdConfig)
    SPI_SendData8                            0x08001711   Thumb Code     4  stm32f0xx_spi.o(i.SPI_SendData8)
    SVC_Handler                              0x08001715   Thumb Code     2  stm32f0xx_it.o(i.SVC_Handler)
    SX126xAntSwOff                           0x08001717   Thumb Code     2  sx126x-board.o(i.SX126xAntSwOff)
    SX126xAntSwOn                            0x08001719   Thumb Code     2  sx126x-board.o(i.SX126xAntSwOn)
    SX126xCalibrateImage                     0x0800171d   Thumb Code   102  sx126x.o(i.SX126xCalibrateImage)
    SX126xCheckDeviceReady                   0x08001799   Thumb Code    32  sx126x.o(i.SX126xCheckDeviceReady)
    SX126xClearIrqStatus                     0x080017b9   Thumb Code    22  sx126x.o(i.SX126xClearIrqStatus)
    SX126xGetIrqStatus                       0x080017cf   Thumb Code    24  sx126x.o(i.SX126xGetIrqStatus)
    SX126xGetOperatingMode                   0x080017e9   Thumb Code     6  sx126x.o(i.SX126xGetOperatingMode)
    SX126xGetPaSelect                        0x080017f5   Thumb Code     4  sx126x-board.o(i.SX126xGetPaSelect)
    SX126xGetPacketStatus                    0x080017f9   Thumb Code   124  sx126x.o(i.SX126xGetPacketStatus)
    SX126xGetPacketType                      0x08001879   Thumb Code     6  sx126x.o(i.SX126xGetPacketType)
    SX126xGetPayload                         0x08001885   Thumb Code    44  sx126x.o(i.SX126xGetPayload)
    SX126xGetRssiInst                        0x080018b1   Thumb Code    24  sx126x.o(i.SX126xGetRssiInst)
    SX126xGetRxBufferStatus                  0x080018c9   Thumb Code    60  sx126x.o(i.SX126xGetRxBufferStatus)
    SX126xInit                               0x08001909   Thumb Code    30  sx126x.o(i.SX126xInit)
    SX126xReadBuffer                         0x0800192d   Thumb Code    80  sx126x-board.o(i.SX126xReadBuffer)
    SX126xReadCommand                        0x0800197d   Thumb Code    74  sx126x-board.o(i.SX126xReadCommand)
    SX126xReadRegister                       0x080019c7   Thumb Code    16  sx126x-board.o(i.SX126xReadRegister)
    SX126xReadRegisters                      0x080019d7   Thumb Code    86  sx126x-board.o(i.SX126xReadRegisters)
    SX126xReset                              0x08001a2d   Thumb Code    44  sx126x-board.o(i.SX126xReset)
    SX126xSendPayload                        0x08001a5d   Thumb Code    16  sx126x.o(i.SX126xSendPayload)
    SX126xSetBufferBaseAddress               0x08001a6d   Thumb Code    20  sx126x.o(i.SX126xSetBufferBaseAddress)
    SX126xSetCad                             0x08001a81   Thumb Code    20  sx126x.o(i.SX126xSetCad)
    SX126xSetCrcPolynomial                   0x08001a99   Thumb Code    30  sx126x.o(i.SX126xSetCrcPolynomial)
    SX126xSetCrcSeed                         0x08001abd   Thumb Code    30  sx126x.o(i.SX126xSetCrcSeed)
    SX126xSetDio2AsRfSwitchCtrl              0x08001ae1   Thumb Code    14  sx126x.o(i.SX126xSetDio2AsRfSwitchCtrl)
    SX126xSetDioIrqParams                    0x08001aef   Thumb Code    40  sx126x.o(i.SX126xSetDioIrqParams)
    SX126xSetLoRaSymbNumTimeout              0x08001b17   Thumb Code    14  sx126x.o(i.SX126xSetLoRaSymbNumTimeout)
    SX126xSetModulationParams                0x08001b25   Thumb Code   154  sx126x.o(i.SX126xSetModulationParams)
    SX126xSetPaConfig                        0x08001bcd   Thumb Code    24  sx126x.o(i.SX126xSetPaConfig)
    SX126xSetPacketParams                    0x08001be5   Thumb Code   158  sx126x.o(i.SX126xSetPacketParams)
    SX126xSetPacketType                      0x08001c99   Thumb Code    22  sx126x.o(i.SX126xSetPacketType)
    SX126xSetPayload                         0x08001cb5   Thumb Code    14  sx126x.o(i.SX126xSetPayload)
    SX126xSetRegulatorMode                   0x08001cc3   Thumb Code    14  sx126x.o(i.SX126xSetRegulatorMode)
    SX126xSetRfFrequency                     0x08001cd1   Thumb Code    68  sx126x.o(i.SX126xSetRfFrequency)
    SX126xSetRfTxPower                       0x08001d1d   Thumb Code    10  sx126x-board.o(i.SX126xSetRfTxPower)
    SX126xSetRx                              0x08001d29   Thumb Code    32  sx126x.o(i.SX126xSetRx)
    SX126xSetRxBoosted                       0x08001d4d   Thumb Code    40  sx126x.o(i.SX126xSetRxBoosted)
    SX126xSetRxDutyCycle                     0x08001d7d   Thumb Code    42  sx126x.o(i.SX126xSetRxDutyCycle)
    SX126xSetSleep                           0x08001dad   Thumb Code    24  sx126x.o(i.SX126xSetSleep)
    SX126xSetStandby                         0x08001dc9   Thumb Code    34  sx126x.o(i.SX126xSetStandby)
    SX126xSetStopRxTimerOnPreambleDetect     0x08001df1   Thumb Code    14  sx126x.o(i.SX126xSetStopRxTimerOnPreambleDetect)
    SX126xSetSyncWord                        0x08001dff   Thumb Code    18  sx126x.o(i.SX126xSetSyncWord)
    SX126xSetTx                              0x08001e11   Thumb Code    32  sx126x.o(i.SX126xSetTx)
    SX126xSetTxContinuousWave                0x08001e35   Thumb Code    14  sx126x.o(i.SX126xSetTxContinuousWave)
    SX126xSetTxParams                        0x08001e45   Thumb Code   128  sx126x.o(i.SX126xSetTxParams)
    SX126xSetWhiteningSeed                   0x08001ec9   Thumb Code    48  sx126x.o(i.SX126xSetWhiteningSeed)
    SX126xWaitOnBusy                         0x08001ef9   Thumb Code    18  sx126x-board.o(i.SX126xWaitOnBusy)
    SX126xWakeup                             0x08001f11   Thumb Code    44  sx126x-board.o(i.SX126xWakeup)
    SX126xWriteBuffer                        0x08001f3d   Thumb Code    72  sx126x-board.o(i.SX126xWriteBuffer)
    SX126xWriteCommand                       0x08001f85   Thumb Code    70  sx126x-board.o(i.SX126xWriteCommand)
    SX126xWriteRegister                      0x08001fcb   Thumb Code    12  sx126x-board.o(i.SX126xWriteRegister)
    SX126xWriteRegisters                     0x08001fd7   Thumb Code    78  sx126x-board.o(i.SX126xWriteRegisters)
    SpiInOut                                 0x080020c1   Thumb Code    46  spi.o(i.SpiInOut)
    SysClock_48                              0x080020f5   Thumb Code    46  main.o(i.SysClock_48)
    SysTick_Handler                          0x08002125   Thumb Code    16  stm32f0xx_it.o(i.SysTick_Handler)
    SystemInit                               0x08002139   Thumb Code    84  system_stm32f0xx.o(i.SystemInit)
    TIM14_IRQHandler                         0x08002199   Thumb Code     2  stm32f0xx_it.o(i.TIM14_IRQHandler)
    TIM3_IRQHandler                          0x0800219b   Thumb Code     2  stm32f0xx_it.o(i.TIM3_IRQHandler)
    Tick_Configration                        0x0800219d   Thumb Code    60  main.o(i.Tick_Configration)
    USART1_IRQHandler                        0x080021e9   Thumb Code     2  stm32f0xx_it.o(i.USART1_IRQHandler)
    USART_Cmd                                0x080021eb   Thumb Code    24  stm32f0xx_usart.o(i.USART_Cmd)
    USART_Init                               0x08002205   Thumb Code   156  stm32f0xx_usart.o(i.USART_Init)
    UartInit                                 0x080022b5   Thumb Code   110  uart.o(i.UartInit)
    __0printf$bare                           0x08002329   Thumb Code    12  printfb.o(i.__0printf$bare)
    __1printf$bare                           0x08002329   Thumb Code     0  printfb.o(i.__0printf$bare)
    __2printf                                0x08002329   Thumb Code     0  printfb.o(i.__0printf$bare)
    __ARM_clz                                0x0800233d   Thumb Code    46  depilogue.o(i.__ARM_clz)
    __scatterload_copy                       0x0800236b   Thumb Code    14  handlers.o(i.__scatterload_copy)
    __scatterload_null                       0x08002379   Thumb Code     2  handlers.o(i.__scatterload_null)
    __scatterload_zeroinit                   0x0800237b   Thumb Code    14  handlers.o(i.__scatterload_zeroinit)
    ceil                                     0x080023a9   Thumb Code   180  ceil.o(i.ceil)
    floor                                    0x08002471   Thumb Code   180  floor.o(i.floor)
    fputc                                    0x08002539   Thumb Code    18  uart.o(i.fputc)
    main                                     0x08002551   Thumb Code   222  main.o(i.main)
    rint                                     0x08002669   Thumb Code     8  rint.o(i.rint)
    PingMsg                                  0x08002670   Data           5  main.o(.constdata)
    PongMsg                                  0x08002675   Data           5  main.o(.constdata)
    Radio                                    0x0800267c   Data         108  radio.o(.constdata)
    Bandwidths                               0x080026e8   Data           3  radio.o(.constdata)
    FskBandwidths                            0x080026ec   Data         176  radio.o(.constdata)
    Region$$Table$$Base                      0x0800279c   Number         0  anon$$obj.o(Region$$Table)
    Region$$Table$$Limit                     0x080027bc   Number         0  anon$$obj.o(Region$$Table)
    SystemCoreClock                          0x20000000   Data           4  system_stm32f0xx.o(.data)
    AHBPrescTable                            0x20000004   Data          16  system_stm32f0xx.o(.data)
    EnableMaster                             0x20000024   Data           1  main.o(.data)
    RssiValue                                0x20000025   Data           1  main.o(.data)
    SnrValue                                 0x20000026   Data           1  main.o(.data)
    BufferSize                               0x20000028   Data           2  main.o(.data)
    crc_value                                0x2000002c   Data           2  main.o(.data)
    TickCounter                              0x20000030   Data           4  stm32f0xx_it.o(.data)
    ticktimer                                0x20000034   Data           4  stm32f0xx_it.o(.data)
    __stdout                                 0x20000038   Data           4  uart.o(.data)
    MaxPayloadLength                         0x20000040   Data           1  radio.o(.data)
    RxContinuous                             0x20000041   Data           1  radio.o(.data)
    IrqFired                                 0x20000042   Data           1  radio.o(.data)
    TxTimeout                                0x20000048   Data           4  radio.o(.data)
    RxTimeout                                0x2000004c   Data           4  radio.o(.data)
    FrequencyError                           0x200000ec   Data           4  sx126x.o(.data)
    TX_Buffer                                0x2000010c   Data          64  main.o(.bss)
    RX_Buffer                                0x2000014c   Data          64  main.o(.bss)
    RadioPktStatus                           0x2000018c   Data          20  radio.o(.bss)
    RadioRxPayload                           0x200001a0   Data         255  radio.o(.bss)
    SX126x                                   0x200002a0   Data          60  radio.o(.bss)
    __initial_sp                             0x200006e0   Data           0  startup_stm32f030.o(STACK)



==============================================================================

Memory Map of the image

  Image Entry point : 0x080000b5

  Load Region LR_IROM1 (Base: 0x08000000, Size: 0x000028ac, Max: 0x00004000, ABSOLUTE)

    Execution Region ER_IROM1 (Exec base: 0x08000000, Load base: 0x08000000, Size: 0x000027bc, Max: 0x00004000, ABSOLUTE)

    Exec Addr    Load Addr    Size         Type   Attr      Idx    E Section Name        Object

    0x08000000   0x08000000   0x000000b4   Data   RO            3    RESET               startup_stm32f030.o
    0x080000b4   0x080000b4   0x00000000   Code   RO         3216  * .ARM.Collect$$$$00000000  mc_p.l(entry.o)
    0x080000b4   0x080000b4   0x00000004   Code   RO         3505    .ARM.Collect$$$$00000001  mc_p.l(entry2.o)
    0x080000b8   0x080000b8   0x00000004   Code   RO         3508    .ARM.Collect$$$$00000004  mc_p.l(entry5.o)
    0x080000bc   0x080000bc   0x00000000   Code   RO         3510    .ARM.Collect$$$$00000008  mc_p.l(entry7b.o)
    0x080000bc   0x080000bc   0x00000000   Code   RO         3512    .ARM.Collect$$$$0000000A  mc_p.l(entry8b.o)
    0x080000bc   0x080000bc   0x00000008   Code   RO         3513    .ARM.Collect$$$$0000000B  mc_p.l(entry9a.o)
    0x080000c4   0x080000c4   0x00000000   Code   RO         3515    .ARM.Collect$$$$0000000D  mc_p.l(entry10a.o)
    0x080000c4   0x080000c4   0x00000000   Code   RO         3517    .ARM.Collect$$$$0000000F  mc_p.l(entry11a.o)
    0x080000c4   0x080000c4   0x00000004   Code   RO         3506    .ARM.Collect$$$$00002712  mc_p.l(entry2.o)
    0x080000c8   0x080000c8   0x00000058   Code   RO            4    .text               startup_stm32f030.o
    0x08000120   0x08000120   0x0000002c   Code   RO         3219    .text               mc_p.l(uidiv.o)
    0x0800014c   0x0800014c   0x00000024   Code   RO         3221    .text               mc_p.l(memcpya.o)
    0x08000170   0x08000170   0x00000024   Code   RO         3223    .text               mc_p.l(memseta.o)
    0x08000194   0x08000194   0x0000001a   Code   RO         3225    .text               mc_p.l(memcmp.o)
    0x080001ae   0x080001ae   0x00000002   PAD
    0x080001b0   0x080001b0   0x00000164   Code   RO         3489    .text               mf_p.l(dadd.o)
    0x08000314   0x08000314   0x000000d0   Code   RO         3491    .text               mf_p.l(dmul.o)
    0x080003e4   0x080003e4   0x000000f0   Code   RO         3493    .text               mf_p.l(ddiv.o)
    0x080004d4   0x080004d4   0x0000002c   Code   RO         3495    .text               mf_p.l(dscalb.o)
    0x08000500   0x08000500   0x00000028   Code   RO         3497    .text               mf_p.l(dflti.o)
    0x08000528   0x08000528   0x0000001c   Code   RO         3499    .text               mf_p.l(dfltui.o)
    0x08000544   0x08000544   0x0000003c   Code   RO         3501    .text               mf_p.l(dfixui.o)
    0x08000580   0x08000580   0x00000028   Code   RO         3503    .text               mf_p.l(cdrcmple.o)
    0x080005a8   0x080005a8   0x00000020   Code   RO         3521    .text               mc_p.l(llshl.o)
    0x080005c8   0x080005c8   0x00000022   Code   RO         3523    .text               mc_p.l(llushr.o)
    0x080005ea   0x080005ea   0x00000026   Code   RO         3525    .text               mc_p.l(llsshr.o)
    0x08000610   0x08000610   0x00000000   Code   RO         3527    .text               mc_p.l(iusefp.o)
    0x08000610   0x08000610   0x000000be   Code   RO         3528    .text               mf_p.l(depilogue.o)
    0x080006ce   0x080006ce   0x00000002   PAD
    0x080006d0   0x080006d0   0x0000007c   Code   RO         3532    .text               mf_p.l(drnd.o)
    0x0800074c   0x0800074c   0x00000024   Code   RO         3536    .text               mc_p.l(init.o)
    0x08000770   0x08000770   0x00000002   Code   RO         2320    i.ADC1_IRQHandler   stm32f0xx_it.o
    0x08000772   0x08000772   0x0000002a   Code   RO         2544    i.ComputeCrc        crc.o
    0x0800079c   0x0800079c   0x00000002   Code   RO         2321    i.EXTI0_1_IRQHandler  stm32f0xx_it.o
    0x0800079e   0x0800079e   0x00000070   Code   RO          204    i.GPIO_Init         stm32f0xx_gpio.o
    0x0800080e   0x0800080e   0x00000020   Code   RO          205    i.GPIO_PinAFConfig  stm32f0xx_gpio.o
    0x0800082e   0x0800082e   0x0000000e   Code   RO          208    i.GPIO_ReadInputDataBit  stm32f0xx_gpio.o
    0x0800083c   0x0800083c   0x0000000c   Code   RO          215    i.GPIO_WriteBit     stm32f0xx_gpio.o
    0x08000848   0x08000848   0x000000e8   Code   RO         2463    i.GPIO_int          gpio.o
    0x08000930   0x08000930   0x00000014   Code   RO         2518    i.HAL_Delay_nMS     delay.o
    0x08000944   0x08000944   0x00000020   Code   RO         2143    i.HW_int            main.o
    0x08000964   0x08000964   0x00000002   Code   RO         2322    i.HardFault_Handler  stm32f0xx_it.o
    0x08000966   0x08000966   0x00000002   Code   RO         2323    i.NMI_Handler       stm32f0xx_it.o
    0x08000968   0x08000968   0x000000b8   Code   RO         2144    i.OnRxDone          main.o
    0x08000a20   0x08000a20   0x00000054   Code   RO         2145    i.OnRxError         main.o
    0x08000a74   0x08000a74   0x00000054   Code   RO         2146    i.OnRxTimeout       main.o
    0x08000ac8   0x08000ac8   0x00000018   Code   RO         2147    i.OnTxDone          main.o
    0x08000ae0   0x08000ae0   0x00000002   Code   RO         2148    i.OnTxTimeout       main.o
    0x08000ae2   0x08000ae2   0x00000002   Code   RO         2324    i.PendSV_Handler    stm32f0xx_it.o
    0x08000ae4   0x08000ae4   0x0000001c   Code   RO          402    i.RCC_AHBPeriphClockCmd  stm32f0xx_rcc.o
    0x08000b00   0x08000b00   0x0000001c   Code   RO          406    i.RCC_APB2PeriphClockCmd  stm32f0xx_rcc.o
    0x08000b1c   0x08000b1c   0x0000001c   Code   RO         2149    i.RCC_Configuration  main.o
    0x08000b38   0x08000b38   0x0000005c   Code   RO          415    i.RCC_DeInit        stm32f0xx_rcc.o
    0x08000b94   0x08000b94   0x00000198   Code   RO          416    i.RCC_GetClocksFreq  stm32f0xx_rcc.o
    0x08000d2c   0x08000d2c   0x00000038   Code   RO          417    i.RCC_GetFlagStatus  stm32f0xx_rcc.o
    0x08000d64   0x08000d64   0x00000020   Code   RO          433    i.RCC_PLLCmd        stm32f0xx_rcc.o
    0x08000d84   0x08000d84   0x0000001c   Code   RO          434    i.RCC_PLLConfig     stm32f0xx_rcc.o
    0x08000da0   0x08000da0   0x00000014   Code   RO          438    i.RCC_SYSCLKConfig  stm32f0xx_rcc.o
    0x08000db4   0x08000db4   0x00000004   Code   RO         2564    i.RadioCheckRfFrequency  radio.o
    0x08000db8   0x08000db8   0x0000004c   Code   RO         2545    i.RadioComputeCRC   crc.o
    0x08000e04   0x08000e04   0x00000038   Code   RO         2565    i.RadioGetFskBandwidthRegValue  radio.o
    0x08000e3c   0x08000e3c   0x00000022   Code   RO         2566    i.RadioGetStatus    radio.o
    0x08000e5e   0x08000e5e   0x00000004   Code   RO         2567    i.RadioGetWakeupTime  radio.o
    0x08000e62   0x08000e62   0x00000002   PAD
    0x08000e64   0x08000e64   0x00000048   Code   RO         2568    i.RadioInit         radio.o
    0x08000eac   0x08000eac   0x000000ec   Code   RO         2569    i.RadioIrqProcess   radio.o
    0x08000f98   0x08000f98   0x00000024   Code   RO         2570    i.RadioIsChannelFree  radio.o
    0x08000fbc   0x08000fbc   0x0000000c   Code   RO         2571    i.RadioOnDioIrq     radio.o
    0x08000fc8   0x08000fc8   0x00000034   Code   RO         2574    i.RadioRandom       radio.o
    0x08000ffc   0x08000ffc   0x00000008   Code   RO         2575    i.RadioRead         radio.o
    0x08001004   0x08001004   0x00000008   Code   RO         2576    i.RadioReadBuffer   radio.o
    0x0800100c   0x0800100c   0x00000008   Code   RO         2578    i.RadioRssi         radio.o
    0x08001014   0x08001014   0x00000034   Code   RO         2579    i.RadioRx           radio.o
    0x08001048   0x08001048   0x00000034   Code   RO         2580    i.RadioRxBoosted    radio.o
    0x0800107c   0x0800107c   0x0000003c   Code   RO         2581    i.RadioSend         radio.o
    0x080010b8   0x080010b8   0x00000008   Code   RO         2582    i.RadioSetChannel   radio.o
    0x080010c0   0x080010c0   0x00000030   Code   RO         2583    i.RadioSetMaxPayloadLength  radio.o
    0x080010f0   0x080010f0   0x00000030   Code   RO         2584    i.RadioSetModem     radio.o
    0x08001120   0x08001120   0x00000040   Code   RO         2585    i.RadioSetPublicNetwork  radio.o
    0x08001160   0x08001160   0x000001a0   Code   RO         2586    i.RadioSetRxConfig  radio.o
    0x08001300   0x08001300   0x00000008   Code   RO         2587    i.RadioSetRxDutyCycle  radio.o
    0x08001308   0x08001308   0x00000138   Code   RO         2588    i.RadioSetTxConfig  radio.o
    0x08001440   0x08001440   0x00000014   Code   RO         2589    i.RadioSetTxContinuousWave  radio.o
    0x08001454   0x08001454   0x0000001e   Code   RO         2590    i.RadioSleep        radio.o
    0x08001472   0x08001472   0x0000000a   Code   RO         2591    i.RadioStandby      radio.o
    0x0800147c   0x0800147c   0x00000008   Code   RO         2592    i.RadioStartCad     radio.o
    0x08001484   0x08001484   0x0000019c   Code   RO         2593    i.RadioTimeOnAir    radio.o
    0x08001620   0x08001620   0x00000008   Code   RO         2595    i.RadioWrite        radio.o
    0x08001628   0x08001628   0x00000008   Code   RO         2596    i.RadioWriteBuffer  radio.o
    0x08001630   0x08001630   0x0000004c   Code   RO         2486    i.SPI1_Int          spi.o
    0x0800167c   0x0800167c   0x00000002   Code   RO         2325    i.SPI2_IRQHandler   stm32f0xx_it.o
    0x0800167e   0x0800167e   0x00000016   Code   RO          999    i.SPI_Cmd           stm32f0xx_spi.o
    0x08001694   0x08001694   0x0000000e   Code   RO         1008    i.SPI_I2S_GetFlagStatus  stm32f0xx_spi.o
    0x080016a2   0x080016a2   0x00000002   PAD
    0x080016a4   0x080016a4   0x00000054   Code   RO         1013    i.SPI_Init          stm32f0xx_spi.o
    0x080016f8   0x080016f8   0x00000004   Code   RO         1017    i.SPI_ReceiveData8  stm32f0xx_spi.o
    0x080016fc   0x080016fc   0x00000014   Code   RO         1018    i.SPI_RxFIFOThresholdConfig  stm32f0xx_spi.o
    0x08001710   0x08001710   0x00000004   Code   RO         1020    i.SPI_SendData8     stm32f0xx_spi.o
    0x08001714   0x08001714   0x00000002   Code   RO         2326    i.SVC_Handler       stm32f0xx_it.o
    0x08001716   0x08001716   0x00000002   Code   RO         3098    i.SX126xAntSwOff    sx126x-board.o
    0x08001718   0x08001718   0x00000002   Code   RO         3099    i.SX126xAntSwOn     sx126x-board.o
    0x0800171a   0x0800171a   0x00000002   PAD
    0x0800171c   0x0800171c   0x0000007c   Code   RO         2806    i.SX126xCalibrateImage  sx126x.o
    0x08001798   0x08001798   0x00000020   Code   RO         2807    i.SX126xCheckDeviceReady  sx126x.o
    0x080017b8   0x080017b8   0x00000016   Code   RO         2809    i.SX126xClearIrqStatus  sx126x.o
    0x080017ce   0x080017ce   0x00000018   Code   RO         2811    i.SX126xGetIrqStatus  sx126x.o
    0x080017e6   0x080017e6   0x00000002   PAD
    0x080017e8   0x080017e8   0x0000000c   Code   RO         2812    i.SX126xGetOperatingMode  sx126x.o
    0x080017f4   0x080017f4   0x00000004   Code   RO         3101    i.SX126xGetPaSelect  sx126x-board.o
    0x080017f8   0x080017f8   0x00000080   Code   RO         2813    i.SX126xGetPacketStatus  sx126x.o
    0x08001878   0x08001878   0x0000000c   Code   RO         2814    i.SX126xGetPacketType  sx126x.o
    0x08001884   0x08001884   0x0000002c   Code   RO         2815    i.SX126xGetPayload  sx126x.o
    0x080018b0   0x080018b0   0x00000018   Code   RO         2817    i.SX126xGetRssiInst  sx126x.o
    0x080018c8   0x080018c8   0x00000040   Code   RO         2818    i.SX126xGetRxBufferStatus  sx126x.o
    0x08001908   0x08001908   0x00000024   Code   RO         2820    i.SX126xInit        sx126x.o
    0x0800192c   0x0800192c   0x00000050   Code   RO         3102    i.SX126xReadBuffer  sx126x-board.o
    0x0800197c   0x0800197c   0x0000004a   Code   RO         3103    i.SX126xReadCommand  sx126x-board.o
    0x080019c6   0x080019c6   0x00000010   Code   RO         3104    i.SX126xReadRegister  sx126x-board.o
    0x080019d6   0x080019d6   0x00000056   Code   RO         3105    i.SX126xReadRegisters  sx126x-board.o
    0x08001a2c   0x08001a2c   0x00000030   Code   RO         3106    i.SX126xReset       sx126x-board.o
    0x08001a5c   0x08001a5c   0x00000010   Code   RO         2821    i.SX126xSendPayload  sx126x.o
    0x08001a6c   0x08001a6c   0x00000014   Code   RO         2822    i.SX126xSetBufferBaseAddress  sx126x.o
    0x08001a80   0x08001a80   0x00000018   Code   RO         2823    i.SX126xSetCad      sx126x.o
    0x08001a98   0x08001a98   0x00000024   Code   RO         2825    i.SX126xSetCrcPolynomial  sx126x.o
    0x08001abc   0x08001abc   0x00000024   Code   RO         2826    i.SX126xSetCrcSeed  sx126x.o
    0x08001ae0   0x08001ae0   0x0000000e   Code   RO         2827    i.SX126xSetDio2AsRfSwitchCtrl  sx126x.o
    0x08001aee   0x08001aee   0x00000028   Code   RO         2829    i.SX126xSetDioIrqParams  sx126x.o
    0x08001b16   0x08001b16   0x0000000e   Code   RO         2831    i.SX126xSetLoRaSymbNumTimeout  sx126x.o
    0x08001b24   0x08001b24   0x000000a8   Code   RO         2832    i.SX126xSetModulationParams  sx126x.o
    0x08001bcc   0x08001bcc   0x00000018   Code   RO         2833    i.SX126xSetPaConfig  sx126x.o
    0x08001be4   0x08001be4   0x000000b4   Code   RO         2834    i.SX126xSetPacketParams  sx126x.o
    0x08001c98   0x08001c98   0x0000001c   Code   RO         2835    i.SX126xSetPacketType  sx126x.o
    0x08001cb4   0x08001cb4   0x0000000e   Code   RO         2836    i.SX126xSetPayload  sx126x.o
    0x08001cc2   0x08001cc2   0x0000000e   Code   RO         2837    i.SX126xSetRegulatorMode  sx126x.o
    0x08001cd0   0x08001cd0   0x0000004c   Code   RO         2838    i.SX126xSetRfFrequency  sx126x.o
    0x08001d1c   0x08001d1c   0x0000000a   Code   RO         3107    i.SX126xSetRfTxPower  sx126x-board.o
    0x08001d26   0x08001d26   0x00000002   PAD
    0x08001d28   0x08001d28   0x00000024   Code   RO         2839    i.SX126xSetRx       sx126x.o
    0x08001d4c   0x08001d4c   0x00000030   Code   RO         2840    i.SX126xSetRxBoosted  sx126x.o
    0x08001d7c   0x08001d7c   0x00000030   Code   RO         2841    i.SX126xSetRxDutyCycle  sx126x.o
    0x08001dac   0x08001dac   0x0000001c   Code   RO         2843    i.SX126xSetSleep    sx126x.o
    0x08001dc8   0x08001dc8   0x00000028   Code   RO         2844    i.SX126xSetStandby  sx126x.o
    0x08001df0   0x08001df0   0x0000000e   Code   RO         2845    i.SX126xSetStopRxTimerOnPreambleDetect  sx126x.o
    0x08001dfe   0x08001dfe   0x00000012   Code   RO         2846    i.SX126xSetSyncWord  sx126x.o
    0x08001e10   0x08001e10   0x00000024   Code   RO         2847    i.SX126xSetTx       sx126x.o
    0x08001e34   0x08001e34   0x0000000e   Code   RO         2848    i.SX126xSetTxContinuousWave  sx126x.o
    0x08001e42   0x08001e42   0x00000002   PAD
    0x08001e44   0x08001e44   0x00000084   Code   RO         2850    i.SX126xSetTxParams  sx126x.o
    0x08001ec8   0x08001ec8   0x00000030   Code   RO         2851    i.SX126xSetWhiteningSeed  sx126x.o
    0x08001ef8   0x08001ef8   0x00000018   Code   RO         3108    i.SX126xWaitOnBusy  sx126x-board.o
    0x08001f10   0x08001f10   0x0000002c   Code   RO         3109    i.SX126xWakeup      sx126x-board.o
    0x08001f3c   0x08001f3c   0x00000048   Code   RO         3110    i.SX126xWriteBuffer  sx126x-board.o
    0x08001f84   0x08001f84   0x00000046   Code   RO         3111    i.SX126xWriteCommand  sx126x-board.o
    0x08001fca   0x08001fca   0x0000000c   Code   RO         3112    i.SX126xWriteRegister  sx126x-board.o
    0x08001fd6   0x08001fd6   0x0000004e   Code   RO         3113    i.SX126xWriteRegisters  sx126x-board.o
    0x08002024   0x08002024   0x0000009c   Code   RO           12    i.SetSysClock       system_stm32f0xx.o
    0x080020c0   0x080020c0   0x00000034   Code   RO         2488    i.SpiInOut          spi.o
    0x080020f4   0x080020f4   0x0000002e   Code   RO         2150    i.SysClock_48       main.o
    0x08002122   0x08002122   0x00000002   PAD
    0x08002124   0x08002124   0x00000014   Code   RO         2327    i.SysTick_Handler   stm32f0xx_it.o
    0x08002138   0x08002138   0x00000060   Code   RO           14    i.SystemInit        system_stm32f0xx.o
    0x08002198   0x08002198   0x00000002   Code   RO         2328    i.TIM14_IRQHandler  stm32f0xx_it.o
    0x0800219a   0x0800219a   0x00000002   Code   RO         2329    i.TIM3_IRQHandler   stm32f0xx_it.o
    0x0800219c   0x0800219c   0x0000004c   Code   RO         2151    i.Tick_Configration  main.o
    0x080021e8   0x080021e8   0x00000002   Code   RO         2330    i.USART1_IRQHandler  stm32f0xx_it.o
    0x080021ea   0x080021ea   0x00000018   Code   RO         1842    i.USART_Cmd         stm32f0xx_usart.o
    0x08002202   0x08002202   0x00000002   PAD
    0x08002204   0x08002204   0x000000b0   Code   RO         1854    i.USART_Init        stm32f0xx_usart.o
    0x080022b4   0x080022b4   0x00000074   Code   RO         2412    i.UartInit          uart.o
    0x08002328   0x08002328   0x00000014   Code   RO         3230    i.__0printf$bare    mc_p.l(printfb.o)
    0x0800233c   0x0800233c   0x0000002e   Code   RO         3530    i.__ARM_clz         mf_p.l(depilogue.o)
    0x0800236a   0x0800236a   0x0000000e   Code   RO         3540    i.__scatterload_copy  mc_p.l(handlers.o)
    0x08002378   0x08002378   0x00000002   Code   RO         3541    i.__scatterload_null  mc_p.l(handlers.o)
    0x0800237a   0x0800237a   0x0000000e   Code   RO         3542    i.__scatterload_zeroinit  mc_p.l(handlers.o)
    0x08002388   0x08002388   0x0000001e   Code   RO         3237    i._printf_core      mc_p.l(printfb.o)
    0x080023a6   0x080023a6   0x00000002   PAD
    0x080023a8   0x080023a8   0x000000c8   Code   RO         3207    i.ceil              m_ps.l(ceil.o)
    0x08002470   0x08002470   0x000000c8   Code   RO         3211    i.floor             m_ps.l(floor.o)
    0x08002538   0x08002538   0x00000018   Code   RO         2413    i.fputc             uart.o
    0x08002550   0x08002550   0x00000118   Code   RO         2152    i.main              main.o
    0x08002668   0x08002668   0x00000008   Code   RO         3214    i.rint              m_ps.l(rint.o)
    0x08002670   0x08002670   0x0000000a   Data   RO         2155    .constdata          main.o
    0x0800267a   0x0800267a   0x00000002   PAD
    0x0800267c   0x0800267c   0x0000006c   Data   RO         2599    .constdata          radio.o
    0x080026e8   0x080026e8   0x000000b4   Data   RO         2600    .constdata          radio.o
    0x0800279c   0x0800279c   0x00000020   Data   RO         3538    Region$$Table       anon$$obj.o


    Execution Region RW_IRAM1 (Exec base: 0x20000000, Load base: 0x080027bc, Size: 0x000006e0, Max: 0x00001000, ABSOLUTE)

    Exec Addr    Load Addr    Size         Type   Attr      Idx    E Section Name        Object

    0x20000000   0x080027bc   0x00000014   Data   RW           15    .data               system_stm32f0xx.o
    0x20000014   0x080027d0   0x00000010   Data   RW          442    .data               stm32f0xx_rcc.o
    0x20000024   0x080027e0   0x0000000a   Data   RW         2156    .data               main.o
    0x2000002e   0x080027ea   0x00000002   PAD
    0x20000030   0x080027ec   0x00000008   Data   RW         2331    .data               stm32f0xx_it.o
    0x20000038   0x080027f4   0x00000004   Data   RW         2414    .data               uart.o
    0x2000003c   0x080027f8   0x00000004   PAD
    0x20000040   0x080027fc   0x000000a8   Data   RW         2601    .data               radio.o
    0x200000e8   0x080028a4   0x00000008   Data   RW         2852    .data               sx126x.o
    0x200000f0        -       0x0000009c   Zero   RW         2154    .bss                main.o
    0x2000018c        -       0x00000150   Zero   RW         2598    .bss                radio.o
    0x200002dc   0x080028ac   0x00000004   PAD
    0x200002e0        -       0x00000400   Zero   RW            1    STACK               startup_stm32f030.o


==============================================================================

Image component sizes


      Code (inc. data)   RO Data    RW Data    ZI Data      Debug   Object Name

       118         16          0          0          0       1603   crc.o
        20          6          0          0          0        424   delay.o
       232         10          0          0          0        539   gpio.o
       840        128         10         10        156     192332   main.o
      2094        186        288        168        336      19754   radio.o
       128         10          0          0          0        938   spi.o
        88         38        180          0       1024        728   startup_stm32f030.o
       170          0          0          0          0       3035   stm32f0xx_gpio.o
        40          4          0          8          0       4633   stm32f0xx_it.o
       692         82          0         16          0       6042   stm32f0xx_rcc.o
       148         14          0          0          0       4120   stm32f0xx_spi.o
       200         20          0          0          0       2249   stm32f0xx_usart.o
       622         10          0          0          0       8470   sx126x-board.o
      1688        150          0          8          0      19987   sx126x.o
       252         20          0         20          0     200073   system_stm32f0xx.o
       140         12          0          4          0       3233   uart.o

    ----------------------------------------------------------------------
      7488        706        512        240       1520     468160   Object Totals
         0          0         32          0          0          0   (incl. Generated)
        16          0          2          6          4          0   (incl. Padding)

    ----------------------------------------------------------------------

      Code (inc. data)   RO Data    RW Data    ZI Data      Debug   Library Member Name

       200         20          0          0          0         76   ceil.o
       200         20          0          0          0         76   floor.o
         8          0          0          0          0         68   rint.o
         0          0          0          0          0          0   entry.o
         0          0          0          0          0          0   entry10a.o
         0          0          0          0          0          0   entry11a.o
         8          4          0          0          0          0   entry2.o
         4          0          0          0          0          0   entry5.o
         0          0          0          0          0          0   entry7b.o
         0          0          0          0          0          0   entry8b.o
         8          4          0          0          0          0   entry9a.o
        30          0          0          0          0          0   handlers.o
        36          8          0          0          0         68   init.o
         0          0          0          0          0          0   iusefp.o
        32          0          0          0          0         68   llshl.o
        38          0          0          0          0         68   llsshr.o
        34          0          0          0          0         68   llushr.o
        26          0          0          0          0         72   memcmp.o
        36          0          0          0          0         60   memcpya.o
        36          0          0          0          0        100   memseta.o
        50          8          0          0          0        144   printfb.o
        44          0          0          0          0         72   uidiv.o
        40          2          0          0          0         68   cdrcmple.o
       356          4          0          0          0        140   dadd.o
       240          6          0          0          0         84   ddiv.o
       236          0          0          0          0        216   depilogue.o
        60         10          0          0          0         68   dfixui.o
        40          6          0          0          0         68   dflti.o
        28          4          0          0          0         68   dfltui.o
       208          6          0          0          0         88   dmul.o
       124         10          0          0          0         76   drnd.o
        44          0          0          0          0         72   dscalb.o

    ----------------------------------------------------------------------
      2172        112          0          0          0       1888   Library Totals
         6          0          0          0          0          0   (incl. Padding)

    ----------------------------------------------------------------------

      Code (inc. data)   RO Data    RW Data    ZI Data      Debug   Library Name

       408         40          0          0          0        220   m_ps.l
       382         24          0          0          0        720   mc_p.l
      1376         48          0          0          0        948   mf_p.l

    ----------------------------------------------------------------------
      2172        112          0          0          0       1888   Library Totals

    ----------------------------------------------------------------------

==============================================================================


      Code (inc. data)   RO Data    RW Data    ZI Data      Debug   

      9660        818        512        240       1520     463592   Grand Totals
      9660        818        512        240       1520     463592   ELF Image Totals
      9660        818        512        240          0          0   ROM Totals

==============================================================================

    Total RO  Size (Code + RO Data)                10172 (   9.93kB)
    Total RW  Size (RW Data + ZI Data)              1760 (   1.72kB)
    Total ROM Size (Code + RO Data + RW Data)      10412 (  10.17kB)

==============================================================================

