Component: ARM Compiler 5.06 update 6 (build 750) Tool: armlink [4d35ed]

==============================================================================

Section Cross References

    startup_stm32f030.o(STACK) refers (Special) to heapauxi.o(.text) for __use_two_region_memory
    startup_stm32f030.o(HEAP) refers (Special) to heapauxi.o(.text) for __use_two_region_memory
    startup_stm32f030.o(RESET) refers (Special) to heapauxi.o(.text) for __use_two_region_memory
    startup_stm32f030.o(RESET) refers to startup_stm32f030.o(STACK) for __initial_sp
    startup_stm32f030.o(RESET) refers to startup_stm32f030.o(.text) for Reset_Handler
    startup_stm32f030.o(RESET) refers to stm32f0xx_it.o(i.NMI_Handler) for NMI_Handler
    startup_stm32f030.o(RESET) refers to stm32f0xx_it.o(i.HardFault_Handler) for HardFault_Handler
    startup_stm32f030.o(RESET) refers to stm32f0xx_it.o(i.SVC_Handler) for SVC_Handler
    startup_stm32f030.o(RESET) refers to stm32f0xx_it.o(i.PendSV_Handler) for PendSV_Handler
    startup_stm32f030.o(RESET) refers to stm32f0xx_it.o(i.SysTick_Handler) for SysTick_Handler
    startup_stm32f030.o(RESET) refers to stm32f0xx_it.o(i.EXTI0_1_IRQHandler) for EXTI0_1_IRQHandler
    startup_stm32f030.o(RESET) refers to stm32f0xx_it.o(i.ADC1_IRQHandler) for ADC1_IRQHandler
    startup_stm32f030.o(RESET) refers to stm32f0xx_it.o(i.TIM3_IRQHandler) for TIM3_IRQHandler
    startup_stm32f030.o(RESET) refers to stm32f0xx_it.o(i.TIM14_IRQHandler) for TIM14_IRQHandler
    startup_stm32f030.o(RESET) refers to stm32f0xx_it.o(i.SPI2_IRQHandler) for SPI2_IRQHandler
    startup_stm32f030.o(RESET) refers to stm32f0xx_it.o(i.USART1_IRQHandler) for USART1_IRQHandler
    startup_stm32f030.o(.text) refers (Special) to heapauxi.o(.text) for __use_two_region_memory
    startup_stm32f030.o(.text) refers to startup_stm32f030.o(STACK) for __initial_sp
    startup_stm32f030.o(.text) refers to system_stm32f0xx.o(i.SystemInit) for SystemInit
    startup_stm32f030.o(.text) refers to __main.o(!!!main) for __main
    startup_stm32f030.o(.text) refers to startup_stm32f030.o(HEAP) for Heap_Mem
    system_stm32f0xx.o(i.SystemCoreClockUpdate) refers to aeabi_sdiv.o(.text) for __aeabi_uidivmod
    system_stm32f0xx.o(i.SystemCoreClockUpdate) refers to system_stm32f0xx.o(.data) for SystemCoreClock
    system_stm32f0xx.o(i.SystemInit) refers to system_stm32f0xx.o(i.SetSysClock) for SetSysClock
    crc.o(i.RadioComputeCRC) refers to crc.o(i.ComputeCrc) for ComputeCrc
    radio.o(i.RadioGetFskBandwidthRegValue) refers to radio.o(.constdata) for FskBandwidths
    radio.o(i.RadioGetStatus) refers to sx126x.o(i.SX126xGetOperatingMode) for SX126xGetOperatingMode
    radio.o(i.RadioInit) refers to sx126x.o(i.SX126xInit) for SX126xInit
    radio.o(i.RadioInit) refers to sx126x.o(i.SX126xSetStandby) for SX126xSetStandby
    radio.o(i.RadioInit) refers to sx126x.o(i.SX126xSetRegulatorMode) for SX126xSetRegulatorMode
    radio.o(i.RadioInit) refers to sx126x.o(i.SX126xSetBufferBaseAddress) for SX126xSetBufferBaseAddress
    radio.o(i.RadioInit) refers to sx126x.o(i.SX126xSetTxParams) for SX126xSetTxParams
    radio.o(i.RadioInit) refers to sx126x.o(i.SX126xSetDioIrqParams) for SX126xSetDioIrqParams
    radio.o(i.RadioInit) refers to radio.o(.data) for RadioEvents
    radio.o(i.RadioInit) refers to radio.o(i.RadioOnDioIrq) for RadioOnDioIrq
    radio.o(i.RadioIrqProcess) refers to stm32f0xx_gpio.o(i.GPIO_ReadInputDataBit) for GPIO_ReadInputDataBit
    radio.o(i.RadioIrqProcess) refers to sx126x.o(i.SX126xGetIrqStatus) for SX126xGetIrqStatus
    radio.o(i.RadioIrqProcess) refers to sx126x.o(i.SX126xClearIrqStatus) for SX126xClearIrqStatus
    radio.o(i.RadioIrqProcess) refers to sx126x.o(i.SX126xGetPayload) for SX126xGetPayload
    radio.o(i.RadioIrqProcess) refers to sx126x.o(i.SX126xGetPacketStatus) for SX126xGetPacketStatus
    radio.o(i.RadioIrqProcess) refers to sx126x.o(i.SX126xGetOperatingMode) for SX126xGetOperatingMode
    radio.o(i.RadioIrqProcess) refers to radio.o(.data) for IrqFired
    radio.o(i.RadioIrqProcess) refers to radio.o(.bss) for RadioRxPayload
    radio.o(i.RadioIsChannelFree) refers to radio.o(i.RadioSetModem) for RadioSetModem
    radio.o(i.RadioIsChannelFree) refers to radio.o(i.RadioSetChannel) for RadioSetChannel
    radio.o(i.RadioIsChannelFree) refers to radio.o(i.RadioRx) for RadioRx
    radio.o(i.RadioIsChannelFree) refers to delay.o(i.HAL_Delay_nMS) for HAL_Delay_nMS
    radio.o(i.RadioIsChannelFree) refers to radio.o(i.RadioSleep) for RadioSleep
    radio.o(i.RadioOnDioIrq) refers to radio.o(.data) for IrqFired
    radio.o(i.RadioOnRxTimeoutIrq) refers to radio.o(.data) for RadioEvents
    radio.o(i.RadioOnTxTimeoutIrq) refers to radio.o(.data) for RadioEvents
    radio.o(i.RadioRandom) refers to radio.o(i.RadioSetModem) for RadioSetModem
    radio.o(i.RadioRandom) refers to sx126x.o(i.SX126xSetRx) for SX126xSetRx
[...]
    Removing stm32f0xx_rtc.o(i.RTC_CalibOutputCmd), (56 bytes).
    Removing stm32f0xx_rtc.o(i.RTC_CalibOutputConfig), (44 bytes).
    Removing stm32f0xx_rtc.o(i.RTC_ClearFlag), (32 bytes).
    Removing stm32f0xx_rtc.o(i.RTC_ClearITPendingBit), (36 bytes).
    Removing stm32f0xx_rtc.o(i.RTC_DayLightSavingConfig), (48 bytes).
    Removing stm32f0xx_rtc.o(i.RTC_DeInit), (116 bytes).
    Removing stm32f0xx_rtc.o(i.RTC_GetAlarm), (120 bytes).
    Removing stm32f0xx_rtc.o(i.RTC_GetAlarmSubSecond), (20 bytes).
    Removing stm32f0xx_rtc.o(i.RTC_GetDate), (96 bytes).
    Removing stm32f0xx_rtc.o(i.RTC_GetFlagStatus), (44 bytes).
    Removing stm32f0xx_rtc.o(i.RTC_GetITStatus), (76 bytes).
    Removing stm32f0xx_rtc.o(i.RTC_GetStoreOperation), (16 bytes).
    Removing stm32f0xx_rtc.o(i.RTC_GetSubSecond), (16 bytes).
    Removing stm32f0xx_rtc.o(i.RTC_GetTimeStamp), (164 bytes).
    Removing stm32f0xx_rtc.o(i.RTC_GetTimeStampSubSecond), (12 bytes).
    Removing stm32f0xx_rtc.o(i.RTC_GetWakeUpCounter), (12 bytes).
    Removing stm32f0xx_rtc.o(i.RTC_ITConfig), (100 bytes).
    Removing stm32f0xx_rtc.o(i.RTC_OutputConfig), (48 bytes).
    Removing stm32f0xx_rtc.o(i.RTC_OutputTypeConfig), (28 bytes).
    Removing stm32f0xx_rtc.o(i.RTC_ReadBackupRegister), (32 bytes).
    Removing stm32f0xx_rtc.o(i.RTC_RefClockCmd), (76 bytes).
    Removing stm32f0xx_rtc.o(i.RTC_SetAlarm), (216 bytes).
    Removing stm32f0xx_rtc.o(i.RTC_SetWakeUpCounter), (24 bytes).
    Removing stm32f0xx_rtc.o(i.RTC_SmoothCalibConfig), (96 bytes).
    Removing stm32f0xx_rtc.o(i.RTC_StructInit), (14 bytes).
    Removing stm32f0xx_rtc.o(i.RTC_SynchroShiftConfig), (124 bytes).
    Removing stm32f0xx_rtc.o(i.RTC_TamperCmd), (32 bytes).
    Removing stm32f0xx_rtc.o(i.RTC_TamperFilterConfig), (28 bytes).
    Removing stm32f0xx_rtc.o(i.RTC_TamperPinsPrechargeDuration), (28 bytes).
    Removing stm32f0xx_rtc.o(i.RTC_TamperPullUpCmd), (40 bytes).
    Removing stm32f0xx_rtc.o(i.RTC_TamperSamplingFreqConfig), (28 bytes).
    Removing stm32f0xx_rtc.o(i.RTC_TamperTriggerConfig), (36 bytes).
    Removing stm32f0xx_rtc.o(i.RTC_TimeStampCmd), (64 bytes).
    Removing stm32f0xx_rtc.o(i.RTC_TimeStampOnTamperDetectionCmd), (36 bytes).
    Removing stm32f0xx_rtc.o(i.RTC_TimeStructInit), (12 bytes).
    Removing stm32f0xx_rtc.o(i.RTC_WakeUpClockConfig), (40 bytes).
    Removing stm32f0xx_rtc.o(i.RTC_WakeUpCmd), (116 bytes).
    Removing stm32f0xx_rtc.o(i.RTC_WriteBackupRegister), (28 bytes).
    Removing stm32f0xx_rtc.o(i.RTC_WriteProtectionCmd), (28 bytes).
    Removing stm32f0xx_spi.o(.rev16_text), (4 bytes).
    Removing stm32f0xx_spi.o(.revsh_text), (4 bytes).
    Removing stm32f0xx_spi.o(i.I2S_Cmd), (32 bytes).
    Removing stm32f0xx_spi.o(i.I2S_Init), (232 bytes).
    Removing stm32f0xx_spi.o(i.I2S_StructInit), (20 bytes).
    Removing stm32f0xx_spi.o(i.SPI_BiDirectionalLineConfig), (32 bytes).
    Removing stm32f0xx_spi.o(i.SPI_CRCLengthConfig), (20 bytes).
    Removing stm32f0xx_spi.o(i.SPI_CalculateCRC), (32 bytes).
    Removing stm32f0xx_spi.o(i.SPI_DataSizeConfig), (24 bytes).
    Removing stm32f0xx_spi.o(i.SPI_GetCRC), (16 bytes).
    Removing stm32f0xx_spi.o(i.SPI_GetCRCPolynomial), (6 bytes).
    Removing stm32f0xx_spi.o(i.SPI_GetReceptionFIFOStatus), (12 bytes).
    Removing stm32f0xx_spi.o(i.SPI_GetTransmissionFIFOStatus), (12 bytes).
    Removing stm32f0xx_spi.o(i.SPI_I2S_ClearFlag), (6 bytes).
    Removing stm32f0xx_spi.o(i.SPI_I2S_DMACmd), (20 bytes).
    Removing stm32f0xx_spi.o(i.SPI_I2S_DeInit), (60 bytes).
    Removing stm32f0xx_spi.o(i.SPI_I2S_GetFlagStatus), (20 bytes).
    Removing stm32f0xx_spi.o(i.SPI_I2S_GetITStatus), (56 bytes).
    Removing stm32f0xx_spi.o(i.SPI_I2S_ITConfig), (34 bytes).
    Removing stm32f0xx_spi.o(i.SPI_I2S_ReceiveData16), (6 bytes).
    Removing stm32f0xx_spi.o(i.SPI_I2S_SendData16), (4 bytes).
    Removing stm32f0xx_spi.o(i.SPI_LastDMATransferCmd), (20 bytes).
    Removing stm32f0xx_spi.o(i.SPI_NSSInternalSoftwareConfig), (32 bytes).
    Removing stm32f0xx_spi.o(i.SPI_NSSPulseModeCmd), (28 bytes).
    Removing stm32f0xx_spi.o(i.SPI_ReceiveData8), (12 bytes).
    Removing stm32f0xx_spi.o(i.SPI_SSOutputCmd), (28 bytes).
    Removing stm32f0xx_spi.o(i.SPI_SendData8), (10 bytes).
    Removing stm32f0xx_spi.o(i.SPI_StructInit), (30 bytes).
    Removing stm32f0xx_spi.o(i.SPI_TIModeCmd), (28 bytes).
    Removing stm32f0xx_spi.o(i.SPI_TransmitCRC), (12 bytes).
    Removing stm32f0xx_syscfg.o(.rev16_text), (4 bytes).
    Removing stm32f0xx_syscfg.o(.revsh_text), (4 bytes).
    Removing stm32f0xx_syscfg.o(i.SYSCFG_BreakConfig), (16 bytes).
    Removing stm32f0xx_syscfg.o(i.SYSCFG_ClearFlag), (16 bytes).
    Removing stm32f0xx_syscfg.o(i.SYSCFG_DMAChannelRemapConfig), (32 bytes).
    Removing stm32f0xx_syscfg.o(i.SYSCFG_DeInit), (44 bytes).
    Removing stm32f0xx_syscfg.o(i.SYSCFG_EXTILineConfig), (64 bytes).
    Removing stm32f0xx_syscfg.o(i.SYSCFG_GetFlagStatus), (32 bytes).
    Removing stm32f0xx_syscfg.o(i.SYSCFG_GetPendingIT), (24 bytes).
    Removing stm32f0xx_syscfg.o(i.SYSCFG_I2CFastModePlusConfig), (32 bytes).
    Removing stm32f0xx_syscfg.o(i.SYSCFG_IRDAEnvSelection), (28 bytes).
    Removing stm32f0xx_syscfg.o(i.SYSCFG_MemoryRemapConfig), (28 bytes).
    Removing stm32f0xx_tim.o(.rev16_text), (4 bytes).
    Removing stm32f0xx_tim.o(.revsh_text), (4 bytes).
    Removing stm32f0xx_tim.o(i.TI1_Config), (56 bytes).
    Removing stm32f0xx_tim.o(i.TI2_Config), (76 bytes).
    Removing stm32f0xx_tim.o(i.TI3_Config), (72 bytes).
    Removing stm32f0xx_tim.o(i.TI4_Config), (80 bytes).
    Removing stm32f0xx_tim.o(i.TIM_ARRPreloadConfig), (28 bytes).
    Removing stm32f0xx_tim.o(i.TIM_BDTRConfig), (32 bytes).
    Removing stm32f0xx_tim.o(i.TIM_BDTRStructInit), (18 bytes).
    Removing stm32f0xx_tim.o(i.TIM_CCPreloadControl), (28 bytes).
    Removing stm32f0xx_tim.o(i.TIM_CCxCmd), (30 bytes).
    Removing stm32f0xx_tim.o(i.TIM_CCxNCmd), (30 bytes).
    Removing stm32f0xx_tim.o(i.TIM_ClearFlag), (6 bytes).
    Removing stm32f0xx_tim.o(i.TIM_ClearOC1Ref), (24 bytes).
    Removing stm32f0xx_tim.o(i.TIM_ClearOC2Ref), (20 bytes).
    Removing stm32f0xx_tim.o(i.TIM_ClearOC3Ref), (24 bytes).
    Removing stm32f0xx_tim.o(i.TIM_ClearOC4Ref), (20 bytes).
    Removing stm32f0xx_tim.o(i.TIM_CounterModeConfig), (24 bytes).
    Removing stm32f0xx_tim.o(i.TIM_CtrlPWMOutputs), (34 bytes).
    Removing stm32f0xx_tim.o(i.TIM_DMACmd), (20 bytes).
    Removing stm32f0xx_tim.o(i.TIM_DMAConfig), (12 bytes).
    Removing stm32f0xx_tim.o(i.TIM_DeInit), (260 bytes).
    Removing stm32f0xx_tim.o(i.TIM_ETRClockMode1Config), (52 bytes).
    Removing stm32f0xx_tim.o(i.TIM_ETRClockMode2Config), (34 bytes).
    Removing stm32f0xx_tim.o(i.TIM_ETRConfig), (24 bytes).
    Removing stm32f0xx_tim.o(i.TIM_EncoderInterfaceConfig), (68 bytes).
    Removing stm32f0xx_tim.o(i.TIM_ForcedOC1Config), (24 bytes).
    Removing stm32f0xx_tim.o(i.TIM_ForcedOC2Config), (24 bytes).
    Removing stm32f0xx_tim.o(i.TIM_ForcedOC3Config), (24 bytes).
    Removing stm32f0xx_tim.o(i.TIM_ForcedOC4Config), (24 bytes).
    Removing stm32f0xx_tim.o(i.TIM_GenerateEvent), (4 bytes).
    Removing stm32f0xx_tim.o(i.TIM_GetCapture1), (6 bytes).
    Removing stm32f0xx_tim.o(i.TIM_GetCapture2), (6 bytes).
    Removing stm32f0xx_tim.o(i.TIM_GetCapture3), (6 bytes).
    Removing stm32f0xx_tim.o(i.TIM_GetCapture4), (6 bytes).
    Removing stm32f0xx_tim.o(i.TIM_GetCounter), (6 bytes).
    Removing stm32f0xx_tim.o(i.TIM_GetFlagStatus), (20 bytes).
    Removing stm32f0xx_tim.o(i.TIM_GetPrescaler), (6 bytes).
    Removing stm32f0xx_tim.o(i.TIM_ICInit), (112 bytes).
    Removing stm32f0xx_tim.o(i.TIM_ICStructInit), (18 bytes).
    Removing stm32f0xx_tim.o(i.TIM_ITRxExternalClockConfig), (24 bytes).
    Removing stm32f0xx_tim.o(i.TIM_InternalClockConfig), (16 bytes).
    Removing stm32f0xx_tim.o(i.TIM_OC1FastConfig), (24 bytes).
    Removing stm32f0xx_tim.o(i.TIM_OC1Init), (148 bytes).
    Removing stm32f0xx_tim.o(i.TIM_OC1NPolarityConfig), (24 bytes).
    Removing stm32f0xx_tim.o(i.TIM_OC1PolarityConfig), (24 bytes).
    Removing stm32f0xx_tim.o(i.TIM_OC1PreloadConfig), (24 bytes).
    Removing stm32f0xx_tim.o(i.TIM_OC2FastConfig), (24 bytes).
    Removing stm32f0xx_tim.o(i.TIM_OC2Init), (172 bytes).
    Removing stm32f0xx_tim.o(i.TIM_OC2NPolarityConfig), (24 bytes).
    Removing stm32f0xx_tim.o(i.TIM_OC2PolarityConfig), (24 bytes).
    Removing stm32f0xx_tim.o(i.TIM_OC2PreloadConfig), (24 bytes).
    Removing stm32f0xx_tim.o(i.TIM_OC3FastConfig), (24 bytes).
    Removing stm32f0xx_tim.o(i.TIM_OC3Init), (152 bytes).
    Removing stm32f0xx_tim.o(i.TIM_OC3NPolarityConfig), (24 bytes).
    Removing stm32f0xx_tim.o(i.TIM_OC3PolarityConfig), (24 bytes).
    Removing stm32f0xx_tim.o(i.TIM_OC3PreloadConfig), (24 bytes).
    Removing stm32f0xx_tim.o(i.TIM_OC4FastConfig), (24 bytes).
    Removing stm32f0xx_tim.o(i.TIM_OC4Init), (112 bytes).
    Removing stm32f0xx_tim.o(i.TIM_OC4PolarityConfig), (24 bytes).
    Removing stm32f0xx_tim.o(i.TIM_OC4PreloadConfig), (24 bytes).
    Removing stm32f0xx_tim.o(i.TIM_OCStructInit), (20 bytes).
    Removing stm32f0xx_tim.o(i.TIM_PWMIConfig), (124 bytes).
    Removing stm32f0xx_tim.o(i.TIM_PrescalerConfig), (6 bytes).
    Removing stm32f0xx_tim.o(i.TIM_RemapConfig), (6 bytes).
    Removing stm32f0xx_tim.o(i.TIM_SelectCCDMA), (28 bytes).
    Removing stm32f0xx_tim.o(i.TIM_SelectCOM), (28 bytes).
    Removing stm32f0xx_tim.o(i.TIM_SelectHallSensor), (28 bytes).
    Removing stm32f0xx_tim.o(i.TIM_SelectInputTrigger), (24 bytes).
    Removing stm32f0xx_tim.o(i.TIM_SelectMasterSlaveMode), (20 bytes).
    Removing stm32f0xx_tim.o(i.TIM_SelectOCREFClear), (20 bytes).
    Removing stm32f0xx_tim.o(i.TIM_SelectOCxM), (82 bytes).
    Removing stm32f0xx_tim.o(i.TIM_SelectOnePulseMode), (20 bytes).
    Removing stm32f0xx_tim.o(i.TIM_SelectOutputTrigger), (20 bytes).
    Removing stm32f0xx_tim.o(i.TIM_SelectSlaveMode), (20 bytes).
    Removing stm32f0xx_tim.o(i.TIM_SetAutoreload), (4 bytes).
    Removing stm32f0xx_tim.o(i.TIM_SetClockDivision), (20 bytes).
    Removing stm32f0xx_tim.o(i.TIM_SetCompare1), (4 bytes).
    Removing stm32f0xx_tim.o(i.TIM_SetCompare2), (4 bytes).
    Removing stm32f0xx_tim.o(i.TIM_SetCompare3), (4 bytes).
    Removing stm32f0xx_tim.o(i.TIM_SetCompare4), (4 bytes).
    Removing stm32f0xx_tim.o(i.TIM_SetCounter), (4 bytes).
    Removing stm32f0xx_tim.o(i.TIM_SetIC1Prescaler), (20 bytes).
    Removing stm32f0xx_tim.o(i.TIM_SetIC2Prescaler), (24 bytes).
    Removing stm32f0xx_tim.o(i.TIM_SetIC3Prescaler), (20 bytes).
    Removing stm32f0xx_tim.o(i.TIM_SetIC4Prescaler), (24 bytes).
    Removing stm32f0xx_tim.o(i.TIM_TIxExternalClockConfig), (58 bytes).
    Removing stm32f0xx_tim.o(i.TIM_TimeBaseStructInit), (18 bytes).
    Removing stm32f0xx_tim.o(i.TIM_UpdateDisableConfig), (28 bytes).
    Removing stm32f0xx_tim.o(i.TIM_UpdateRequestConfig), (28 bytes).
    Removing stm32f0xx_usart.o(.rev16_text), (4 bytes).
    Removing stm32f0xx_usart.o(.revsh_text), (4 bytes).
    Removing stm32f0xx_usart.o(i.USART_AddressDetectionConfig), (16 bytes).
    Removing stm32f0xx_usart.o(i.USART_AutoBaudRateCmd), (28 bytes).
    Removing stm32f0xx_usart.o(i.USART_AutoBaudRateConfig), (18 bytes).
    Removing stm32f0xx_usart.o(i.USART_ClearFlag), (4 bytes).
    Removing stm32f0xx_usart.o(i.USART_ClearITPendingBit), (18 bytes).
    Removing stm32f0xx_usart.o(i.USART_ClockInit), (36 bytes).
    Removing stm32f0xx_usart.o(i.USART_ClockStructInit), (12 bytes).
    Removing stm32f0xx_usart.o(i.USART_DECmd), (28 bytes).
    Removing stm32f0xx_usart.o(i.USART_DEPolarityConfig), (18 bytes).
    Removing stm32f0xx_usart.o(i.USART_DMACmd), (20 bytes).
    Removing stm32f0xx_usart.o(i.USART_DMAReceptionErrorConfig), (18 bytes).
    Removing stm32f0xx_usart.o(i.USART_DataInvCmd), (28 bytes).
    Removing stm32f0xx_usart.o(i.USART_DeInit), (240 bytes).
    Removing stm32f0xx_usart.o(i.USART_DirectionModeCmd), (20 bytes).
    Removing stm32f0xx_usart.o(i.USART_GetFlagStatus), (20 bytes).
    Removing stm32f0xx_usart.o(i.USART_GetITStatus), (78 bytes).
    Removing stm32f0xx_usart.o(i.USART_HalfDuplexCmd), (24 bytes).
    Removing stm32f0xx_usart.o(i.USART_ITConfig), (66 bytes).
    Removing stm32f0xx_usart.o(i.USART_InvPinCmd), (20 bytes).
    Removing stm32f0xx_usart.o(i.USART_IrDACmd), (24 bytes).
    Removing stm32f0xx_usart.o(i.USART_IrDAConfig), (16 bytes).
    Removing stm32f0xx_usart.o(i.USART_LINBreakDetectLengthConfig), (16 bytes).
    Removing stm32f0xx_usart.o(i.USART_LINCmd), (28 bytes).
    Removing stm32f0xx_usart.o(i.USART_MSBFirstCmd), (28 bytes).
    Removing stm32f0xx_usart.o(i.USART_MuteModeCmd), (28 bytes).
    Removing stm32f0xx_usart.o(i.USART_MuteModeWakeUpConfig), (18 bytes).
    Removing stm32f0xx_usart.o(i.USART_OneBitMethodCmd), (28 bytes).
    Removing stm32f0xx_usart.o(i.USART_OverSampling8Cmd), (28 bytes).
    Removing stm32f0xx_usart.o(i.USART_OverrunDetectionConfig), (18 bytes).
    Removing stm32f0xx_usart.o(i.USART_ReceiveData), (10 bytes).
    Removing stm32f0xx_usart.o(i.USART_ReceiverTimeOutCmd), (28 bytes).
    Removing stm32f0xx_usart.o(i.USART_RequestCmd), (20 bytes).
    Removing stm32f0xx_usart.o(i.USART_STOPModeCmd), (24 bytes).
    Removing stm32f0xx_usart.o(i.USART_SWAPPinCmd), (28 bytes).
    Removing stm32f0xx_usart.o(i.USART_SendData), (8 bytes).
    Removing stm32f0xx_usart.o(i.USART_SetAddress), (18 bytes).
    Removing stm32f0xx_usart.o(i.USART_SetAutoRetryCount), (20 bytes).
    Removing stm32f0xx_usart.o(i.USART_SetBlockLength), (18 bytes).
    Removing stm32f0xx_usart.o(i.USART_SetDEAssertionTime), (20 bytes).
    Removing stm32f0xx_usart.o(i.USART_SetDEDeassertionTime), (20 bytes).
    Removing stm32f0xx_usart.o(i.USART_SetGuardTime), (16 bytes).
    Removing stm32f0xx_usart.o(i.USART_SetPrescaler), (18 bytes).
    Removing stm32f0xx_usart.o(i.USART_SetReceiverTimeOut), (16 bytes).
    Removing stm32f0xx_usart.o(i.USART_SmartCardCmd), (24 bytes).
    Removing stm32f0xx_usart.o(i.USART_SmartCardNACKCmd), (24 bytes).
    Removing stm32f0xx_usart.o(i.USART_StopModeWakeUpSourceConfig), (18 bytes).
    Removing stm32f0xx_usart.o(i.USART_StructInit), (24 bytes).
    Removing stm32f0xx_wwdg.o(.rev16_text), (4 bytes).
    Removing stm32f0xx_wwdg.o(.revsh_text), (4 bytes).
    Removing stm32f0xx_wwdg.o(i.WWDG_ClearFlag), (12 bytes).
    Removing stm32f0xx_wwdg.o(i.WWDG_DeInit), (22 bytes).
    Removing stm32f0xx_wwdg.o(i.WWDG_Enable), (16 bytes).
    Removing stm32f0xx_wwdg.o(i.WWDG_EnableIT), (20 bytes).
    Removing stm32f0xx_wwdg.o(i.WWDG_GetFlagStatus), (24 bytes).
    Removing stm32f0xx_wwdg.o(i.WWDG_SetCounter), (16 bytes).
    Removing stm32f0xx_wwdg.o(i.WWDG_SetPrescaler), (32 bytes).
    Removing stm32f0xx_wwdg.o(i.WWDG_SetWindowValue), (40 bytes).
    Removing gpio.o(.rev16_text), (4 bytes).
    Removing gpio.o(.revsh_text), (4 bytes).
    Removing main.o(.rev16_text), (4 bytes).
    Removing main.o(.revsh_text), (4 bytes).
    Removing main.o(i.LedToggle), (2 bytes).
    Removing main.o(i.OnRxDone), (260 bytes).
    Removing main.o(i.OnRxError), (76 bytes).
    Removing main.o(i.OnRxTimeout), (76 bytes).
    Removing main.o(i.OnTxDone), (52 bytes).
    Removing main.o(i.OnTxTimeout), (52 bytes).
    Removing main.o(i._CadDone), (92 bytes).
    Removing main.o(i.check_cad), (60 bytes).
    Removing main.o(.bss), (156 bytes).
    Removing main.o(.constdata), (62 bytes).
    Removing main.o(.data), (19 bytes).
    Removing spi.o(.rev16_text), (4 bytes).
    Removing spi.o(.revsh_text), (4 bytes).
    Removing spi.o(i.SpiIn), (68 bytes).
    Removing spi.o(i.SpiInOut), (52 bytes).
    Removing stm32f0xx_it.o(.rev16_text), (4 bytes).
    Removing stm32f0xx_it.o(.revsh_text), (4 bytes).
    Removing delay.o(i.Delay_Ms), (32 bytes).
    Removing delay.o(i.Delay_Us), (28 bytes).
    Removing delay.o(i.HAL_Delay_nMS), (24 bytes).
    Removing uart.o(.rev16_text), (4 bytes).
    Removing uart.o(.revsh_text), (4 bytes).
    Removing uart.o(i.UART_Recive), (28 bytes).
    Removing uart.o(i.UART_Send), (40 bytes).
    Removing uart.o(i.UART_send_byte), (28 bytes).
    Removing uart.o(i.fputc), (28 bytes).
    Removing uart.o(.data), (4 bytes).
    Removing rtc.o(.rev16_text), (4 bytes).
    Removing rtc.o(.revsh_text), (4 bytes).
    Removing rtc.o(i.rtc_get_time), (14 bytes).
    Removing lora_common.o(i.lora_common_crc), (26 bytes).
    Removing lora_common.o(i.lora_common_get_data), (16 bytes).
    Removing lora_common.o(i.lora_common_snd_beg), (52 bytes).
    Removing lora_common.o(i.lora_common_snd_end), (56 bytes).
    Removing lora_common.o(i.lora_common_snd_join), (84 bytes).
    Removing lora_common.o(.bss), (25 bytes).
    Removing lora_node.o(.rev16_text), (4 bytes).
    Removing lora_node.o(.revsh_text), (4 bytes).
    Removing lora_node.o(i._OnCadDone), (48 bytes).
    Removing lora_node.o(i._OnRxDone), (68 bytes).
    Removing lora_node.o(i._OnRxError), (40 bytes).
    Removing lora_node.o(i._OnRxTimeout), (40 bytes).
    Removing lora_node.o(i._OnTxDone), (40 bytes).
    Removing lora_node.o(i._OnTxTimeout), (10 bytes).
    Removing lora_node.o(i._again_end_fsm_func), (12 bytes).
    Removing lora_node.o(i._again_fsm_func), (32 bytes).
    Removing lora_node.o(i._againing_fsm_func), (20 bytes).
    Removing lora_node.o(i._cad_busy_fsm_func), (40 bytes).
    Removing lora_node.o(i._cad_check_fsm_func), (16 bytes).
    Removing lora_node.o(i._cad_idie_fsm_func), (12 bytes).
    Removing lora_node.o(i._check_cad), (60 bytes).
    Removing lora_node.o(i._idie_fsm_func), (12 bytes).
    Removing lora_node.o(i._recv_end_fsm_func), (76 bytes).
    Removing lora_node.o(i._recv_fsm_func), (28 bytes).
    Removing lora_node.o(i._recv_overtime_fsm_func), (4 bytes).
    Removing lora_node.o(i._recving_fsm_func), (4 bytes).
    Removing lora_node.o(i._send_data), (120 bytes).
    Removing lora_node.o(i._send_end_fsm_func), (12 bytes).
    Removing lora_node.o(i._send_fsm_func), (16 bytes).
    Removing lora_node.o(i._send_overtime_fsm_func), (4 bytes).
    Removing lora_node.o(i._sending_fsm_func), (4 bytes).
    Removing lora_node.o(i._sleep_fsm_func), (4 bytes).
    Removing lora_node.o(i.lora_change_state), (12 bytes).
    Removing lora_node.o(i.lora_node_init), (196 bytes).
    Removing lora_node.o(i.lora_node_task), (204 bytes).
    Removing lora_node.o(.bss), (64 bytes).
    Removing lora_node.o(.constdata), (79 bytes).
    Removing lora_node.o(.data), (1 bytes).

735 unused section(s) (total 29768 bytes) removed from the image.

==============================================================================

Image Symbol Table

    Local Symbols

    Symbol Name                              Value     Ov Type        Size  Object(Section)

    ../clib/angel/boardlib.s                 0x00000000   Number         0  boardinit1.o ABSOLUTE
    ../clib/angel/boardlib.s                 0x00000000   Number         0  boardinit2.o ABSOLUTE
    ../clib/angel/boardlib.s                 0x00000000   Number         0  boardshut.o ABSOLUTE
    ../clib/angel/boardlib.s                 0x00000000   Number         0  boardinit3.o ABSOLUTE
    ../clib/angel/handlers.s                 0x00000000   Number         0  __scatter_zi.o ABSOLUTE
    ../clib/angel/handlers.s                 0x00000000   Number         0  __scatter_copy.o ABSOLUTE
    ../clib/angel/kernel.s                   0x00000000   Number         0  __rtentry.o ABSOLUTE
    ../clib/angel/kernel.s                   0x00000000   Number         0  __rtentry2.o ABSOLUTE
    ../clib/angel/kernel.s                   0x00000000   Number         0  __rtentry4.o ABSOLUTE
    ../clib/angel/kernel.s                   0x00000000   Number         0  rtexit2.o ABSOLUTE
    ../clib/angel/kernel.s                   0x00000000   Number         0  rtexit.o ABSOLUTE
    ../clib/angel/rt.s                       0x00000000   Number         0  aeabi_idiv0.o ABSOLUTE
    ../clib/angel/rt.s                       0x00000000   Number         0  aeabi_idiv0_sigfpe.o ABSOLUTE
    ../clib/angel/rt.s                       0x00000000   Number         0  rt_errno_addr.o ABSOLUTE
    ../clib/angel/rt.s                       0x00000000   Number         0  rt_div0.o ABSOLUTE
    ../clib/angel/rt.s                       0x00000000   Number         0  rt_errno_addr_intlibspace.o ABSOLUTE
    ../clib/angel/rt.s                       0x00000000   Number         0  rt_raise.o ABSOLUTE
    ../clib/angel/scatterp.s                 0x00000000   Number         0  __scatter.o ABSOLUTE
    ../clib/angel/startup.s                  0x00000000   Number         0  __main.o ABSOLUTE
    ../clib/angel/sys.s                      0x00000000   Number         0  libspace.o ABSOLUTE
    ../clib/angel/sys.s                      0x00000000   Number         0  sys_stackheap_outer.o ABSOLUTE
    ../clib/angel/sys.s                      0x00000000   Number         0  indicate_semi.o ABSOLUTE
    ../clib/angel/sys.s                      0x00000000   Number         0  use_no_semi.o ABSOLUTE
    ../clib/angel/sys.s                      0x00000000   Number         0  tempstk.o ABSOLUTE
    ../clib/angel/sysapp.c                   0x00000000   Number         0  sys_wrch.o ABSOLUTE
    ../clib/angel/sysapp.c                   0x00000000   Number         0  sys_command.o ABSOLUTE
    ../clib/angel/sysapp.c                   0x00000000   Number         0  sys_exit.o ABSOLUTE
    ../clib/armsys.c                         0x00000000   Number         0  no_argv.o ABSOLUTE
    ../clib/armsys.c                         0x00000000   Number         0  _get_argv_nomalloc.o ABSOLUTE
    ../clib/armsys.c                         0x00000000   Number         0  argv_veneer.o ABSOLUTE
    ../clib/division.c                       0x00000000   Number         0  rtudiv10.o ABSOLUTE
    ../clib/division.s                       0x00000000   Number         0  aeabi_sdiv.o ABSOLUTE
    ../clib/division.s                       0x00000000   Number         0  aeabi_sdiv_div0.o ABSOLUTE
    ../clib/fenv.c                           0x00000000   Number         0  _rserrno.o ABSOLUTE
    ../clib/heapalloc.c                      0x00000000   Number         0  hrguard.o ABSOLUTE
    ../clib/heapaux.c                        0x00000000   Number         0  heapauxi.o ABSOLUTE
    ../clib/libinit.s                        0x00000000   Number         0  libshutdown2.o ABSOLUTE
    ../clib/libinit.s                        0x00000000   Number         0  libshutdown.o ABSOLUTE
    ../clib/libinit.s                        0x00000000   Number         0  libinit.o ABSOLUTE
    ../clib/libinit.s                        0x00000000   Number         0  libinit2.o ABSOLUTE
    ../clib/memcpset.c                       0x00000000   Number         0  rt_memclr.o ABSOLUTE
    ../clib/memcpset.c                       0x00000000   Number         0  rt_memcpy.o ABSOLUTE
    ../clib/memcpset.c                       0x00000000   Number         0  rt_memcpy.o ABSOLUTE
    ../clib/misc.s                           0x00000000   Number         0  printf_stubs.o ABSOLUTE
    ../clib/printf.c                         0x00000000   Number         0  _printf_hex_int_ptr.o ABSOLUTE
    ../clib/printf.c                         0x00000000   Number         0  _printf_char_common.o ABSOLUTE
    ../clib/printf.c                         0x00000000   Number         0  _printf_hex_ptr.o ABSOLUTE
    ../clib/printf.c                         0x00000000   Number         0  _printf_hex_int_ll.o ABSOLUTE
    ../clib/printf.c                         0x00000000   Number         0  _printf_hex_int.o ABSOLUTE
    ../clib/printf.c                         0x00000000   Number         0  _printf_dec.o ABSOLUTE
    ../clib/printf.c                         0x00000000   Number         0  _printf_str.o ABSOLUTE
    ../clib/printf.c                         0x00000000   Number         0  __printf_flags.o ABSOLUTE
    ../clib/printf.c                         0x00000000   Number         0  _printf_pad.o ABSOLUTE
    ../clib/printf.c                         0x00000000   Number         0  _printf_char_file.o ABSOLUTE
    ../clib/printf.c                         0x00000000   Number         0  _printf_intcommon.o ABSOLUTE
    ../clib/printf.c                         0x00000000   Number         0  __printf.o ABSOLUTE
    ../clib/printf.c                         0x00000000   Number         0  noretval__2printf.o ABSOLUTE
    ../clib/printf.c                         0x00000000   Number         0  __2printf.o ABSOLUTE
    ../clib/printf.c                         0x00000000   Number         0  __printf_ss.o ABSOLUTE
    ../clib/printf.c                         0x00000000   Number         0  __printf_flags_ss.o ABSOLUTE
    ../clib/printf.c                         0x00000000   Number         0  _printf_hex_ll.o ABSOLUTE
    ../clib/printf.c                         0x00000000   Number         0  _printf_hex_int_ll_ptr.o ABSOLUTE
    ../clib/printf.c                         0x00000000   Number         0  _printf_char.o ABSOLUTE
    ../clib/printf.c                         0x00000000   Number         0  __printf_wp.o ABSOLUTE
    ../clib/printf.c                         0x00000000   Number         0  __printf_nopercent.o ABSOLUTE
    ../clib/printf.c                         0x00000000   Number         0  _printf_hex_ll_ptr.o ABSOLUTE
    ../clib/printf.c                         0x00000000   Number         0  __printf_flags_ss_wp.o ABSOLUTE
    ../clib/printf.c                         0x00000000   Number         0  __printf_ss_wp.o ABSOLUTE
    ../clib/printf.c                         0x00000000   Number         0  __printf_flags_wp.o ABSOLUTE
    ../clib/printf_percent.s                 0x00000000   Number         0  _printf_percent_end.o ABSOLUTE
    ../clib/printf_percent.s                 0x00000000   Number         0  _printf_percent.o ABSOLUTE
    ../clib/printf_percent.s                 0x00000000   Number         0  _printf_d.o ABSOLUTE
    ../clib/printf_percent.s                 0x00000000   Number         0  _printf_x.o ABSOLUTE
    ../clib/printf_percent.s                 0x00000000   Number         0  _printf_s.o ABSOLUTE
    ../clib/signal.c                         0x00000000   Number         0  defsig_rtred_inner.o ABSOLUTE
    ../clib/signal.c                         0x00000000   Number         0  defsig_rtmem_inner.o ABSOLUTE
    ../clib/signal.c                         0x00000000   Number         0  defsig_rtmem_outer.o ABSOLUTE
    ../clib/signal.c                         0x00000000   Number         0  defsig_rtmem_formal.o ABSOLUTE
    ../clib/signal.c                         0x00000000   Number         0  defsig_stak_inner.o ABSOLUTE
    ../clib/signal.c                         0x00000000   Number         0  defsig_pvfn_inner.o ABSOLUTE
    ../clib/signal.c                         0x00000000   Number         0  defsig_cppl_inner.o ABSOLUTE
    ../clib/signal.c                         0x00000000   Number         0  defsig_segv_inner.o ABSOLUTE
    ../clib/signal.c                         0x00000000   Number         0  defsig_other.o ABSOLUTE
    ../clib/signal.c                         0x00000000   Number         0  __raise.o ABSOLUTE
    ../clib/signal.c                         0x00000000   Number         0  defsig_fpe_outer.o ABSOLUTE
    ../clib/signal.c                         0x00000000   Number         0  defsig_fpe_formal.o ABSOLUTE
    ../clib/signal.c                         0x00000000   Number         0  defsig_exit.o ABSOLUTE
    ../clib/signal.c                         0x00000000   Number         0  defsig_fpe_inner.o ABSOLUTE
    ../clib/signal.c                         0x00000000   Number         0  defsig_general.o ABSOLUTE
    ../clib/signal.c                         0x00000000   Number         0  defsig_abrt_inner.o ABSOLUTE
    ../clib/signal.s                         0x00000000   Number         0  defsig.o ABSOLUTE
    ../clib/stdio.c                          0x00000000   Number         0  ferror.o ABSOLUTE
    ../clib/stdio.c                          0x00000000   Number         0  ferror_locked.o ABSOLUTE
    ../clib/stdlib.c                         0x00000000   Number         0  exit.o ABSOLUTE
    ../clib/string.c                         0x00000000   Number         0  memcmp.o ABSOLUTE
    ../fplib/cfplib/cmpret.c                 0x00000000   Number         0  cmpret.o ABSOLUTE
    ../fplib/cfplib/daddsub.c                0x00000000   Number         0  daddsub.o ABSOLUTE
    ../fplib/cfplib/dcmpin.c                 0x00000000   Number         0  dcmpin.o ABSOLUTE
    ../fplib/cfplib/ddiv.c                   0x00000000   Number         0  ddiv.o ABSOLUTE
    ../fplib/cfplib/dmul.c                   0x00000000   Number         0  dmul.o ABSOLUTE
    ../fplib/cfplib/drnd.c                   0x00000000   Number         0  drnd.o ABSOLUTE
    ../fplib/cfplib/dsqrt.c                  0x00000000   Number         0  dsqrt.o ABSOLUTE
    ../fplib/cfplib/ffix.c                   0x00000000   Number         0  dfixui.o ABSOLUTE
    ../fplib/cfplib/fflt.c                   0x00000000   Number         0  dflti.o ABSOLUTE
    ../fplib/cfplib/fpinit.c                 0x00000000   Number         0  fpinit.o ABSOLUTE
    ../fplib/cfplib/nan2.c                   0x00000000   Number         0  dnan2.o ABSOLUTE
    ../fplib/cfplib/retnan.c                 0x00000000   Number         0  retnan.o ABSOLUTE
    ../fplib/cfplib/scalbn.c                 0x00000000   Number         0  dscalbn.o ABSOLUTE
    ../fplib/dleqf6m.s                       0x00000000   Number         0  dlef.o ABSOLUTE
    ../fplib/drleqf6m.s                      0x00000000   Number         0  drlef.o ABSOLUTE
    ../fplib/usenofp.s                       0x00000000   Number         0  usenofp.o ABSOLUTE
    ../mathlib/ceil.c                        0x00000000   Number         0  ceil.o ABSOLUTE
    ../mathlib/dunder.c                      0x00000000   Number         0  dunder.o ABSOLUTE
    ../mathlib/floor.c                       0x00000000   Number         0  floor.o ABSOLUTE
    ../mathlib/fpclassify.c                  0x00000000   Number         0  fpclassify.o ABSOLUTE
    ../mathlib/poly.c                        0x00000000   Number         0  poly.o ABSOLUTE
    ../mathlib/pow.c                         0x00000000   Number         0  pow_x.o ABSOLUTE
    ../mathlib/pow.c                         0x00000000   Number         0  pow.o ABSOLUTE
    ../mathlib/qnan.c                        0x00000000   Number         0  qnan.o ABSOLUTE
    ../mathlib/rint.c                        0x00000000   Number         0  rint.o ABSOLUTE
    ../mathlib/sqrt.c                        0x00000000   Number         0  sqrt.o ABSOLUTE
    ../mathlib/sqrt.c                        0x00000000   Number         0  sqrt_x.o ABSOLUTE
    ..\Libraries\CMSIS\Device\ST\STM32F0xx\Source\Templates\arm\startup_stm32f030.s 0x00000000   Number         0  startup_stm32f030.o ABSOLUTE
    ..\Libraries\CMSIS\Device\ST\STM32F0xx\Source\Templates\system_stm32f0xx.c 0x00000000   Number         0  system_stm32f0xx.o ABSOLUTE
    ..\Libraries\STM32F0xx_StdPeriph_Driver\src\stm32f0xx_adc.c 0x00000000   Number         0  stm32f0xx_adc.o ABSOLUTE
    ..\Libraries\STM32F0xx_StdPeriph_Driver\src\stm32f0xx_can.c 0x00000000   Number         0  stm32f0xx_can.o ABSOLUTE
    ..\Libraries\STM32F0xx_StdPeriph_Driver\src\stm32f0xx_cec.c 0x00000000   Number         0  stm32f0xx_cec.o ABSOLUTE
    ..\Libraries\STM32F0xx_StdPeriph_Driver\src\stm32f0xx_comp.c 0x00000000   Number         0  stm32f0xx_comp.o ABSOLUTE
    ..\Libraries\STM32F0xx_StdPeriph_Driver\src\stm32f0xx_crc.c 0x00000000   Number         0  stm32f0xx_crc.o ABSOLUTE
    ..\Libraries\STM32F0xx_StdPeriph_Driver\src\stm32f0xx_crs.c 0x00000000   Number         0  stm32f0xx_crs.o ABSOLUTE
    ..\Libraries\STM32F0xx_StdPeriph_Driver\src\stm32f0xx_dac.c 0x00000000   Number         0  stm32f0xx_dac.o ABSOLUTE
    ..\Libraries\STM32F0xx_StdPeriph_Driver\src\stm32f0xx_dbgmcu.c 0x00000000   Number         0  stm32f0xx_dbgmcu.o ABSOLUTE
    ..\Libraries\STM32F0xx_StdPeriph_Driver\src\stm32f0xx_dma.c 0x00000000   Number         0  stm32f0xx_dma.o ABSOLUTE
    ..\Libraries\STM32F0xx_StdPeriph_Driver\src\stm32f0xx_exti.c 0x00000000   Number         0  stm32f0xx_exti.o ABSOLUTE
    ..\Libraries\STM32F0xx_StdPeriph_Driver\src\stm32f0xx_flash.c 0x00000000   Number         0  stm32f0xx_flash.o ABSOLUTE
    ..\Libraries\STM32F0xx_StdPeriph_Driver\src\stm32f0xx_gpio.c 0x00000000   Number         0  stm32f0xx_gpio.o ABSOLUTE
    ..\Libraries\STM32F0xx_StdPeriph_Driver\src\stm32f0xx_i2c.c 0x00000000   Number         0  stm32f0xx_i2c.o ABSOLUTE
    ..\Libraries\STM32F0xx_StdPeriph_Driver\src\stm32f0xx_iwdg.c 0x00000000   Number         0  stm32f0xx_iwdg.o ABSOLUTE
    ..\Libraries\STM32F0xx_StdPeriph_Driver\src\stm32f0xx_misc.c 0x00000000   Number         0  stm32f0xx_misc.o ABSOLUTE
    ..\Libraries\STM32F0xx_StdPeriph_Driver\src\stm32f0xx_pwr.c 0x00000000   Number         0  stm32f0xx_pwr.o ABSOLUTE
    ..\Libraries\STM32F0xx_StdPeriph_Driver\src\stm32f0xx_rcc.c 0x00000000   Number         0  stm32f0xx_rcc.o ABSOLUTE
    ..\Libraries\STM32F0xx_StdPeriph_Driver\src\stm32f0xx_rtc.c 0x00000000   Number         0  stm32f0xx_rtc.o ABSOLUTE
    ..\Libraries\STM32F0xx_StdPeriph_Driver\src\stm32f0xx_spi.c 0x00000000   Number         0  stm32f0xx_spi.o ABSOLUTE
    ..\Libraries\STM32F0xx_StdPeriph_Driver\src\stm32f0xx_syscfg.c 0x00000000   Number         0  stm32f0xx_syscfg.o ABSOLUTE
    ..\Libraries\STM32F0xx_StdPeriph_Driver\src\stm32f0xx_tim.c 0x00000000   Number         0  stm32f0xx_tim.o ABSOLUTE
    ..\Libraries\STM32F0xx_StdPeriph_Driver\src\stm32f0xx_usart.c 0x00000000   Number         0  stm32f0xx_usart.o ABSOLUTE
    ..\Libraries\STM32F0xx_StdPeriph_Driver\src\stm32f0xx_wwdg.c 0x00000000   Number         0  stm32f0xx_wwdg.o ABSOLUTE
    ..\Radio\lora_app\common\lora_common.c   0x00000000   Number         0  lora_common.o ABSOLUTE
    ..\Radio\lora_app\node\lora_node.c       0x00000000   Number         0  lora_node.o ABSOLUTE
    ..\Radio\src\crc.c                       0x00000000   Number         0  crc.o ABSOLUTE
    ..\Radio\src\radio.c                     0x00000000   Number         0  radio.o ABSOLUTE
    ..\Radio\src\sx126x-board.c              0x00000000   Number         0  sx126x-board.o ABSOLUTE
    ..\Radio\src\sx126x.c                    0x00000000   Number         0  sx126x.o ABSOLUTE
    ..\\Libraries\\CMSIS\\Device\\ST\\STM32F0xx\\Source\\Templates\\system_stm32f0xx.c 0x00000000   Number         0  system_stm32f0xx.o ABSOLUTE
    ..\\Libraries\\STM32F0xx_StdPeriph_Driver\\src\\stm32f0xx_adc.c 0x00000000   Number         0  stm32f0xx_adc.o ABSOLUTE
    ..\\Libraries\\STM32F0xx_StdPeriph_Driver\\src\\stm32f0xx_can.c 0x00000000   Number         0  stm32f0xx_can.o ABSOLUTE
    ..\\Libraries\\STM32F0xx_StdPeriph_Driver\\src\\stm32f0xx_cec.c 0x00000000   Number         0  stm32f0xx_cec.o ABSOLUTE
    ..\\Libraries\\STM32F0xx_StdPeriph_Driver\\src\\stm32f0xx_comp.c 0x00000000   Number         0  stm32f0xx_comp.o ABSOLUTE
    ..\\Libraries\\STM32F0xx_StdPeriph_Driver\\src\\stm32f0xx_crc.c 0x00000000   Number         0  stm32f0xx_crc.o ABSOLUTE
    ..\\Libraries\\STM32F0xx_StdPeriph_Driver\\src\\stm32f0xx_crs.c 0x00000000   Number         0  stm32f0xx_crs.o ABSOLUTE
    ..\\Libraries\\STM32F0xx_StdPeriph_Driver\\src\\stm32f0xx_dac.c 0x00000000   Number         0  stm32f0xx_dac.o ABSOLUTE
    ..\\Libraries\\STM32F0xx_StdPeriph_Driver\\src\\stm32f0xx_dbgmcu.c 0x00000000   Number         0  stm32f0xx_dbgmcu.o ABSOLUTE
    ..\\Libraries\\STM32F0xx_StdPeriph_Driver\\src\\stm32f0xx_dma.c 0x00000000   Number         0  stm32f0xx_dma.o ABSOLUTE
    ..\\Libraries\\STM32F0xx_StdPeriph_Driver\\src\\stm32f0xx_exti.c 0x00000000   Number         0  stm32f0xx_exti.o ABSOLUTE
    ..\\Libraries\\STM32F0xx_StdPeriph_Driver\\src\\stm32f0xx_flash.c 0x00000000   Number         0  stm32f0xx_flash.o ABSOLUTE
    ..\\Libraries\\STM32F0xx_StdPeriph_Driver\\src\\stm32f0xx_gpio.c 0x00000000   Number         0  stm32f0xx_gpio.o ABSOLUTE
    ..\\Libraries\\STM32F0xx_StdPeriph_Driver\\src\\stm32f0xx_i2c.c 0x00000000   Number         0  stm32f0xx_i2c.o ABSOLUTE
    ..\\Libraries\\STM32F0xx_StdPeriph_Driver\\src\\stm32f0xx_iwdg.c 0x00000000   Number         0  stm32f0xx_iwdg.o ABSOLUTE
    ..\\Libraries\\STM32F0xx_StdPeriph_Driver\\src\\stm32f0xx_misc.c 0x00000000   Number         0  stm32f0xx_misc.o ABSOLUTE
    ..\\Libraries\\STM32F0xx_StdPeriph_Driver\\src\\stm32f0xx_pwr.c 0x00000000   Number         0  stm32f0xx_pwr.o ABSOLUTE
    ..\\Libraries\\STM32F0xx_StdPeriph_Driver\\src\\stm32f0xx_rcc.c 0x00000000   Number         0  stm32f0xx_rcc.o ABSOLUTE
    ..\\Libraries\\STM32F0xx_StdPeriph_Driver\\src\\stm32f0xx_rtc.c 0x00000000   Number         0  stm32f0xx_rtc.o ABSOLUTE
    ..\\Libraries\\STM32F0xx_StdPeriph_Driver\\src\\stm32f0xx_spi.c 0x00000000   Number         0  stm32f0xx_spi.o ABSOLUTE
    ..\\Libraries\\STM32F0xx_StdPeriph_Driver\\src\\stm32f0xx_syscfg.c 0x00000000   Number         0  stm32f0xx_syscfg.o ABSOLUTE
    ..\\Libraries\\STM32F0xx_StdPeriph_Driver\\src\\stm32f0xx_tim.c 0x00000000   Number         0  stm32f0xx_tim.o ABSOLUTE
    ..\\Libraries\\STM32F0xx_StdPeriph_Driver\\src\\stm32f0xx_usart.c 0x00000000   Number         0  stm32f0xx_usart.o ABSOLUTE
    ..\\Libraries\\STM32F0xx_StdPeriph_Driver\\src\\stm32f0xx_wwdg.c 0x00000000   Number         0  stm32f0xx_wwdg.o ABSOLUTE
    ..\\Radio\\lora_app\\node\\lora_node.c   0x00000000   Number         0  lora_node.o ABSOLUTE
    ..\\Radio\\src\\radio.c                  0x00000000   Number         0  radio.o ABSOLUTE
    ..\\Radio\\src\\sx126x-board.c           0x00000000   Number         0  sx126x-board.o ABSOLUTE
    ..\\gpio.c                               0x00000000   Number         0  gpio.o ABSOLUTE
    ..\\main.c                               0x00000000   Number         0  main.o ABSOLUTE
    ..\\rtc.c                                0x00000000   Number         0  rtc.o ABSOLUTE
    ..\\spi.c                                0x00000000   Number         0  spi.o ABSOLUTE
    ..\\stm32f0xx_it.c                       0x00000000   Number         0  stm32f0xx_it.o ABSOLUTE
    ..\\uart.c                               0x00000000   Number         0  uart.o ABSOLUTE
    ..\delay.c                               0x00000000   Number         0  delay.o ABSOLUTE
    ..\gpio.c                                0x00000000   Number         0  gpio.o ABSOLUTE
    ..\main.c                                0x00000000   Number         0  main.o ABSOLUTE
    ..\rtc.c                                 0x00000000   Number         0  rtc.o ABSOLUTE
    ..\spi.c                                 0x00000000   Number         0  spi.o ABSOLUTE
    ..\stm32f0xx_it.c                        0x00000000   Number         0  stm32f0xx_it.o ABSOLUTE
    ..\uart.c                                0x00000000   Number         0  uart.o ABSOLUTE
    dc.s                                     0x00000000   Number         0  dc.o ABSOLUTE
    RESET                                    0x08000000   Section      180  startup_stm32f030.o(RESET)
    !!!main                                  0x080000b4   Section        8  __main.o(!!!main)
    !!!scatter                               0x080000bc   Section       60  __scatter.o(!!!scatter)
    !!handler_copy                           0x080000f8   Section       26  __scatter_copy.o(!!handler_copy)
    !!handler_zi                             0x08000114   Section       28  __scatter_zi.o(!!handler_zi)
    .ARM.Collect$$libinit$$00000000          0x08000130   Section        2  libinit.o(.ARM.Collect$$libinit$$00000000)
    .ARM.Collect$$libinit$$00000002          0x08000132   Section        0  libinit2.o(.ARM.Collect$$libinit$$00000002)
    .ARM.Collect$$libinit$$00000004          0x08000132   Section        0  libinit2.o(.ARM.Collect$$libinit$$00000004)
    .ARM.Collect$$libinit$$0000000A          0x08000132   Section        0  libinit2.o(.ARM.Collect$$libinit$$0000000A)
    .ARM.Collect$$libinit$$0000000C          0x08000132   Section        0  libinit2.o(.ARM.Collect$$libinit$$0000000C)
    .ARM.Collect$$libinit$$0000000E          0x08000132   Section        0  libinit2.o(.ARM.Collect$$libinit$$0000000E)
    .ARM.Collect$$libinit$$00000011          0x08000132   Section        0  libinit2.o(.ARM.Collect$$libinit$$00000011)
    .ARM.Collect$$libinit$$00000013          0x08000132   Section        0  libinit2.o(.ARM.Collect$$libinit$$00000013)
    .ARM.Collect$$libinit$$00000015          0x08000132   Section        0  libinit2.o(.ARM.Collect$$libinit$$00000015)
    .ARM.Collect$$libinit$$00000017          0x08000132   Section        0  libinit2.o(.ARM.Collect$$libinit$$00000017)
    .ARM.Collect$$libinit$$00000019          0x08000132   Section        0  libinit2.o(.ARM.Collect$$libinit$$00000019)
    .ARM.Collect$$libinit$$0000001B          0x08000132   Section        0  libinit2.o(.ARM.Collect$$libinit$$0000001B)
    .ARM.Collect$$libinit$$0000001D          0x08000132   Section        0  libinit2.o(.ARM.Collect$$libinit$$0000001D)
    .ARM.Collect$$libinit$$0000001F          0x08000132   Section        0  libinit2.o(.ARM.Collect$$libinit$$0000001F)
    .ARM.Collect$$libinit$$00000021          0x08000132   Section        0  libinit2.o(.ARM.Collect$$libinit$$00000021)
    .ARM.Collect$$libinit$$00000023          0x08000132   Section        0  libinit2.o(.ARM.Collect$$libinit$$00000023)
    .ARM.Collect$$libinit$$00000025          0x08000132   Section        0  libinit2.o(.ARM.Collect$$libinit$$00000025)
    .ARM.Collect$$libinit$$0000002C          0x08000132   Section        0  libinit2.o(.ARM.Collect$$libinit$$0000002C)
    .ARM.Collect$$libinit$$0000002E          0x08000132   Section        0  libinit2.o(.ARM.Collect$$libinit$$0000002E)
    .ARM.Collect$$libinit$$00000030          0x08000132   Section        0  libinit2.o(.ARM.Collect$$libinit$$00000030)
    .ARM.Collect$$libinit$$00000032          0x08000132   Section        0  libinit2.o(.ARM.Collect$$libinit$$00000032)
    .ARM.Collect$$libinit$$00000033          0x08000132   Section        2  libinit2.o(.ARM.Collect$$libinit$$00000033)
    .ARM.Collect$$libshutdown$$00000000      0x08000134   Section        2  libshutdown.o(.ARM.Collect$$libshutdown$$00000000)
    .ARM.Collect$$libshutdown$$00000002      0x08000136   Section        0  libshutdown2.o(.ARM.Collect$$libshutdown$$00000002)
    .ARM.Collect$$libshutdown$$00000004      0x08000136   Section        0  libshutdown2.o(.ARM.Collect$$libshutdown$$00000004)
    .ARM.Collect$$libshutdown$$00000007      0x08000136   Section        0  libshutdown2.o(.ARM.Collect$$libshutdown$$00000007)
    .ARM.Collect$$libshutdown$$0000000A      0x08000136   Section        0  libshutdown2.o(.ARM.Collect$$libshutdown$$0000000A)
    .ARM.Collect$$libshutdown$$0000000C      0x08000136   Section        0  libshutdown2.o(.ARM.Collect$$libshutdown$$0000000C)
    .ARM.Collect$$libshutdown$$0000000F      0x08000136   Section        0  libshutdown2.o(.ARM.Collect$$libshutdown$$0000000F)
    .ARM.Collect$$libshutdown$$00000010      0x08000136   Section        2  libshutdown2.o(.ARM.Collect$$libshutdown$$00000010)
    .ARM.Collect$$rtentry$$00000000          0x08000138   Section        0  __rtentry.o(.ARM.Collect$$rtentry$$00000000)
    .ARM.Collect$$rtentry$$00000002          0x08000138   Section        0  __rtentry2.o(.ARM.Collect$$rtentry$$00000002)
    .ARM.Collect$$rtentry$$00000004          0x08000138   Section        6  __rtentry4.o(.ARM.Collect$$rtentry$$00000004)
    .ARM.Collect$$rtentry$$00000009          0x0800013e   Section        0  __rtentry2.o(.ARM.Collect$$rtentry$$00000009)
    .ARM.Collect$$rtentry$$0000000A          0x0800013e   Section        4  __rtentry2.o(.ARM.Collect$$rtentry$$0000000A)
    .ARM.Collect$$rtentry$$0000000C          0x08000142   Section        0  __rtentry2.o(.ARM.Collect$$rtentry$$0000000C)
    .ARM.Collect$$rtentry$$0000000D          0x08000142   Section        8  __rtentry2.o(.ARM.Collect$$rtentry$$0000000D)
    .ARM.Collect$$rtexit$$00000000           0x0800014a   Section        2  rtexit.o(.ARM.Collect$$rtexit$$00000000)
    .ARM.Collect$$rtexit$$00000002           0x0800014c   Section        0  rtexit2.o(.ARM.Collect$$rtexit$$00000002)
    .ARM.Collect$$rtexit$$00000003           0x0800014c   Section        4  rtexit2.o(.ARM.Collect$$rtexit$$00000003)
    .ARM.Collect$$rtexit$$00000004           0x08000150   Section        6  rtexit2.o(.ARM.Collect$$rtexit$$00000004)
    .text                                    0x08000158   Section      116  startup_stm32f030.o(.text)
    .text                                    0x080001cc   Section      346  aeabi_sdiv.o(.text)
    .text                                    0x08000326   Section        0  heapauxi.o(.text)
    .text                                    0x0800032c   Section        8  libspace.o(.text)
    .text                                    0x08000334   Section       62  sys_stackheap_outer.o(.text)
    .text                                    0x08000372   Section        0  exit.o(.text)
    .text                                    0x08000384   Section        0  sys_exit.o(.text)
    .text                                    0x08000390   Section        2  use_no_semi.o(.text)
    .text                                    0x08000392   Section        0  indicate_semi.o(.text)
    i.ADC1_IRQHandler                        0x08000392   Section        0  stm32f0xx_it.o(i.ADC1_IRQHandler)
    i.EXTI0_1_IRQHandler                     0x08000394   Section        0  stm32f0xx_it.o(i.EXTI0_1_IRQHandler)
    i.EXTI_ClearITPendingBit                 0x080003a8   Section        0  stm32f0xx_exti.o(i.EXTI_ClearITPendingBit)
    i.EXTI_GetITStatus                       0x080003b4   Section        0  stm32f0xx_exti.o(i.EXTI_GetITStatus)
    i.GPIO_Init                              0x080003d0   Section        0  stm32f0xx_gpio.o(i.GPIO_Init)
    i.GPIO_PinAFConfig                       0x08000460   Section        0  stm32f0xx_gpio.o(i.GPIO_PinAFConfig)
    i.GPIO_WriteBit                          0x080004a4   Section        0  stm32f0xx_gpio.o(i.GPIO_WriteBit)
    i.GPIO_int                               0x080004b0   Section        0  gpio.o(i.GPIO_int)
    i.HW_int                                 0x080005f8   Section        0  main.o(i.HW_int)
    i.HardFault_Handler                      0x08000620   Section        0  stm32f0xx_it.o(i.HardFault_Handler)
    i.NMI_Handler                            0x08000624   Section        0  stm32f0xx_it.o(i.NMI_Handler)
    i.NVIC_Init                              0x08000628   Section        0  stm32f0xx_misc.o(i.NVIC_Init)
    i.NVIC_SetPriority                       0x08000698   Section        0  main.o(i.NVIC_SetPriority)
    NVIC_SetPriority                         0x08000699   Thumb Code   110  main.o(i.NVIC_SetPriority)
    i.PWR_BackupAccessCmd                    0x08000710   Section        0  stm32f0xx_pwr.o(i.PWR_BackupAccessCmd)
    i.PendSV_Handler                         0x08000738   Section        0  stm32f0xx_it.o(i.PendSV_Handler)
    i.RCC_AHBPeriphClockCmd                  0x0800073c   Section        0  stm32f0xx_rcc.o(i.RCC_AHBPeriphClockCmd)
    i.RCC_APB1PeriphClockCmd                 0x0800075c   Section        0  stm32f0xx_rcc.o(i.RCC_APB1PeriphClockCmd)
    i.RCC_APB2PeriphClockCmd                 0x0800077c   Section        0  stm32f0xx_rcc.o(i.RCC_APB2PeriphClockCmd)
    i.RCC_Configuration                      0x0800079c   Section        0  main.o(i.RCC_Configuration)
    i.RCC_GetClocksFreq                      0x080007c4   Section        0  stm32f0xx_rcc.o(i.RCC_GetClocksFreq)
    i.RCC_GetFlagStatus                      0x08000a10   Section        0  stm32f0xx_rcc.o(i.RCC_GetFlagStatus)
    i.RCC_LSICmd                             0x08000a58   Section        0  stm32f0xx_rcc.o(i.RCC_LSICmd)
    i.RCC_PLLCmd                             0x08000a7c   Section        0  stm32f0xx_rcc.o(i.RCC_PLLCmd)
    i.RCC_PLLConfig                          0x08000aa4   Section        0  stm32f0xx_rcc.o(i.RCC_PLLConfig)
    i.RCC_RTCCLKCmd                          0x08000ac8   Section        0  stm32f0xx_rcc.o(i.RCC_RTCCLKCmd)
    i.RCC_RTCCLKConfig                       0x08000af0   Section        0  stm32f0xx_rcc.o(i.RCC_RTCCLKConfig)
    i.RCC_SYSCLKConfig                       0x08000b00   Section        0  stm32f0xx_rcc.o(i.RCC_SYSCLKConfig)
    i.RTC_Bcd2ToByte                         0x08000b1c   Section        0  stm32f0xx_rtc.o(i.RTC_Bcd2ToByte)
    RTC_Bcd2ToByte                           0x08000b1d   Thumb Code    26  stm32f0xx_rtc.o(i.RTC_Bcd2ToByte)
    i.RTC_ByteToBcd2                         0x08000b36   Section        0  stm32f0xx_rtc.o(i.RTC_ByteToBcd2)
    RTC_ByteToBcd2                           0x08000b37   Thumb Code    28  stm32f0xx_rtc.o(i.RTC_ByteToBcd2)
    i.RTC_DateStructInit                     0x08000b52   Section        0  stm32f0xx_rtc.o(i.RTC_DateStructInit)
    i.RTC_EnterInitMode                      0x08000b60   Section        0  stm32f0xx_rtc.o(i.RTC_EnterInitMode)
    i.RTC_ExitInitMode                       0x08000bb8   Section        0  stm32f0xx_rtc.o(i.RTC_ExitInitMode)
    i.RTC_GetTime                            0x08000bcc   Section        0  stm32f0xx_rtc.o(i.RTC_GetTime)
    i.RTC_Init                               0x08000c28   Section        0  stm32f0xx_rtc.o(i.RTC_Init)
    i.RTC_SetDate                            0x08000c80   Section        0  stm32f0xx_rtc.o(i.RTC_SetDate)
    i.RTC_SetTime                            0x08000d50   Section        0  stm32f0xx_rtc.o(i.RTC_SetTime)
    i.RTC_WaitForSynchro                     0x08000e28   Section        0  stm32f0xx_rtc.o(i.RTC_WaitForSynchro)
    i.SPI2_IRQHandler                        0x08000e94   Section        0  stm32f0xx_it.o(i.SPI2_IRQHandler)
    i.SPI2_Int                               0x08000e98   Section        0  spi.o(i.SPI2_Int)
    i.SPI_Cmd                                0x08000ee8   Section        0  stm32f0xx_spi.o(i.SPI_Cmd)
    i.SPI_Init                               0x08000f04   Section        0  stm32f0xx_spi.o(i.SPI_Init)
    i.SPI_RxFIFOThresholdConfig              0x08000f5c   Section        0  stm32f0xx_spi.o(i.SPI_RxFIFOThresholdConfig)
    i.SVC_Handler                            0x08000f70   Section        0  stm32f0xx_it.o(i.SVC_Handler)
    i.SetSysClock                            0x08000f74   Section        0  system_stm32f0xx.o(i.SetSysClock)
    SetSysClock                              0x08000f75   Thumb Code   206  system_stm32f0xx.o(i.SetSysClock)
    i.SysClock_48                            0x0800104c   Section        0  main.o(i.SysClock_48)
    i.SysTick_Handler                        0x08001078   Section        0  stm32f0xx_it.o(i.SysTick_Handler)
    i.SystemInit                             0x08001098   Section        0  system_stm32f0xx.o(i.SystemInit)
    i.TIM14_IRQHandler                       0x08001114   Section        0  stm32f0xx_it.o(i.TIM14_IRQHandler)
    i.TIM3_IRQHandler                        0x08001130   Section        0  stm32f0xx_it.o(i.TIM3_IRQHandler)
    i.TIM_ClearITPendingBit                  0x08001198   Section        0  stm32f0xx_tim.o(i.TIM_ClearITPendingBit)
    i.TIM_Cmd                                0x080011a0   Section        0  stm32f0xx_tim.o(i.TIM_Cmd)
    i.TIM_GetITStatus                        0x080011bc   Section        0  stm32f0xx_tim.o(i.TIM_GetITStatus)
    i.TIM_ITConfig                           0x080011e2   Section        0  stm32f0xx_tim.o(i.TIM_ITConfig)
    i.TIM_TimeBaseInit                       0x080011f8   Section        0  stm32f0xx_tim.o(i.TIM_TimeBaseInit)
    i.Tick_Configration                      0x08001274   Section        0  main.o(i.Tick_Configration)
    i.USART1_IRQHandler                      0x080012c0   Section        0  stm32f0xx_it.o(i.USART1_IRQHandler)
    i.USART_Cmd                              0x080012c2   Section        0  stm32f0xx_usart.o(i.USART_Cmd)
    i.USART_Init                             0x080012dc   Section        0  stm32f0xx_usart.o(i.USART_Init)
    i.UartInit                               0x080013d4   Section        0  uart.o(i.UartInit)
    i.main                                   0x0800144c   Section        0  main.o(i.main)
    i.rtc_set                                0x08001470   Section        0  rtc.o(i.rtc_set)
    i.timerInit                              0x080014fc   Section        0  main.o(i.timerInit)
    .data                                    0x20000000   Section       20  system_stm32f0xx.o(.data)
    .data                                    0x20000014   Section       16  stm32f0xx_rcc.o(.data)
    APBAHBPrescTable                         0x20000014   Data          16  stm32f0xx_rcc.o(.data)
    .data                                    0x20000024   Section       16  stm32f0xx_it.o(.data)
    idx                                      0x20000030   Data           4  stm32f0xx_it.o(.data)
    .bss                                     0x20000034   Section       96  libspace.o(.bss)
    HEAP                                     0x20000098   Section      512  startup_stm32f030.o(HEAP)
    Heap_Mem                                 0x20000098   Data         512  startup_stm32f030.o(HEAP)
    STACK                                    0x20000298   Section     1024  startup_stm32f030.o(STACK)
    Stack_Mem                                0x20000298   Data        1024  startup_stm32f030.o(STACK)
    __initial_sp                             0x20000698   Data           0  startup_stm32f030.o(STACK)

    Global Symbols

    Symbol Name                              Value     Ov Type        Size  Object(Section)

    BuildAttributes$$THM_ISAv3M$S$PE$A:L22$X:L11$S22$IEEE1$IW$USESV6$~STKCKD$USESV7$~SHL$OTIME$ROPI$IEEEX$EBA8$UX$STANDARDLIB$REQ8$PRES8$EABIv2 0x00000000   Number         0  anon$$obj.o ABSOLUTE
    __ARM_use_no_argv                        0x00000000   Number         0  main.o ABSOLUTE
    _printf_flags                            0x00000000   Number         0  printf_stubs.o ABSOLUTE
    _printf_return_value                     0x00000000   Number         0  printf_stubs.o ABSOLUTE
    _printf_sizespec                         0x00000000   Number         0  printf_stubs.o ABSOLUTE
    _printf_widthprec                        0x00000000   Number         0  printf_stubs.o ABSOLUTE
    __ARM_exceptions_init                     - Undefined Weak Reference
    __alloca_initialize                       - Undefined Weak Reference
    __arm_preinit_                            - Undefined Weak Reference
    __cpp_initialize__aeabi_                  - Undefined Weak Reference
    __cxa_finalize                            - Undefined Weak Reference
    __rt_locale                               - Undefined Weak Reference
    __sigvec_lookup                           - Undefined Weak Reference
    _atexit_init                              - Undefined Weak Reference
    _call_atexit_fns                          - Undefined Weak Reference
    _clock_init                               - Undefined Weak Reference
    _fp_trap_init                             - Undefined Weak Reference
    _fp_trap_shutdown                         - Undefined Weak Reference
    _get_lc_collate                           - Undefined Weak Reference
    _get_lc_ctype                             - Undefined Weak Reference
    _get_lc_monetary                          - Undefined Weak Reference
    _get_lc_numeric                           - Undefined Weak Reference
    _get_lc_time                              - Undefined Weak Reference
    _getenv_init                              - Undefined Weak Reference
    _handle_redirection                       - Undefined Weak Reference
    _init_alloc                               - Undefined Weak Reference
    _init_user_alloc                          - Undefined Weak Reference
    _initio                                   - Undefined Weak Reference
    _mutex_acquire                            - Undefined Weak Reference
    _mutex_release                            - Undefined Weak Reference
    _printf_mbtowc                            - Undefined Weak Reference
    _printf_truncate_signed                   - Undefined Weak Reference
    _printf_truncate_unsigned                 - Undefined Weak Reference
    _rand_init                                - Undefined Weak Reference
    _signal_finish                            - Undefined Weak Reference
    _signal_init                              - Undefined Weak Reference
    _terminate_alloc                          - Undefined Weak Reference
    _terminate_user_alloc                     - Undefined Weak Reference
    _terminateio                              - Undefined Weak Reference
    __Vectors_Size                           0x000000b4   Number         0  startup_stm32f030.o ABSOLUTE
    __Vectors                                0x08000000   Data           4  startup_stm32f030.o(RESET)
    __Vectors_End                            0x080000b4   Data           0  startup_stm32f030.o(RESET)
    __main                                   0x080000b5   Thumb Code     8  __main.o(!!!main)
    __scatterload                            0x080000bd   Thumb Code     0  __scatter.o(!!!scatter)
    __scatterload_rt2                        0x080000bd   Thumb Code    52  __scatter.o(!!!scatter)
    __scatterload_rt2_thumb_only             0x080000bd   Thumb Code     0  __scatter.o(!!!scatter)
    __scatterload_null                       0x080000cd   Thumb Code     0  __scatter.o(!!!scatter)
    __scatterload_copy                       0x080000f9   Thumb Code    26  __scatter_copy.o(!!handler_copy)
    __scatterload_zeroinit                   0x08000115   Thumb Code    28  __scatter_zi.o(!!handler_zi)
    __rt_lib_init                            0x08000131   Thumb Code     0  libinit.o(.ARM.Collect$$libinit$$00000000)
    __rt_lib_init_alloca_1                   0x08000133   Thumb Code     0  libinit2.o(.ARM.Collect$$libinit$$0000002E)
    __rt_lib_init_argv_1                     0x08000133   Thumb Code     0  libinit2.o(.ARM.Collect$$libinit$$0000002C)
    __rt_lib_init_atexit_1                   0x08000133   Thumb Code     0  libinit2.o(.ARM.Collect$$libinit$$0000001B)
    __rt_lib_init_clock_1                    0x08000133   Thumb Code     0  libinit2.o(.ARM.Collect$$libinit$$00000021)
    __rt_lib_init_cpp_1                      0x08000133   Thumb Code     0  libinit2.o(.ARM.Collect$$libinit$$00000032)
    __rt_lib_init_exceptions_1               0x08000133   Thumb Code     0  libinit2.o(.ARM.Collect$$libinit$$00000030)
    __rt_lib_init_fp_1                       0x08000133   Thumb Code     0  libinit2.o(.ARM.Collect$$libinit$$00000002)
    __rt_lib_init_fp_trap_1                  0x08000133   Thumb Code     0  libinit2.o(.ARM.Collect$$libinit$$0000001F)
    __rt_lib_init_getenv_1                   0x08000133   Thumb Code     0  libinit2.o(.ARM.Collect$$libinit$$00000023)
    __rt_lib_init_heap_1                     0x08000133   Thumb Code     0  libinit2.o(.ARM.Collect$$libinit$$0000000A)
    __rt_lib_init_lc_collate_1               0x08000133   Thumb Code     0  libinit2.o(.ARM.Collect$$libinit$$00000011)
    __rt_lib_init_lc_ctype_1                 0x08000133   Thumb Code     0  libinit2.o(.ARM.Collect$$libinit$$00000013)
    __rt_lib_init_lc_monetary_1              0x08000133   Thumb Code     0  libinit2.o(.ARM.Collect$$libinit$$00000015)
    __rt_lib_init_lc_numeric_1               0x08000133   Thumb Code     0  libinit2.o(.ARM.Collect$$libinit$$00000017)
    __rt_lib_init_lc_time_1                  0x08000133   Thumb Code     0  libinit2.o(.ARM.Collect$$libinit$$00000019)
    __rt_lib_init_preinit_1                  0x08000133   Thumb Code     0  libinit2.o(.ARM.Collect$$libinit$$00000004)
    __rt_lib_init_rand_1                     0x08000133   Thumb Code     0  libinit2.o(.ARM.Collect$$libinit$$0000000E)
    __rt_lib_init_return                     0x08000133   Thumb Code     0  libinit2.o(.ARM.Collect$$libinit$$00000033)
    __rt_lib_init_signal_1                   0x08000133   Thumb Code     0  libinit2.o(.ARM.Collect$$libinit$$0000001D)
    __rt_lib_init_stdio_1                    0x08000133   Thumb Code     0  libinit2.o(.ARM.Collect$$libinit$$00000025)
    __rt_lib_init_user_alloc_1               0x08000133   Thumb Code     0  libinit2.o(.ARM.Collect$$libinit$$0000000C)
    __rt_lib_shutdown                        0x08000135   Thumb Code     0  libshutdown.o(.ARM.Collect$$libshutdown$$00000000)
    __rt_lib_shutdown_cpp_1                  0x08000137   Thumb Code     0  libshutdown2.o(.ARM.Collect$$libshutdown$$00000002)
    __rt_lib_shutdown_fp_trap_1              0x08000137   Thumb Code     0  libshutdown2.o(.ARM.Collect$$libshutdown$$00000007)
    __rt_lib_shutdown_heap_1                 0x08000137   Thumb Code     0  libshutdown2.o(.ARM.Collect$$libshutdown$$0000000F)
    __rt_lib_shutdown_return                 0x08000137   Thumb Code     0  libshutdown2.o(.ARM.Collect$$libshutdown$$00000010)
    __rt_lib_shutdown_signal_1               0x08000137   Thumb Code     0  libshutdown2.o(.ARM.Collect$$libshutdown$$0000000A)
    __rt_lib_shutdown_stdio_1                0x08000137   Thumb Code     0  libshutdown2.o(.ARM.Collect$$libshutdown$$00000004)
    __rt_lib_shutdown_user_alloc_1           0x08000137   Thumb Code     0  libshutdown2.o(.ARM.Collect$$libshutdown$$0000000C)
    __rt_entry                               0x08000139   Thumb Code     0  __rtentry.o(.ARM.Collect$$rtentry$$00000000)
    __rt_entry_presh_1                       0x08000139   Thumb Code     0  __rtentry2.o(.ARM.Collect$$rtentry$$00000002)
    __rt_entry_sh                            0x08000139   Thumb Code     0  __rtentry4.o(.ARM.Collect$$rtentry$$00000004)
    __rt_entry_li                            0x0800013f   Thumb Code     0  __rtentry2.o(.ARM.Collect$$rtentry$$0000000A)
    __rt_entry_postsh_1                      0x0800013f   Thumb Code     0  __rtentry2.o(.ARM.Collect$$rtentry$$00000009)
    __rt_entry_main                          0x08000143   Thumb Code     0  __rtentry2.o(.ARM.Collect$$rtentry$$0000000D)
    __rt_entry_postli_1                      0x08000143   Thumb Code     0  __rtentry2.o(.ARM.Collect$$rtentry$$0000000C)
    __rt_exit                                0x0800014b   Thumb Code     0  rtexit.o(.ARM.Collect$$rtexit$$00000000)
    __rt_exit_ls                             0x0800014d   Thumb Code     0  rtexit2.o(.ARM.Collect$$rtexit$$00000003)
    __rt_exit_prels_1                        0x0800014d   Thumb Code     0  rtexit2.o(.ARM.Collect$$rtexit$$00000002)
    __rt_exit_exit                           0x08000151   Thumb Code     0  rtexit2.o(.ARM.Collect$$rtexit$$00000004)
    Reset_Handler                            0x08000159   Thumb Code    38  startup_stm32f030.o(.text)
    DMA1_Channel1_IRQHandler                 0x08000189   Thumb Code     0  startup_stm32f030.o(.text)
    DMA1_Channel2_3_IRQHandler               0x08000189   Thumb Code     0  startup_stm32f030.o(.text)
    DMA1_Channel4_5_IRQHandler               0x08000189   Thumb Code     0  startup_stm32f030.o(.text)
    EXTI2_3_IRQHandler                       0x08000189   Thumb Code     0  startup_stm32f030.o(.text)
    EXTI4_15_IRQHandler                      0x08000189   Thumb Code     0  startup_stm32f030.o(.text)
    FLASH_IRQHandler                         0x08000189   Thumb Code     0  startup_stm32f030.o(.text)
    I2C1_IRQHandler                          0x08000189   Thumb Code     0  startup_stm32f030.o(.text)
    I2C2_IRQHandler                          0x08000189   Thumb Code     0  startup_stm32f030.o(.text)
    RCC_IRQHandler                           0x08000189   Thumb Code     0  startup_stm32f030.o(.text)
    RTC_IRQHandler                           0x08000189   Thumb Code     0  startup_stm32f030.o(.text)
    SPI1_IRQHandler                          0x08000189   Thumb Code     0  startup_stm32f030.o(.text)
    TIM15_IRQHandler                         0x08000189   Thumb Code     0  startup_stm32f030.o(.text)
    TIM16_IRQHandler                         0x08000189   Thumb Code     0  startup_stm32f030.o(.text)
    TIM17_IRQHandler                         0x08000189   Thumb Code     0  startup_stm32f030.o(.text)
    TIM1_BRK_UP_TRG_COM_IRQHandler           0x08000189   Thumb Code     0  startup_stm32f030.o(.text)
    TIM1_CC_IRQHandler                       0x08000189   Thumb Code     0  startup_stm32f030.o(.text)
    USART2_IRQHandler                        0x08000189   Thumb Code     0  startup_stm32f030.o(.text)
    WWDG_IRQHandler                          0x08000189   Thumb Code     0  startup_stm32f030.o(.text)
    __user_initial_stackheap                 0x0800018d   Thumb Code     0  startup_stm32f030.o(.text)
    __aeabi_uidiv                            0x080001cd   Thumb Code     0  aeabi_sdiv.o(.text)
    __aeabi_uidivmod                         0x080001cd   Thumb Code    20  aeabi_sdiv.o(.text)
    __aeabi_idiv                             0x080001e1   Thumb Code     0  aeabi_sdiv.o(.text)
    __aeabi_idivmod                          0x080001e1   Thumb Code   326  aeabi_sdiv.o(.text)
    __use_two_region_memory                  0x08000327   Thumb Code     2  heapauxi.o(.text)
    __rt_heap_escrow$2region                 0x08000329   Thumb Code     2  heapauxi.o(.text)
    __rt_heap_expand$2region                 0x0800032b   Thumb Code     2  heapauxi.o(.text)
    __user_libspace                          0x0800032d   Thumb Code     8  libspace.o(.text)
    __user_perproc_libspace                  0x0800032d   Thumb Code     0  libspace.o(.text)
    __user_perthread_libspace                0x0800032d   Thumb Code     0  libspace.o(.text)
    __user_setup_stackheap                   0x08000335   Thumb Code    62  sys_stackheap_outer.o(.text)
    exit                                     0x08000373   Thumb Code    16  exit.o(.text)
    _sys_exit                                0x08000385   Thumb Code     8  sys_exit.o(.text)
    __I$use$semihosting                      0x08000391   Thumb Code     0  use_no_semi.o(.text)
    __use_no_semihosting_swi                 0x08000391   Thumb Code     2  use_no_semi.o(.text)
    ADC1_IRQHandler                          0x08000393   Thumb Code     2  stm32f0xx_it.o(i.ADC1_IRQHandler)
    __semihosting_library_function           0x08000393   Thumb Code     0  indicate_semi.o(.text)
    EXTI0_1_IRQHandler                       0x08000395   Thumb Code    20  stm32f0xx_it.o(i.EXTI0_1_IRQHandler)
    EXTI_ClearITPendingBit                   0x080003a9   Thumb Code     6  stm32f0xx_exti.o(i.EXTI_ClearITPendingBit)
    EXTI_GetITStatus                         0x080003b5   Thumb Code    22  stm32f0xx_exti.o(i.EXTI_GetITStatus)
    GPIO_Init                                0x080003d1   Thumb Code   144  stm32f0xx_gpio.o(i.GPIO_Init)
    GPIO_PinAFConfig                         0x08000461   Thumb Code    68  stm32f0xx_gpio.o(i.GPIO_PinAFConfig)
    GPIO_WriteBit                            0x080004a5   Thumb Code    12  stm32f0xx_gpio.o(i.GPIO_WriteBit)
    GPIO_int                                 0x080004b1   Thumb Code   322  gpio.o(i.GPIO_int)
    HW_int                                   0x080005f9   Thumb Code    40  main.o(i.HW_int)
    HardFault_Handler                        0x08000621   Thumb Code     4  stm32f0xx_it.o(i.HardFault_Handler)
    NMI_Handler                              0x08000625   Thumb Code     2  stm32f0xx_it.o(i.NMI_Handler)
    NVIC_Init                                0x08000629   Thumb Code   106  stm32f0xx_misc.o(i.NVIC_Init)
    PWR_BackupAccessCmd                      0x08000711   Thumb Code    36  stm32f0xx_pwr.o(i.PWR_BackupAccessCmd)
    PendSV_Handler                           0x08000739   Thumb Code     2  stm32f0xx_it.o(i.PendSV_Handler)
    RCC_AHBPeriphClockCmd                    0x0800073d   Thumb Code    28  stm32f0xx_rcc.o(i.RCC_AHBPeriphClockCmd)
    RCC_APB1PeriphClockCmd                   0x0800075d   Thumb Code    28  stm32f0xx_rcc.o(i.RCC_APB1PeriphClockCmd)
    RCC_APB2PeriphClockCmd                   0x0800077d   Thumb Code    28  stm32f0xx_rcc.o(i.RCC_APB2PeriphClockCmd)
    RCC_Configuration                        0x0800079d   Thumb Code    30  main.o(i.RCC_Configuration)
    RCC_GetClocksFreq                        0x080007c5   Thumb Code   554  stm32f0xx_rcc.o(i.RCC_GetClocksFreq)
    RCC_GetFlagStatus                        0x08000a11   Thumb Code    68  stm32f0xx_rcc.o(i.RCC_GetFlagStatus)
    RCC_LSICmd                               0x08000a59   Thumb Code    32  stm32f0xx_rcc.o(i.RCC_LSICmd)
    RCC_PLLCmd                               0x08000a7d   Thumb Code    36  stm32f0xx_rcc.o(i.RCC_PLLCmd)
    RCC_PLLConfig                            0x08000aa5   Thumb Code    30  stm32f0xx_rcc.o(i.RCC_PLLConfig)
    RCC_RTCCLKCmd                            0x08000ac9   Thumb Code    36  stm32f0xx_rcc.o(i.RCC_RTCCLKCmd)
    RCC_RTCCLKConfig                         0x08000af1   Thumb Code    12  stm32f0xx_rcc.o(i.RCC_RTCCLKConfig)
    RCC_SYSCLKConfig                         0x08000b01   Thumb Code    24  stm32f0xx_rcc.o(i.RCC_SYSCLKConfig)
    RTC_DateStructInit                       0x08000b53   Thumb Code    14  stm32f0xx_rtc.o(i.RTC_DateStructInit)
    RTC_EnterInitMode                        0x08000b61   Thumb Code    82  stm32f0xx_rtc.o(i.RTC_EnterInitMode)
    RTC_ExitInitMode                         0x08000bb9   Thumb Code    14  stm32f0xx_rtc.o(i.RTC_ExitInitMode)
    RTC_GetTime                              0x08000bcd   Thumb Code    84  stm32f0xx_rtc.o(i.RTC_GetTime)
    RTC_Init                                 0x08000c29   Thumb Code    84  stm32f0xx_rtc.o(i.RTC_Init)
    RTC_SetDate                              0x08000c81   Thumb Code   198  stm32f0xx_rtc.o(i.RTC_SetDate)
    RTC_SetTime                              0x08000d51   Thumb Code   208  stm32f0xx_rtc.o(i.RTC_SetTime)
    RTC_WaitForSynchro                       0x08000e29   Thumb Code   104  stm32f0xx_rtc.o(i.RTC_WaitForSynchro)
    SPI2_IRQHandler                          0x08000e95   Thumb Code     2  stm32f0xx_it.o(i.SPI2_IRQHandler)
    SPI2_Int                                 0x08000e99   Thumb Code    76  spi.o(i.SPI2_Int)
    SPI_Cmd                                  0x08000ee9   Thumb Code    24  stm32f0xx_spi.o(i.SPI_Cmd)
    SPI_Init                                 0x08000f05   Thumb Code    76  stm32f0xx_spi.o(i.SPI_Init)
    SPI_RxFIFOThresholdConfig                0x08000f5d   Thumb Code    16  stm32f0xx_spi.o(i.SPI_RxFIFOThresholdConfig)
    SVC_Handler                              0x08000f71   Thumb Code     2  stm32f0xx_it.o(i.SVC_Handler)
    SysClock_48                              0x0800104d   Thumb Code    44  main.o(i.SysClock_48)
    SysTick_Handler                          0x08001079   Thumb Code    22  stm32f0xx_it.o(i.SysTick_Handler)
    SystemInit                               0x08001099   Thumb Code   110  system_stm32f0xx.o(i.SystemInit)
    TIM14_IRQHandler                         0x08001115   Thumb Code    24  stm32f0xx_it.o(i.TIM14_IRQHandler)
    TIM3_IRQHandler                          0x08001131   Thumb Code    92  stm32f0xx_it.o(i.TIM3_IRQHandler)
    TIM_ClearITPendingBit                    0x08001199   Thumb Code     6  stm32f0xx_tim.o(i.TIM_ClearITPendingBit)
    TIM_Cmd                                  0x080011a1   Thumb Code    24  stm32f0xx_tim.o(i.TIM_Cmd)
    TIM_GetITStatus                          0x080011bd   Thumb Code    38  stm32f0xx_tim.o(i.TIM_GetITStatus)
    TIM_ITConfig                             0x080011e3   Thumb Code    20  stm32f0xx_tim.o(i.TIM_ITConfig)
    TIM_TimeBaseInit                         0x080011f9   Thumb Code    90  stm32f0xx_tim.o(i.TIM_TimeBaseInit)
    Tick_Configration                        0x08001275   Thumb Code    64  main.o(i.Tick_Configration)
    USART1_IRQHandler                        0x080012c1   Thumb Code     2  stm32f0xx_it.o(i.USART1_IRQHandler)
    USART_Cmd                                0x080012c3   Thumb Code    24  stm32f0xx_usart.o(i.USART_Cmd)
    USART_Init                               0x080012dd   Thumb Code   226  stm32f0xx_usart.o(i.USART_Init)
    UartInit                                 0x080013d5   Thumb Code   114  uart.o(i.UartInit)
    main                                     0x0800144d   Thumb Code    30  main.o(i.main)
    rtc_set                                  0x08001471   Thumb Code   138  rtc.o(i.rtc_set)
    timerInit                                0x080014fd   Thumb Code    70  main.o(i.timerInit)
    Region$$Table$$Base                      0x0800154c   Number         0  anon$$obj.o(Region$$Table)
    Region$$Table$$Limit                     0x0800156c   Number         0  anon$$obj.o(Region$$Table)
    SystemCoreClock                          0x20000000   Data           4  system_stm32f0xx.o(.data)
    AHBPrescTable                            0x20000004   Data          16  system_stm32f0xx.o(.data)
    TickCounter                              0x20000024   Data           4  stm32f0xx_it.o(.data)
    ticktimer                                0x20000028   Data           4  stm32f0xx_it.o(.data)
    count_timer                              0x2000002c   Data           4  stm32f0xx_it.o(.data)
    __libspace_start                         0x20000034   Data          96  libspace.o(.bss)
    __temporary_stack_top$libspace           0x20000094   Data           0  libspace.o(.bss)



==============================================================================

Memory Map of the image

  Image Entry point : 0x080000b5

  Load Region LR_IROM1 (Base: 0x08000000, Size: 0x000015a0, Max: 0x00005000, ABSOLUTE)

    Execution Region ER_IROM1 (Exec base: 0x08000000, Load base: 0x08000000, Size: 0x0000156c, Max: 0x00005000, ABSOLUTE)

    Exec Addr    Load Addr    Size         Type   Attr      Idx    E Section Name        Object

    0x08000000   0x08000000   0x000000b4   Data   RO            3    RESET               startup_stm32f030.o
    0x080000b4   0x080000b4   0x00000008   Code   RO         5143  * !!!main             c_p.l(__main.o)
    0x080000bc   0x080000bc   0x0000003c   Code   RO         5413    !!!scatter          c_p.l(__scatter.o)
    0x080000f8   0x080000f8   0x0000001a   Code   RO         5415    !!handler_copy      c_p.l(__scatter_copy.o)
    0x08000112   0x08000112   0x00000002   PAD
    0x08000114   0x08000114   0x0000001c   Code   RO         5417    !!handler_zi        c_p.l(__scatter_zi.o)
    0x08000130   0x08000130   0x00000002   Code   RO         5283    .ARM.Collect$$libinit$$00000000  c_p.l(libinit.o)
    0x08000132   0x08000132   0x00000000   Code   RO         5296    .ARM.Collect$$libinit$$00000002  c_p.l(libinit2.o)
    0x08000132   0x08000132   0x00000000   Code   RO         5298    .ARM.Collect$$libinit$$00000004  c_p.l(libinit2.o)
    0x08000132   0x08000132   0x00000000   Code   RO         5301    .ARM.Collect$$libinit$$0000000A  c_p.l(libinit2.o)
    0x08000132   0x08000132   0x00000000   Code   RO         5303    .ARM.Collect$$libinit$$0000000C  c_p.l(libinit2.o)
    0x08000132   0x08000132   0x00000000   Code   RO         5305    .ARM.Collect$$libinit$$0000000E  c_p.l(libinit2.o)
    0x08000132   0x08000132   0x00000000   Code   RO         5308    .ARM.Collect$$libinit$$00000011  c_p.l(libinit2.o)
    0x08000132   0x08000132   0x00000000   Code   RO         5310    .ARM.Collect$$libinit$$00000013  c_p.l(libinit2.o)
    0x08000132   0x08000132   0x00000000   Code   RO         5312    .ARM.Collect$$libinit$$00000015  c_p.l(libinit2.o)
    0x08000132   0x08000132   0x00000000   Code   RO         5314    .ARM.Collect$$libinit$$00000017  c_p.l(libinit2.o)
    0x08000132   0x08000132   0x00000000   Code   RO         5316    .ARM.Collect$$libinit$$00000019  c_p.l(libinit2.o)
    0x08000132   0x08000132   0x00000000   Code   RO         5318    .ARM.Collect$$libinit$$0000001B  c_p.l(libinit2.o)
    0x08000132   0x08000132   0x00000000   Code   RO         5320    .ARM.Collect$$libinit$$0000001D  c_p.l(libinit2.o)
    0x08000132   0x08000132   0x00000000   Code   RO         5322    .ARM.Collect$$libinit$$0000001F  c_p.l(libinit2.o)
    0x08000132   0x08000132   0x00000000   Code   RO         5324    .ARM.Collect$$libinit$$00000021  c_p.l(libinit2.o)
    0x08000132   0x08000132   0x00000000   Code   RO         5326    .ARM.Collect$$libinit$$00000023  c_p.l(libinit2.o)
    0x08000132   0x08000132   0x00000000   Code   RO         5328    .ARM.Collect$$libinit$$00000025  c_p.l(libinit2.o)
    0x08000132   0x08000132   0x00000000   Code   RO         5332    .ARM.Collect$$libinit$$0000002C  c_p.l(libinit2.o)
    0x08000132   0x08000132   0x00000000   Code   RO         5334    .ARM.Collect$$libinit$$0000002E  c_p.l(libinit2.o)
    0x08000132   0x08000132   0x00000000   Code   RO         5336    .ARM.Collect$$libinit$$00000030  c_p.l(libinit2.o)
    0x08000132   0x08000132   0x00000000   Code   RO         5338    .ARM.Collect$$libinit$$00000032  c_p.l(libinit2.o)
    0x08000132   0x08000132   0x00000002   Code   RO         5339    .ARM.Collect$$libinit$$00000033  c_p.l(libinit2.o)
    0x08000134   0x08000134   0x00000002   Code   RO         5370    .ARM.Collect$$libshutdown$$00000000  c_p.l(libshutdown.o)
    0x08000136   0x08000136   0x00000000   Code   RO         5396    .ARM.Collect$$libshutdown$$00000002  c_p.l(libshutdown2.o)
    0x08000136   0x08000136   0x00000000   Code   RO         5398    .ARM.Collect$$libshutdown$$00000004  c_p.l(libshutdown2.o)
    0x08000136   0x08000136   0x00000000   Code   RO         5401    .ARM.Collect$$libshutdown$$00000007  c_p.l(libshutdown2.o)
    0x08000136   0x08000136   0x00000000   Code   RO         5404    .ARM.Collect$$libshutdown$$0000000A  c_p.l(libshutdown2.o)
    0x08000136   0x08000136   0x00000000   Code   RO         5406    .ARM.Collect$$libshutdown$$0000000C  c_p.l(libshutdown2.o)
    0x08000136   0x08000136   0x00000000   Code   RO         5409    .ARM.Collect$$libshutdown$$0000000F  c_p.l(libshutdown2.o)
    0x08000136   0x08000136   0x00000002   Code   RO         5410    .ARM.Collect$$libshutdown$$00000010  c_p.l(libshutdown2.o)
    0x08000138   0x08000138   0x00000000   Code   RO         5178    .ARM.Collect$$rtentry$$00000000  c_p.l(__rtentry.o)
    0x08000138   0x08000138   0x00000000   Code   RO         5229    .ARM.Collect$$rtentry$$00000002  c_p.l(__rtentry2.o)
    0x08000138   0x08000138   0x00000006   Code   RO         5241    .ARM.Collect$$rtentry$$00000004  c_p.l(__rtentry4.o)
    0x0800013e   0x0800013e   0x00000000   Code   RO         5231    .ARM.Collect$$rtentry$$00000009  c_p.l(__rtentry2.o)
    0x0800013e   0x0800013e   0x00000004   Code   RO         5232    .ARM.Collect$$rtentry$$0000000A  c_p.l(__rtentry2.o)
    0x08000142   0x08000142   0x00000000   Code   RO         5234    .ARM.Collect$$rtentry$$0000000C  c_p.l(__rtentry2.o)
    0x08000142   0x08000142   0x00000008   Code   RO         5235    .ARM.Collect$$rtentry$$0000000D  c_p.l(__rtentry2.o)
    0x0800014a   0x0800014a   0x00000002   Code   RO         5287    .ARM.Collect$$rtexit$$00000000  c_p.l(rtexit.o)
    0x0800014c   0x0800014c   0x00000000   Code   RO         5343    .ARM.Collect$$rtexit$$00000002  c_p.l(rtexit2.o)
    0x0800014c   0x0800014c   0x00000004   Code   RO         5344    .ARM.Collect$$rtexit$$00000003  c_p.l(rtexit2.o)
    0x08000150   0x08000150   0x00000006   Code   RO         5345    .ARM.Collect$$rtexit$$00000004  c_p.l(rtexit2.o)
    0x08000156   0x08000156   0x00000002   PAD
    0x08000158   0x08000158   0x00000074   Code   RO            4    .text               startup_stm32f030.o
    0x080001cc   0x080001cc   0x0000015a   Code   RO         5137    .text               c_p.l(aeabi_sdiv.o)
    0x08000326   0x08000326   0x00000006   Code   RO         5141    .text               c_p.l(heapauxi.o)
    0x0800032c   0x0800032c   0x00000008   Code   RO         5264    .text               c_p.l(libspace.o)
    0x08000334   0x08000334   0x0000003e   Code   RO         5267    .text               c_p.l(sys_stackheap_outer.o)
    0x08000372   0x08000372   0x00000010   Code   RO         5272    .text               c_p.l(exit.o)
    0x08000382   0x08000382   0x00000002   PAD
    0x08000384   0x08000384   0x0000000c   Code   RO         5340    .text               c_p.l(sys_exit.o)
    0x08000390   0x08000390   0x00000002   Code   RO         5359    .text               c_p.l(use_no_semi.o)
    0x08000392   0x08000392   0x00000000   Code   RO         5361    .text               c_p.l(indicate_semi.o)
    0x08000392   0x08000392   0x00000002   Code   RO         4658    i.ADC1_IRQHandler   stm32f0xx_it.o
    0x08000394   0x08000394   0x00000014   Code   RO         4659    i.EXTI0_1_IRQHandler  stm32f0xx_it.o
    0x080003a8   0x080003a8   0x0000000c   Code   RO         1824    i.EXTI_ClearITPendingBit  stm32f0xx_exti.o
    0x080003b4   0x080003b4   0x0000001c   Code   RO         1828    i.EXTI_GetITStatus  stm32f0xx_exti.o
    0x080003d0   0x080003d0   0x00000090   Code   RO         2086    i.GPIO_Init         stm32f0xx_gpio.o
    0x08000460   0x08000460   0x00000044   Code   RO         2087    i.GPIO_PinAFConfig  stm32f0xx_gpio.o
    0x080004a4   0x080004a4   0x0000000c   Code   RO         2097    i.GPIO_WriteBit     stm32f0xx_gpio.o
    0x080004b0   0x080004b0   0x00000148   Code   RO         4409    i.GPIO_int          gpio.o
    0x080005f8   0x080005f8   0x00000028   Code   RO         4489    i.HW_int            main.o
    0x08000620   0x08000620   0x00000004   Code   RO         4660    i.HardFault_Handler  stm32f0xx_it.o
    0x08000624   0x08000624   0x00000002   Code   RO         4661    i.NMI_Handler       stm32f0xx_it.o
    0x08000626   0x08000626   0x00000002   PAD
    0x08000628   0x08000628   0x00000070   Code   RO         2499    i.NVIC_Init         stm32f0xx_misc.o
    0x08000698   0x08000698   0x00000078   Code   RO         4491    i.NVIC_SetPriority  main.o
    0x08000710   0x08000710   0x00000028   Code   RO         2531    i.PWR_BackupAccessCmd  stm32f0xx_pwr.o
    0x08000738   0x08000738   0x00000002   Code   RO         4662    i.PendSV_Handler    stm32f0xx_it.o
    0x0800073a   0x0800073a   0x00000002   PAD
    0x0800073c   0x0800073c   0x00000020   Code   RO         2606    i.RCC_AHBPeriphClockCmd  stm32f0xx_rcc.o
    0x0800075c   0x0800075c   0x00000020   Code   RO         2608    i.RCC_APB1PeriphClockCmd  stm32f0xx_rcc.o
    0x0800077c   0x0800077c   0x00000020   Code   RO         2610    i.RCC_APB2PeriphClockCmd  stm32f0xx_rcc.o
    0x0800079c   0x0800079c   0x00000028   Code   RO         4497    i.RCC_Configuration  main.o
    0x080007c4   0x080007c4   0x0000024c   Code   RO         2620    i.RCC_GetClocksFreq  stm32f0xx_rcc.o
    0x08000a10   0x08000a10   0x00000048   Code   RO         2621    i.RCC_GetFlagStatus  stm32f0xx_rcc.o
    0x08000a58   0x08000a58   0x00000024   Code   RO         2634    i.RCC_LSICmd        stm32f0xx_rcc.o
    0x08000a7c   0x08000a7c   0x00000028   Code   RO         2637    i.RCC_PLLCmd        stm32f0xx_rcc.o
    0x08000aa4   0x08000aa4   0x00000024   Code   RO         2638    i.RCC_PLLConfig     stm32f0xx_rcc.o
    0x08000ac8   0x08000ac8   0x00000028   Code   RO         2640    i.RCC_RTCCLKCmd     stm32f0xx_rcc.o
    0x08000af0   0x08000af0   0x00000010   Code   RO         2641    i.RCC_RTCCLKConfig  stm32f0xx_rcc.o
    0x08000b00   0x08000b00   0x0000001c   Code   RO         2642    i.RCC_SYSCLKConfig  stm32f0xx_rcc.o
    0x08000b1c   0x08000b1c   0x0000001a   Code   RO         2870    i.RTC_Bcd2ToByte    stm32f0xx_rtc.o
    0x08000b36   0x08000b36   0x0000001c   Code   RO         2872    i.RTC_ByteToBcd2    stm32f0xx_rtc.o
    0x08000b52   0x08000b52   0x0000000e   Code   RO         2877    i.RTC_DateStructInit  stm32f0xx_rtc.o
    0x08000b60   0x08000b60   0x00000058   Code   RO         2880    i.RTC_EnterInitMode  stm32f0xx_rtc.o
    0x08000bb8   0x08000bb8   0x00000014   Code   RO         2881    i.RTC_ExitInitMode  stm32f0xx_rtc.o
    0x08000bcc   0x08000bcc   0x0000005c   Code   RO         2889    i.RTC_GetTime       stm32f0xx_rtc.o
    0x08000c28   0x08000c28   0x00000058   Code   RO         2894    i.RTC_Init          stm32f0xx_rtc.o
    0x08000c80   0x08000c80   0x000000d0   Code   RO         2900    i.RTC_SetDate       stm32f0xx_rtc.o
    0x08000d50   0x08000d50   0x000000d8   Code   RO         2901    i.RTC_SetTime       stm32f0xx_rtc.o
    0x08000e28   0x08000e28   0x0000006c   Code   RO         2915    i.RTC_WaitForSynchro  stm32f0xx_rtc.o
    0x08000e94   0x08000e94   0x00000002   Code   RO         4663    i.SPI2_IRQHandler   stm32f0xx_it.o
    0x08000e96   0x08000e96   0x00000002   PAD
    0x08000e98   0x08000e98   0x00000050   Code   RO         4626    i.SPI2_Int          spi.o
    0x08000ee8   0x08000ee8   0x0000001c   Code   RO         3203    i.SPI_Cmd           stm32f0xx_spi.o
    0x08000f04   0x08000f04   0x00000058   Code   RO         3217    i.SPI_Init          stm32f0xx_spi.o
    0x08000f5c   0x08000f5c   0x00000014   Code   RO         3222    i.SPI_RxFIFOThresholdConfig  stm32f0xx_spi.o
    0x08000f70   0x08000f70   0x00000002   Code   RO         4664    i.SVC_Handler       stm32f0xx_it.o
    0x08000f72   0x08000f72   0x00000002   PAD
    0x08000f74   0x08000f74   0x000000d8   Code   RO           12    i.SetSysClock       system_stm32f0xx.o
    0x0800104c   0x0800104c   0x0000002c   Code   RO         4498    i.SysClock_48       main.o
    0x08001078   0x08001078   0x00000020   Code   RO         4665    i.SysTick_Handler   stm32f0xx_it.o
    0x08001098   0x08001098   0x0000007c   Code   RO           14    i.SystemInit        system_stm32f0xx.o
    0x08001114   0x08001114   0x0000001c   Code   RO         4666    i.TIM14_IRQHandler  stm32f0xx_it.o
    0x08001130   0x08001130   0x00000068   Code   RO         4667    i.TIM3_IRQHandler   stm32f0xx_it.o
    0x08001198   0x08001198   0x00000006   Code   RO         3482    i.TIM_ClearITPendingBit  stm32f0xx_tim.o
    0x0800119e   0x0800119e   0x00000002   PAD
    0x080011a0   0x080011a0   0x0000001c   Code   RO         3487    i.TIM_Cmd           stm32f0xx_tim.o
    0x080011bc   0x080011bc   0x00000026   Code   RO         3508    i.TIM_GetITStatus   stm32f0xx_tim.o
    0x080011e2   0x080011e2   0x00000014   Code   RO         3512    i.TIM_ITConfig      stm32f0xx_tim.o
    0x080011f6   0x080011f6   0x00000002   PAD
    0x080011f8   0x080011f8   0x0000007c   Code   RO         3560    i.TIM_TimeBaseInit  stm32f0xx_tim.o
    0x08001274   0x08001274   0x0000004c   Code   RO         4499    i.Tick_Configration  main.o
    0x080012c0   0x080012c0   0x00000002   Code   RO         4668    i.USART1_IRQHandler  stm32f0xx_it.o
    0x080012c2   0x080012c2   0x00000018   Code   RO         4046    i.USART_Cmd         stm32f0xx_usart.o
    0x080012da   0x080012da   0x00000002   PAD
    0x080012dc   0x080012dc   0x000000f8   Code   RO         4058    i.USART_Init        stm32f0xx_usart.o
    0x080013d4   0x080013d4   0x00000078   Code   RO         4777    i.UartInit          uart.o
    0x0800144c   0x0800144c   0x00000024   Code   RO         4502    i.main              main.o
    0x08001470   0x08001470   0x0000008a   Code   RO         4829    i.rtc_set           rtc.o
    0x080014fa   0x080014fa   0x00000002   PAD
    0x080014fc   0x080014fc   0x00000050   Code   RO         4503    i.timerInit         main.o
    0x0800154c   0x0800154c   0x00000020   Data   RO         5411    Region$$Table       anon$$obj.o


    Execution Region RW_IRAM1 (Exec base: 0x20000000, Load base: 0x0800156c, Size: 0x00000698, Max: 0x00002000, ABSOLUTE)

    Exec Addr    Load Addr    Size         Type   Attr      Idx    E Section Name        Object

    0x20000000   0x0800156c   0x00000014   Data   RW           15    .data               system_stm32f0xx.o
    0x20000014   0x08001580   0x00000010   Data   RW         2646    .data               stm32f0xx_rcc.o
    0x20000024   0x08001590   0x00000010   Data   RW         4669    .data               stm32f0xx_it.o
    0x20000034        -       0x00000060   Zero   RW         5265    .bss                c_p.l(libspace.o)
    0x20000094   0x080015a0   0x00000004   PAD
    0x20000098        -       0x00000200   Zero   RW            2    HEAP                startup_stm32f030.o
    0x20000298        -       0x00000400   Zero   RW            1    STACK               startup_stm32f030.o


==============================================================================

Image component sizes


      Code (inc. data)   RO Data    RW Data    ZI Data      Debug   Object Name

       328          6          0          0          0       5115   gpio.o
       436         48          0          0          0      10849   main.o
       138          0          0          0          0        578   rtc.o
        80          4          0          0          0        467   spi.o
       116         56        180          0       1536        748   startup_stm32f030.o
        40         12          0          0          0       1100   stm32f0xx_exti.o
       224          0          0          0          0       2383   stm32f0xx_gpio.o
       200         26          0         16          0       4869   stm32f0xx_it.o
       112          6          0          0          0        948   stm32f0xx_misc.o
        40          4          0          0          0        522   stm32f0xx_pwr.o
       952         76          0         16          0       7470   stm32f0xx_rcc.o
       888         46          0          0          0       7122   stm32f0xx_rtc.o
       136         20          0          0          0       2277   stm32f0xx_spi.o
       216         38          0          0          0       3574   stm32f0xx_tim.o
       272         22          0          0          0       2105   stm32f0xx_usart.o
       340         24          0         20          0     234097   system_stm32f0xx.o
       120          6          0          0          0        575   uart.o

    ----------------------------------------------------------------------
      4654        394        212         52       1536     284799   Object Totals
         0          0         32          0          0          0   (incl. Generated)
        16          0          0          0          0          0   (incl. Padding)

    ----------------------------------------------------------------------

      Code (inc. data)   RO Data    RW Data    ZI Data      Debug   Library Member Name

         8          0          0          0          0         68   __main.o
         0          0          0          0          0          0   __rtentry.o
        12          0          0          0          0          0   __rtentry2.o
         6          0          0          0          0          0   __rtentry4.o
        60          8          0          0          0          0   __scatter.o
        26          0          0          0          0          0   __scatter_copy.o
        28          0          0          0          0          0   __scatter_zi.o
       346          0          0          0          0         92   aeabi_sdiv.o
        16          0          0          0          0         68   exit.o
         6          0          0          0          0        136   heapauxi.o
         0          0          0          0          0          0   indicate_semi.o
         2          0          0          0          0          0   libinit.o
         2          0          0          0          0          0   libinit2.o
         2          0          0          0          0          0   libshutdown.o
         2          0          0          0          0          0   libshutdown2.o
         8          4          0          0         96         68   libspace.o
         2          0          0          0          0          0   rtexit.o
        10          0          0          0          0          0   rtexit2.o
        12          4          0          0          0         60   sys_exit.o
        62          0          0          0          0         80   sys_stackheap_outer.o
         2          0          0          0          0         68   use_no_semi.o

    ----------------------------------------------------------------------
       618         16          0          0        100        640   Library Totals
         6          0          0          0          4          0   (incl. Padding)

    ----------------------------------------------------------------------

      Code (inc. data)   RO Data    RW Data    ZI Data      Debug   Library Name

       612         16          0          0         96        640   c_p.l

    ----------------------------------------------------------------------
       618         16          0          0        100        640   Library Totals

    ----------------------------------------------------------------------

==============================================================================


      Code (inc. data)   RO Data    RW Data    ZI Data      Debug   

      5272        410        212         52       1636     282699   Grand Totals
      5272        410        212         52       1636     282699   ELF Image Totals
      5272        410        212         52          0          0   ROM Totals

==============================================================================

    Total RO  Size (Code + RO Data)                 5484 (   5.36kB)
    Total RW  Size (RW Data + ZI Data)              1688 (   1.65kB)
    Total ROM Size (Code + RO Data + RW Data)       5536 (   5.41kB)

==============================================================================

