Component: ARM Compiler 5.06 update 6 (build 750) Tool: armlink [4d35ed]

==============================================================================

Section Cross References

    startup_stm32f030.o(RESET) refers to startup_stm32f030.o(STACK) for __initial_sp
    startup_stm32f030.o(RESET) refers to startup_stm32f030.o(.text) for Reset_Handler
    startup_stm32f030.o(RESET) refers to stm32f0xx_it.o(i.NMI_Handler) for NMI_Handler
    startup_stm32f030.o(RESET) refers to stm32f0xx_it.o(i.HardFault_Handler) for HardFault_Handler
    startup_stm32f030.o(RESET) refers to stm32f0xx_it.o(i.SVC_Handler) for SVC_Handler
    startup_stm32f030.o(RESET) refers to stm32f0xx_it.o(i.PendSV_Handler) for PendSV_Handler
    startup_stm32f030.o(RESET) refers to stm32f0xx_it.o(i.SysTick_Handler) for SysTick_Handler
    startup_stm32f030.o(RESET) refers to stm32f0xx_it.o(i.EXTI0_1_IRQHandler) for EXTI0_1_IRQHandler
    startup_stm32f030.o(RESET) refers to stm32f0xx_it.o(i.ADC1_IRQHandler) for ADC1_IRQHandler
    startup_stm32f030.o(RESET) refers to stm32f0xx_it.o(i.TIM3_IRQHandler) for TIM3_IRQHandler
    startup_stm32f030.o(RESET) refers to stm32f0xx_it.o(i.TIM14_IRQHandler) for TIM14_IRQHandler
    startup_stm32f030.o(RESET) refers to stm32f0xx_it.o(i.SPI2_IRQHandler) for SPI2_IRQHandler
    startup_stm32f030.o(RESET) refers to stm32f0xx_it.o(i.USART1_IRQHandler) for USART1_IRQHandler
    startup_stm32f030.o(.text) refers to startup_stm32f030.o(STACK) for __initial_sp
    startup_stm32f030.o(.text) refers to system_stm32f0xx.o(i.SystemInit) for SystemInit
    startup_stm32f030.o(.text) refers to entry.o(.ARM.Collect$$$$00000000) for __main
    system_stm32f0xx.o(i.SystemCoreClockUpdate) refers to uidiv.o(.text) for __aeabi_uidivmod
    system_stm32f0xx.o(i.SystemCoreClockUpdate) refers to system_stm32f0xx.o(.data) for .data
    system_stm32f0xx.o(i.SystemInit) refers to system_stm32f0xx.o(i.SetSysClock) for SetSysClock
    stm32f0xx_gpio.o(i.GPIO_DeInit) refers to stm32f0xx_rcc.o(i.RCC_AHBPeriphResetCmd) for RCC_AHBPeriphResetCmd
    stm32f0xx_pwr.o(i.PWR_DeInit) refers to stm32f0xx_rcc.o(i.RCC_APB1PeriphResetCmd) for RCC_APB1PeriphResetCmd
    stm32f0xx_rcc.o(i.RCC_GetClocksFreq) refers to uidiv.o(.text) for __aeabi_uidivmod
    stm32f0xx_rcc.o(i.RCC_GetClocksFreq) refers to stm32f0xx_rcc.o(.data) for .data
    stm32f0xx_rcc.o(i.RCC_WaitForHSEStartUp) refers to stm32f0xx_rcc.o(i.RCC_GetFlagStatus) for RCC_GetFlagStatus
    stm32f0xx_rtc.o(i.RTC_DeInit) refers to stm32f0xx_rtc.o(i.RTC_EnterInitMode) for RTC_EnterInitMode
    stm32f0xx_rtc.o(i.RTC_DeInit) refers to stm32f0xx_rtc.o(i.RTC_WaitForSynchro) for RTC_WaitForSynchro
    stm32f0xx_rtc.o(i.RTC_GetAlarm) refers to stm32f0xx_rtc.o(i.RTC_Bcd2ToByte) for RTC_Bcd2ToByte
    stm32f0xx_rtc.o(i.RTC_GetDate) refers to stm32f0xx_rtc.o(i.RTC_Bcd2ToByte) for RTC_Bcd2ToByte
    stm32f0xx_rtc.o(i.RTC_GetTime) refers to stm32f0xx_rtc.o(i.RTC_Bcd2ToByte) for RTC_Bcd2ToByte
    stm32f0xx_rtc.o(i.RTC_GetTimeStamp) refers to stm32f0xx_rtc.o(i.RTC_Bcd2ToByte) for RTC_Bcd2ToByte
    stm32f0xx_rtc.o(i.RTC_Init) refers to stm32f0xx_rtc.o(i.RTC_EnterInitMode) for RTC_EnterInitMode
    stm32f0xx_rtc.o(i.RTC_Init) refers to stm32f0xx_rtc.o(i.RTC_ExitInitMode) for RTC_ExitInitMode
    stm32f0xx_rtc.o(i.RTC_RefClockCmd) refers to stm32f0xx_rtc.o(i.RTC_EnterInitMode) for RTC_EnterInitMode
    stm32f0xx_rtc.o(i.RTC_RefClockCmd) refers to stm32f0xx_rtc.o(i.RTC_ExitInitMode) for RTC_ExitInitMode
    stm32f0xx_rtc.o(i.RTC_SetAlarm) refers to stm32f0xx_rtc.o(i.RTC_Bcd2ToByte) for RTC_Bcd2ToByte
    stm32f0xx_rtc.o(i.RTC_SetAlarm) refers to stm32f0xx_rtc.o(i.RTC_ByteToBcd2) for RTC_ByteToBcd2
    stm32f0xx_rtc.o(i.RTC_SetDate) refers to stm32f0xx_rtc.o(i.RTC_Bcd2ToByte) for RTC_Bcd2ToByte
    stm32f0xx_rtc.o(i.RTC_SetDate) refers to stm32f0xx_rtc.o(i.RTC_ByteToBcd2) for RTC_ByteToBcd2
    stm32f0xx_rtc.o(i.RTC_SetDate) refers to stm32f0xx_rtc.o(i.RTC_EnterInitMode) for RTC_EnterInitMode
    stm32f0xx_rtc.o(i.RTC_SetDate) refers to stm32f0xx_rtc.o(i.RTC_ExitInitMode) for RTC_ExitInitMode
    stm32f0xx_rtc.o(i.RTC_SetDate) refers to stm32f0xx_rtc.o(i.RTC_WaitForSynchro) for RTC_WaitForSynchro
    stm32f0xx_rtc.o(i.RTC_SetTime) refers to stm32f0xx_rtc.o(i.RTC_Bcd2ToByte) for RTC_Bcd2ToByte
    stm32f0xx_rtc.o(i.RTC_SetTime) refers to stm32f0xx_rtc.o(i.RTC_ByteToBcd2) for RTC_ByteToBcd2
    stm32f0xx_rtc.o(i.RTC_SetTime) refers to stm32f0xx_rtc.o(i.RTC_EnterInitMode) for RTC_EnterInitMode
    stm32f0xx_rtc.o(i.RTC_SetTime) refers to stm32f0xx_rtc.o(i.RTC_ExitInitMode) for RTC_ExitInitMode
    stm32f0xx_rtc.o(i.RTC_SetTime) refers to stm32f0xx_rtc.o(i.RTC_WaitForSynchro) for RTC_WaitForSynchro
    stm32f0xx_rtc.o(i.RTC_SynchroShiftConfig) refers to stm32f0xx_rtc.o(i.RTC_WaitForSynchro) for RTC_WaitForSynchro
    stm32f0xx_spi.o(i.I2S_Init) refers to stm32f0xx_rcc.o(i.RCC_GetClocksFreq) for RCC_GetClocksFreq
[...]
    i.FLASH_ClearFlag                        0x080007d8   Section        0  stm32f0xx_flash.o(i.FLASH_ClearFlag)
    i.FLASH_GetStatus                        0x080007e4   Section        0  stm32f0xx_flash.o(i.FLASH_GetStatus)
    i.FLASH_Lock                             0x0800080c   Section        0  stm32f0xx_flash.o(i.FLASH_Lock)
    i.FLASH_ProgramHalfWord                  0x0800081c   Section        0  stm32f0xx_flash.o(i.FLASH_ProgramHalfWord)
    i.FLASH_Unlock                           0x08000850   Section        0  stm32f0xx_flash.o(i.FLASH_Unlock)
    i.FLASH_WaitForLastOperation             0x08000870   Section        0  stm32f0xx_flash.o(i.FLASH_WaitForLastOperation)
    i.GPIO_Init                              0x08000890   Section        0  stm32f0xx_gpio.o(i.GPIO_Init)
    i.GPIO_PinAFConfig                       0x08000900   Section        0  stm32f0xx_gpio.o(i.GPIO_PinAFConfig)
    i.GPIO_ReadInputDataBit                  0x08000920   Section        0  stm32f0xx_gpio.o(i.GPIO_ReadInputDataBit)
    i.GPIO_WriteBit                          0x0800092e   Section        0  stm32f0xx_gpio.o(i.GPIO_WriteBit)
    i.GPIO_int                               0x0800093c   Section        0  gpio.o(i.GPIO_int)
    i.HAL_Delay_nMS                          0x08000a24   Section        0  delay.o(i.HAL_Delay_nMS)
    i.HW_int                                 0x08000a38   Section        0  main.o(i.HW_int)
    i.HardFault_Handler                      0x08000a8c   Section        0  stm32f0xx_it.o(i.HardFault_Handler)
    i.NMI_Handler                            0x08000a8e   Section        0  stm32f0xx_it.o(i.NMI_Handler)
    i.NVIC_Init                              0x08000a90   Section        0  stm32f0xx_misc.o(i.NVIC_Init)
    i.PWR_BackupAccessCmd                    0x08000ae0   Section        0  stm32f0xx_pwr.o(i.PWR_BackupAccessCmd)
    i.PWR_GetFlagStatus                      0x08000afc   Section        0  stm32f0xx_pwr.o(i.PWR_GetFlagStatus)
    i.PendSV_Handler                         0x08000b10   Section        0  stm32f0xx_it.o(i.PendSV_Handler)
    i.RCC_AHBPeriphClockCmd                  0x08000b14   Section        0  stm32f0xx_rcc.o(i.RCC_AHBPeriphClockCmd)
    i.RCC_APB1PeriphClockCmd                 0x08000b30   Section        0  stm32f0xx_rcc.o(i.RCC_APB1PeriphClockCmd)
    i.RCC_APB2PeriphClockCmd                 0x08000b4c   Section        0  stm32f0xx_rcc.o(i.RCC_APB2PeriphClockCmd)
    i.RCC_Configuration                      0x08000b68   Section        0  main.o(i.RCC_Configuration)
    i.RCC_DeInit                             0x08000b84   Section        0  stm32f0xx_rcc.o(i.RCC_DeInit)
    i.RCC_GetClocksFreq                      0x08000be0   Section        0  stm32f0xx_rcc.o(i.RCC_GetClocksFreq)
    i.RCC_GetFlagStatus                      0x08000d78   Section        0  stm32f0xx_rcc.o(i.RCC_GetFlagStatus)
    i.RCC_LSICmd                             0x08000db0   Section        0  stm32f0xx_rcc.o(i.RCC_LSICmd)
    i.RCC_PLLCmd                             0x08000dd0   Section        0  stm32f0xx_rcc.o(i.RCC_PLLCmd)
    i.RCC_PLLConfig                          0x08000df0   Section        0  stm32f0xx_rcc.o(i.RCC_PLLConfig)
    i.RCC_RTCCLKCmd                          0x08000e0c   Section        0  stm32f0xx_rcc.o(i.RCC_RTCCLKCmd)
    i.RCC_RTCCLKConfig                       0x08000e2c   Section        0  stm32f0xx_rcc.o(i.RCC_RTCCLKConfig)
    i.RCC_SYSCLKConfig                       0x08000e3c   Section        0  stm32f0xx_rcc.o(i.RCC_SYSCLKConfig)
    i.RTC_Bcd2ToByte                         0x08000e50   Section        0  stm32f0xx_rtc.o(i.RTC_Bcd2ToByte)
    RTC_Bcd2ToByte                           0x08000e51   Thumb Code    16  stm32f0xx_rtc.o(i.RTC_Bcd2ToByte)
    i.RTC_ByteToBcd2                         0x08000e60   Section        0  stm32f0xx_rtc.o(i.RTC_ByteToBcd2)
    RTC_ByteToBcd2                           0x08000e61   Thumb Code    24  stm32f0xx_rtc.o(i.RTC_ByteToBcd2)
    i.RTC_DateStructInit                     0x08000e78   Section        0  stm32f0xx_rtc.o(i.RTC_DateStructInit)
    i.RTC_EnterInitMode                      0x08000e88   Section        0  stm32f0xx_rtc.o(i.RTC_EnterInitMode)
    i.RTC_ExitInitMode                       0x08000ecc   Section        0  stm32f0xx_rtc.o(i.RTC_ExitInitMode)
    i.RTC_GetTime                            0x08000edc   Section        0  stm32f0xx_rtc.o(i.RTC_GetTime)
    i.RTC_Init                               0x08000f28   Section        0  stm32f0xx_rtc.o(i.RTC_Init)
    i.RTC_SetDate                            0x08000f70   Section        0  stm32f0xx_rtc.o(i.RTC_SetDate)
    i.RTC_SetTime                            0x08001014   Section        0  stm32f0xx_rtc.o(i.RTC_SetTime)
    i.RTC_WaitForSynchro                     0x080010b8   Section        0  stm32f0xx_rtc.o(i.RTC_WaitForSynchro)
    i.RadioCheckRfFrequency                  0x08001108   Section        0  radio.o(i.RadioCheckRfFrequency)
    i.RadioGetFskBandwidthRegValue           0x0800110c   Section        0  radio.o(i.RadioGetFskBandwidthRegValue)
    RadioGetFskBandwidthRegValue             0x0800110d   Thumb Code    50  radio.o(i.RadioGetFskBandwidthRegValue)
    i.RadioGetStatus                         0x08001144   Section        0  radio.o(i.RadioGetStatus)
    i.RadioGetWakeupTime                     0x08001166   Section        0  radio.o(i.RadioGetWakeupTime)
    i.RadioInit                              0x0800116c   Section        0  radio.o(i.RadioInit)
    i.RadioIrqProcess                        0x080011b4   Section        0  radio.o(i.RadioIrqProcess)
    i.RadioIsChannelFree                     0x080012a0   Section        0  radio.o(i.RadioIsChannelFree)
    i.RadioOnDioIrq                          0x080012c4   Section        0  radio.o(i.RadioOnDioIrq)
    i.RadioRandom                            0x080012d0   Section        0  radio.o(i.RadioRandom)
    i.RadioRead                              0x08001304   Section        0  radio.o(i.RadioRead)
    i.RadioReadBuffer                        0x0800130c   Section        0  radio.o(i.RadioReadBuffer)
    i.RadioRssi                              0x08001314   Section        0  radio.o(i.RadioRssi)
    i.RadioRx                                0x0800131c   Section        0  radio.o(i.RadioRx)
    i.RadioRxBoosted                         0x08001350   Section        0  radio.o(i.RadioRxBoosted)
    i.RadioSend                              0x08001384   Section        0  radio.o(i.RadioSend)
    i.RadioSetChannel                        0x080013c0   Section        0  radio.o(i.RadioSetChannel)
    i.RadioSetMaxPayloadLength               0x080013c8   Section        0  radio.o(i.RadioSetMaxPayloadLength)
    i.RadioSetModem                          0x080013f8   Section        0  radio.o(i.RadioSetModem)
    i.RadioSetPublicNetwork                  0x08001428   Section        0  radio.o(i.RadioSetPublicNetwork)
    i.RadioSetRxConfig                       0x08001468   Section        0  radio.o(i.RadioSetRxConfig)
    i.RadioSetRxDutyCycle                    0x08001608   Section        0  radio.o(i.RadioSetRxDutyCycle)
    i.RadioSetTxConfig                       0x08001610   Section        0  radio.o(i.RadioSetTxConfig)
    i.RadioSetTxContinuousWave               0x08001748   Section        0  radio.o(i.RadioSetTxContinuousWave)
    i.RadioSleep                             0x0800175c   Section        0  radio.o(i.RadioSleep)
    i.RadioStandby                           0x0800177a   Section        0  radio.o(i.RadioStandby)
    i.RadioStartCad                          0x08001784   Section        0  radio.o(i.RadioStartCad)
    i.RadioTimeOnAir                         0x0800178c   Section        0  radio.o(i.RadioTimeOnAir)
    i.RadioWrite                             0x08001928   Section        0  radio.o(i.RadioWrite)
    i.RadioWriteBuffer                       0x08001930   Section        0  radio.o(i.RadioWriteBuffer)
    i.SPI1_Int                               0x08001938   Section        0  spi.o(i.SPI1_Int)
    i.SPI2_IRQHandler                        0x08001984   Section        0  stm32f0xx_it.o(i.SPI2_IRQHandler)
    i.SPI_Cmd                                0x08001986   Section        0  stm32f0xx_spi.o(i.SPI_Cmd)
    i.SPI_I2S_GetFlagStatus                  0x0800199c   Section        0  stm32f0xx_spi.o(i.SPI_I2S_GetFlagStatus)
    i.SPI_Init                               0x080019ac   Section        0  stm32f0xx_spi.o(i.SPI_Init)
    i.SPI_ReceiveData8                       0x08001a00   Section        0  stm32f0xx_spi.o(i.SPI_ReceiveData8)
    i.SPI_RxFIFOThresholdConfig              0x08001a04   Section        0  stm32f0xx_spi.o(i.SPI_RxFIFOThresholdConfig)
    i.SPI_SendData8                          0x08001a18   Section        0  stm32f0xx_spi.o(i.SPI_SendData8)
    i.SVC_Handler                            0x08001a1c   Section        0  stm32f0xx_it.o(i.SVC_Handler)
    i.SX126xAntSwOff                         0x08001a1e   Section        0  sx126x-board.o(i.SX126xAntSwOff)
    i.SX126xAntSwOn                          0x08001a20   Section        0  sx126x-board.o(i.SX126xAntSwOn)
    i.SX126xCalibrateImage                   0x08001a24   Section        0  sx126x.o(i.SX126xCalibrateImage)
    i.SX126xCheckDeviceReady                 0x08001aa0   Section        0  sx126x.o(i.SX126xCheckDeviceReady)
    i.SX126xClearIrqStatus                   0x08001ac0   Section        0  sx126x.o(i.SX126xClearIrqStatus)
    i.SX126xGetIrqStatus                     0x08001ad6   Section        0  sx126x.o(i.SX126xGetIrqStatus)
    i.SX126xGetOperatingMode                 0x08001af0   Section        0  sx126x.o(i.SX126xGetOperatingMode)
    i.SX126xGetPaSelect                      0x08001afc   Section        0  sx126x-board.o(i.SX126xGetPaSelect)
    i.SX126xGetPacketStatus                  0x08001b00   Section        0  sx126x.o(i.SX126xGetPacketStatus)
    i.SX126xGetPacketType                    0x08001b80   Section        0  sx126x.o(i.SX126xGetPacketType)
    i.SX126xGetPayload                       0x08001b8c   Section        0  sx126x.o(i.SX126xGetPayload)
    i.SX126xGetRssiInst                      0x08001bb8   Section        0  sx126x.o(i.SX126xGetRssiInst)
    i.SX126xGetRxBufferStatus                0x08001bd0   Section        0  sx126x.o(i.SX126xGetRxBufferStatus)
    i.SX126xInit                             0x08001c10   Section        0  sx126x.o(i.SX126xInit)
    i.SX126xReadBuffer                       0x08001c34   Section        0  sx126x-board.o(i.SX126xReadBuffer)
    i.SX126xReadCommand                      0x08001c84   Section        0  sx126x-board.o(i.SX126xReadCommand)
    i.SX126xReadRegister                     0x08001cce   Section        0  sx126x-board.o(i.SX126xReadRegister)
    i.SX126xReadRegisters                    0x08001cde   Section        0  sx126x-board.o(i.SX126xReadRegisters)
    i.SX126xReset                            0x08001d34   Section        0  sx126x-board.o(i.SX126xReset)
    i.SX126xSendPayload                      0x08001d64   Section        0  sx126x.o(i.SX126xSendPayload)
    i.SX126xSetBufferBaseAddress             0x08001d74   Section        0  sx126x.o(i.SX126xSetBufferBaseAddress)
    i.SX126xSetCad                           0x08001d88   Section        0  sx126x.o(i.SX126xSetCad)
    i.SX126xSetCadParams                     0x08001da0   Section        0  sx126x.o(i.SX126xSetCadParams)
    i.SX126xSetCrcPolynomial                 0x08001dd0   Section        0  sx126x.o(i.SX126xSetCrcPolynomial)
    i.SX126xSetCrcSeed                       0x08001df4   Section        0  sx126x.o(i.SX126xSetCrcSeed)
    i.SX126xSetDio2AsRfSwitchCtrl            0x08001e18   Section        0  sx126x.o(i.SX126xSetDio2AsRfSwitchCtrl)
    i.SX126xSetDioIrqParams                  0x08001e26   Section        0  sx126x.o(i.SX126xSetDioIrqParams)
    i.SX126xSetLoRaSymbNumTimeout            0x08001e4e   Section        0  sx126x.o(i.SX126xSetLoRaSymbNumTimeout)
    i.SX126xSetModulationParams              0x08001e5c   Section        0  sx126x.o(i.SX126xSetModulationParams)
    i.SX126xSetPaConfig                      0x08001f04   Section        0  sx126x.o(i.SX126xSetPaConfig)
    i.SX126xSetPacketParams                  0x08001f1c   Section        0  sx126x.o(i.SX126xSetPacketParams)
    i.SX126xSetPacketType                    0x08001fd0   Section        0  sx126x.o(i.SX126xSetPacketType)
    i.SX126xSetPayload                       0x08001fec   Section        0  sx126x.o(i.SX126xSetPayload)
    i.SX126xSetRegulatorMode                 0x08001ffa   Section        0  sx126x.o(i.SX126xSetRegulatorMode)
    i.SX126xSetRfFrequency                   0x08002008   Section        0  sx126x.o(i.SX126xSetRfFrequency)
    i.SX126xSetRfTxPower                     0x08002054   Section        0  sx126x-board.o(i.SX126xSetRfTxPower)
    i.SX126xSetRx                            0x08002060   Section        0  sx126x.o(i.SX126xSetRx)
    i.SX126xSetRxBoosted                     0x08002084   Section        0  sx126x.o(i.SX126xSetRxBoosted)
    i.SX126xSetRxDutyCycle                   0x080020b4   Section        0  sx126x.o(i.SX126xSetRxDutyCycle)
    i.SX126xSetSleep                         0x080020e4   Section        0  sx126x.o(i.SX126xSetSleep)
    i.SX126xSetStandby                       0x08002100   Section        0  sx126x.o(i.SX126xSetStandby)
    i.SX126xSetStopRxTimerOnPreambleDetect   0x08002128   Section        0  sx126x.o(i.SX126xSetStopRxTimerOnPreambleDetect)
    i.SX126xSetSyncWord                      0x08002136   Section        0  sx126x.o(i.SX126xSetSyncWord)
    i.SX126xSetTx                            0x08002148   Section        0  sx126x.o(i.SX126xSetTx)
    i.SX126xSetTxContinuousWave              0x0800216c   Section        0  sx126x.o(i.SX126xSetTxContinuousWave)
    i.SX126xSetTxParams                      0x0800217c   Section        0  sx126x.o(i.SX126xSetTxParams)
    i.SX126xSetWhiteningSeed                 0x08002200   Section        0  sx126x.o(i.SX126xSetWhiteningSeed)
    i.SX126xWaitOnBusy                       0x08002230   Section        0  sx126x-board.o(i.SX126xWaitOnBusy)
    i.SX126xWakeup                           0x08002248   Section        0  sx126x-board.o(i.SX126xWakeup)
    i.SX126xWriteBuffer                      0x08002274   Section        0  sx126x-board.o(i.SX126xWriteBuffer)
    i.SX126xWriteCommand                     0x080022bc   Section        0  sx126x-board.o(i.SX126xWriteCommand)
    i.SX126xWriteRegister                    0x08002302   Section        0  sx126x-board.o(i.SX126xWriteRegister)
    i.SX126xWriteRegisters                   0x0800230e   Section        0  sx126x-board.o(i.SX126xWriteRegisters)
    i.SetSysClock                            0x0800235c   Section        0  system_stm32f0xx.o(i.SetSysClock)
    SetSysClock                              0x0800235d   Thumb Code   148  system_stm32f0xx.o(i.SetSysClock)
    i.SpiInOut                               0x080023f8   Section        0  spi.o(i.SpiInOut)
    i.SysClock_48                            0x0800242c   Section        0  main.o(i.SysClock_48)
    i.SysTick_Handler                        0x0800245c   Section        0  stm32f0xx_it.o(i.SysTick_Handler)
    i.SystemInit                             0x08002470   Section        0  system_stm32f0xx.o(i.SystemInit)
    i.TIM14_IRQHandler                       0x080024d0   Section        0  stm32f0xx_it.o(i.TIM14_IRQHandler)
    i.TIM3_IRQHandler                        0x080024d2   Section        0  stm32f0xx_it.o(i.TIM3_IRQHandler)
    i.Tick_Configration                      0x080024d4   Section        0  main.o(i.Tick_Configration)
    i.USART1_IRQHandler                      0x08002520   Section        0  stm32f0xx_it.o(i.USART1_IRQHandler)
    i.USART_Cmd                              0x08002548   Section        0  stm32f0xx_usart.o(i.USART_Cmd)
    i.USART_GetITStatus                      0x08002560   Section        0  stm32f0xx_usart.o(i.USART_GetITStatus)
    i.USART_ITConfig                         0x0800259c   Section        0  stm32f0xx_usart.o(i.USART_ITConfig)
    i.USART_Init                             0x080025cc   Section        0  stm32f0xx_usart.o(i.USART_Init)
    i.USART_ReceiveData                      0x0800267c   Section        0  stm32f0xx_usart.o(i.USART_ReceiveData)
    i.UartInit                               0x08002684   Section        0  uart.o(i.UartInit)
    i._OnCadDone                             0x08002718   Section        0  lora_node.o(i._OnCadDone)
    _OnCadDone                               0x08002719   Thumb Code    32  lora_node.o(i._OnCadDone)
    i._OnRxDone                              0x08002748   Section        0  lora_node.o(i._OnRxDone)
    _OnRxDone                                0x08002749   Thumb Code    40  lora_node.o(i._OnRxDone)
    i._OnRxError                             0x08002788   Section        0  lora_node.o(i._OnRxError)
    _OnRxError                               0x08002789   Thumb Code    22  lora_node.o(i._OnRxError)
    i._OnRxTimeout                           0x080027b0   Section        0  lora_node.o(i._OnRxTimeout)
    _OnRxTimeout                             0x080027b1   Thumb Code    22  lora_node.o(i._OnRxTimeout)
    i._OnTxDone                              0x080027d8   Section        0  lora_node.o(i._OnTxDone)
    _OnTxDone                                0x080027d9   Thumb Code    22  lora_node.o(i._OnTxDone)
    i._OnTxTimeout                           0x08002800   Section        0  lora_node.o(i._OnTxTimeout)
    _OnTxTimeout                             0x08002801   Thumb Code    10  lora_node.o(i._OnTxTimeout)
    i.__0printf$8                            0x0800280c   Section        0  printf8.o(i.__0printf$8)
    i.__ARM_clz                              0x0800282c   Section        0  depilogue.o(i.__ARM_clz)
    i.__scatterload_copy                     0x0800285a   Section       14  handlers.o(i.__scatterload_copy)
    i.__scatterload_null                     0x08002868   Section        2  handlers.o(i.__scatterload_null)
    i.__scatterload_zeroinit                 0x0800286a   Section       14  handlers.o(i.__scatterload_zeroinit)
    i._again_fsm_func                        0x08002878   Section        0  lora_node.o(i._again_fsm_func)
    _again_fsm_func                          0x08002879   Thumb Code    18  lora_node.o(i._again_fsm_func)
    i._cad_busy_fsm_func                     0x0800288c   Section        0  lora_node.o(i._cad_busy_fsm_func)
    _cad_busy_fsm_func                       0x0800288d   Thumb Code    24  lora_node.o(i._cad_busy_fsm_func)
    i._cad_check_fsm_func                    0x080028b4   Section        0  lora_node.o(i._cad_check_fsm_func)
    _cad_check_fsm_func                      0x080028b5   Thumb Code    16  lora_node.o(i._cad_check_fsm_func)
    i._cad_idie_fsm_func                     0x080028c4   Section        0  lora_node.o(i._cad_idie_fsm_func)
    _cad_idie_fsm_func                       0x080028c5   Thumb Code    12  lora_node.o(i._cad_idie_fsm_func)
    i._check_cad                             0x080028d0   Section        0  lora_node.o(i._check_cad)
    _check_cad                               0x080028d1   Thumb Code    42  lora_node.o(i._check_cad)
    i._idie_fsm_func                         0x0800290c   Section        0  lora_node.o(i._idie_fsm_func)
    _idie_fsm_func                           0x0800290d   Thumb Code    62  lora_node.o(i._idie_fsm_func)
    i._printf_core                           0x0800297c   Section        0  printf8.o(i._printf_core)
    _printf_core                             0x0800297d   Thumb Code  1020  printf8.o(i._printf_core)
    i._printf_post_padding                   0x08002da4   Section        0  printf8.o(i._printf_post_padding)
    _printf_post_padding                     0x08002da5   Thumb Code    32  printf8.o(i._printf_post_padding)
    i._printf_pre_padding                    0x08002dc4   Section        0  printf8.o(i._printf_pre_padding)
    _printf_pre_padding                      0x08002dc5   Thumb Code    44  printf8.o(i._printf_pre_padding)
    i._recv_end_fsm_func                     0x08002df0   Section        0  lora_node.o(i._recv_end_fsm_func)
    _recv_end_fsm_func                       0x08002df1   Thumb Code   130  lora_node.o(i._recv_end_fsm_func)
    i._recv_fsm_func                         0x08002eb4   Section        0  lora_node.o(i._recv_fsm_func)
    _recv_fsm_func                           0x08002eb5   Thumb Code    22  lora_node.o(i._recv_fsm_func)
    i._recv_overtime_fsm_func                0x08002ed0   Section        0  lora_node.o(i._recv_overtime_fsm_func)
    _recv_overtime_fsm_func                  0x08002ed1   Thumb Code     4  lora_node.o(i._recv_overtime_fsm_func)
    i._recving_fsm_func                      0x08002ed4   Section        0  lora_node.o(i._recving_fsm_func)
    _recving_fsm_func                        0x08002ed5   Thumb Code     4  lora_node.o(i._recving_fsm_func)
    i._send_data                             0x08002ed8   Section        0  lora_node.o(i._send_data)
    _send_data                               0x08002ed9   Thumb Code    90  lora_node.o(i._send_data)
    i._send_end_fsm_func                     0x08002f50   Section        0  lora_node.o(i._send_end_fsm_func)
    _send_end_fsm_func                       0x08002f51   Thumb Code    12  lora_node.o(i._send_end_fsm_func)
    i._send_fsm_func                         0x08002f5c   Section        0  lora_node.o(i._send_fsm_func)
    _send_fsm_func                           0x08002f5d   Thumb Code    16  lora_node.o(i._send_fsm_func)
    i._send_overtime_fsm_func                0x08002f6c   Section        0  lora_node.o(i._send_overtime_fsm_func)
    _send_overtime_fsm_func                  0x08002f6d   Thumb Code     4  lora_node.o(i._send_overtime_fsm_func)
    i._sending_fsm_func                      0x08002f70   Section        0  lora_node.o(i._sending_fsm_func)
    _sending_fsm_func                        0x08002f71   Thumb Code     4  lora_node.o(i._sending_fsm_func)
    i._set_addr                              0x08002f74   Section        0  main.o(i._set_addr)
    _set_addr                                0x08002f75   Thumb Code    16  main.o(i._set_addr)
    i._sleep_fsm_func                        0x08002f84   Section        0  lora_node.o(i._sleep_fsm_func)
    _sleep_fsm_func                          0x08002f85   Thumb Code    30  lora_node.o(i._sleep_fsm_func)
    i._write_sn                              0x08002fb8   Section        0  main.o(i._write_sn)
    _write_sn                                0x08002fb9   Thumb Code    46  main.o(i._write_sn)
    i.ceil                                   0x0800300c   Section        0  ceil.o(i.ceil)
    i.floor                                  0x080030d4   Section        0  floor.o(i.floor)
    i.fputc                                  0x0800319c   Section        0  uart.o(i.fputc)
    i.lora_change_state                      0x080031b4   Section        0  lora_node.o(i.lora_change_state)
    i.lora_common_crc                        0x080031c0   Section        0  lora_common.o(i.lora_common_crc)
    i.lora_common_delay_s                    0x080031d8   Section        0  lora_common.o(i.lora_common_delay_s)
    i.lora_common_get_data                   0x080031ec   Section        0  lora_common.o(i.lora_common_get_data)
    i.lora_common_snd_beg                    0x080031fc   Section        0  lora_common.o(i.lora_common_snd_beg)
    i.lora_common_snd_end                    0x08003228   Section        0  lora_common.o(i.lora_common_snd_end)
    i.lora_common_snd_join                   0x08003254   Section        0  lora_common.o(i.lora_common_snd_join)
    i.lora_node_base_info                    0x08003294   Section        0  lora_node.o(i.lora_node_base_info)
    i.lora_node_init                         0x0800329c   Section        0  lora_node.o(i.lora_node_init)
    i.lora_node_task                         0x0800338c   Section        0  lora_node.o(i.lora_node_task)
    i.main                                   0x08003424   Section        0  main.o(i.main)
    i.operate_flash_read                     0x08003470   Section        0  operate_flash.o(i.operate_flash_read)
    i.operate_flash_write                    0x0800347c   Section        0  operate_flash.o(i.operate_flash_write)
    i.rint                                   0x080034ac   Section        0  rint.o(i.rint)
    i.rtc_get_min                            0x080034b4   Section        0  rtc.o(i.rtc_get_min)
    i.rtc_get_sec                            0x080034ce   Section        0  rtc.o(i.rtc_get_sec)
    i.rtc_set                                0x080034e8   Section        0  rtc.o(i.rtc_set)
    i.rtc_set_time                           0x0800356e   Section        0  rtc.o(i.rtc_set_time)
    .constdata                               0x0800357c   Section      108  radio.o(.constdata)
    .constdata                               0x080035e8   Section      180  radio.o(.constdata)
    .constdata                               0x0800369c   Section       79  lora_node.o(.constdata)
    __func__                                 0x0800369c   Data          16  lora_node.o(.constdata)
    __func__                                 0x080036ac   Data          19  lora_node.o(.constdata)
    __func__                                 0x080036bf   Data          10  lora_node.o(.constdata)
    __func__                                 0x080036c9   Data          10  lora_node.o(.constdata)
    __func__                                 0x080036d3   Data          13  lora_node.o(.constdata)
    __func__                                 0x080036e0   Data          11  lora_node.o(.constdata)
    .data                                    0x20000000   Section       20  system_stm32f0xx.o(.data)
    .data                                    0x20000014   Section       16  stm32f0xx_rcc.o(.data)
    APBAHBPrescTable                         0x20000014   Data          16  stm32f0xx_rcc.o(.data)
    .data                                    0x20000024   Section       12  stm32f0xx_it.o(.data)
    .data                                    0x20000030   Section        4  uart.o(.data)
    .data                                    0x20000038   Section      168  radio.o(.data)
    RadioPublicNetwork                       0x2000003b   Data           2  radio.o(.data)
    RadioEvents                              0x20000048   Data           4  radio.o(.data)
    RadioLoRaSymbTime                        0x20000050   Data         144  radio.o(.data)
    .data                                    0x200000e0   Section        8  sx126x.o(.data)
    ImageCalibrated                          0x200000e0   Data           1  sx126x.o(.data)
    OperatingMode                            0x200000e1   Data           1  sx126x.o(.data)
    PacketType                               0x200000e2   Data           1  sx126x.o(.data)
    .data                                    0x200000e8   Section        8  lora_node.o(.data)
    _recv_len                                0x200000e8   Data           1  lora_node.o(.data)
    old_min_t                                0x200000ec   Data           4  lora_node.o(.data)
    .bss                                     0x200000f0   Section      336  radio.o(.bss)
    .bss                                     0x20000240   Section       25  lora_common.o(.bss)
    _send_data_info                          0x20000240   Data          25  lora_common.o(.bss)
    .bss                                     0x2000025c   Section       68  lora_node.o(.bss)
    _base_info                               0x2000025c   Data          16  lora_node.o(.bss)
    _RadioEvents                             0x2000026c   Data          28  lora_node.o(.bss)
    _recv_buf                                0x20000288   Data          24  lora_node.o(.bss)
    STACK                                    0x200002a0   Section     1024  startup_stm32f030.o(STACK)

    Global Symbols

    Symbol Name                              Value     Ov Type        Size  Object(Section)

    BuildAttributes$$THM_ISAv3M$S$PE$A:L22$X:L11$S22$IEEE1$IW$USESV6$~STKCKD$USESV7$~SHL$OTIME$ROPI$IEEEJ$EBA8$MICROLIB$REQ8$PRES8$EABIv2 0x00000000   Number         0  anon$$obj.o ABSOLUTE
    __ARM_use_no_argv                        0x00000000   Number         0  main.o ABSOLUTE
    _printf_a                                0x00000000   Number         0  stubs.o ABSOLUTE
    _printf_c                                0x00000000   Number         0  stubs.o ABSOLUTE
    _printf_charcount                        0x00000000   Number         0  stubs.o ABSOLUTE
    _printf_d                                0x00000000   Number         0  stubs.o ABSOLUTE
    _printf_e                                0x00000000   Number         0  stubs.o ABSOLUTE
    _printf_f                                0x00000000   Number         0  stubs.o ABSOLUTE
    _printf_flags                            0x00000000   Number         0  stubs.o ABSOLUTE
    _printf_fp_dec                           0x00000000   Number         0  stubs.o ABSOLUTE
    _printf_fp_hex                           0x00000000   Number         0  stubs.o ABSOLUTE
    _printf_g                                0x00000000   Number         0  stubs.o ABSOLUTE
    _printf_i                                0x00000000   Number         0  stubs.o ABSOLUTE
    _printf_int_dec                          0x00000000   Number         0  stubs.o ABSOLUTE
    _printf_l                                0x00000000   Number         0  stubs.o ABSOLUTE
    _printf_lc                               0x00000000   Number         0  stubs.o ABSOLUTE
    _printf_ll                               0x00000000   Number         0  stubs.o ABSOLUTE
    _printf_lld                              0x00000000   Number         0  stubs.o ABSOLUTE
    _printf_lli                              0x00000000   Number         0  stubs.o ABSOLUTE
    _printf_llo                              0x00000000   Number         0  stubs.o ABSOLUTE
    _printf_llu                              0x00000000   Number         0  stubs.o ABSOLUTE
    _printf_llx                              0x00000000   Number         0  stubs.o ABSOLUTE
    _printf_longlong_dec                     0x00000000   Number         0  stubs.o ABSOLUTE
    _printf_longlong_hex                     0x00000000   Number         0  stubs.o ABSOLUTE
    _printf_longlong_oct                     0x00000000   Number         0  stubs.o ABSOLUTE
    _printf_ls                               0x00000000   Number         0  stubs.o ABSOLUTE
    _printf_mbtowc                           0x00000000   Number         0  stubs.o ABSOLUTE
    _printf_n                                0x00000000   Number         0  stubs.o ABSOLUTE
    _printf_o                                0x00000000   Number         0  stubs.o ABSOLUTE
    _printf_p                                0x00000000   Number         0  stubs.o ABSOLUTE
    _printf_percent                          0x00000000   Number         0  stubs.o ABSOLUTE
    _printf_pre_padding                      0x00000000   Number         0  stubs.o ABSOLUTE
    _printf_return_value                     0x00000000   Number         0  stubs.o ABSOLUTE
    _printf_s                                0x00000000   Number         0  stubs.o ABSOLUTE
    _printf_sizespec                         0x00000000   Number         0  stubs.o ABSOLUTE
    _printf_str                              0x00000000   Number         0  stubs.o ABSOLUTE
    _printf_truncate_signed                  0x00000000   Number         0  stubs.o ABSOLUTE
    _printf_truncate_unsigned                0x00000000   Number         0  stubs.o ABSOLUTE
    _printf_u                                0x00000000   Number         0  stubs.o ABSOLUTE
    _printf_wc                               0x00000000   Number         0  stubs.o ABSOLUTE
    _printf_wctomb                           0x00000000   Number         0  stubs.o ABSOLUTE
    _printf_widthprec                        0x00000000   Number         0  stubs.o ABSOLUTE
    _printf_x                                0x00000000   Number         0  stubs.o ABSOLUTE
    __cpp_initialize__aeabi_                  - Undefined Weak Reference
    __cxa_finalize                            - Undefined Weak Reference
    __decompress                              - Undefined Weak Reference
    _clock_init                               - Undefined Weak Reference
    _microlib_exit                            - Undefined Weak Reference
    __Vectors_Size                           0x000000b4   Number         0  startup_stm32f030.o ABSOLUTE
    __Vectors                                0x08000000   Data           4  startup_stm32f030.o(RESET)
    __Vectors_End                            0x080000b4   Data           0  startup_stm32f030.o(RESET)
    __main                                   0x080000b5   Thumb Code     0  entry.o(.ARM.Collect$$$$00000000)
    _main_stk                                0x080000b5   Thumb Code     0  entry2.o(.ARM.Collect$$$$00000001)
    _main_scatterload                        0x080000b9   Thumb Code     0  entry5.o(.ARM.Collect$$$$00000004)
    __main_after_scatterload                 0x080000bd   Thumb Code     0  entry5.o(.ARM.Collect$$$$00000004)
    _main_clock                              0x080000bd   Thumb Code     0  entry7b.o(.ARM.Collect$$$$00000008)
    _main_cpp_init                           0x080000bd   Thumb Code     0  entry8b.o(.ARM.Collect$$$$0000000A)
    _main_init                               0x080000bd   Thumb Code     0  entry9a.o(.ARM.Collect$$$$0000000B)
    __rt_final_cpp                           0x080000c5   Thumb Code     0  entry10a.o(.ARM.Collect$$$$0000000D)
    __rt_final_exit                          0x080000c5   Thumb Code     0  entry11a.o(.ARM.Collect$$$$0000000F)
    Reset_Handler                            0x080000c9   Thumb Code    38  startup_stm32f030.o(.text)
    DMA1_Channel1_IRQHandler                 0x080000f9   Thumb Code     0  startup_stm32f030.o(.text)
    DMA1_Channel2_3_IRQHandler               0x080000f9   Thumb Code     0  startup_stm32f030.o(.text)
    DMA1_Channel4_5_IRQHandler               0x080000f9   Thumb Code     0  startup_stm32f030.o(.text)
    EXTI2_3_IRQHandler                       0x080000f9   Thumb Code     0  startup_stm32f030.o(.text)
    EXTI4_15_IRQHandler                      0x080000f9   Thumb Code     0  startup_stm32f030.o(.text)
    FLASH_IRQHandler                         0x080000f9   Thumb Code     0  startup_stm32f030.o(.text)
    I2C1_IRQHandler                          0x080000f9   Thumb Code     0  startup_stm32f030.o(.text)
    I2C2_IRQHandler                          0x080000f9   Thumb Code     0  startup_stm32f030.o(.text)
    RCC_IRQHandler                           0x080000f9   Thumb Code     0  startup_stm32f030.o(.text)
    RTC_IRQHandler                           0x080000f9   Thumb Code     0  startup_stm32f030.o(.text)
    SPI1_IRQHandler                          0x080000f9   Thumb Code     0  startup_stm32f030.o(.text)
    TIM15_IRQHandler                         0x080000f9   Thumb Code     0  startup_stm32f030.o(.text)
    TIM16_IRQHandler                         0x080000f9   Thumb Code     0  startup_stm32f030.o(.text)
    TIM17_IRQHandler                         0x080000f9   Thumb Code     0  startup_stm32f030.o(.text)
    TIM1_BRK_UP_TRG_COM_IRQHandler           0x080000f9   Thumb Code     0  startup_stm32f030.o(.text)
    TIM1_CC_IRQHandler                       0x080000f9   Thumb Code     0  startup_stm32f030.o(.text)
    USART2_IRQHandler                        0x080000f9   Thumb Code     0  startup_stm32f030.o(.text)
    WWDG_IRQHandler                          0x080000f9   Thumb Code     0  startup_stm32f030.o(.text)
    __aeabi_uidiv                            0x08000121   Thumb Code     0  uidiv.o(.text)
    __aeabi_uidivmod                         0x08000121   Thumb Code    44  uidiv.o(.text)
    __aeabi_memcpy                           0x0800014d   Thumb Code    36  memcpya.o(.text)
    __aeabi_memcpy4                          0x0800014d   Thumb Code     0  memcpya.o(.text)
    __aeabi_memcpy8                          0x0800014d   Thumb Code     0  memcpya.o(.text)
    __aeabi_memset                           0x08000171   Thumb Code    14  memseta.o(.text)
    __aeabi_memset4                          0x08000171   Thumb Code     0  memseta.o(.text)
    __aeabi_memset8                          0x08000171   Thumb Code     0  memseta.o(.text)
    __aeabi_memclr                           0x0800017f   Thumb Code     4  memseta.o(.text)
    __aeabi_memclr4                          0x0800017f   Thumb Code     0  memseta.o(.text)
    __aeabi_memclr8                          0x0800017f   Thumb Code     0  memseta.o(.text)
    _memset$wrapper                          0x08000183   Thumb Code    18  memseta.o(.text)
    __aeabi_dadd                             0x08000195   Thumb Code   328  dadd.o(.text)
    __aeabi_dsub                             0x080002dd   Thumb Code    12  dadd.o(.text)
    __aeabi_drsub                            0x080002e9   Thumb Code    12  dadd.o(.text)
    __aeabi_dmul                             0x080002f9   Thumb Code   202  dmul.o(.text)
    __aeabi_ddiv                             0x080003c9   Thumb Code   234  ddiv.o(.text)
    __ARM_scalbn                             0x080004b9   Thumb Code    44  dscalb.o(.text)
    scalbn                                   0x080004b9   Thumb Code     0  dscalb.o(.text)
    __aeabi_i2d                              0x080004e5   Thumb Code    34  dflti.o(.text)
    __aeabi_ui2d                             0x0800050d   Thumb Code    24  dfltui.o(.text)
    __aeabi_d2uiz                            0x08000529   Thumb Code    50  dfixui.o(.text)
    __aeabi_cdrcmple                         0x08000565   Thumb Code    38  cdrcmple.o(.text)
    __aeabi_uldivmod                         0x0800058d   Thumb Code    96  uldiv.o(.text)
    __aeabi_llsl                             0x080005ed   Thumb Code    32  llshl.o(.text)
    _ll_shift_l                              0x080005ed   Thumb Code     0  llshl.o(.text)
    __aeabi_llsr                             0x0800060d   Thumb Code    34  llushr.o(.text)
    _ll_ushift_r                             0x0800060d   Thumb Code     0  llushr.o(.text)
    __aeabi_lasr                             0x0800062f   Thumb Code    38  llsshr.o(.text)
    _ll_sshift_r                             0x0800062f   Thumb Code     0  llsshr.o(.text)
    __I$use$fp                               0x08000655   Thumb Code     0  iusefp.o(.text)
    _double_round                            0x08000655   Thumb Code    26  depilogue.o(.text)
    _double_epilogue                         0x0800066f   Thumb Code   164  depilogue.o(.text)
    _drnd                                    0x08000715   Thumb Code   114  drnd.o(.text)
    __scatterload                            0x08000791   Thumb Code    28  init.o(.text)
    __scatterload_rt2                        0x08000791   Thumb Code     0  init.o(.text)
    ADC1_IRQHandler                          0x080007b5   Thumb Code     2  stm32f0xx_it.o(i.ADC1_IRQHandler)
    Delay_Ms                                 0x080007b9   Thumb Code    22  delay.o(i.Delay_Ms)
    EXTI0_1_IRQHandler                       0x080007d5   Thumb Code     2  stm32f0xx_it.o(i.EXTI0_1_IRQHandler)
    FLASH_ClearFlag                          0x080007d9   Thumb Code     6  stm32f0xx_flash.o(i.FLASH_ClearFlag)
    FLASH_GetStatus                          0x080007e5   Thumb Code    34  stm32f0xx_flash.o(i.FLASH_GetStatus)
    FLASH_Lock                               0x0800080d   Thumb Code    12  stm32f0xx_flash.o(i.FLASH_Lock)
    FLASH_ProgramHalfWord                    0x0800081d   Thumb Code    48  stm32f0xx_flash.o(i.FLASH_ProgramHalfWord)
    FLASH_Unlock                             0x08000851   Thumb Code    18  stm32f0xx_flash.o(i.FLASH_Unlock)
    FLASH_WaitForLastOperation               0x08000871   Thumb Code    32  stm32f0xx_flash.o(i.FLASH_WaitForLastOperation)
    GPIO_Init                                0x08000891   Thumb Code   112  stm32f0xx_gpio.o(i.GPIO_Init)
    GPIO_PinAFConfig                         0x08000901   Thumb Code    32  stm32f0xx_gpio.o(i.GPIO_PinAFConfig)
    GPIO_ReadInputDataBit                    0x08000921   Thumb Code    14  stm32f0xx_gpio.o(i.GPIO_ReadInputDataBit)
    GPIO_WriteBit                            0x0800092f   Thumb Code    12  stm32f0xx_gpio.o(i.GPIO_WriteBit)
    GPIO_int                                 0x0800093d   Thumb Code   222  gpio.o(i.GPIO_int)
    HAL_Delay_nMS                            0x08000a25   Thumb Code    14  delay.o(i.HAL_Delay_nMS)
    HW_int                                   0x08000a39   Thumb Code    60  main.o(i.HW_int)
    HardFault_Handler                        0x08000a8d   Thumb Code     2  stm32f0xx_it.o(i.HardFault_Handler)
    NMI_Handler                              0x08000a8f   Thumb Code     2  stm32f0xx_it.o(i.NMI_Handler)
    NVIC_Init                                0x08000a91   Thumb Code    72  stm32f0xx_misc.o(i.NVIC_Init)
    PWR_BackupAccessCmd                      0x08000ae1   Thumb Code    24  stm32f0xx_pwr.o(i.PWR_BackupAccessCmd)
    PWR_GetFlagStatus                        0x08000afd   Thumb Code    16  stm32f0xx_pwr.o(i.PWR_GetFlagStatus)
    PendSV_Handler                           0x08000b11   Thumb Code     2  stm32f0xx_it.o(i.PendSV_Handler)
    RCC_AHBPeriphClockCmd                    0x08000b15   Thumb Code    22  stm32f0xx_rcc.o(i.RCC_AHBPeriphClockCmd)
    RCC_APB1PeriphClockCmd                   0x08000b31   Thumb Code    22  stm32f0xx_rcc.o(i.RCC_APB1PeriphClockCmd)
    RCC_APB2PeriphClockCmd                   0x08000b4d   Thumb Code    22  stm32f0xx_rcc.o(i.RCC_APB2PeriphClockCmd)
    RCC_Configuration                        0x08000b69   Thumb Code    22  main.o(i.RCC_Configuration)
    RCC_DeInit                               0x08000b85   Thumb Code    76  stm32f0xx_rcc.o(i.RCC_DeInit)
    RCC_GetClocksFreq                        0x08000be1   Thumb Code   376  stm32f0xx_rcc.o(i.RCC_GetClocksFreq)
    RCC_GetFlagStatus                        0x08000d79   Thumb Code    50  stm32f0xx_rcc.o(i.RCC_GetFlagStatus)
    RCC_LSICmd                               0x08000db1   Thumb Code    26  stm32f0xx_rcc.o(i.RCC_LSICmd)
    RCC_PLLCmd                               0x08000dd1   Thumb Code    26  stm32f0xx_rcc.o(i.RCC_PLLCmd)
    RCC_PLLConfig                            0x08000df1   Thumb Code    24  stm32f0xx_rcc.o(i.RCC_PLLConfig)
    RCC_RTCCLKCmd                            0x08000e0d   Thumb Code    26  stm32f0xx_rcc.o(i.RCC_RTCCLKCmd)
    RCC_RTCCLKConfig                         0x08000e2d   Thumb Code    10  stm32f0xx_rcc.o(i.RCC_RTCCLKConfig)
    RCC_SYSCLKConfig                         0x08000e3d   Thumb Code    14  stm32f0xx_rcc.o(i.RCC_SYSCLKConfig)
    RTC_DateStructInit                       0x08000e79   Thumb Code    14  stm32f0xx_rtc.o(i.RTC_DateStructInit)
    RTC_EnterInitMode                        0x08000e89   Thumb Code    62  stm32f0xx_rtc.o(i.RTC_EnterInitMode)
    RTC_ExitInitMode                         0x08000ecd   Thumb Code    12  stm32f0xx_rtc.o(i.RTC_ExitInitMode)
    RTC_GetTime                              0x08000edd   Thumb Code    68  stm32f0xx_rtc.o(i.RTC_GetTime)
    RTC_Init                                 0x08000f29   Thumb Code    68  stm32f0xx_rtc.o(i.RTC_Init)
    RTC_SetDate                              0x08000f71   Thumb Code   156  stm32f0xx_rtc.o(i.RTC_SetDate)
    RTC_SetTime                              0x08001015   Thumb Code   154  stm32f0xx_rtc.o(i.RTC_SetTime)
    RTC_WaitForSynchro                       0x080010b9   Thumb Code    76  stm32f0xx_rtc.o(i.RTC_WaitForSynchro)
    RadioCheckRfFrequency                    0x08001109   Thumb Code     4  radio.o(i.RadioCheckRfFrequency)
    RadioGetStatus                           0x08001145   Thumb Code    34  radio.o(i.RadioGetStatus)
    RadioGetWakeupTime                       0x08001167   Thumb Code     4  radio.o(i.RadioGetWakeupTime)
    RadioInit                                0x0800116d   Thumb Code    58  radio.o(i.RadioInit)
    RadioIrqProcess                          0x080011b5   Thumb Code   222  radio.o(i.RadioIrqProcess)
    RadioIsChannelFree                       0x080012a1   Thumb Code    36  radio.o(i.RadioIsChannelFree)
    RadioOnDioIrq                            0x080012c5   Thumb Code     8  radio.o(i.RadioOnDioIrq)
    RadioRandom                              0x080012d1   Thumb Code    52  radio.o(i.RadioRandom)
    RadioRead                                0x08001305   Thumb Code     8  radio.o(i.RadioRead)
    RadioReadBuffer                          0x0800130d   Thumb Code     8  radio.o(i.RadioReadBuffer)
    RadioRssi                                0x08001315   Thumb Code     8  radio.o(i.RadioRssi)
    RadioRx                                  0x0800131d   Thumb Code    40  radio.o(i.RadioRx)
    RadioRxBoosted                           0x08001351   Thumb Code    40  radio.o(i.RadioRxBoosted)
    RadioSend                                0x08001385   Thumb Code    52  radio.o(i.RadioSend)
    RadioSetChannel                          0x080013c1   Thumb Code     8  radio.o(i.RadioSetChannel)
    RadioSetMaxPayloadLength                 0x080013c9   Thumb Code    40  radio.o(i.RadioSetMaxPayloadLength)
    RadioSetModem                            0x080013f9   Thumb Code    42  radio.o(i.RadioSetModem)
    RadioSetPublicNetwork                    0x08001429   Thumb Code    58  radio.o(i.RadioSetPublicNetwork)
    RadioSetRxConfig                         0x08001469   Thumb Code   380  radio.o(i.RadioSetRxConfig)
    RadioSetRxDutyCycle                      0x08001609   Thumb Code     8  radio.o(i.RadioSetRxDutyCycle)
    RadioSetTxConfig                         0x08001611   Thumb Code   286  radio.o(i.RadioSetTxConfig)
    RadioSetTxContinuousWave                 0x08001749   Thumb Code    20  radio.o(i.RadioSetTxContinuousWave)
    RadioSleep                               0x0800175d   Thumb Code    30  radio.o(i.RadioSleep)
    RadioStandby                             0x0800177b   Thumb Code    10  radio.o(i.RadioStandby)
    RadioStartCad                            0x08001785   Thumb Code     8  radio.o(i.RadioStartCad)
    RadioTimeOnAir                           0x0800178d   Thumb Code   378  radio.o(i.RadioTimeOnAir)
    RadioWrite                               0x08001929   Thumb Code     8  radio.o(i.RadioWrite)
    RadioWriteBuffer                         0x08001931   Thumb Code     8  radio.o(i.RadioWriteBuffer)
    SPI1_Int                                 0x08001939   Thumb Code    72  spi.o(i.SPI1_Int)
    SPI2_IRQHandler                          0x08001985   Thumb Code     2  stm32f0xx_it.o(i.SPI2_IRQHandler)
    SPI_Cmd                                  0x08001987   Thumb Code    22  stm32f0xx_spi.o(i.SPI_Cmd)
    SPI_I2S_GetFlagStatus                    0x0800199d   Thumb Code    14  stm32f0xx_spi.o(i.SPI_I2S_GetFlagStatus)
    SPI_Init                                 0x080019ad   Thumb Code    74  stm32f0xx_spi.o(i.SPI_Init)
    SPI_ReceiveData8                         0x08001a01   Thumb Code     4  stm32f0xx_spi.o(i.SPI_ReceiveData8)
    SPI_RxFIFOThresholdConfig                0x08001a05   Thumb Code    16  stm32f0xx_spi.o(i.SPI_RxFIFOThresholdConfig)
    SPI_SendData8                            0x08001a19   Thumb Code     4  stm32f0xx_spi.o(i.SPI_SendData8)
    SVC_Handler                              0x08001a1d   Thumb Code     2  stm32f0xx_it.o(i.SVC_Handler)
    SX126xAntSwOff                           0x08001a1f   Thumb Code     2  sx126x-board.o(i.SX126xAntSwOff)
    SX126xAntSwOn                            0x08001a21   Thumb Code     2  sx126x-board.o(i.SX126xAntSwOn)
    SX126xCalibrateImage                     0x08001a25   Thumb Code   102  sx126x.o(i.SX126xCalibrateImage)
    SX126xCheckDeviceReady                   0x08001aa1   Thumb Code    32  sx126x.o(i.SX126xCheckDeviceReady)
    SX126xClearIrqStatus                     0x08001ac1   Thumb Code    22  sx126x.o(i.SX126xClearIrqStatus)
    SX126xGetIrqStatus                       0x08001ad7   Thumb Code    24  sx126x.o(i.SX126xGetIrqStatus)
    SX126xGetOperatingMode                   0x08001af1   Thumb Code     6  sx126x.o(i.SX126xGetOperatingMode)
    SX126xGetPaSelect                        0x08001afd   Thumb Code     4  sx126x-board.o(i.SX126xGetPaSelect)
    SX126xGetPacketStatus                    0x08001b01   Thumb Code   124  sx126x.o(i.SX126xGetPacketStatus)
    SX126xGetPacketType                      0x08001b81   Thumb Code     6  sx126x.o(i.SX126xGetPacketType)
    SX126xGetPayload                         0x08001b8d   Thumb Code    44  sx126x.o(i.SX126xGetPayload)
    SX126xGetRssiInst                        0x08001bb9   Thumb Code    24  sx126x.o(i.SX126xGetRssiInst)
    SX126xGetRxBufferStatus                  0x08001bd1   Thumb Code    60  sx126x.o(i.SX126xGetRxBufferStatus)
    SX126xInit                               0x08001c11   Thumb Code    30  sx126x.o(i.SX126xInit)
    SX126xReadBuffer                         0x08001c35   Thumb Code    80  sx126x-board.o(i.SX126xReadBuffer)
    SX126xReadCommand                        0x08001c85   Thumb Code    74  sx126x-board.o(i.SX126xReadCommand)
    SX126xReadRegister                       0x08001ccf   Thumb Code    16  sx126x-board.o(i.SX126xReadRegister)
    SX126xReadRegisters                      0x08001cdf   Thumb Code    86  sx126x-board.o(i.SX126xReadRegisters)
    SX126xReset                              0x08001d35   Thumb Code    44  sx126x-board.o(i.SX126xReset)
    SX126xSendPayload                        0x08001d65   Thumb Code    16  sx126x.o(i.SX126xSendPayload)
    SX126xSetBufferBaseAddress               0x08001d75   Thumb Code    20  sx126x.o(i.SX126xSetBufferBaseAddress)
    SX126xSetCad                             0x08001d89   Thumb Code    20  sx126x.o(i.SX126xSetCad)
    SX126xSetCadParams                       0x08001da1   Thumb Code    42  sx126x.o(i.SX126xSetCadParams)
    SX126xSetCrcPolynomial                   0x08001dd1   Thumb Code    30  sx126x.o(i.SX126xSetCrcPolynomial)
    SX126xSetCrcSeed                         0x08001df5   Thumb Code    30  sx126x.o(i.SX126xSetCrcSeed)
    SX126xSetDio2AsRfSwitchCtrl              0x08001e19   Thumb Code    14  sx126x.o(i.SX126xSetDio2AsRfSwitchCtrl)
    SX126xSetDioIrqParams                    0x08001e27   Thumb Code    40  sx126x.o(i.SX126xSetDioIrqParams)
    SX126xSetLoRaSymbNumTimeout              0x08001e4f   Thumb Code    14  sx126x.o(i.SX126xSetLoRaSymbNumTimeout)
    SX126xSetModulationParams                0x08001e5d   Thumb Code   154  sx126x.o(i.SX126xSetModulationParams)
    SX126xSetPaConfig                        0x08001f05   Thumb Code    24  sx126x.o(i.SX126xSetPaConfig)
    SX126xSetPacketParams                    0x08001f1d   Thumb Code   158  sx126x.o(i.SX126xSetPacketParams)
    SX126xSetPacketType                      0x08001fd1   Thumb Code    22  sx126x.o(i.SX126xSetPacketType)
    SX126xSetPayload                         0x08001fed   Thumb Code    14  sx126x.o(i.SX126xSetPayload)
    SX126xSetRegulatorMode                   0x08001ffb   Thumb Code    14  sx126x.o(i.SX126xSetRegulatorMode)
    SX126xSetRfFrequency                     0x08002009   Thumb Code    68  sx126x.o(i.SX126xSetRfFrequency)
    SX126xSetRfTxPower                       0x08002055   Thumb Code    10  sx126x-board.o(i.SX126xSetRfTxPower)
    SX126xSetRx                              0x08002061   Thumb Code    32  sx126x.o(i.SX126xSetRx)
    SX126xSetRxBoosted                       0x08002085   Thumb Code    40  sx126x.o(i.SX126xSetRxBoosted)
    SX126xSetRxDutyCycle                     0x080020b5   Thumb Code    42  sx126x.o(i.SX126xSetRxDutyCycle)
    SX126xSetSleep                           0x080020e5   Thumb Code    24  sx126x.o(i.SX126xSetSleep)
    SX126xSetStandby                         0x08002101   Thumb Code    34  sx126x.o(i.SX126xSetStandby)
    SX126xSetStopRxTimerOnPreambleDetect     0x08002129   Thumb Code    14  sx126x.o(i.SX126xSetStopRxTimerOnPreambleDetect)
    SX126xSetSyncWord                        0x08002137   Thumb Code    18  sx126x.o(i.SX126xSetSyncWord)
    SX126xSetTx                              0x08002149   Thumb Code    32  sx126x.o(i.SX126xSetTx)
    SX126xSetTxContinuousWave                0x0800216d   Thumb Code    14  sx126x.o(i.SX126xSetTxContinuousWave)
    SX126xSetTxParams                        0x0800217d   Thumb Code   128  sx126x.o(i.SX126xSetTxParams)
    SX126xSetWhiteningSeed                   0x08002201   Thumb Code    48  sx126x.o(i.SX126xSetWhiteningSeed)
    SX126xWaitOnBusy                         0x08002231   Thumb Code    18  sx126x-board.o(i.SX126xWaitOnBusy)
    SX126xWakeup                             0x08002249   Thumb Code    44  sx126x-board.o(i.SX126xWakeup)
    SX126xWriteBuffer                        0x08002275   Thumb Code    72  sx126x-board.o(i.SX126xWriteBuffer)
    SX126xWriteCommand                       0x080022bd   Thumb Code    70  sx126x-board.o(i.SX126xWriteCommand)
    SX126xWriteRegister                      0x08002303   Thumb Code    12  sx126x-board.o(i.SX126xWriteRegister)
    SX126xWriteRegisters                     0x0800230f   Thumb Code    78  sx126x-board.o(i.SX126xWriteRegisters)
    SpiInOut                                 0x080023f9   Thumb Code    46  spi.o(i.SpiInOut)
    SysClock_48                              0x0800242d   Thumb Code    46  main.o(i.SysClock_48)
    SysTick_Handler                          0x0800245d   Thumb Code    16  stm32f0xx_it.o(i.SysTick_Handler)
    SystemInit                               0x08002471   Thumb Code    84  system_stm32f0xx.o(i.SystemInit)
    TIM14_IRQHandler                         0x080024d1   Thumb Code     2  stm32f0xx_it.o(i.TIM14_IRQHandler)
    TIM3_IRQHandler                          0x080024d3   Thumb Code     2  stm32f0xx_it.o(i.TIM3_IRQHandler)
    Tick_Configration                        0x080024d5   Thumb Code    60  main.o(i.Tick_Configration)
    USART1_IRQHandler                        0x08002521   Thumb Code    28  stm32f0xx_it.o(i.USART1_IRQHandler)
    USART_Cmd                                0x08002549   Thumb Code    24  stm32f0xx_usart.o(i.USART_Cmd)
    USART_GetITStatus                        0x08002561   Thumb Code    60  stm32f0xx_usart.o(i.USART_GetITStatus)
    USART_ITConfig                           0x0800259d   Thumb Code    46  stm32f0xx_usart.o(i.USART_ITConfig)
    USART_Init                               0x080025cd   Thumb Code   156  stm32f0xx_usart.o(i.USART_Init)
    USART_ReceiveData                        0x0800267d   Thumb Code     8  stm32f0xx_usart.o(i.USART_ReceiveData)
    UartInit                                 0x08002685   Thumb Code   138  uart.o(i.UartInit)
    __0printf$8                              0x0800280d   Thumb Code    24  printf8.o(i.__0printf$8)
    __1printf$8                              0x0800280d   Thumb Code     0  printf8.o(i.__0printf$8)
    __2printf                                0x0800280d   Thumb Code     0  printf8.o(i.__0printf$8)
    __ARM_clz                                0x0800282d   Thumb Code    46  depilogue.o(i.__ARM_clz)
    __scatterload_copy                       0x0800285b   Thumb Code    14  handlers.o(i.__scatterload_copy)
    __scatterload_null                       0x08002869   Thumb Code     2  handlers.o(i.__scatterload_null)
    __scatterload_zeroinit                   0x0800286b   Thumb Code    14  handlers.o(i.__scatterload_zeroinit)
    ceil                                     0x0800300d   Thumb Code   180  ceil.o(i.ceil)
    floor                                    0x080030d5   Thumb Code   180  floor.o(i.floor)
    fputc                                    0x0800319d   Thumb Code    18  uart.o(i.fputc)
    lora_change_state                        0x080031b5   Thumb Code     6  lora_node.o(i.lora_change_state)
    lora_common_crc                          0x080031c1   Thumb Code    24  lora_common.o(i.lora_common_crc)
    lora_common_delay_s                      0x080031d9   Thumb Code    20  lora_common.o(i.lora_common_delay_s)
    lora_common_get_data                     0x080031ed   Thumb Code    12  lora_common.o(i.lora_common_get_data)
    lora_common_snd_beg                      0x080031fd   Thumb Code    40  lora_common.o(i.lora_common_snd_beg)
    lora_common_snd_end                      0x08003229   Thumb Code    40  lora_common.o(i.lora_common_snd_end)
    lora_common_snd_join                     0x08003255   Thumb Code    60  lora_common.o(i.lora_common_snd_join)
    lora_node_base_info                      0x08003295   Thumb Code     4  lora_node.o(i.lora_node_base_info)
    lora_node_init                           0x0800329d   Thumb Code   160  lora_node.o(i.lora_node_init)
    lora_node_task                           0x0800338d   Thumb Code   146  lora_node.o(i.lora_node_task)
    main                                     0x08003425   Thumb Code    40  main.o(i.main)
    operate_flash_read                       0x08003471   Thumb Code     6  operate_flash.o(i.operate_flash_read)
    operate_flash_write                      0x0800347d   Thumb Code    44  operate_flash.o(i.operate_flash_write)
    rint                                     0x080034ad   Thumb Code     8  rint.o(i.rint)
    rtc_get_min                              0x080034b5   Thumb Code    26  rtc.o(i.rtc_get_min)
    rtc_get_sec                              0x080034cf   Thumb Code    26  rtc.o(i.rtc_get_sec)
    rtc_set                                  0x080034e9   Thumb Code   134  rtc.o(i.rtc_set)
    rtc_set_time                             0x0800356f   Thumb Code    12  rtc.o(i.rtc_set_time)
    Radio                                    0x0800357c   Data         108  radio.o(.constdata)
    Bandwidths                               0x080035e8   Data           3  radio.o(.constdata)
    FskBandwidths                            0x080035ec   Data         176  radio.o(.constdata)
    Region$$Table$$Base                      0x080036ec   Number         0  anon$$obj.o(Region$$Table)
    Region$$Table$$Limit                     0x0800370c   Number         0  anon$$obj.o(Region$$Table)
    SystemCoreClock                          0x20000000   Data           4  system_stm32f0xx.o(.data)
    AHBPrescTable                            0x20000004   Data          16  system_stm32f0xx.o(.data)
    rx_data                                  0x20000024   Data           2  stm32f0xx_it.o(.data)
    TickCounter                              0x20000028   Data           4  stm32f0xx_it.o(.data)
    ticktimer                                0x2000002c   Data           4  stm32f0xx_it.o(.data)
    __stdout                                 0x20000030   Data           4  uart.o(.data)
    MaxPayloadLength                         0x20000038   Data           1  radio.o(.data)
    RxContinuous                             0x20000039   Data           1  radio.o(.data)
    IrqFired                                 0x2000003a   Data           1  radio.o(.data)
    TxTimeout                                0x20000040   Data           4  radio.o(.data)
    RxTimeout                                0x20000044   Data           4  radio.o(.data)
    FrequencyError                           0x200000e4   Data           4  sx126x.o(.data)
    RadioPktStatus                           0x200000f0   Data          20  radio.o(.bss)
    RadioRxPayload                           0x20000104   Data         255  radio.o(.bss)
    SX126x                                   0x20000204   Data          60  radio.o(.bss)
    __initial_sp                             0x200006a0   Data           0  startup_stm32f030.o(STACK)



==============================================================================

Memory Map of the image

  Image Entry point : 0x080000b5

  Load Region LR_IROM1 (Base: 0x08000000, Size: 0x000037fc, Max: 0x00004000, ABSOLUTE)

    Execution Region ER_IROM1 (Exec base: 0x08000000, Load base: 0x08000000, Size: 0x0000370c, Max: 0x00004000, ABSOLUTE)

    Exec Addr    Load Addr    Size         Type   Attr      Idx    E Section Name        Object

    0x08000000   0x08000000   0x000000b4   Data   RO            3    RESET               startup_stm32f030.o
    0x080000b4   0x080000b4   0x00000000   Code   RO         3691  * .ARM.Collect$$$$00000000  mc_p.l(entry.o)
    0x080000b4   0x080000b4   0x00000004   Code   RO         3979    .ARM.Collect$$$$00000001  mc_p.l(entry2.o)
    0x080000b8   0x080000b8   0x00000004   Code   RO         3982    .ARM.Collect$$$$00000004  mc_p.l(entry5.o)
    0x080000bc   0x080000bc   0x00000000   Code   RO         3984    .ARM.Collect$$$$00000008  mc_p.l(entry7b.o)
    0x080000bc   0x080000bc   0x00000000   Code   RO         3986    .ARM.Collect$$$$0000000A  mc_p.l(entry8b.o)
    0x080000bc   0x080000bc   0x00000008   Code   RO         3987    .ARM.Collect$$$$0000000B  mc_p.l(entry9a.o)
    0x080000c4   0x080000c4   0x00000000   Code   RO         3989    .ARM.Collect$$$$0000000D  mc_p.l(entry10a.o)
    0x080000c4   0x080000c4   0x00000000   Code   RO         3991    .ARM.Collect$$$$0000000F  mc_p.l(entry11a.o)
    0x080000c4   0x080000c4   0x00000004   Code   RO         3980    .ARM.Collect$$$$00002712  mc_p.l(entry2.o)
    0x080000c8   0x080000c8   0x00000058   Code   RO            4    .text               startup_stm32f030.o
    0x08000120   0x08000120   0x0000002c   Code   RO         3694    .text               mc_p.l(uidiv.o)
    0x0800014c   0x0800014c   0x00000024   Code   RO         3696    .text               mc_p.l(memcpya.o)
    0x08000170   0x08000170   0x00000024   Code   RO         3698    .text               mc_p.l(memseta.o)
    0x08000194   0x08000194   0x00000164   Code   RO         3963    .text               mf_p.l(dadd.o)
    0x080002f8   0x080002f8   0x000000d0   Code   RO         3965    .text               mf_p.l(dmul.o)
    0x080003c8   0x080003c8   0x000000f0   Code   RO         3967    .text               mf_p.l(ddiv.o)
    0x080004b8   0x080004b8   0x0000002c   Code   RO         3969    .text               mf_p.l(dscalb.o)
    0x080004e4   0x080004e4   0x00000028   Code   RO         3971    .text               mf_p.l(dflti.o)
    0x0800050c   0x0800050c   0x0000001c   Code   RO         3973    .text               mf_p.l(dfltui.o)
    0x08000528   0x08000528   0x0000003c   Code   RO         3975    .text               mf_p.l(dfixui.o)
    0x08000564   0x08000564   0x00000028   Code   RO         3977    .text               mf_p.l(cdrcmple.o)
    0x0800058c   0x0800058c   0x00000060   Code   RO         3993    .text               mc_p.l(uldiv.o)
    0x080005ec   0x080005ec   0x00000020   Code   RO         3995    .text               mc_p.l(llshl.o)
    0x0800060c   0x0800060c   0x00000022   Code   RO         3997    .text               mc_p.l(llushr.o)
    0x0800062e   0x0800062e   0x00000026   Code   RO         3999    .text               mc_p.l(llsshr.o)
    0x08000654   0x08000654   0x00000000   Code   RO         4001    .text               mc_p.l(iusefp.o)
    0x08000654   0x08000654   0x000000be   Code   RO         4002    .text               mf_p.l(depilogue.o)
    0x08000712   0x08000712   0x00000002   PAD
    0x08000714   0x08000714   0x0000007c   Code   RO         4006    .text               mf_p.l(drnd.o)
    0x08000790   0x08000790   0x00000024   Code   RO         4010    .text               mc_p.l(init.o)
    0x080007b4   0x080007b4   0x00000002   Code   RO         2497    i.ADC1_IRQHandler   stm32f0xx_it.o
    0x080007b6   0x080007b6   0x00000002   PAD
    0x080007b8   0x080007b8   0x0000001c   Code   RO         2693    i.Delay_Ms          delay.o
    0x080007d4   0x080007d4   0x00000002   Code   RO         2498    i.EXTI0_1_IRQHandler  stm32f0xx_it.o
    0x080007d6   0x080007d6   0x00000002   PAD
    0x080007d8   0x080007d8   0x0000000c   Code   RO         2143    i.FLASH_ClearFlag   stm32f0xx_flash.o
    0x080007e4   0x080007e4   0x00000028   Code   RO         2148    i.FLASH_GetStatus   stm32f0xx_flash.o
    0x0800080c   0x0800080c   0x00000010   Code   RO         2150    i.FLASH_Lock        stm32f0xx_flash.o
    0x0800081c   0x0800081c   0x00000034   Code   RO         2169    i.FLASH_ProgramHalfWord  stm32f0xx_flash.o
    0x08000850   0x08000850   0x00000020   Code   RO         2172    i.FLASH_Unlock      stm32f0xx_flash.o
    0x08000870   0x08000870   0x00000020   Code   RO         2173    i.FLASH_WaitForLastOperation  stm32f0xx_flash.o
    0x08000890   0x08000890   0x00000070   Code   RO          204    i.GPIO_Init         stm32f0xx_gpio.o
    0x08000900   0x08000900   0x00000020   Code   RO          205    i.GPIO_PinAFConfig  stm32f0xx_gpio.o
    0x08000920   0x08000920   0x0000000e   Code   RO          208    i.GPIO_ReadInputDataBit  stm32f0xx_gpio.o
    0x0800092e   0x0800092e   0x0000000c   Code   RO          215    i.GPIO_WriteBit     stm32f0xx_gpio.o
    0x0800093a   0x0800093a   0x00000002   PAD
    0x0800093c   0x0800093c   0x000000e8   Code   RO         2640    i.GPIO_int          gpio.o
    0x08000a24   0x08000a24   0x00000014   Code   RO         2695    i.HAL_Delay_nMS     delay.o
    0x08000a38   0x08000a38   0x00000054   Code   RO         2343    i.HW_int            main.o
    0x08000a8c   0x08000a8c   0x00000002   Code   RO         2499    i.HardFault_Handler  stm32f0xx_it.o
    0x08000a8e   0x08000a8e   0x00000002   Code   RO         2500    i.NMI_Handler       stm32f0xx_it.o
    0x08000a90   0x08000a90   0x00000050   Code   RO          295    i.NVIC_Init         stm32f0xx_misc.o
    0x08000ae0   0x08000ae0   0x0000001c   Code   RO          327    i.PWR_BackupAccessCmd  stm32f0xx_pwr.o
    0x08000afc   0x08000afc   0x00000014   Code   RO          333    i.PWR_GetFlagStatus  stm32f0xx_pwr.o
    0x08000b10   0x08000b10   0x00000002   Code   RO         2501    i.PendSV_Handler    stm32f0xx_it.o
    0x08000b12   0x08000b12   0x00000002   PAD
    0x08000b14   0x08000b14   0x0000001c   Code   RO          402    i.RCC_AHBPeriphClockCmd  stm32f0xx_rcc.o
    0x08000b30   0x08000b30   0x0000001c   Code   RO          404    i.RCC_APB1PeriphClockCmd  stm32f0xx_rcc.o
    0x08000b4c   0x08000b4c   0x0000001c   Code   RO          406    i.RCC_APB2PeriphClockCmd  stm32f0xx_rcc.o
    0x08000b68   0x08000b68   0x0000001c   Code   RO         2344    i.RCC_Configuration  main.o
    0x08000b84   0x08000b84   0x0000005c   Code   RO          415    i.RCC_DeInit        stm32f0xx_rcc.o
    0x08000be0   0x08000be0   0x00000198   Code   RO          416    i.RCC_GetClocksFreq  stm32f0xx_rcc.o
    0x08000d78   0x08000d78   0x00000038   Code   RO          417    i.RCC_GetFlagStatus  stm32f0xx_rcc.o
    0x08000db0   0x08000db0   0x00000020   Code   RO          430    i.RCC_LSICmd        stm32f0xx_rcc.o
    0x08000dd0   0x08000dd0   0x00000020   Code   RO          433    i.RCC_PLLCmd        stm32f0xx_rcc.o
    0x08000df0   0x08000df0   0x0000001c   Code   RO          434    i.RCC_PLLConfig     stm32f0xx_rcc.o
    0x08000e0c   0x08000e0c   0x00000020   Code   RO          436    i.RCC_RTCCLKCmd     stm32f0xx_rcc.o
    0x08000e2c   0x08000e2c   0x00000010   Code   RO          437    i.RCC_RTCCLKConfig  stm32f0xx_rcc.o
    0x08000e3c   0x08000e3c   0x00000014   Code   RO          438    i.RCC_SYSCLKConfig  stm32f0xx_rcc.o
    0x08000e50   0x08000e50   0x00000010   Code   RO          666    i.RTC_Bcd2ToByte    stm32f0xx_rtc.o
    0x08000e60   0x08000e60   0x00000018   Code   RO          668    i.RTC_ByteToBcd2    stm32f0xx_rtc.o
    0x08000e78   0x08000e78   0x0000000e   Code   RO          673    i.RTC_DateStructInit  stm32f0xx_rtc.o
    0x08000e86   0x08000e86   0x00000002   PAD
    0x08000e88   0x08000e88   0x00000044   Code   RO          676    i.RTC_EnterInitMode  stm32f0xx_rtc.o
    0x08000ecc   0x08000ecc   0x00000010   Code   RO          677    i.RTC_ExitInitMode  stm32f0xx_rtc.o
    0x08000edc   0x08000edc   0x0000004c   Code   RO          685    i.RTC_GetTime       stm32f0xx_rtc.o
    0x08000f28   0x08000f28   0x00000048   Code   RO          690    i.RTC_Init          stm32f0xx_rtc.o
    0x08000f70   0x08000f70   0x000000a4   Code   RO          696    i.RTC_SetDate       stm32f0xx_rtc.o
    0x08001014   0x08001014   0x000000a4   Code   RO          697    i.RTC_SetTime       stm32f0xx_rtc.o
    0x080010b8   0x080010b8   0x00000050   Code   RO          711    i.RTC_WaitForSynchro  stm32f0xx_rtc.o
    0x08001108   0x08001108   0x00000004   Code   RO         2815    i.RadioCheckRfFrequency  radio.o
    0x0800110c   0x0800110c   0x00000038   Code   RO         2816    i.RadioGetFskBandwidthRegValue  radio.o
    0x08001144   0x08001144   0x00000022   Code   RO         2817    i.RadioGetStatus    radio.o
    0x08001166   0x08001166   0x00000004   Code   RO         2818    i.RadioGetWakeupTime  radio.o
    0x0800116a   0x0800116a   0x00000002   PAD
    0x0800116c   0x0800116c   0x00000048   Code   RO         2819    i.RadioInit         radio.o
    0x080011b4   0x080011b4   0x000000ec   Code   RO         2820    i.RadioIrqProcess   radio.o
    0x080012a0   0x080012a0   0x00000024   Code   RO         2821    i.RadioIsChannelFree  radio.o
    0x080012c4   0x080012c4   0x0000000c   Code   RO         2822    i.RadioOnDioIrq     radio.o
    0x080012d0   0x080012d0   0x00000034   Code   RO         2825    i.RadioRandom       radio.o
    0x08001304   0x08001304   0x00000008   Code   RO         2826    i.RadioRead         radio.o
    0x0800130c   0x0800130c   0x00000008   Code   RO         2827    i.RadioReadBuffer   radio.o
    0x08001314   0x08001314   0x00000008   Code   RO         2829    i.RadioRssi         radio.o
    0x0800131c   0x0800131c   0x00000034   Code   RO         2830    i.RadioRx           radio.o
    0x08001350   0x08001350   0x00000034   Code   RO         2831    i.RadioRxBoosted    radio.o
    0x08001384   0x08001384   0x0000003c   Code   RO         2832    i.RadioSend         radio.o
    0x080013c0   0x080013c0   0x00000008   Code   RO         2833    i.RadioSetChannel   radio.o
    0x080013c8   0x080013c8   0x00000030   Code   RO         2834    i.RadioSetMaxPayloadLength  radio.o
    0x080013f8   0x080013f8   0x00000030   Code   RO         2835    i.RadioSetModem     radio.o
    0x08001428   0x08001428   0x00000040   Code   RO         2836    i.RadioSetPublicNetwork  radio.o
    0x08001468   0x08001468   0x000001a0   Code   RO         2837    i.RadioSetRxConfig  radio.o
    0x08001608   0x08001608   0x00000008   Code   RO         2838    i.RadioSetRxDutyCycle  radio.o
    0x08001610   0x08001610   0x00000138   Code   RO         2839    i.RadioSetTxConfig  radio.o
    0x08001748   0x08001748   0x00000014   Code   RO         2840    i.RadioSetTxContinuousWave  radio.o
    0x0800175c   0x0800175c   0x0000001e   Code   RO         2841    i.RadioSleep        radio.o
    0x0800177a   0x0800177a   0x0000000a   Code   RO         2842    i.RadioStandby      radio.o
    0x08001784   0x08001784   0x00000008   Code   RO         2843    i.RadioStartCad     radio.o
    0x0800178c   0x0800178c   0x0000019c   Code   RO         2844    i.RadioTimeOnAir    radio.o
    0x08001928   0x08001928   0x00000008   Code   RO         2846    i.RadioWrite        radio.o
    0x08001930   0x08001930   0x00000008   Code   RO         2847    i.RadioWriteBuffer  radio.o
    0x08001938   0x08001938   0x0000004c   Code   RO         2663    i.SPI1_Int          spi.o
    0x08001984   0x08001984   0x00000002   Code   RO         2502    i.SPI2_IRQHandler   stm32f0xx_it.o
    0x08001986   0x08001986   0x00000016   Code   RO          999    i.SPI_Cmd           stm32f0xx_spi.o
    0x0800199c   0x0800199c   0x0000000e   Code   RO         1008    i.SPI_I2S_GetFlagStatus  stm32f0xx_spi.o
    0x080019aa   0x080019aa   0x00000002   PAD
    0x080019ac   0x080019ac   0x00000054   Code   RO         1013    i.SPI_Init          stm32f0xx_spi.o
    0x08001a00   0x08001a00   0x00000004   Code   RO         1017    i.SPI_ReceiveData8  stm32f0xx_spi.o
    0x08001a04   0x08001a04   0x00000014   Code   RO         1018    i.SPI_RxFIFOThresholdConfig  stm32f0xx_spi.o
    0x08001a18   0x08001a18   0x00000004   Code   RO         1020    i.SPI_SendData8     stm32f0xx_spi.o
    0x08001a1c   0x08001a1c   0x00000002   Code   RO         2503    i.SVC_Handler       stm32f0xx_it.o
    0x08001a1e   0x08001a1e   0x00000002   Code   RO         3349    i.SX126xAntSwOff    sx126x-board.o
    0x08001a20   0x08001a20   0x00000002   Code   RO         3350    i.SX126xAntSwOn     sx126x-board.o
    0x08001a22   0x08001a22   0x00000002   PAD
    0x08001a24   0x08001a24   0x0000007c   Code   RO         3057    i.SX126xCalibrateImage  sx126x.o
    0x08001aa0   0x08001aa0   0x00000020   Code   RO         3058    i.SX126xCheckDeviceReady  sx126x.o
    0x08001ac0   0x08001ac0   0x00000016   Code   RO         3060    i.SX126xClearIrqStatus  sx126x.o
    0x08001ad6   0x08001ad6   0x00000018   Code   RO         3062    i.SX126xGetIrqStatus  sx126x.o
    0x08001aee   0x08001aee   0x00000002   PAD
    0x08001af0   0x08001af0   0x0000000c   Code   RO         3063    i.SX126xGetOperatingMode  sx126x.o
    0x08001afc   0x08001afc   0x00000004   Code   RO         3352    i.SX126xGetPaSelect  sx126x-board.o
    0x08001b00   0x08001b00   0x00000080   Code   RO         3064    i.SX126xGetPacketStatus  sx126x.o
    0x08001b80   0x08001b80   0x0000000c   Code   RO         3065    i.SX126xGetPacketType  sx126x.o
    0x08001b8c   0x08001b8c   0x0000002c   Code   RO         3066    i.SX126xGetPayload  sx126x.o
    0x08001bb8   0x08001bb8   0x00000018   Code   RO         3068    i.SX126xGetRssiInst  sx126x.o
    0x08001bd0   0x08001bd0   0x00000040   Code   RO         3069    i.SX126xGetRxBufferStatus  sx126x.o
    0x08001c10   0x08001c10   0x00000024   Code   RO         3071    i.SX126xInit        sx126x.o
    0x08001c34   0x08001c34   0x00000050   Code   RO         3353    i.SX126xReadBuffer  sx126x-board.o
    0x08001c84   0x08001c84   0x0000004a   Code   RO         3354    i.SX126xReadCommand  sx126x-board.o
    0x08001cce   0x08001cce   0x00000010   Code   RO         3355    i.SX126xReadRegister  sx126x-board.o
    0x08001cde   0x08001cde   0x00000056   Code   RO         3356    i.SX126xReadRegisters  sx126x-board.o
    0x08001d34   0x08001d34   0x00000030   Code   RO         3357    i.SX126xReset       sx126x-board.o
    0x08001d64   0x08001d64   0x00000010   Code   RO         3072    i.SX126xSendPayload  sx126x.o
    0x08001d74   0x08001d74   0x00000014   Code   RO         3073    i.SX126xSetBufferBaseAddress  sx126x.o
    0x08001d88   0x08001d88   0x00000018   Code   RO         3074    i.SX126xSetCad      sx126x.o
    0x08001da0   0x08001da0   0x00000030   Code   RO         3075    i.SX126xSetCadParams  sx126x.o
    0x08001dd0   0x08001dd0   0x00000024   Code   RO         3076    i.SX126xSetCrcPolynomial  sx126x.o
    0x08001df4   0x08001df4   0x00000024   Code   RO         3077    i.SX126xSetCrcSeed  sx126x.o
    0x08001e18   0x08001e18   0x0000000e   Code   RO         3078    i.SX126xSetDio2AsRfSwitchCtrl  sx126x.o
    0x08001e26   0x08001e26   0x00000028   Code   RO         3080    i.SX126xSetDioIrqParams  sx126x.o
    0x08001e4e   0x08001e4e   0x0000000e   Code   RO         3082    i.SX126xSetLoRaSymbNumTimeout  sx126x.o
    0x08001e5c   0x08001e5c   0x000000a8   Code   RO         3083    i.SX126xSetModulationParams  sx126x.o
    0x08001f04   0x08001f04   0x00000018   Code   RO         3084    i.SX126xSetPaConfig  sx126x.o
    0x08001f1c   0x08001f1c   0x000000b4   Code   RO         3085    i.SX126xSetPacketParams  sx126x.o
    0x08001fd0   0x08001fd0   0x0000001c   Code   RO         3086    i.SX126xSetPacketType  sx126x.o
    0x08001fec   0x08001fec   0x0000000e   Code   RO         3087    i.SX126xSetPayload  sx126x.o
    0x08001ffa   0x08001ffa   0x0000000e   Code   RO         3088    i.SX126xSetRegulatorMode  sx126x.o
    0x08002008   0x08002008   0x0000004c   Code   RO         3089    i.SX126xSetRfFrequency  sx126x.o
    0x08002054   0x08002054   0x0000000a   Code   RO         3358    i.SX126xSetRfTxPower  sx126x-board.o
    0x0800205e   0x0800205e   0x00000002   PAD
    0x08002060   0x08002060   0x00000024   Code   RO         3090    i.SX126xSetRx       sx126x.o
    0x08002084   0x08002084   0x00000030   Code   RO         3091    i.SX126xSetRxBoosted  sx126x.o
    0x080020b4   0x080020b4   0x00000030   Code   RO         3092    i.SX126xSetRxDutyCycle  sx126x.o
    0x080020e4   0x080020e4   0x0000001c   Code   RO         3094    i.SX126xSetSleep    sx126x.o
    0x08002100   0x08002100   0x00000028   Code   RO         3095    i.SX126xSetStandby  sx126x.o
    0x08002128   0x08002128   0x0000000e   Code   RO         3096    i.SX126xSetStopRxTimerOnPreambleDetect  sx126x.o
    0x08002136   0x08002136   0x00000012   Code   RO         3097    i.SX126xSetSyncWord  sx126x.o
    0x08002148   0x08002148   0x00000024   Code   RO         3098    i.SX126xSetTx       sx126x.o
    0x0800216c   0x0800216c   0x0000000e   Code   RO         3099    i.SX126xSetTxContinuousWave  sx126x.o
    0x0800217a   0x0800217a   0x00000002   PAD
    0x0800217c   0x0800217c   0x00000084   Code   RO         3101    i.SX126xSetTxParams  sx126x.o
    0x08002200   0x08002200   0x00000030   Code   RO         3102    i.SX126xSetWhiteningSeed  sx126x.o
    0x08002230   0x08002230   0x00000018   Code   RO         3359    i.SX126xWaitOnBusy  sx126x-board.o
    0x08002248   0x08002248   0x0000002c   Code   RO         3360    i.SX126xWakeup      sx126x-board.o
    0x08002274   0x08002274   0x00000048   Code   RO         3361    i.SX126xWriteBuffer  sx126x-board.o
    0x080022bc   0x080022bc   0x00000046   Code   RO         3362    i.SX126xWriteCommand  sx126x-board.o
    0x08002302   0x08002302   0x0000000c   Code   RO         3363    i.SX126xWriteRegister  sx126x-board.o
    0x0800230e   0x0800230e   0x0000004e   Code   RO         3364    i.SX126xWriteRegisters  sx126x-board.o
    0x0800235c   0x0800235c   0x0000009c   Code   RO           12    i.SetSysClock       system_stm32f0xx.o
    0x080023f8   0x080023f8   0x00000034   Code   RO         2665    i.SpiInOut          spi.o
    0x0800242c   0x0800242c   0x0000002e   Code   RO         2345    i.SysClock_48       main.o
    0x0800245a   0x0800245a   0x00000002   PAD
    0x0800245c   0x0800245c   0x00000014   Code   RO         2504    i.SysTick_Handler   stm32f0xx_it.o
    0x08002470   0x08002470   0x00000060   Code   RO           14    i.SystemInit        system_stm32f0xx.o
    0x080024d0   0x080024d0   0x00000002   Code   RO         2505    i.TIM14_IRQHandler  stm32f0xx_it.o
    0x080024d2   0x080024d2   0x00000002   Code   RO         2506    i.TIM3_IRQHandler   stm32f0xx_it.o
    0x080024d4   0x080024d4   0x0000004c   Code   RO         2346    i.Tick_Configration  main.o
    0x08002520   0x08002520   0x00000028   Code   RO         2507    i.USART1_IRQHandler  stm32f0xx_it.o
    0x08002548   0x08002548   0x00000018   Code   RO         1842    i.USART_Cmd         stm32f0xx_usart.o
    0x08002560   0x08002560   0x0000003c   Code   RO         1851    i.USART_GetITStatus  stm32f0xx_usart.o
    0x0800259c   0x0800259c   0x0000002e   Code   RO         1853    i.USART_ITConfig    stm32f0xx_usart.o
    0x080025ca   0x080025ca   0x00000002   PAD
    0x080025cc   0x080025cc   0x000000b0   Code   RO         1854    i.USART_Init        stm32f0xx_usart.o
    0x0800267c   0x0800267c   0x00000008   Code   RO         1866    i.USART_ReceiveData  stm32f0xx_usart.o
    0x08002684   0x08002684   0x00000094   Code   RO         2589    i.UartInit          uart.o
    0x08002718   0x08002718   0x00000030   Code   RO         3521    i._OnCadDone        lora_node.o
    0x08002748   0x08002748   0x00000040   Code   RO         3522    i._OnRxDone         lora_node.o
    0x08002788   0x08002788   0x00000028   Code   RO         3523    i._OnRxError        lora_node.o
    0x080027b0   0x080027b0   0x00000028   Code   RO         3524    i._OnRxTimeout      lora_node.o
    0x080027d8   0x080027d8   0x00000028   Code   RO         3525    i._OnTxDone         lora_node.o
    0x08002800   0x08002800   0x0000000a   Code   RO         3526    i._OnTxTimeout      lora_node.o
    0x0800280a   0x0800280a   0x00000002   PAD
    0x0800280c   0x0800280c   0x00000020   Code   RO         3909    i.__0printf$8       mc_p.l(printf8.o)
    0x0800282c   0x0800282c   0x0000002e   Code   RO         4004    i.__ARM_clz         mf_p.l(depilogue.o)
    0x0800285a   0x0800285a   0x0000000e   Code   RO         4014    i.__scatterload_copy  mc_p.l(handlers.o)
    0x08002868   0x08002868   0x00000002   Code   RO         4015    i.__scatterload_null  mc_p.l(handlers.o)
    0x0800286a   0x0800286a   0x0000000e   Code   RO         4016    i.__scatterload_zeroinit  mc_p.l(handlers.o)
    0x08002878   0x08002878   0x00000012   Code   RO         3527    i._again_fsm_func   lora_node.o
    0x0800288a   0x0800288a   0x00000002   PAD
    0x0800288c   0x0800288c   0x00000028   Code   RO         3528    i._cad_busy_fsm_func  lora_node.o
    0x080028b4   0x080028b4   0x00000010   Code   RO         3529    i._cad_check_fsm_func  lora_node.o
    0x080028c4   0x080028c4   0x0000000c   Code   RO         3530    i._cad_idie_fsm_func  lora_node.o
    0x080028d0   0x080028d0   0x0000003c   Code   RO         3531    i._check_cad        lora_node.o
    0x0800290c   0x0800290c   0x00000070   Code   RO         3532    i._idie_fsm_func    lora_node.o
    0x0800297c   0x0800297c   0x00000428   Code   RO         3916    i._printf_core      mc_p.l(printf8.o)
    0x08002da4   0x08002da4   0x00000020   Code   RO         3917    i._printf_post_padding  mc_p.l(printf8.o)
    0x08002dc4   0x08002dc4   0x0000002c   Code   RO         3918    i._printf_pre_padding  mc_p.l(printf8.o)
    0x08002df0   0x08002df0   0x000000c4   Code   RO         3533    i._recv_end_fsm_func  lora_node.o
    0x08002eb4   0x08002eb4   0x0000001c   Code   RO         3534    i._recv_fsm_func    lora_node.o
    0x08002ed0   0x08002ed0   0x00000004   Code   RO         3535    i._recv_overtime_fsm_func  lora_node.o
    0x08002ed4   0x08002ed4   0x00000004   Code   RO         3536    i._recving_fsm_func  lora_node.o
    0x08002ed8   0x08002ed8   0x00000078   Code   RO         3537    i._send_data        lora_node.o
    0x08002f50   0x08002f50   0x0000000c   Code   RO         3538    i._send_end_fsm_func  lora_node.o
    0x08002f5c   0x08002f5c   0x00000010   Code   RO         3539    i._send_fsm_func    lora_node.o
    0x08002f6c   0x08002f6c   0x00000004   Code   RO         3540    i._send_overtime_fsm_func  lora_node.o
    0x08002f70   0x08002f70   0x00000004   Code   RO         3541    i._sending_fsm_func  lora_node.o
    0x08002f74   0x08002f74   0x00000010   Code   RO         2347    i._set_addr         main.o
    0x08002f84   0x08002f84   0x00000034   Code   RO         3542    i._sleep_fsm_func   lora_node.o
    0x08002fb8   0x08002fb8   0x00000054   Code   RO         2348    i._write_sn         main.o
    0x0800300c   0x0800300c   0x000000c8   Code   RO         3682    i.ceil              m_ps.l(ceil.o)
    0x080030d4   0x080030d4   0x000000c8   Code   RO         3686    i.floor             m_ps.l(floor.o)
    0x0800319c   0x0800319c   0x00000018   Code   RO         2590    i.fputc             uart.o
    0x080031b4   0x080031b4   0x0000000c   Code   RO         3543    i.lora_change_state  lora_node.o
    0x080031c0   0x080031c0   0x00000018   Code   RO         3459    i.lora_common_crc   lora_common.o
    0x080031d8   0x080031d8   0x00000014   Code   RO         3460    i.lora_common_delay_s  lora_common.o
    0x080031ec   0x080031ec   0x00000010   Code   RO         3461    i.lora_common_get_data  lora_common.o
    0x080031fc   0x080031fc   0x0000002c   Code   RO         3462    i.lora_common_snd_beg  lora_common.o
    0x08003228   0x08003228   0x0000002c   Code   RO         3463    i.lora_common_snd_end  lora_common.o
    0x08003254   0x08003254   0x00000040   Code   RO         3464    i.lora_common_snd_join  lora_common.o
    0x08003294   0x08003294   0x00000008   Code   RO         3544    i.lora_node_base_info  lora_node.o
    0x0800329c   0x0800329c   0x000000f0   Code   RO         3545    i.lora_node_init    lora_node.o
    0x0800338c   0x0800338c   0x00000098   Code   RO         3546    i.lora_node_task    lora_node.o
    0x08003424   0x08003424   0x0000004c   Code   RO         2349    i.main              main.o
    0x08003470   0x08003470   0x0000000c   Code   RO         2771    i.operate_flash_read  operate_flash.o
    0x0800347c   0x0800347c   0x00000030   Code   RO         2772    i.operate_flash_write  operate_flash.o
    0x080034ac   0x080034ac   0x00000008   Code   RO         3689    i.rint              m_ps.l(rint.o)
    0x080034b4   0x080034b4   0x0000001a   Code   RO         2723    i.rtc_get_min       rtc.o
    0x080034ce   0x080034ce   0x0000001a   Code   RO         2724    i.rtc_get_sec       rtc.o
    0x080034e8   0x080034e8   0x00000086   Code   RO         2726    i.rtc_set           rtc.o
    0x0800356e   0x0800356e   0x0000000c   Code   RO         2727    i.rtc_set_time      rtc.o
    0x0800357a   0x0800357a   0x00000002   PAD
    0x0800357c   0x0800357c   0x0000006c   Data   RO         2850    .constdata          radio.o
    0x080035e8   0x080035e8   0x000000b4   Data   RO         2851    .constdata          radio.o
    0x0800369c   0x0800369c   0x0000004f   Data   RO         3548    .constdata          lora_node.o
    0x080036eb   0x080036eb   0x00000001   PAD
    0x080036ec   0x080036ec   0x00000020   Data   RO         4012    Region$$Table       anon$$obj.o


    Execution Region RW_IRAM1 (Exec base: 0x20000000, Load base: 0x0800370c, Size: 0x000006a0, Max: 0x00001000, ABSOLUTE)

    Exec Addr    Load Addr    Size         Type   Attr      Idx    E Section Name        Object

    0x20000000   0x0800370c   0x00000014   Data   RW           15    .data               system_stm32f0xx.o
    0x20000014   0x08003720   0x00000010   Data   RW          442    .data               stm32f0xx_rcc.o
    0x20000024   0x08003730   0x0000000c   Data   RW         2508    .data               stm32f0xx_it.o
    0x20000030   0x0800373c   0x00000004   Data   RW         2591    .data               uart.o
    0x20000034   0x08003740   0x00000004   PAD
    0x20000038   0x08003744   0x000000a8   Data   RW         2852    .data               radio.o
    0x200000e0   0x080037ec   0x00000008   Data   RW         3103    .data               sx126x.o
    0x200000e8   0x080037f4   0x00000008   Data   RW         3549    .data               lora_node.o
    0x200000f0        -       0x00000150   Zero   RW         2849    .bss                radio.o
    0x20000240        -       0x00000019   Zero   RW         3465    .bss                lora_common.o
    0x20000259   0x080037fc   0x00000003   PAD
    0x2000025c        -       0x00000044   Zero   RW         3547    .bss                lora_node.o
    0x200002a0        -       0x00000400   Zero   RW            1    STACK               startup_stm32f030.o


==============================================================================

Image component sizes


      Code (inc. data)   RO Data    RW Data    ZI Data      Debug   Object Name

        48         12          0          0          0        887   delay.o
       232         10          0          0          0        539   gpio.o
       212         16          0          0         25       4062   lora_common.o
      1352        398         79          8         68      13235   lora_node.o
       410        120          0          0          0     203748   main.o
        60         10          0          0          0        971   operate_flash.o
      2094        186        288        168        336      19754   radio.o
       198          0          0          0          0       2185   rtc.o
       128         10          0          0          0        938   spi.o
        88         38        180          0       1024        728   startup_stm32f030.o
       184         34          0          0          0       3437   stm32f0xx_flash.o
       170          0          0          0          0       3035   stm32f0xx_gpio.o
        78         16          0         12          0       4713   stm32f0xx_it.o
        80          8          0          0          0       1016   stm32f0xx_misc.o
        48          8          0          0          0       1146   stm32f0xx_pwr.o
       800        106          0         16          0       8211   stm32f0xx_rcc.o
       694         44          0          0          0       7318   stm32f0xx_rtc.o
       148         14          0          0          0       4120   stm32f0xx_spi.o
       314         20          0          0          0       4506   stm32f0xx_usart.o
       622         10          0          0          0       8470   sx126x-board.o
      1736        156          0          8          0      20660   sx126x.o
       252         20          0         20          0     219493   system_stm32f0xx.o
       172         16          0          4          0       3277   uart.o

    ----------------------------------------------------------------------
     10152       1252        580        240       1456     536449   Object Totals
         0          0         32          0          0          0   (incl. Generated)
        32          0          1          4          3          0   (incl. Padding)

    ----------------------------------------------------------------------

      Code (inc. data)   RO Data    RW Data    ZI Data      Debug   Library Member Name

       200         20          0          0          0         76   ceil.o
       200         20          0          0          0         76   floor.o
         8          0          0          0          0         68   rint.o
         0          0          0          0          0          0   entry.o
         0          0          0          0          0          0   entry10a.o
         0          0          0          0          0          0   entry11a.o
         8          4          0          0          0          0   entry2.o
         4          0          0          0          0          0   entry5.o
         0          0          0          0          0          0   entry7b.o
         0          0          0          0          0          0   entry8b.o
         8          4          0          0          0          0   entry9a.o
        30          0          0          0          0          0   handlers.o
        36          8          0          0          0         68   init.o
         0          0          0          0          0          0   iusefp.o
        32          0          0          0          0         68   llshl.o
        38          0          0          0          0         68   llsshr.o
        34          0          0          0          0         68   llushr.o
        36          0          0          0          0         60   memcpya.o
        36          0          0          0          0        100   memseta.o
      1172         52          0          0          0        324   printf8.o
        44          0          0          0          0         72   uidiv.o
        96          0          0          0          0         84   uldiv.o
        40          2          0          0          0         68   cdrcmple.o
       356          4          0          0          0        140   dadd.o
       240          6          0          0          0         84   ddiv.o
       236          0          0          0          0        216   depilogue.o
        60         10          0          0          0         68   dfixui.o
        40          6          0          0          0         68   dflti.o
        28          4          0          0          0         68   dfltui.o
       208          6          0          0          0         88   dmul.o
       124         10          0          0          0         76   drnd.o
        44          0          0          0          0         72   dscalb.o

    ----------------------------------------------------------------------
      3360        156          0          0          0       2080   Library Totals
         2          0          0          0          0          0   (incl. Padding)

    ----------------------------------------------------------------------

      Code (inc. data)   RO Data    RW Data    ZI Data      Debug   Library Name

       408         40          0          0          0        220   m_ps.l
      1574         68          0          0          0        912   mc_p.l
      1376         48          0          0          0        948   mf_p.l

    ----------------------------------------------------------------------
      3360        156          0          0          0       2080   Library Totals

    ----------------------------------------------------------------------

==============================================================================


      Code (inc. data)   RO Data    RW Data    ZI Data      Debug   

     13512       1408        580        240       1456     529301   Grand Totals
     13512       1408        580        240       1456     529301   ELF Image Totals
     13512       1408        580        240          0          0   ROM Totals

==============================================================================

    Total RO  Size (Code + RO Data)                14092 (  13.76kB)
    Total RW  Size (RW Data + ZI Data)              1696 (   1.66kB)
    Total ROM Size (Code + RO Data + RW Data)      14332 (  14.00kB)

==============================================================================

