Component: ARM Compiler 5.06 update 6 (build 750) Tool: armlink [4d35ed]

==============================================================================

Section Cross References

    startup_stm32f030.o(RESET) refers to startup_stm32f030.o(STACK) for __initial_sp
    startup_stm32f030.o(RESET) refers to startup_stm32f030.o(.text) for Reset_Handler
    startup_stm32f030.o(RESET) refers to stm32f0xx_it.o(i.NMI_Handler) for NMI_Handler
    startup_stm32f030.o(RESET) refers to stm32f0xx_it.o(i.HardFault_Handler) for HardFault_Handler
    startup_stm32f030.o(RESET) refers to stm32f0xx_it.o(i.SVC_Handler) for SVC_Handler
    startup_stm32f030.o(RESET) refers to stm32f0xx_it.o(i.PendSV_Handler) for PendSV_Handler
    startup_stm32f030.o(RESET) refers to stm32f0xx_it.o(i.SysTick_Handler) for SysTick_Handler
    startup_stm32f030.o(RESET) refers to stm32f0xx_it.o(i.EXTI0_1_IRQHandler) for EXTI0_1_IRQHandler
    startup_stm32f030.o(RESET) refers to stm32f0xx_it.o(i.ADC1_IRQHandler) for ADC1_IRQHandler
    startup_stm32f030.o(RESET) refers to stm32f0xx_it.o(i.TIM3_IRQHandler) for TIM3_IRQHandler
    startup_stm32f030.o(RESET) refers to stm32f0xx_it.o(i.TIM14_IRQHandler) for TIM14_IRQHandler
    startup_stm32f030.o(RESET) refers to stm32f0xx_it.o(i.SPI2_IRQHandler) for SPI2_IRQHandler
    startup_stm32f030.o(RESET) refers to stm32f0xx_it.o(i.USART1_IRQHandler) for USART1_IRQHandler
    startup_stm32f030.o(.text) refers to startup_stm32f030.o(STACK) for __initial_sp
    startup_stm32f030.o(.text) refers to system_stm32f0xx.o(i.SystemInit) for SystemInit
    startup_stm32f030.o(.text) refers to entry.o(.ARM.Collect$$$$00000000) for __main
    system_stm32f0xx.o(i.SystemCoreClockUpdate) refers to uidiv.o(.text) for __aeabi_uidivmod
    system_stm32f0xx.o(i.SystemCoreClockUpdate) refers to system_stm32f0xx.o(.data) for .data
    system_stm32f0xx.o(i.SystemInit) refers to system_stm32f0xx.o(i.SetSysClock) for SetSysClock
    stm32f0xx_gpio.o(i.GPIO_DeInit) refers to stm32f0xx_rcc.o(i.RCC_AHBPeriphResetCmd) for RCC_AHBPeriphResetCmd
    stm32f0xx_pwr.o(i.PWR_DeInit) refers to stm32f0xx_rcc.o(i.RCC_APB1PeriphResetCmd) for RCC_APB1PeriphResetCmd
    stm32f0xx_rcc.o(i.RCC_GetClocksFreq) refers to uidiv.o(.text) for __aeabi_uidivmod
    stm32f0xx_rcc.o(i.RCC_GetClocksFreq) refers to stm32f0xx_rcc.o(.data) for .data
    stm32f0xx_rcc.o(i.RCC_WaitForHSEStartUp) refers to stm32f0xx_rcc.o(i.RCC_GetFlagStatus) for RCC_GetFlagStatus
    stm32f0xx_rtc.o(i.RTC_DeInit) refers to stm32f0xx_rtc.o(i.RTC_EnterInitMode) for RTC_EnterInitMode
    stm32f0xx_rtc.o(i.RTC_DeInit) refers to stm32f0xx_rtc.o(i.RTC_WaitForSynchro) for RTC_WaitForSynchro
    stm32f0xx_rtc.o(i.RTC_GetAlarm) refers to stm32f0xx_rtc.o(i.RTC_Bcd2ToByte) for RTC_Bcd2ToByte
    stm32f0xx_rtc.o(i.RTC_GetDate) refers to stm32f0xx_rtc.o(i.RTC_Bcd2ToByte) for RTC_Bcd2ToByte
    stm32f0xx_rtc.o(i.RTC_GetTime) refers to stm32f0xx_rtc.o(i.RTC_Bcd2ToByte) for RTC_Bcd2ToByte
    stm32f0xx_rtc.o(i.RTC_GetTimeStamp) refers to stm32f0xx_rtc.o(i.RTC_Bcd2ToByte) for RTC_Bcd2ToByte
    stm32f0xx_rtc.o(i.RTC_Init) refers to stm32f0xx_rtc.o(i.RTC_EnterInitMode) for RTC_EnterInitMode
    stm32f0xx_rtc.o(i.RTC_Init) refers to stm32f0xx_rtc.o(i.RTC_ExitInitMode) for RTC_ExitInitMode
    stm32f0xx_rtc.o(i.RTC_RefClockCmd) refers to stm32f0xx_rtc.o(i.RTC_EnterInitMode) for RTC_EnterInitMode
    stm32f0xx_rtc.o(i.RTC_RefClockCmd) refers to stm32f0xx_rtc.o(i.RTC_ExitInitMode) for RTC_ExitInitMode
    stm32f0xx_rtc.o(i.RTC_SetAlarm) refers to stm32f0xx_rtc.o(i.RTC_Bcd2ToByte) for RTC_Bcd2ToByte
    stm32f0xx_rtc.o(i.RTC_SetAlarm) refers to stm32f0xx_rtc.o(i.RTC_ByteToBcd2) for RTC_ByteToBcd2
    stm32f0xx_rtc.o(i.RTC_SetDate) refers to stm32f0xx_rtc.o(i.RTC_Bcd2ToByte) for RTC_Bcd2ToByte
    stm32f0xx_rtc.o(i.RTC_SetDate) refers to stm32f0xx_rtc.o(i.RTC_ByteToBcd2) for RTC_ByteToBcd2
    stm32f0xx_rtc.o(i.RTC_SetDate) refers to stm32f0xx_rtc.o(i.RTC_EnterInitMode) for RTC_EnterInitMode
    stm32f0xx_rtc.o(i.RTC_SetDate) refers to stm32f0xx_rtc.o(i.RTC_ExitInitMode) for RTC_ExitInitMode
    stm32f0xx_rtc.o(i.RTC_SetDate) refers to stm32f0xx_rtc.o(i.RTC_WaitForSynchro) for RTC_WaitForSynchro
    stm32f0xx_rtc.o(i.RTC_SetTime) refers to stm32f0xx_rtc.o(i.RTC_Bcd2ToByte) for RTC_Bcd2ToByte
    stm32f0xx_rtc.o(i.RTC_SetTime) refers to stm32f0xx_rtc.o(i.RTC_ByteToBcd2) for RTC_ByteToBcd2
    stm32f0xx_rtc.o(i.RTC_SetTime) refers to stm32f0xx_rtc.o(i.RTC_EnterInitMode) for RTC_EnterInitMode
    stm32f0xx_rtc.o(i.RTC_SetTime) refers to stm32f0xx_rtc.o(i.RTC_ExitInitMode) for RTC_ExitInitMode
    stm32f0xx_rtc.o(i.RTC_SetTime) refers to stm32f0xx_rtc.o(i.RTC_WaitForSynchro) for RTC_WaitForSynchro
    stm32f0xx_rtc.o(i.RTC_SynchroShiftConfig) refers to stm32f0xx_rtc.o(i.RTC_WaitForSynchro) for RTC_WaitForSynchro
    stm32f0xx_spi.o(i.I2S_Init) refers to stm32f0xx_rcc.o(i.RCC_GetClocksFreq) for RCC_GetClocksFreq
[...]
    i.RCC_SYSCLKConfig                       0x08000e54   Section        0  stm32f0xx_rcc.o(i.RCC_SYSCLKConfig)
    i.RTC_AlarmCmd                           0x08000e68   Section        0  stm32f0xx_rtc.o(i.RTC_AlarmCmd)
    i.RTC_AlarmStructInit                    0x08000ebc   Section        0  stm32f0xx_rtc.o(i.RTC_AlarmStructInit)
    i.RTC_Alarm_set_min                      0x08000ed0   Section        0  rtc.o(i.RTC_Alarm_set_min)
    i.RTC_Bcd2ToByte                         0x08000fc4   Section        0  stm32f0xx_rtc.o(i.RTC_Bcd2ToByte)
    RTC_Bcd2ToByte                           0x08000fc5   Thumb Code    16  stm32f0xx_rtc.o(i.RTC_Bcd2ToByte)
    i.RTC_ByteToBcd2                         0x08000fd4   Section        0  stm32f0xx_rtc.o(i.RTC_ByteToBcd2)
    RTC_ByteToBcd2                           0x08000fd5   Thumb Code    24  stm32f0xx_rtc.o(i.RTC_ByteToBcd2)
    i.RTC_ClearFlag                          0x08000fec   Section        0  stm32f0xx_rtc.o(i.RTC_ClearFlag)
    i.RTC_ClearITPendingBit                  0x08001008   Section        0  stm32f0xx_rtc.o(i.RTC_ClearITPendingBit)
    i.RTC_DateStructInit                     0x08001024   Section        0  stm32f0xx_rtc.o(i.RTC_DateStructInit)
    i.RTC_EnterInitMode                      0x08001034   Section        0  stm32f0xx_rtc.o(i.RTC_EnterInitMode)
    i.RTC_ExitInitMode                       0x08001078   Section        0  stm32f0xx_rtc.o(i.RTC_ExitInitMode)
    i.RTC_GetTime                            0x08001088   Section        0  stm32f0xx_rtc.o(i.RTC_GetTime)
    i.RTC_ITConfig                           0x080010d4   Section        0  stm32f0xx_rtc.o(i.RTC_ITConfig)
    i.RTC_Init                               0x08001114   Section        0  stm32f0xx_rtc.o(i.RTC_Init)
    i.RTC_SetAlarm                           0x0800115c   Section        0  stm32f0xx_rtc.o(i.RTC_SetAlarm)
    i.RTC_SetDate                            0x08001208   Section        0  stm32f0xx_rtc.o(i.RTC_SetDate)
    i.RTC_SetTime                            0x080012ac   Section        0  stm32f0xx_rtc.o(i.RTC_SetTime)
    i.RTC_WaitForSynchro                     0x08001350   Section        0  stm32f0xx_rtc.o(i.RTC_WaitForSynchro)
    i.RTC_WriteProtectionCmd                 0x080013a0   Section        0  stm32f0xx_rtc.o(i.RTC_WriteProtectionCmd)
    i.RadioCheckRfFrequency                  0x080013bc   Section        0  radio.o(i.RadioCheckRfFrequency)
    i.RadioGetFskBandwidthRegValue           0x080013c0   Section        0  radio.o(i.RadioGetFskBandwidthRegValue)
    RadioGetFskBandwidthRegValue             0x080013c1   Thumb Code    50  radio.o(i.RadioGetFskBandwidthRegValue)
    i.RadioGetStatus                         0x080013f8   Section        0  radio.o(i.RadioGetStatus)
    i.RadioGetWakeupTime                     0x0800141a   Section        0  radio.o(i.RadioGetWakeupTime)
    i.RadioInit                              0x08001420   Section        0  radio.o(i.RadioInit)
    i.RadioIrqProcess                        0x08001468   Section        0  radio.o(i.RadioIrqProcess)
    i.RadioIsChannelFree                     0x08001554   Section        0  radio.o(i.RadioIsChannelFree)
    i.RadioOnDioIrq                          0x08001578   Section        0  radio.o(i.RadioOnDioIrq)
    i.RadioRandom                            0x08001584   Section        0  radio.o(i.RadioRandom)
    i.RadioRead                              0x080015b8   Section        0  radio.o(i.RadioRead)
    i.RadioReadBuffer                        0x080015c0   Section        0  radio.o(i.RadioReadBuffer)
    i.RadioRssi                              0x080015c8   Section        0  radio.o(i.RadioRssi)
    i.RadioRx                                0x080015d0   Section        0  radio.o(i.RadioRx)
    i.RadioRxBoosted                         0x08001604   Section        0  radio.o(i.RadioRxBoosted)
    i.RadioSend                              0x08001638   Section        0  radio.o(i.RadioSend)
    i.RadioSetChannel                        0x08001674   Section        0  radio.o(i.RadioSetChannel)
    i.RadioSetMaxPayloadLength               0x0800167c   Section        0  radio.o(i.RadioSetMaxPayloadLength)
    i.RadioSetModem                          0x080016ac   Section        0  radio.o(i.RadioSetModem)
    i.RadioSetPublicNetwork                  0x080016dc   Section        0  radio.o(i.RadioSetPublicNetwork)
    i.RadioSetRxConfig                       0x0800171c   Section        0  radio.o(i.RadioSetRxConfig)
    i.RadioSetRxDutyCycle                    0x080018bc   Section        0  radio.o(i.RadioSetRxDutyCycle)
    i.RadioSetTxConfig                       0x080018c4   Section        0  radio.o(i.RadioSetTxConfig)
    i.RadioSetTxContinuousWave               0x080019fc   Section        0  radio.o(i.RadioSetTxContinuousWave)
    i.RadioSleep                             0x08001a10   Section        0  radio.o(i.RadioSleep)
    i.RadioStandby                           0x08001a2e   Section        0  radio.o(i.RadioStandby)
    i.RadioStartCad                          0x08001a38   Section        0  radio.o(i.RadioStartCad)
    i.RadioTimeOnAir                         0x08001a40   Section        0  radio.o(i.RadioTimeOnAir)
    i.RadioWrite                             0x08001bdc   Section        0  radio.o(i.RadioWrite)
    i.RadioWriteBuffer                       0x08001be4   Section        0  radio.o(i.RadioWriteBuffer)
    i.SPI1_Int                               0x08001bec   Section        0  spi.o(i.SPI1_Int)
    i.SPI2_IRQHandler                        0x08001c38   Section        0  stm32f0xx_it.o(i.SPI2_IRQHandler)
    i.SPI_Cmd                                0x08001c3a   Section        0  stm32f0xx_spi.o(i.SPI_Cmd)
    i.SPI_I2S_GetFlagStatus                  0x08001c50   Section        0  stm32f0xx_spi.o(i.SPI_I2S_GetFlagStatus)
    i.SPI_Init                               0x08001c60   Section        0  stm32f0xx_spi.o(i.SPI_Init)
    i.SPI_ReceiveData8                       0x08001cb4   Section        0  stm32f0xx_spi.o(i.SPI_ReceiveData8)
    i.SPI_RxFIFOThresholdConfig              0x08001cb8   Section        0  stm32f0xx_spi.o(i.SPI_RxFIFOThresholdConfig)
    i.SPI_SendData8                          0x08001ccc   Section        0  stm32f0xx_spi.o(i.SPI_SendData8)
    i.SVC_Handler                            0x08001cd0   Section        0  stm32f0xx_it.o(i.SVC_Handler)
    i.SX126xAntSwOff                         0x08001cd2   Section        0  sx126x-board.o(i.SX126xAntSwOff)
    i.SX126xAntSwOn                          0x08001cd4   Section        0  sx126x-board.o(i.SX126xAntSwOn)
    i.SX126xCalibrateImage                   0x08001cd8   Section        0  sx126x.o(i.SX126xCalibrateImage)
    i.SX126xCheckDeviceReady                 0x08001d54   Section        0  sx126x.o(i.SX126xCheckDeviceReady)
    i.SX126xClearIrqStatus                   0x08001d74   Section        0  sx126x.o(i.SX126xClearIrqStatus)
    i.SX126xGetIrqStatus                     0x08001d8a   Section        0  sx126x.o(i.SX126xGetIrqStatus)
    i.SX126xGetOperatingMode                 0x08001da4   Section        0  sx126x.o(i.SX126xGetOperatingMode)
    i.SX126xGetPaSelect                      0x08001db0   Section        0  sx126x-board.o(i.SX126xGetPaSelect)
    i.SX126xGetPacketStatus                  0x08001db4   Section        0  sx126x.o(i.SX126xGetPacketStatus)
    i.SX126xGetPacketType                    0x08001e34   Section        0  sx126x.o(i.SX126xGetPacketType)
    i.SX126xGetPayload                       0x08001e40   Section        0  sx126x.o(i.SX126xGetPayload)
    i.SX126xGetRssiInst                      0x08001e6c   Section        0  sx126x.o(i.SX126xGetRssiInst)
    i.SX126xGetRxBufferStatus                0x08001e84   Section        0  sx126x.o(i.SX126xGetRxBufferStatus)
    i.SX126xInit                             0x08001ec4   Section        0  sx126x.o(i.SX126xInit)
    i.SX126xReadBuffer                       0x08001ee8   Section        0  sx126x-board.o(i.SX126xReadBuffer)
    i.SX126xReadCommand                      0x08001f38   Section        0  sx126x-board.o(i.SX126xReadCommand)
    i.SX126xReadRegister                     0x08001f82   Section        0  sx126x-board.o(i.SX126xReadRegister)
    i.SX126xReadRegisters                    0x08001f92   Section        0  sx126x-board.o(i.SX126xReadRegisters)
    i.SX126xReset                            0x08001fe8   Section        0  sx126x-board.o(i.SX126xReset)
    i.SX126xSendPayload                      0x08002018   Section        0  sx126x.o(i.SX126xSendPayload)
    i.SX126xSetBufferBaseAddress             0x08002028   Section        0  sx126x.o(i.SX126xSetBufferBaseAddress)
    i.SX126xSetCad                           0x0800203c   Section        0  sx126x.o(i.SX126xSetCad)
    i.SX126xSetCadParams                     0x08002054   Section        0  sx126x.o(i.SX126xSetCadParams)
    i.SX126xSetCrcPolynomial                 0x08002084   Section        0  sx126x.o(i.SX126xSetCrcPolynomial)
    i.SX126xSetCrcSeed                       0x080020a8   Section        0  sx126x.o(i.SX126xSetCrcSeed)
    i.SX126xSetDio2AsRfSwitchCtrl            0x080020cc   Section        0  sx126x.o(i.SX126xSetDio2AsRfSwitchCtrl)
    i.SX126xSetDioIrqParams                  0x080020da   Section        0  sx126x.o(i.SX126xSetDioIrqParams)
    i.SX126xSetLoRaSymbNumTimeout            0x08002102   Section        0  sx126x.o(i.SX126xSetLoRaSymbNumTimeout)
    i.SX126xSetModulationParams              0x08002110   Section        0  sx126x.o(i.SX126xSetModulationParams)
    i.SX126xSetPaConfig                      0x080021b8   Section        0  sx126x.o(i.SX126xSetPaConfig)
    i.SX126xSetPacketParams                  0x080021d0   Section        0  sx126x.o(i.SX126xSetPacketParams)
    i.SX126xSetPacketType                    0x08002284   Section        0  sx126x.o(i.SX126xSetPacketType)
    i.SX126xSetPayload                       0x080022a0   Section        0  sx126x.o(i.SX126xSetPayload)
    i.SX126xSetRegulatorMode                 0x080022ae   Section        0  sx126x.o(i.SX126xSetRegulatorMode)
    i.SX126xSetRfFrequency                   0x080022bc   Section        0  sx126x.o(i.SX126xSetRfFrequency)
    i.SX126xSetRfTxPower                     0x08002308   Section        0  sx126x-board.o(i.SX126xSetRfTxPower)
    i.SX126xSetRx                            0x08002314   Section        0  sx126x.o(i.SX126xSetRx)
    i.SX126xSetRxBoosted                     0x08002338   Section        0  sx126x.o(i.SX126xSetRxBoosted)
    i.SX126xSetRxDutyCycle                   0x08002368   Section        0  sx126x.o(i.SX126xSetRxDutyCycle)
    i.SX126xSetSleep                         0x08002398   Section        0  sx126x.o(i.SX126xSetSleep)
    i.SX126xSetStandby                       0x080023b4   Section        0  sx126x.o(i.SX126xSetStandby)
    i.SX126xSetStopRxTimerOnPreambleDetect   0x080023dc   Section        0  sx126x.o(i.SX126xSetStopRxTimerOnPreambleDetect)
    i.SX126xSetSyncWord                      0x080023ea   Section        0  sx126x.o(i.SX126xSetSyncWord)
    i.SX126xSetTx                            0x080023fc   Section        0  sx126x.o(i.SX126xSetTx)
    i.SX126xSetTxContinuousWave              0x08002420   Section        0  sx126x.o(i.SX126xSetTxContinuousWave)
    i.SX126xSetTxParams                      0x08002430   Section        0  sx126x.o(i.SX126xSetTxParams)
    i.SX126xSetWhiteningSeed                 0x080024b4   Section        0  sx126x.o(i.SX126xSetWhiteningSeed)
    i.SX126xWaitOnBusy                       0x080024e4   Section        0  sx126x-board.o(i.SX126xWaitOnBusy)
    i.SX126xWakeup                           0x080024fc   Section        0  sx126x-board.o(i.SX126xWakeup)
    i.SX126xWriteBuffer                      0x08002528   Section        0  sx126x-board.o(i.SX126xWriteBuffer)
    i.SX126xWriteCommand                     0x08002570   Section        0  sx126x-board.o(i.SX126xWriteCommand)
    i.SX126xWriteRegister                    0x080025b6   Section        0  sx126x-board.o(i.SX126xWriteRegister)
    i.SX126xWriteRegisters                   0x080025c2   Section        0  sx126x-board.o(i.SX126xWriteRegisters)
    i.SetSysClock                            0x08002610   Section        0  system_stm32f0xx.o(i.SetSysClock)
    SetSysClock                              0x08002611   Thumb Code   148  system_stm32f0xx.o(i.SetSysClock)
    i.SpiInOut                               0x080026ac   Section        0  spi.o(i.SpiInOut)
    i.SysClock_48                            0x080026e0   Section        0  main.o(i.SysClock_48)
    i.SysTick_Handler                        0x08002710   Section        0  stm32f0xx_it.o(i.SysTick_Handler)
    i.SystemInit                             0x08002724   Section        0  system_stm32f0xx.o(i.SystemInit)
    i.TIM14_IRQHandler                       0x08002784   Section        0  stm32f0xx_it.o(i.TIM14_IRQHandler)
    i.TIM3_IRQHandler                        0x08002786   Section        0  stm32f0xx_it.o(i.TIM3_IRQHandler)
    i.Tick_Configration                      0x08002788   Section        0  main.o(i.Tick_Configration)
    i.USART1_IRQHandler                      0x080027d4   Section        0  stm32f0xx_it.o(i.USART1_IRQHandler)
    i.USART_Cmd                              0x080027fc   Section        0  stm32f0xx_usart.o(i.USART_Cmd)
    i.USART_GetITStatus                      0x08002814   Section        0  stm32f0xx_usart.o(i.USART_GetITStatus)
    i.USART_ITConfig                         0x08002850   Section        0  stm32f0xx_usart.o(i.USART_ITConfig)
    i.USART_Init                             0x08002880   Section        0  stm32f0xx_usart.o(i.USART_Init)
    i.USART_ReceiveData                      0x08002930   Section        0  stm32f0xx_usart.o(i.USART_ReceiveData)
    i.UartInit                               0x08002938   Section        0  uart.o(i.UartInit)
    i._OnCadDone                             0x080029cc   Section        0  lora_node.o(i._OnCadDone)
    _OnCadDone                               0x080029cd   Thumb Code    32  lora_node.o(i._OnCadDone)
    i._OnRxDone                              0x080029fc   Section        0  lora_node.o(i._OnRxDone)
    _OnRxDone                                0x080029fd   Thumb Code    40  lora_node.o(i._OnRxDone)
    i._OnRxError                             0x08002a3c   Section        0  lora_node.o(i._OnRxError)
    _OnRxError                               0x08002a3d   Thumb Code    22  lora_node.o(i._OnRxError)
    i._OnRxTimeout                           0x08002a64   Section        0  lora_node.o(i._OnRxTimeout)
    _OnRxTimeout                             0x08002a65   Thumb Code    22  lora_node.o(i._OnRxTimeout)
    i._OnTxDone                              0x08002a8c   Section        0  lora_node.o(i._OnTxDone)
    _OnTxDone                                0x08002a8d   Thumb Code    22  lora_node.o(i._OnTxDone)
    i._OnTxTimeout                           0x08002ab4   Section        0  lora_node.o(i._OnTxTimeout)
    _OnTxTimeout                             0x08002ab5   Thumb Code    10  lora_node.o(i._OnTxTimeout)
    i.__0printf$8                            0x08002ac0   Section        0  printf8.o(i.__0printf$8)
    i.__ARM_clz                              0x08002ae0   Section        0  depilogue.o(i.__ARM_clz)
    i.__scatterload_copy                     0x08002b0e   Section       14  handlers.o(i.__scatterload_copy)
    i.__scatterload_null                     0x08002b1c   Section        2  handlers.o(i.__scatterload_null)
    i.__scatterload_zeroinit                 0x08002b1e   Section       14  handlers.o(i.__scatterload_zeroinit)
    i._again_fsm_func                        0x08002b2c   Section        0  lora_node.o(i._again_fsm_func)
    _again_fsm_func                          0x08002b2d   Thumb Code    18  lora_node.o(i._again_fsm_func)
    i._cad_busy_fsm_func                     0x08002b40   Section        0  lora_node.o(i._cad_busy_fsm_func)
    _cad_busy_fsm_func                       0x08002b41   Thumb Code    24  lora_node.o(i._cad_busy_fsm_func)
    i._cad_check_fsm_func                    0x08002b68   Section        0  lora_node.o(i._cad_check_fsm_func)
    _cad_check_fsm_func                      0x08002b69   Thumb Code    16  lora_node.o(i._cad_check_fsm_func)
    i._cad_idie_fsm_func                     0x08002b78   Section        0  lora_node.o(i._cad_idie_fsm_func)
    _cad_idie_fsm_func                       0x08002b79   Thumb Code    12  lora_node.o(i._cad_idie_fsm_func)
    i._check_cad                             0x08002b84   Section        0  lora_node.o(i._check_cad)
    _check_cad                               0x08002b85   Thumb Code    42  lora_node.o(i._check_cad)
    i._get_rtc_time                          0x08002bc0   Section        0  main.o(i._get_rtc_time)
    _get_rtc_time                            0x08002bc1   Thumb Code    24  main.o(i._get_rtc_time)
    i._idie_fsm_func                         0x08002bec   Section        0  lora_node.o(i._idie_fsm_func)
    _idie_fsm_func                           0x08002bed   Thumb Code    40  lora_node.o(i._idie_fsm_func)
    i._printf_core                           0x08002c30   Section        0  printf8.o(i._printf_core)
    _printf_core                             0x08002c31   Thumb Code  1020  printf8.o(i._printf_core)
    i._printf_post_padding                   0x08003058   Section        0  printf8.o(i._printf_post_padding)
    _printf_post_padding                     0x08003059   Thumb Code    32  printf8.o(i._printf_post_padding)
    i._printf_pre_padding                    0x08003078   Section        0  printf8.o(i._printf_pre_padding)
    _printf_pre_padding                      0x08003079   Thumb Code    44  printf8.o(i._printf_pre_padding)
    i._recv_end_fsm_func                     0x080030a4   Section        0  lora_node.o(i._recv_end_fsm_func)
    _recv_end_fsm_func                       0x080030a5   Thumb Code   110  lora_node.o(i._recv_end_fsm_func)
    i._recv_fsm_func                         0x08003154   Section        0  lora_node.o(i._recv_fsm_func)
    _recv_fsm_func                           0x08003155   Thumb Code    22  lora_node.o(i._recv_fsm_func)
    i._recv_overtime_fsm_func                0x08003170   Section        0  lora_node.o(i._recv_overtime_fsm_func)
    _recv_overtime_fsm_func                  0x08003171   Thumb Code     4  lora_node.o(i._recv_overtime_fsm_func)
    i._recving_fsm_func                      0x08003174   Section        0  lora_node.o(i._recving_fsm_func)
    _recving_fsm_func                        0x08003175   Thumb Code     4  lora_node.o(i._recving_fsm_func)
    i._send_data                             0x08003178   Section        0  lora_node.o(i._send_data)
    _send_data                               0x08003179   Thumb Code    90  lora_node.o(i._send_data)
    i._send_end_fsm_func                     0x080031f0   Section        0  lora_node.o(i._send_end_fsm_func)
    _send_end_fsm_func                       0x080031f1   Thumb Code    12  lora_node.o(i._send_end_fsm_func)
    i._send_fsm_func                         0x080031fc   Section        0  lora_node.o(i._send_fsm_func)
    _send_fsm_func                           0x080031fd   Thumb Code    16  lora_node.o(i._send_fsm_func)
    i._send_overtime_fsm_func                0x0800320c   Section        0  lora_node.o(i._send_overtime_fsm_func)
    _send_overtime_fsm_func                  0x0800320d   Thumb Code     4  lora_node.o(i._send_overtime_fsm_func)
    i._sending_fsm_func                      0x08003210   Section        0  lora_node.o(i._sending_fsm_func)
    _sending_fsm_func                        0x08003211   Thumb Code     4  lora_node.o(i._sending_fsm_func)
    i._set_addr                              0x08003214   Section        0  main.o(i._set_addr)
    _set_addr                                0x08003215   Thumb Code    16  main.o(i._set_addr)
    i._sleep_fsm_func                        0x08003224   Section        0  lora_node.o(i._sleep_fsm_func)
    _sleep_fsm_func                          0x08003225   Thumb Code    28  lora_node.o(i._sleep_fsm_func)
    i._write_sn                              0x08003250   Section        0  main.o(i._write_sn)
    _write_sn                                0x08003251   Thumb Code    46  main.o(i._write_sn)
    i.ceil                                   0x080032a4   Section        0  ceil.o(i.ceil)
    i.floor                                  0x0800336c   Section        0  floor.o(i.floor)
    i.fputc                                  0x08003434   Section        0  uart.o(i.fputc)
    i.lora_change_state                      0x0800344c   Section        0  lora_node.o(i.lora_change_state)
    i.lora_common_crc                        0x08003458   Section        0  lora_common.o(i.lora_common_crc)
    i.lora_common_delay_s                    0x08003470   Section        0  lora_common.o(i.lora_common_delay_s)
    i.lora_common_get_data                   0x08003484   Section        0  lora_common.o(i.lora_common_get_data)
    i.lora_common_snd_beg                    0x08003494   Section        0  lora_common.o(i.lora_common_snd_beg)
    i.lora_common_snd_end                    0x080034c0   Section        0  lora_common.o(i.lora_common_snd_end)
    i.lora_common_snd_join                   0x080034ec   Section        0  lora_common.o(i.lora_common_snd_join)
    i.lora_node_base_info                    0x0800352c   Section        0  lora_node.o(i.lora_node_base_info)
    i.lora_node_init                         0x08003534   Section        0  lora_node.o(i.lora_node_init)
    i.lora_node_task                         0x080035e0   Section        0  lora_node.o(i.lora_node_task)
    i.main                                   0x08003678   Section        0  main.o(i.main)
    i.operate_flash_read                     0x080036c8   Section        0  operate_flash.o(i.operate_flash_read)
    i.operate_flash_write                    0x080036d4   Section        0  operate_flash.o(i.operate_flash_write)
    i.rint                                   0x08003704   Section        0  rint.o(i.rint)
    i.rtc_get_min                            0x0800370c   Section        0  rtc.o(i.rtc_get_min)
    i.rtc_get_sec                            0x08003728   Section        0  rtc.o(i.rtc_get_sec)
    i.rtc_get_time                           0x08003770   Section        0  rtc.o(i.rtc_get_time)
    i.rtc_set                                0x0800377c   Section        0  rtc.o(i.rtc_set)
    i.rtc_set_time                           0x080037f6   Section        0  rtc.o(i.rtc_set_time)
    .constdata                               0x08003804   Section      108  radio.o(.constdata)
    .constdata                               0x08003870   Section      180  radio.o(.constdata)
    .constdata                               0x08003924   Section       79  lora_node.o(.constdata)
    __func__                                 0x08003924   Data          16  lora_node.o(.constdata)
    __func__                                 0x08003934   Data          19  lora_node.o(.constdata)
    __func__                                 0x08003947   Data          10  lora_node.o(.constdata)
    __func__                                 0x08003951   Data          10  lora_node.o(.constdata)
    __func__                                 0x0800395b   Data          13  lora_node.o(.constdata)
    __func__                                 0x08003968   Data          11  lora_node.o(.constdata)
    .data                                    0x20000000   Section       20  system_stm32f0xx.o(.data)
    .data                                    0x20000014   Section       16  stm32f0xx_rcc.o(.data)
    APBAHBPrescTable                         0x20000014   Data          16  stm32f0xx_rcc.o(.data)
    .data                                    0x20000024   Section       12  stm32f0xx_it.o(.data)
    .data                                    0x20000030   Section        4  uart.o(.data)
    .data                                    0x20000038   Section      168  radio.o(.data)
    RadioPublicNetwork                       0x2000003b   Data           2  radio.o(.data)
    RadioEvents                              0x20000048   Data           4  radio.o(.data)
    RadioLoRaSymbTime                        0x20000050   Data         144  radio.o(.data)
    .data                                    0x200000e0   Section        8  sx126x.o(.data)
    ImageCalibrated                          0x200000e0   Data           1  sx126x.o(.data)
    OperatingMode                            0x200000e1   Data           1  sx126x.o(.data)
    PacketType                               0x200000e2   Data           1  sx126x.o(.data)
    .data                                    0x200000e8   Section        1  lora_node.o(.data)
    _recv_len                                0x200000e8   Data           1  lora_node.o(.data)
    .bss                                     0x200000ec   Section      336  radio.o(.bss)
    .bss                                     0x2000023c   Section       25  lora_common.o(.bss)
    _send_data_info                          0x2000023c   Data          25  lora_common.o(.bss)
    .bss                                     0x20000258   Section       68  lora_node.o(.bss)
    _base_info                               0x20000258   Data          16  lora_node.o(.bss)
    _RadioEvents                             0x20000268   Data          28  lora_node.o(.bss)
    _recv_buf                                0x20000284   Data          24  lora_node.o(.bss)
    STACK                                    0x200002a0   Section     1024  startup_stm32f030.o(STACK)

    Global Symbols

    Symbol Name                              Value     Ov Type        Size  Object(Section)

    BuildAttributes$$THM_ISAv3M$S$PE$A:L22$X:L11$S22$IEEE1$IW$USESV6$~STKCKD$USESV7$~SHL$OTIME$ROPI$IEEEJ$EBA8$MICROLIB$REQ8$PRES8$EABIv2 0x00000000   Number         0  anon$$obj.o ABSOLUTE
    __ARM_use_no_argv                        0x00000000   Number         0  main.o ABSOLUTE
    _printf_a                                0x00000000   Number         0  stubs.o ABSOLUTE
    _printf_c                                0x00000000   Number         0  stubs.o ABSOLUTE
    _printf_charcount                        0x00000000   Number         0  stubs.o ABSOLUTE
    _printf_d                                0x00000000   Number         0  stubs.o ABSOLUTE
    _printf_e                                0x00000000   Number         0  stubs.o ABSOLUTE
    _printf_f                                0x00000000   Number         0  stubs.o ABSOLUTE
    _printf_flags                            0x00000000   Number         0  stubs.o ABSOLUTE
    _printf_fp_dec                           0x00000000   Number         0  stubs.o ABSOLUTE
    _printf_fp_hex                           0x00000000   Number         0  stubs.o ABSOLUTE
    _printf_g                                0x00000000   Number         0  stubs.o ABSOLUTE
    _printf_i                                0x00000000   Number         0  stubs.o ABSOLUTE
    _printf_int_dec                          0x00000000   Number         0  stubs.o ABSOLUTE
    _printf_l                                0x00000000   Number         0  stubs.o ABSOLUTE
    _printf_lc                               0x00000000   Number         0  stubs.o ABSOLUTE
    _printf_ll                               0x00000000   Number         0  stubs.o ABSOLUTE
    _printf_lld                              0x00000000   Number         0  stubs.o ABSOLUTE
    _printf_lli                              0x00000000   Number         0  stubs.o ABSOLUTE
    _printf_llo                              0x00000000   Number         0  stubs.o ABSOLUTE
    _printf_llu                              0x00000000   Number         0  stubs.o ABSOLUTE
    _printf_llx                              0x00000000   Number         0  stubs.o ABSOLUTE
    _printf_longlong_dec                     0x00000000   Number         0  stubs.o ABSOLUTE
    _printf_longlong_hex                     0x00000000   Number         0  stubs.o ABSOLUTE
    _printf_longlong_oct                     0x00000000   Number         0  stubs.o ABSOLUTE
    _printf_ls                               0x00000000   Number         0  stubs.o ABSOLUTE
    _printf_mbtowc                           0x00000000   Number         0  stubs.o ABSOLUTE
    _printf_n                                0x00000000   Number         0  stubs.o ABSOLUTE
    _printf_o                                0x00000000   Number         0  stubs.o ABSOLUTE
    _printf_p                                0x00000000   Number         0  stubs.o ABSOLUTE
    _printf_percent                          0x00000000   Number         0  stubs.o ABSOLUTE
    _printf_pre_padding                      0x00000000   Number         0  stubs.o ABSOLUTE
    _printf_return_value                     0x00000000   Number         0  stubs.o ABSOLUTE
    _printf_s                                0x00000000   Number         0  stubs.o ABSOLUTE
    _printf_sizespec                         0x00000000   Number         0  stubs.o ABSOLUTE
    _printf_str                              0x00000000   Number         0  stubs.o ABSOLUTE
    _printf_truncate_signed                  0x00000000   Number         0  stubs.o ABSOLUTE
    _printf_truncate_unsigned                0x00000000   Number         0  stubs.o ABSOLUTE
    _printf_u                                0x00000000   Number         0  stubs.o ABSOLUTE
    _printf_wc                               0x00000000   Number         0  stubs.o ABSOLUTE
    _printf_wctomb                           0x00000000   Number         0  stubs.o ABSOLUTE
    _printf_widthprec                        0x00000000   Number         0  stubs.o ABSOLUTE
    _printf_x                                0x00000000   Number         0  stubs.o ABSOLUTE
    __cpp_initialize__aeabi_                  - Undefined Weak Reference
    __cxa_finalize                            - Undefined Weak Reference
    __decompress                              - Undefined Weak Reference
    _clock_init                               - Undefined Weak Reference
    _microlib_exit                            - Undefined Weak Reference
    __Vectors_Size                           0x000000b4   Number         0  startup_stm32f030.o ABSOLUTE
    __Vectors                                0x08000000   Data           4  startup_stm32f030.o(RESET)
    __Vectors_End                            0x080000b4   Data           0  startup_stm32f030.o(RESET)
    __main                                   0x080000b5   Thumb Code     0  entry.o(.ARM.Collect$$$$00000000)
    _main_stk                                0x080000b5   Thumb Code     0  entry2.o(.ARM.Collect$$$$00000001)
    _main_scatterload                        0x080000b9   Thumb Code     0  entry5.o(.ARM.Collect$$$$00000004)
    __main_after_scatterload                 0x080000bd   Thumb Code     0  entry5.o(.ARM.Collect$$$$00000004)
    _main_clock                              0x080000bd   Thumb Code     0  entry7b.o(.ARM.Collect$$$$00000008)
    _main_cpp_init                           0x080000bd   Thumb Code     0  entry8b.o(.ARM.Collect$$$$0000000A)
    _main_init                               0x080000bd   Thumb Code     0  entry9a.o(.ARM.Collect$$$$0000000B)
    __rt_final_cpp                           0x080000c5   Thumb Code     0  entry10a.o(.ARM.Collect$$$$0000000D)
    __rt_final_exit                          0x080000c5   Thumb Code     0  entry11a.o(.ARM.Collect$$$$0000000F)
    Reset_Handler                            0x080000c9   Thumb Code    38  startup_stm32f030.o(.text)
    DMA1_Channel1_IRQHandler                 0x080000f9   Thumb Code     0  startup_stm32f030.o(.text)
    DMA1_Channel2_3_IRQHandler               0x080000f9   Thumb Code     0  startup_stm32f030.o(.text)
    DMA1_Channel4_5_IRQHandler               0x080000f9   Thumb Code     0  startup_stm32f030.o(.text)
    EXTI2_3_IRQHandler                       0x080000f9   Thumb Code     0  startup_stm32f030.o(.text)
    EXTI4_15_IRQHandler                      0x080000f9   Thumb Code     0  startup_stm32f030.o(.text)
    FLASH_IRQHandler                         0x080000f9   Thumb Code     0  startup_stm32f030.o(.text)
    I2C1_IRQHandler                          0x080000f9   Thumb Code     0  startup_stm32f030.o(.text)
    I2C2_IRQHandler                          0x080000f9   Thumb Code     0  startup_stm32f030.o(.text)
    RCC_IRQHandler                           0x080000f9   Thumb Code     0  startup_stm32f030.o(.text)
    RTC_IRQHandler                           0x080000f9   Thumb Code     0  startup_stm32f030.o(.text)
    SPI1_IRQHandler                          0x080000f9   Thumb Code     0  startup_stm32f030.o(.text)
    TIM15_IRQHandler                         0x080000f9   Thumb Code     0  startup_stm32f030.o(.text)
    TIM16_IRQHandler                         0x080000f9   Thumb Code     0  startup_stm32f030.o(.text)
    TIM17_IRQHandler                         0x080000f9   Thumb Code     0  startup_stm32f030.o(.text)
    TIM1_BRK_UP_TRG_COM_IRQHandler           0x080000f9   Thumb Code     0  startup_stm32f030.o(.text)
    TIM1_CC_IRQHandler                       0x080000f9   Thumb Code     0  startup_stm32f030.o(.text)
    USART2_IRQHandler                        0x080000f9   Thumb Code     0  startup_stm32f030.o(.text)
    WWDG_IRQHandler                          0x080000f9   Thumb Code     0  startup_stm32f030.o(.text)
    __aeabi_uidiv                            0x08000121   Thumb Code     0  uidiv.o(.text)
    __aeabi_uidivmod                         0x08000121   Thumb Code    44  uidiv.o(.text)
    __aeabi_memcpy                           0x0800014d   Thumb Code    36  memcpya.o(.text)
    __aeabi_memcpy4                          0x0800014d   Thumb Code     0  memcpya.o(.text)
    __aeabi_memcpy8                          0x0800014d   Thumb Code     0  memcpya.o(.text)
    __aeabi_memset                           0x08000171   Thumb Code    14  memseta.o(.text)
    __aeabi_memset4                          0x08000171   Thumb Code     0  memseta.o(.text)
    __aeabi_memset8                          0x08000171   Thumb Code     0  memseta.o(.text)
    __aeabi_memclr                           0x0800017f   Thumb Code     4  memseta.o(.text)
    __aeabi_memclr4                          0x0800017f   Thumb Code     0  memseta.o(.text)
    __aeabi_memclr8                          0x0800017f   Thumb Code     0  memseta.o(.text)
    _memset$wrapper                          0x08000183   Thumb Code    18  memseta.o(.text)
    __aeabi_dadd                             0x08000195   Thumb Code   328  dadd.o(.text)
    __aeabi_dsub                             0x080002dd   Thumb Code    12  dadd.o(.text)
    __aeabi_drsub                            0x080002e9   Thumb Code    12  dadd.o(.text)
    __aeabi_dmul                             0x080002f9   Thumb Code   202  dmul.o(.text)
    __aeabi_ddiv                             0x080003c9   Thumb Code   234  ddiv.o(.text)
    __ARM_scalbn                             0x080004b9   Thumb Code    44  dscalb.o(.text)
    scalbn                                   0x080004b9   Thumb Code     0  dscalb.o(.text)
    __aeabi_i2d                              0x080004e5   Thumb Code    34  dflti.o(.text)
    __aeabi_ui2d                             0x0800050d   Thumb Code    24  dfltui.o(.text)
    __aeabi_d2uiz                            0x08000529   Thumb Code    50  dfixui.o(.text)
    __aeabi_cdrcmple                         0x08000565   Thumb Code    38  cdrcmple.o(.text)
    __aeabi_uldivmod                         0x0800058d   Thumb Code    96  uldiv.o(.text)
    __aeabi_llsl                             0x080005ed   Thumb Code    32  llshl.o(.text)
    _ll_shift_l                              0x080005ed   Thumb Code     0  llshl.o(.text)
    __aeabi_llsr                             0x0800060d   Thumb Code    34  llushr.o(.text)
    _ll_ushift_r                             0x0800060d   Thumb Code     0  llushr.o(.text)
    __aeabi_lasr                             0x0800062f   Thumb Code    38  llsshr.o(.text)
    _ll_sshift_r                             0x0800062f   Thumb Code     0  llsshr.o(.text)
    __I$use$fp                               0x08000655   Thumb Code     0  iusefp.o(.text)
    _double_round                            0x08000655   Thumb Code    26  depilogue.o(.text)
    _double_epilogue                         0x0800066f   Thumb Code   164  depilogue.o(.text)
    _drnd                                    0x08000715   Thumb Code   114  drnd.o(.text)
    __scatterload                            0x08000791   Thumb Code    28  init.o(.text)
    __scatterload_rt2                        0x08000791   Thumb Code     0  init.o(.text)
    ADC1_IRQHandler                          0x080007b5   Thumb Code     2  stm32f0xx_it.o(i.ADC1_IRQHandler)
    EXTI0_1_IRQHandler                       0x080007b7   Thumb Code     2  stm32f0xx_it.o(i.EXTI0_1_IRQHandler)
    FLASH_ClearFlag                          0x080007b9   Thumb Code     6  stm32f0xx_flash.o(i.FLASH_ClearFlag)
    FLASH_GetStatus                          0x080007c5   Thumb Code    34  stm32f0xx_flash.o(i.FLASH_GetStatus)
    FLASH_Lock                               0x080007ed   Thumb Code    12  stm32f0xx_flash.o(i.FLASH_Lock)
    FLASH_ProgramHalfWord                    0x080007fd   Thumb Code    48  stm32f0xx_flash.o(i.FLASH_ProgramHalfWord)
    FLASH_Unlock                             0x08000831   Thumb Code    18  stm32f0xx_flash.o(i.FLASH_Unlock)
    FLASH_WaitForLastOperation               0x08000851   Thumb Code    32  stm32f0xx_flash.o(i.FLASH_WaitForLastOperation)
    GPIO_Init                                0x08000871   Thumb Code   112  stm32f0xx_gpio.o(i.GPIO_Init)
    GPIO_PinAFConfig                         0x080008e1   Thumb Code    32  stm32f0xx_gpio.o(i.GPIO_PinAFConfig)
    GPIO_ReadInputDataBit                    0x08000901   Thumb Code    14  stm32f0xx_gpio.o(i.GPIO_ReadInputDataBit)
    GPIO_WriteBit                            0x0800090f   Thumb Code    12  stm32f0xx_gpio.o(i.GPIO_WriteBit)
    GPIO_int                                 0x0800091d   Thumb Code   222  gpio.o(i.GPIO_int)
    HAL_Delay_nMS                            0x08000a05   Thumb Code    14  delay.o(i.HAL_Delay_nMS)
    HW_int                                   0x08000a19   Thumb Code    60  main.o(i.HW_int)
    HardFault_Handler                        0x08000a6d   Thumb Code     2  stm32f0xx_it.o(i.HardFault_Handler)
    NMI_Handler                              0x08000a6f   Thumb Code     2  stm32f0xx_it.o(i.NMI_Handler)
    NVIC_Init                                0x08000a71   Thumb Code    72  stm32f0xx_misc.o(i.NVIC_Init)
    PWR_BackupAccessCmd                      0x08000ac1   Thumb Code    24  stm32f0xx_pwr.o(i.PWR_BackupAccessCmd)
    PWR_ClearFlag                            0x08000add   Thumb Code    12  stm32f0xx_pwr.o(i.PWR_ClearFlag)
    PWR_EnterSTANDBYMode                     0x08000aed   Thumb Code    24  stm32f0xx_pwr.o(i.PWR_EnterSTANDBYMode)
    PWR_GetFlagStatus                        0x08000b0d   Thumb Code    16  stm32f0xx_pwr.o(i.PWR_GetFlagStatus)
    PendSV_Handler                           0x08000b21   Thumb Code     2  stm32f0xx_it.o(i.PendSV_Handler)
    RCC_AHBPeriphClockCmd                    0x08000b25   Thumb Code    22  stm32f0xx_rcc.o(i.RCC_AHBPeriphClockCmd)
    RCC_APB1PeriphClockCmd                   0x08000b41   Thumb Code    22  stm32f0xx_rcc.o(i.RCC_APB1PeriphClockCmd)
    RCC_APB2PeriphClockCmd                   0x08000b5d   Thumb Code    22  stm32f0xx_rcc.o(i.RCC_APB2PeriphClockCmd)
    RCC_Configuration                        0x08000b79   Thumb Code    30  main.o(i.RCC_Configuration)
    RCC_DeInit                               0x08000b9d   Thumb Code    76  stm32f0xx_rcc.o(i.RCC_DeInit)
    RCC_GetClocksFreq                        0x08000bf9   Thumb Code   376  stm32f0xx_rcc.o(i.RCC_GetClocksFreq)
    RCC_GetFlagStatus                        0x08000d91   Thumb Code    50  stm32f0xx_rcc.o(i.RCC_GetFlagStatus)
    RCC_LSICmd                               0x08000dc9   Thumb Code    26  stm32f0xx_rcc.o(i.RCC_LSICmd)
    RCC_PLLCmd                               0x08000de9   Thumb Code    26  stm32f0xx_rcc.o(i.RCC_PLLCmd)
    RCC_PLLConfig                            0x08000e09   Thumb Code    24  stm32f0xx_rcc.o(i.RCC_PLLConfig)
    RCC_RTCCLKCmd                            0x08000e25   Thumb Code    26  stm32f0xx_rcc.o(i.RCC_RTCCLKCmd)
    RCC_RTCCLKConfig                         0x08000e45   Thumb Code    10  stm32f0xx_rcc.o(i.RCC_RTCCLKConfig)
    RCC_SYSCLKConfig                         0x08000e55   Thumb Code    14  stm32f0xx_rcc.o(i.RCC_SYSCLKConfig)
    RTC_AlarmCmd                             0x08000e69   Thumb Code    80  stm32f0xx_rtc.o(i.RTC_AlarmCmd)
    RTC_AlarmStructInit                      0x08000ebd   Thumb Code    20  stm32f0xx_rtc.o(i.RTC_AlarmStructInit)
    RTC_Alarm_set_min                        0x08000ed1   Thumb Code   214  rtc.o(i.RTC_Alarm_set_min)
    RTC_ClearFlag                            0x08000fed   Thumb Code    22  stm32f0xx_rtc.o(i.RTC_ClearFlag)
    RTC_ClearITPendingBit                    0x08001009   Thumb Code    22  stm32f0xx_rtc.o(i.RTC_ClearITPendingBit)
    RTC_DateStructInit                       0x08001025   Thumb Code    14  stm32f0xx_rtc.o(i.RTC_DateStructInit)
    RTC_EnterInitMode                        0x08001035   Thumb Code    62  stm32f0xx_rtc.o(i.RTC_EnterInitMode)
    RTC_ExitInitMode                         0x08001079   Thumb Code    12  stm32f0xx_rtc.o(i.RTC_ExitInitMode)
    RTC_GetTime                              0x08001089   Thumb Code    68  stm32f0xx_rtc.o(i.RTC_GetTime)
    RTC_ITConfig                             0x080010d5   Thumb Code    60  stm32f0xx_rtc.o(i.RTC_ITConfig)
    RTC_Init                                 0x08001115   Thumb Code    68  stm32f0xx_rtc.o(i.RTC_Init)
    RTC_SetAlarm                             0x0800115d   Thumb Code   166  stm32f0xx_rtc.o(i.RTC_SetAlarm)
    RTC_SetDate                              0x08001209   Thumb Code   156  stm32f0xx_rtc.o(i.RTC_SetDate)
    RTC_SetTime                              0x080012ad   Thumb Code   154  stm32f0xx_rtc.o(i.RTC_SetTime)
    RTC_WaitForSynchro                       0x08001351   Thumb Code    76  stm32f0xx_rtc.o(i.RTC_WaitForSynchro)
    RTC_WriteProtectionCmd                   0x080013a1   Thumb Code    22  stm32f0xx_rtc.o(i.RTC_WriteProtectionCmd)
    RadioCheckRfFrequency                    0x080013bd   Thumb Code     4  radio.o(i.RadioCheckRfFrequency)
    RadioGetStatus                           0x080013f9   Thumb Code    34  radio.o(i.RadioGetStatus)
    RadioGetWakeupTime                       0x0800141b   Thumb Code     4  radio.o(i.RadioGetWakeupTime)
    RadioInit                                0x08001421   Thumb Code    58  radio.o(i.RadioInit)
    RadioIrqProcess                          0x08001469   Thumb Code   222  radio.o(i.RadioIrqProcess)
    RadioIsChannelFree                       0x08001555   Thumb Code    36  radio.o(i.RadioIsChannelFree)
    RadioOnDioIrq                            0x08001579   Thumb Code     8  radio.o(i.RadioOnDioIrq)
    RadioRandom                              0x08001585   Thumb Code    52  radio.o(i.RadioRandom)
    RadioRead                                0x080015b9   Thumb Code     8  radio.o(i.RadioRead)
    RadioReadBuffer                          0x080015c1   Thumb Code     8  radio.o(i.RadioReadBuffer)
    RadioRssi                                0x080015c9   Thumb Code     8  radio.o(i.RadioRssi)
    RadioRx                                  0x080015d1   Thumb Code    40  radio.o(i.RadioRx)
    RadioRxBoosted                           0x08001605   Thumb Code    40  radio.o(i.RadioRxBoosted)
    RadioSend                                0x08001639   Thumb Code    52  radio.o(i.RadioSend)
    RadioSetChannel                          0x08001675   Thumb Code     8  radio.o(i.RadioSetChannel)
    RadioSetMaxPayloadLength                 0x0800167d   Thumb Code    40  radio.o(i.RadioSetMaxPayloadLength)
    RadioSetModem                            0x080016ad   Thumb Code    42  radio.o(i.RadioSetModem)
    RadioSetPublicNetwork                    0x080016dd   Thumb Code    58  radio.o(i.RadioSetPublicNetwork)
    RadioSetRxConfig                         0x0800171d   Thumb Code   380  radio.o(i.RadioSetRxConfig)
    RadioSetRxDutyCycle                      0x080018bd   Thumb Code     8  radio.o(i.RadioSetRxDutyCycle)
    RadioSetTxConfig                         0x080018c5   Thumb Code   286  radio.o(i.RadioSetTxConfig)
    RadioSetTxContinuousWave                 0x080019fd   Thumb Code    20  radio.o(i.RadioSetTxContinuousWave)
    RadioSleep                               0x08001a11   Thumb Code    30  radio.o(i.RadioSleep)
    RadioStandby                             0x08001a2f   Thumb Code    10  radio.o(i.RadioStandby)
    RadioStartCad                            0x08001a39   Thumb Code     8  radio.o(i.RadioStartCad)
    RadioTimeOnAir                           0x08001a41   Thumb Code   378  radio.o(i.RadioTimeOnAir)
    RadioWrite                               0x08001bdd   Thumb Code     8  radio.o(i.RadioWrite)
    RadioWriteBuffer                         0x08001be5   Thumb Code     8  radio.o(i.RadioWriteBuffer)
    SPI1_Int                                 0x08001bed   Thumb Code    72  spi.o(i.SPI1_Int)
    SPI2_IRQHandler                          0x08001c39   Thumb Code     2  stm32f0xx_it.o(i.SPI2_IRQHandler)
    SPI_Cmd                                  0x08001c3b   Thumb Code    22  stm32f0xx_spi.o(i.SPI_Cmd)
    SPI_I2S_GetFlagStatus                    0x08001c51   Thumb Code    14  stm32f0xx_spi.o(i.SPI_I2S_GetFlagStatus)
    SPI_Init                                 0x08001c61   Thumb Code    74  stm32f0xx_spi.o(i.SPI_Init)
    SPI_ReceiveData8                         0x08001cb5   Thumb Code     4  stm32f0xx_spi.o(i.SPI_ReceiveData8)
    SPI_RxFIFOThresholdConfig                0x08001cb9   Thumb Code    16  stm32f0xx_spi.o(i.SPI_RxFIFOThresholdConfig)
    SPI_SendData8                            0x08001ccd   Thumb Code     4  stm32f0xx_spi.o(i.SPI_SendData8)
    SVC_Handler                              0x08001cd1   Thumb Code     2  stm32f0xx_it.o(i.SVC_Handler)
    SX126xAntSwOff                           0x08001cd3   Thumb Code     2  sx126x-board.o(i.SX126xAntSwOff)
    SX126xAntSwOn                            0x08001cd5   Thumb Code     2  sx126x-board.o(i.SX126xAntSwOn)
    SX126xCalibrateImage                     0x08001cd9   Thumb Code   102  sx126x.o(i.SX126xCalibrateImage)
    SX126xCheckDeviceReady                   0x08001d55   Thumb Code    32  sx126x.o(i.SX126xCheckDeviceReady)
    SX126xClearIrqStatus                     0x08001d75   Thumb Code    22  sx126x.o(i.SX126xClearIrqStatus)
    SX126xGetIrqStatus                       0x08001d8b   Thumb Code    24  sx126x.o(i.SX126xGetIrqStatus)
    SX126xGetOperatingMode                   0x08001da5   Thumb Code     6  sx126x.o(i.SX126xGetOperatingMode)
    SX126xGetPaSelect                        0x08001db1   Thumb Code     4  sx126x-board.o(i.SX126xGetPaSelect)
    SX126xGetPacketStatus                    0x08001db5   Thumb Code   124  sx126x.o(i.SX126xGetPacketStatus)
    SX126xGetPacketType                      0x08001e35   Thumb Code     6  sx126x.o(i.SX126xGetPacketType)
    SX126xGetPayload                         0x08001e41   Thumb Code    44  sx126x.o(i.SX126xGetPayload)
    SX126xGetRssiInst                        0x08001e6d   Thumb Code    24  sx126x.o(i.SX126xGetRssiInst)
    SX126xGetRxBufferStatus                  0x08001e85   Thumb Code    60  sx126x.o(i.SX126xGetRxBufferStatus)
    SX126xInit                               0x08001ec5   Thumb Code    30  sx126x.o(i.SX126xInit)
    SX126xReadBuffer                         0x08001ee9   Thumb Code    80  sx126x-board.o(i.SX126xReadBuffer)
    SX126xReadCommand                        0x08001f39   Thumb Code    74  sx126x-board.o(i.SX126xReadCommand)
    SX126xReadRegister                       0x08001f83   Thumb Code    16  sx126x-board.o(i.SX126xReadRegister)
    SX126xReadRegisters                      0x08001f93   Thumb Code    86  sx126x-board.o(i.SX126xReadRegisters)
    SX126xReset                              0x08001fe9   Thumb Code    44  sx126x-board.o(i.SX126xReset)
    SX126xSendPayload                        0x08002019   Thumb Code    16  sx126x.o(i.SX126xSendPayload)
    SX126xSetBufferBaseAddress               0x08002029   Thumb Code    20  sx126x.o(i.SX126xSetBufferBaseAddress)
    SX126xSetCad                             0x0800203d   Thumb Code    20  sx126x.o(i.SX126xSetCad)
    SX126xSetCadParams                       0x08002055   Thumb Code    42  sx126x.o(i.SX126xSetCadParams)
    SX126xSetCrcPolynomial                   0x08002085   Thumb Code    30  sx126x.o(i.SX126xSetCrcPolynomial)
    SX126xSetCrcSeed                         0x080020a9   Thumb Code    30  sx126x.o(i.SX126xSetCrcSeed)
    SX126xSetDio2AsRfSwitchCtrl              0x080020cd   Thumb Code    14  sx126x.o(i.SX126xSetDio2AsRfSwitchCtrl)
    SX126xSetDioIrqParams                    0x080020db   Thumb Code    40  sx126x.o(i.SX126xSetDioIrqParams)
    SX126xSetLoRaSymbNumTimeout              0x08002103   Thumb Code    14  sx126x.o(i.SX126xSetLoRaSymbNumTimeout)
    SX126xSetModulationParams                0x08002111   Thumb Code   154  sx126x.o(i.SX126xSetModulationParams)
    SX126xSetPaConfig                        0x080021b9   Thumb Code    24  sx126x.o(i.SX126xSetPaConfig)
    SX126xSetPacketParams                    0x080021d1   Thumb Code   158  sx126x.o(i.SX126xSetPacketParams)
    SX126xSetPacketType                      0x08002285   Thumb Code    22  sx126x.o(i.SX126xSetPacketType)
    SX126xSetPayload                         0x080022a1   Thumb Code    14  sx126x.o(i.SX126xSetPayload)
    SX126xSetRegulatorMode                   0x080022af   Thumb Code    14  sx126x.o(i.SX126xSetRegulatorMode)
    SX126xSetRfFrequency                     0x080022bd   Thumb Code    68  sx126x.o(i.SX126xSetRfFrequency)
    SX126xSetRfTxPower                       0x08002309   Thumb Code    10  sx126x-board.o(i.SX126xSetRfTxPower)
    SX126xSetRx                              0x08002315   Thumb Code    32  sx126x.o(i.SX126xSetRx)
    SX126xSetRxBoosted                       0x08002339   Thumb Code    40  sx126x.o(i.SX126xSetRxBoosted)
    SX126xSetRxDutyCycle                     0x08002369   Thumb Code    42  sx126x.o(i.SX126xSetRxDutyCycle)
    SX126xSetSleep                           0x08002399   Thumb Code    24  sx126x.o(i.SX126xSetSleep)
    SX126xSetStandby                         0x080023b5   Thumb Code    34  sx126x.o(i.SX126xSetStandby)
    SX126xSetStopRxTimerOnPreambleDetect     0x080023dd   Thumb Code    14  sx126x.o(i.SX126xSetStopRxTimerOnPreambleDetect)
    SX126xSetSyncWord                        0x080023eb   Thumb Code    18  sx126x.o(i.SX126xSetSyncWord)
    SX126xSetTx                              0x080023fd   Thumb Code    32  sx126x.o(i.SX126xSetTx)
    SX126xSetTxContinuousWave                0x08002421   Thumb Code    14  sx126x.o(i.SX126xSetTxContinuousWave)
    SX126xSetTxParams                        0x08002431   Thumb Code   128  sx126x.o(i.SX126xSetTxParams)
    SX126xSetWhiteningSeed                   0x080024b5   Thumb Code    48  sx126x.o(i.SX126xSetWhiteningSeed)
    SX126xWaitOnBusy                         0x080024e5   Thumb Code    18  sx126x-board.o(i.SX126xWaitOnBusy)
    SX126xWakeup                             0x080024fd   Thumb Code    44  sx126x-board.o(i.SX126xWakeup)
    SX126xWriteBuffer                        0x08002529   Thumb Code    72  sx126x-board.o(i.SX126xWriteBuffer)
    SX126xWriteCommand                       0x08002571   Thumb Code    70  sx126x-board.o(i.SX126xWriteCommand)
    SX126xWriteRegister                      0x080025b7   Thumb Code    12  sx126x-board.o(i.SX126xWriteRegister)
    SX126xWriteRegisters                     0x080025c3   Thumb Code    78  sx126x-board.o(i.SX126xWriteRegisters)
    SpiInOut                                 0x080026ad   Thumb Code    46  spi.o(i.SpiInOut)
    SysClock_48                              0x080026e1   Thumb Code    46  main.o(i.SysClock_48)
    SysTick_Handler                          0x08002711   Thumb Code    16  stm32f0xx_it.o(i.SysTick_Handler)
    SystemInit                               0x08002725   Thumb Code    84  system_stm32f0xx.o(i.SystemInit)
    TIM14_IRQHandler                         0x08002785   Thumb Code     2  stm32f0xx_it.o(i.TIM14_IRQHandler)
    TIM3_IRQHandler                          0x08002787   Thumb Code     2  stm32f0xx_it.o(i.TIM3_IRQHandler)
    Tick_Configration                        0x08002789   Thumb Code    60  main.o(i.Tick_Configration)
    USART1_IRQHandler                        0x080027d5   Thumb Code    28  stm32f0xx_it.o(i.USART1_IRQHandler)
    USART_Cmd                                0x080027fd   Thumb Code    24  stm32f0xx_usart.o(i.USART_Cmd)
    USART_GetITStatus                        0x08002815   Thumb Code    60  stm32f0xx_usart.o(i.USART_GetITStatus)
    USART_ITConfig                           0x08002851   Thumb Code    46  stm32f0xx_usart.o(i.USART_ITConfig)
    USART_Init                               0x08002881   Thumb Code   156  stm32f0xx_usart.o(i.USART_Init)
    USART_ReceiveData                        0x08002931   Thumb Code     8  stm32f0xx_usart.o(i.USART_ReceiveData)
    UartInit                                 0x08002939   Thumb Code   138  uart.o(i.UartInit)
    __0printf$8                              0x08002ac1   Thumb Code    24  printf8.o(i.__0printf$8)
    __1printf$8                              0x08002ac1   Thumb Code     0  printf8.o(i.__0printf$8)
    __2printf                                0x08002ac1   Thumb Code     0  printf8.o(i.__0printf$8)
    __ARM_clz                                0x08002ae1   Thumb Code    46  depilogue.o(i.__ARM_clz)
    __scatterload_copy                       0x08002b0f   Thumb Code    14  handlers.o(i.__scatterload_copy)
    __scatterload_null                       0x08002b1d   Thumb Code     2  handlers.o(i.__scatterload_null)
    __scatterload_zeroinit                   0x08002b1f   Thumb Code    14  handlers.o(i.__scatterload_zeroinit)
    ceil                                     0x080032a5   Thumb Code   180  ceil.o(i.ceil)
    floor                                    0x0800336d   Thumb Code   180  floor.o(i.floor)
    fputc                                    0x08003435   Thumb Code    18  uart.o(i.fputc)
    lora_change_state                        0x0800344d   Thumb Code     6  lora_node.o(i.lora_change_state)
    lora_common_crc                          0x08003459   Thumb Code    24  lora_common.o(i.lora_common_crc)
    lora_common_delay_s                      0x08003471   Thumb Code    20  lora_common.o(i.lora_common_delay_s)
    lora_common_get_data                     0x08003485   Thumb Code    12  lora_common.o(i.lora_common_get_data)
    lora_common_snd_beg                      0x08003495   Thumb Code    40  lora_common.o(i.lora_common_snd_beg)
    lora_common_snd_end                      0x080034c1   Thumb Code    40  lora_common.o(i.lora_common_snd_end)
    lora_common_snd_join                     0x080034ed   Thumb Code    60  lora_common.o(i.lora_common_snd_join)
    lora_node_base_info                      0x0800352d   Thumb Code     4  lora_node.o(i.lora_node_base_info)
    lora_node_init                           0x08003535   Thumb Code   132  lora_node.o(i.lora_node_init)
    lora_node_task                           0x080035e1   Thumb Code   146  lora_node.o(i.lora_node_task)
    main                                     0x08003679   Thumb Code    44  main.o(i.main)
    operate_flash_read                       0x080036c9   Thumb Code     6  operate_flash.o(i.operate_flash_read)
    operate_flash_write                      0x080036d5   Thumb Code    44  operate_flash.o(i.operate_flash_write)
    rint                                     0x08003705   Thumb Code     8  rint.o(i.rint)
    rtc_get_min                              0x0800370d   Thumb Code    26  rtc.o(i.rtc_get_min)
    rtc_get_sec                              0x08003729   Thumb Code    44  rtc.o(i.rtc_get_sec)
    rtc_get_time                             0x08003771   Thumb Code    12  rtc.o(i.rtc_get_time)
    rtc_set                                  0x0800377d   Thumb Code   122  rtc.o(i.rtc_set)
    rtc_set_time                             0x080037f7   Thumb Code    12  rtc.o(i.rtc_set_time)
    Radio                                    0x08003804   Data         108  radio.o(.constdata)
    Bandwidths                               0x08003870   Data           3  radio.o(.constdata)
    FskBandwidths                            0x08003874   Data         176  radio.o(.constdata)
    Region$$Table$$Base                      0x08003974   Number         0  anon$$obj.o(Region$$Table)
    Region$$Table$$Limit                     0x08003994   Number         0  anon$$obj.o(Region$$Table)
    SystemCoreClock                          0x20000000   Data           4  system_stm32f0xx.o(.data)
    AHBPrescTable                            0x20000004   Data          16  system_stm32f0xx.o(.data)
    rx_data                                  0x20000024   Data           2  stm32f0xx_it.o(.data)
    TickCounter                              0x20000028   Data           4  stm32f0xx_it.o(.data)
    ticktimer                                0x2000002c   Data           4  stm32f0xx_it.o(.data)
    __stdout                                 0x20000030   Data           4  uart.o(.data)
    MaxPayloadLength                         0x20000038   Data           1  radio.o(.data)
    RxContinuous                             0x20000039   Data           1  radio.o(.data)
    IrqFired                                 0x2000003a   Data           1  radio.o(.data)
    TxTimeout                                0x20000040   Data           4  radio.o(.data)
    RxTimeout                                0x20000044   Data           4  radio.o(.data)
    FrequencyError                           0x200000e4   Data           4  sx126x.o(.data)
    RadioPktStatus                           0x200000ec   Data          20  radio.o(.bss)
    RadioRxPayload                           0x20000100   Data         255  radio.o(.bss)
    SX126x                                   0x20000200   Data          60  radio.o(.bss)
    __initial_sp                             0x200006a0   Data           0  startup_stm32f030.o(STACK)



==============================================================================

Memory Map of the image

  Image Entry point : 0x080000b5

  Load Region LR_IROM1 (Base: 0x08000000, Size: 0x00003a80, Max: 0x00004000, ABSOLUTE)

    Execution Region ER_IROM1 (Exec base: 0x08000000, Load base: 0x08000000, Size: 0x00003994, Max: 0x00004000, ABSOLUTE)

    Exec Addr    Load Addr    Size         Type   Attr      Idx    E Section Name        Object

    0x08000000   0x08000000   0x000000b4   Data   RO            3    RESET               startup_stm32f030.o
    0x080000b4   0x080000b4   0x00000000   Code   RO         3714  * .ARM.Collect$$$$00000000  mc_p.l(entry.o)
    0x080000b4   0x080000b4   0x00000004   Code   RO         4002    .ARM.Collect$$$$00000001  mc_p.l(entry2.o)
    0x080000b8   0x080000b8   0x00000004   Code   RO         4005    .ARM.Collect$$$$00000004  mc_p.l(entry5.o)
    0x080000bc   0x080000bc   0x00000000   Code   RO         4007    .ARM.Collect$$$$00000008  mc_p.l(entry7b.o)
    0x080000bc   0x080000bc   0x00000000   Code   RO         4009    .ARM.Collect$$$$0000000A  mc_p.l(entry8b.o)
    0x080000bc   0x080000bc   0x00000008   Code   RO         4010    .ARM.Collect$$$$0000000B  mc_p.l(entry9a.o)
    0x080000c4   0x080000c4   0x00000000   Code   RO         4012    .ARM.Collect$$$$0000000D  mc_p.l(entry10a.o)
    0x080000c4   0x080000c4   0x00000000   Code   RO         4014    .ARM.Collect$$$$0000000F  mc_p.l(entry11a.o)
    0x080000c4   0x080000c4   0x00000004   Code   RO         4003    .ARM.Collect$$$$00002712  mc_p.l(entry2.o)
    0x080000c8   0x080000c8   0x00000058   Code   RO            4    .text               startup_stm32f030.o
    0x08000120   0x08000120   0x0000002c   Code   RO         3717    .text               mc_p.l(uidiv.o)
    0x0800014c   0x0800014c   0x00000024   Code   RO         3719    .text               mc_p.l(memcpya.o)
    0x08000170   0x08000170   0x00000024   Code   RO         3721    .text               mc_p.l(memseta.o)
    0x08000194   0x08000194   0x00000164   Code   RO         3986    .text               mf_p.l(dadd.o)
    0x080002f8   0x080002f8   0x000000d0   Code   RO         3988    .text               mf_p.l(dmul.o)
    0x080003c8   0x080003c8   0x000000f0   Code   RO         3990    .text               mf_p.l(ddiv.o)
    0x080004b8   0x080004b8   0x0000002c   Code   RO         3992    .text               mf_p.l(dscalb.o)
    0x080004e4   0x080004e4   0x00000028   Code   RO         3994    .text               mf_p.l(dflti.o)
    0x0800050c   0x0800050c   0x0000001c   Code   RO         3996    .text               mf_p.l(dfltui.o)
    0x08000528   0x08000528   0x0000003c   Code   RO         3998    .text               mf_p.l(dfixui.o)
    0x08000564   0x08000564   0x00000028   Code   RO         4000    .text               mf_p.l(cdrcmple.o)
    0x0800058c   0x0800058c   0x00000060   Code   RO         4016    .text               mc_p.l(uldiv.o)
    0x080005ec   0x080005ec   0x00000020   Code   RO         4018    .text               mc_p.l(llshl.o)
    0x0800060c   0x0800060c   0x00000022   Code   RO         4020    .text               mc_p.l(llushr.o)
    0x0800062e   0x0800062e   0x00000026   Code   RO         4022    .text               mc_p.l(llsshr.o)
    0x08000654   0x08000654   0x00000000   Code   RO         4024    .text               mc_p.l(iusefp.o)
    0x08000654   0x08000654   0x000000be   Code   RO         4025    .text               mf_p.l(depilogue.o)
    0x08000712   0x08000712   0x00000002   PAD
    0x08000714   0x08000714   0x0000007c   Code   RO         4029    .text               mf_p.l(drnd.o)
    0x08000790   0x08000790   0x00000024   Code   RO         4033    .text               mc_p.l(init.o)
    0x080007b4   0x080007b4   0x00000002   Code   RO         2506    i.ADC1_IRQHandler   stm32f0xx_it.o
    0x080007b6   0x080007b6   0x00000002   Code   RO         2507    i.EXTI0_1_IRQHandler  stm32f0xx_it.o
    0x080007b8   0x080007b8   0x0000000c   Code   RO         2143    i.FLASH_ClearFlag   stm32f0xx_flash.o
    0x080007c4   0x080007c4   0x00000028   Code   RO         2148    i.FLASH_GetStatus   stm32f0xx_flash.o
    0x080007ec   0x080007ec   0x00000010   Code   RO         2150    i.FLASH_Lock        stm32f0xx_flash.o
    0x080007fc   0x080007fc   0x00000034   Code   RO         2169    i.FLASH_ProgramHalfWord  stm32f0xx_flash.o
    0x08000830   0x08000830   0x00000020   Code   RO         2172    i.FLASH_Unlock      stm32f0xx_flash.o
    0x08000850   0x08000850   0x00000020   Code   RO         2173    i.FLASH_WaitForLastOperation  stm32f0xx_flash.o
    0x08000870   0x08000870   0x00000070   Code   RO          204    i.GPIO_Init         stm32f0xx_gpio.o
    0x080008e0   0x080008e0   0x00000020   Code   RO          205    i.GPIO_PinAFConfig  stm32f0xx_gpio.o
    0x08000900   0x08000900   0x0000000e   Code   RO          208    i.GPIO_ReadInputDataBit  stm32f0xx_gpio.o
    0x0800090e   0x0800090e   0x0000000c   Code   RO          215    i.GPIO_WriteBit     stm32f0xx_gpio.o
    0x0800091a   0x0800091a   0x00000002   PAD
    0x0800091c   0x0800091c   0x000000e8   Code   RO         2649    i.GPIO_int          gpio.o
    0x08000a04   0x08000a04   0x00000014   Code   RO         2704    i.HAL_Delay_nMS     delay.o
    0x08000a18   0x08000a18   0x00000054   Code   RO         2343    i.HW_int            main.o
    0x08000a6c   0x08000a6c   0x00000002   Code   RO         2508    i.HardFault_Handler  stm32f0xx_it.o
    0x08000a6e   0x08000a6e   0x00000002   Code   RO         2509    i.NMI_Handler       stm32f0xx_it.o
    0x08000a70   0x08000a70   0x00000050   Code   RO          295    i.NVIC_Init         stm32f0xx_misc.o
    0x08000ac0   0x08000ac0   0x0000001c   Code   RO          327    i.PWR_BackupAccessCmd  stm32f0xx_pwr.o
    0x08000adc   0x08000adc   0x00000010   Code   RO          328    i.PWR_ClearFlag     stm32f0xx_pwr.o
    0x08000aec   0x08000aec   0x00000020   Code   RO          330    i.PWR_EnterSTANDBYMode  stm32f0xx_pwr.o
    0x08000b0c   0x08000b0c   0x00000014   Code   RO          333    i.PWR_GetFlagStatus  stm32f0xx_pwr.o
    0x08000b20   0x08000b20   0x00000002   Code   RO         2510    i.PendSV_Handler    stm32f0xx_it.o
    0x08000b22   0x08000b22   0x00000002   PAD
    0x08000b24   0x08000b24   0x0000001c   Code   RO          402    i.RCC_AHBPeriphClockCmd  stm32f0xx_rcc.o
    0x08000b40   0x08000b40   0x0000001c   Code   RO          404    i.RCC_APB1PeriphClockCmd  stm32f0xx_rcc.o
    0x08000b5c   0x08000b5c   0x0000001c   Code   RO          406    i.RCC_APB2PeriphClockCmd  stm32f0xx_rcc.o
    0x08000b78   0x08000b78   0x00000024   Code   RO         2344    i.RCC_Configuration  main.o
    0x08000b9c   0x08000b9c   0x0000005c   Code   RO          415    i.RCC_DeInit        stm32f0xx_rcc.o
    0x08000bf8   0x08000bf8   0x00000198   Code   RO          416    i.RCC_GetClocksFreq  stm32f0xx_rcc.o
    0x08000d90   0x08000d90   0x00000038   Code   RO          417    i.RCC_GetFlagStatus  stm32f0xx_rcc.o
    0x08000dc8   0x08000dc8   0x00000020   Code   RO          430    i.RCC_LSICmd        stm32f0xx_rcc.o
    0x08000de8   0x08000de8   0x00000020   Code   RO          433    i.RCC_PLLCmd        stm32f0xx_rcc.o
    0x08000e08   0x08000e08   0x0000001c   Code   RO          434    i.RCC_PLLConfig     stm32f0xx_rcc.o
    0x08000e24   0x08000e24   0x00000020   Code   RO          436    i.RCC_RTCCLKCmd     stm32f0xx_rcc.o
    0x08000e44   0x08000e44   0x00000010   Code   RO          437    i.RCC_RTCCLKConfig  stm32f0xx_rcc.o
    0x08000e54   0x08000e54   0x00000014   Code   RO          438    i.RCC_SYSCLKConfig  stm32f0xx_rcc.o
    0x08000e68   0x08000e68   0x00000054   Code   RO          663    i.RTC_AlarmCmd      stm32f0xx_rtc.o
    0x08000ebc   0x08000ebc   0x00000014   Code   RO          664    i.RTC_AlarmStructInit  stm32f0xx_rtc.o
    0x08000ed0   0x08000ed0   0x000000f4   Code   RO         2729    i.RTC_Alarm_set_min  rtc.o
    0x08000fc4   0x08000fc4   0x00000010   Code   RO          666    i.RTC_Bcd2ToByte    stm32f0xx_rtc.o
    0x08000fd4   0x08000fd4   0x00000018   Code   RO          668    i.RTC_ByteToBcd2    stm32f0xx_rtc.o
    0x08000fec   0x08000fec   0x0000001c   Code   RO          671    i.RTC_ClearFlag     stm32f0xx_rtc.o
    0x08001008   0x08001008   0x0000001c   Code   RO          672    i.RTC_ClearITPendingBit  stm32f0xx_rtc.o
    0x08001024   0x08001024   0x0000000e   Code   RO          673    i.RTC_DateStructInit  stm32f0xx_rtc.o
    0x08001032   0x08001032   0x00000002   PAD
    0x08001034   0x08001034   0x00000044   Code   RO          676    i.RTC_EnterInitMode  stm32f0xx_rtc.o
    0x08001078   0x08001078   0x00000010   Code   RO          677    i.RTC_ExitInitMode  stm32f0xx_rtc.o
    0x08001088   0x08001088   0x0000004c   Code   RO          685    i.RTC_GetTime       stm32f0xx_rtc.o
    0x080010d4   0x080010d4   0x00000040   Code   RO          689    i.RTC_ITConfig      stm32f0xx_rtc.o
    0x08001114   0x08001114   0x00000048   Code   RO          690    i.RTC_Init          stm32f0xx_rtc.o
    0x0800115c   0x0800115c   0x000000ac   Code   RO          695    i.RTC_SetAlarm      stm32f0xx_rtc.o
    0x08001208   0x08001208   0x000000a4   Code   RO          696    i.RTC_SetDate       stm32f0xx_rtc.o
    0x080012ac   0x080012ac   0x000000a4   Code   RO          697    i.RTC_SetTime       stm32f0xx_rtc.o
    0x08001350   0x08001350   0x00000050   Code   RO          711    i.RTC_WaitForSynchro  stm32f0xx_rtc.o
    0x080013a0   0x080013a0   0x0000001c   Code   RO          715    i.RTC_WriteProtectionCmd  stm32f0xx_rtc.o
    0x080013bc   0x080013bc   0x00000004   Code   RO         2838    i.RadioCheckRfFrequency  radio.o
    0x080013c0   0x080013c0   0x00000038   Code   RO         2839    i.RadioGetFskBandwidthRegValue  radio.o
    0x080013f8   0x080013f8   0x00000022   Code   RO         2840    i.RadioGetStatus    radio.o
    0x0800141a   0x0800141a   0x00000004   Code   RO         2841    i.RadioGetWakeupTime  radio.o
    0x0800141e   0x0800141e   0x00000002   PAD
    0x08001420   0x08001420   0x00000048   Code   RO         2842    i.RadioInit         radio.o
    0x08001468   0x08001468   0x000000ec   Code   RO         2843    i.RadioIrqProcess   radio.o
    0x08001554   0x08001554   0x00000024   Code   RO         2844    i.RadioIsChannelFree  radio.o
    0x08001578   0x08001578   0x0000000c   Code   RO         2845    i.RadioOnDioIrq     radio.o
    0x08001584   0x08001584   0x00000034   Code   RO         2848    i.RadioRandom       radio.o
    0x080015b8   0x080015b8   0x00000008   Code   RO         2849    i.RadioRead         radio.o
    0x080015c0   0x080015c0   0x00000008   Code   RO         2850    i.RadioReadBuffer   radio.o
    0x080015c8   0x080015c8   0x00000008   Code   RO         2852    i.RadioRssi         radio.o
    0x080015d0   0x080015d0   0x00000034   Code   RO         2853    i.RadioRx           radio.o
    0x08001604   0x08001604   0x00000034   Code   RO         2854    i.RadioRxBoosted    radio.o
    0x08001638   0x08001638   0x0000003c   Code   RO         2855    i.RadioSend         radio.o
    0x08001674   0x08001674   0x00000008   Code   RO         2856    i.RadioSetChannel   radio.o
    0x0800167c   0x0800167c   0x00000030   Code   RO         2857    i.RadioSetMaxPayloadLength  radio.o
    0x080016ac   0x080016ac   0x00000030   Code   RO         2858    i.RadioSetModem     radio.o
    0x080016dc   0x080016dc   0x00000040   Code   RO         2859    i.RadioSetPublicNetwork  radio.o
    0x0800171c   0x0800171c   0x000001a0   Code   RO         2860    i.RadioSetRxConfig  radio.o
    0x080018bc   0x080018bc   0x00000008   Code   RO         2861    i.RadioSetRxDutyCycle  radio.o
    0x080018c4   0x080018c4   0x00000138   Code   RO         2862    i.RadioSetTxConfig  radio.o
    0x080019fc   0x080019fc   0x00000014   Code   RO         2863    i.RadioSetTxContinuousWave  radio.o
    0x08001a10   0x08001a10   0x0000001e   Code   RO         2864    i.RadioSleep        radio.o
    0x08001a2e   0x08001a2e   0x0000000a   Code   RO         2865    i.RadioStandby      radio.o
    0x08001a38   0x08001a38   0x00000008   Code   RO         2866    i.RadioStartCad     radio.o
    0x08001a40   0x08001a40   0x0000019c   Code   RO         2867    i.RadioTimeOnAir    radio.o
    0x08001bdc   0x08001bdc   0x00000008   Code   RO         2869    i.RadioWrite        radio.o
    0x08001be4   0x08001be4   0x00000008   Code   RO         2870    i.RadioWriteBuffer  radio.o
    0x08001bec   0x08001bec   0x0000004c   Code   RO         2672    i.SPI1_Int          spi.o
    0x08001c38   0x08001c38   0x00000002   Code   RO         2511    i.SPI2_IRQHandler   stm32f0xx_it.o
    0x08001c3a   0x08001c3a   0x00000016   Code   RO          999    i.SPI_Cmd           stm32f0xx_spi.o
    0x08001c50   0x08001c50   0x0000000e   Code   RO         1008    i.SPI_I2S_GetFlagStatus  stm32f0xx_spi.o
    0x08001c5e   0x08001c5e   0x00000002   PAD
    0x08001c60   0x08001c60   0x00000054   Code   RO         1013    i.SPI_Init          stm32f0xx_spi.o
    0x08001cb4   0x08001cb4   0x00000004   Code   RO         1017    i.SPI_ReceiveData8  stm32f0xx_spi.o
    0x08001cb8   0x08001cb8   0x00000014   Code   RO         1018    i.SPI_RxFIFOThresholdConfig  stm32f0xx_spi.o
    0x08001ccc   0x08001ccc   0x00000004   Code   RO         1020    i.SPI_SendData8     stm32f0xx_spi.o
    0x08001cd0   0x08001cd0   0x00000002   Code   RO         2512    i.SVC_Handler       stm32f0xx_it.o
    0x08001cd2   0x08001cd2   0x00000002   Code   RO         3372    i.SX126xAntSwOff    sx126x-board.o
    0x08001cd4   0x08001cd4   0x00000002   Code   RO         3373    i.SX126xAntSwOn     sx126x-board.o
    0x08001cd6   0x08001cd6   0x00000002   PAD
    0x08001cd8   0x08001cd8   0x0000007c   Code   RO         3080    i.SX126xCalibrateImage  sx126x.o
    0x08001d54   0x08001d54   0x00000020   Code   RO         3081    i.SX126xCheckDeviceReady  sx126x.o
    0x08001d74   0x08001d74   0x00000016   Code   RO         3083    i.SX126xClearIrqStatus  sx126x.o
    0x08001d8a   0x08001d8a   0x00000018   Code   RO         3085    i.SX126xGetIrqStatus  sx126x.o
    0x08001da2   0x08001da2   0x00000002   PAD
    0x08001da4   0x08001da4   0x0000000c   Code   RO         3086    i.SX126xGetOperatingMode  sx126x.o
    0x08001db0   0x08001db0   0x00000004   Code   RO         3375    i.SX126xGetPaSelect  sx126x-board.o
    0x08001db4   0x08001db4   0x00000080   Code   RO         3087    i.SX126xGetPacketStatus  sx126x.o
    0x08001e34   0x08001e34   0x0000000c   Code   RO         3088    i.SX126xGetPacketType  sx126x.o
    0x08001e40   0x08001e40   0x0000002c   Code   RO         3089    i.SX126xGetPayload  sx126x.o
    0x08001e6c   0x08001e6c   0x00000018   Code   RO         3091    i.SX126xGetRssiInst  sx126x.o
    0x08001e84   0x08001e84   0x00000040   Code   RO         3092    i.SX126xGetRxBufferStatus  sx126x.o
    0x08001ec4   0x08001ec4   0x00000024   Code   RO         3094    i.SX126xInit        sx126x.o
    0x08001ee8   0x08001ee8   0x00000050   Code   RO         3376    i.SX126xReadBuffer  sx126x-board.o
    0x08001f38   0x08001f38   0x0000004a   Code   RO         3377    i.SX126xReadCommand  sx126x-board.o
    0x08001f82   0x08001f82   0x00000010   Code   RO         3378    i.SX126xReadRegister  sx126x-board.o
    0x08001f92   0x08001f92   0x00000056   Code   RO         3379    i.SX126xReadRegisters  sx126x-board.o
    0x08001fe8   0x08001fe8   0x00000030   Code   RO         3380    i.SX126xReset       sx126x-board.o
    0x08002018   0x08002018   0x00000010   Code   RO         3095    i.SX126xSendPayload  sx126x.o
    0x08002028   0x08002028   0x00000014   Code   RO         3096    i.SX126xSetBufferBaseAddress  sx126x.o
    0x0800203c   0x0800203c   0x00000018   Code   RO         3097    i.SX126xSetCad      sx126x.o
    0x08002054   0x08002054   0x00000030   Code   RO         3098    i.SX126xSetCadParams  sx126x.o
    0x08002084   0x08002084   0x00000024   Code   RO         3099    i.SX126xSetCrcPolynomial  sx126x.o
    0x080020a8   0x080020a8   0x00000024   Code   RO         3100    i.SX126xSetCrcSeed  sx126x.o
    0x080020cc   0x080020cc   0x0000000e   Code   RO         3101    i.SX126xSetDio2AsRfSwitchCtrl  sx126x.o
    0x080020da   0x080020da   0x00000028   Code   RO         3103    i.SX126xSetDioIrqParams  sx126x.o
    0x08002102   0x08002102   0x0000000e   Code   RO         3105    i.SX126xSetLoRaSymbNumTimeout  sx126x.o
    0x08002110   0x08002110   0x000000a8   Code   RO         3106    i.SX126xSetModulationParams  sx126x.o
    0x080021b8   0x080021b8   0x00000018   Code   RO         3107    i.SX126xSetPaConfig  sx126x.o
    0x080021d0   0x080021d0   0x000000b4   Code   RO         3108    i.SX126xSetPacketParams  sx126x.o
    0x08002284   0x08002284   0x0000001c   Code   RO         3109    i.SX126xSetPacketType  sx126x.o
    0x080022a0   0x080022a0   0x0000000e   Code   RO         3110    i.SX126xSetPayload  sx126x.o
    0x080022ae   0x080022ae   0x0000000e   Code   RO         3111    i.SX126xSetRegulatorMode  sx126x.o
    0x080022bc   0x080022bc   0x0000004c   Code   RO         3112    i.SX126xSetRfFrequency  sx126x.o
    0x08002308   0x08002308   0x0000000a   Code   RO         3381    i.SX126xSetRfTxPower  sx126x-board.o
    0x08002312   0x08002312   0x00000002   PAD
    0x08002314   0x08002314   0x00000024   Code   RO         3113    i.SX126xSetRx       sx126x.o
    0x08002338   0x08002338   0x00000030   Code   RO         3114    i.SX126xSetRxBoosted  sx126x.o
    0x08002368   0x08002368   0x00000030   Code   RO         3115    i.SX126xSetRxDutyCycle  sx126x.o
    0x08002398   0x08002398   0x0000001c   Code   RO         3117    i.SX126xSetSleep    sx126x.o
    0x080023b4   0x080023b4   0x00000028   Code   RO         3118    i.SX126xSetStandby  sx126x.o
    0x080023dc   0x080023dc   0x0000000e   Code   RO         3119    i.SX126xSetStopRxTimerOnPreambleDetect  sx126x.o
    0x080023ea   0x080023ea   0x00000012   Code   RO         3120    i.SX126xSetSyncWord  sx126x.o
    0x080023fc   0x080023fc   0x00000024   Code   RO         3121    i.SX126xSetTx       sx126x.o
    0x08002420   0x08002420   0x0000000e   Code   RO         3122    i.SX126xSetTxContinuousWave  sx126x.o
    0x0800242e   0x0800242e   0x00000002   PAD
    0x08002430   0x08002430   0x00000084   Code   RO         3124    i.SX126xSetTxParams  sx126x.o
    0x080024b4   0x080024b4   0x00000030   Code   RO         3125    i.SX126xSetWhiteningSeed  sx126x.o
    0x080024e4   0x080024e4   0x00000018   Code   RO         3382    i.SX126xWaitOnBusy  sx126x-board.o
    0x080024fc   0x080024fc   0x0000002c   Code   RO         3383    i.SX126xWakeup      sx126x-board.o
    0x08002528   0x08002528   0x00000048   Code   RO         3384    i.SX126xWriteBuffer  sx126x-board.o
    0x08002570   0x08002570   0x00000046   Code   RO         3385    i.SX126xWriteCommand  sx126x-board.o
    0x080025b6   0x080025b6   0x0000000c   Code   RO         3386    i.SX126xWriteRegister  sx126x-board.o
    0x080025c2   0x080025c2   0x0000004e   Code   RO         3387    i.SX126xWriteRegisters  sx126x-board.o
    0x08002610   0x08002610   0x0000009c   Code   RO           12    i.SetSysClock       system_stm32f0xx.o
    0x080026ac   0x080026ac   0x00000034   Code   RO         2674    i.SpiInOut          spi.o
    0x080026e0   0x080026e0   0x0000002e   Code   RO         2345    i.SysClock_48       main.o
    0x0800270e   0x0800270e   0x00000002   PAD
    0x08002710   0x08002710   0x00000014   Code   RO         2513    i.SysTick_Handler   stm32f0xx_it.o
    0x08002724   0x08002724   0x00000060   Code   RO           14    i.SystemInit        system_stm32f0xx.o
    0x08002784   0x08002784   0x00000002   Code   RO         2514    i.TIM14_IRQHandler  stm32f0xx_it.o
    0x08002786   0x08002786   0x00000002   Code   RO         2515    i.TIM3_IRQHandler   stm32f0xx_it.o
    0x08002788   0x08002788   0x0000004c   Code   RO         2346    i.Tick_Configration  main.o
    0x080027d4   0x080027d4   0x00000028   Code   RO         2516    i.USART1_IRQHandler  stm32f0xx_it.o
    0x080027fc   0x080027fc   0x00000018   Code   RO         1842    i.USART_Cmd         stm32f0xx_usart.o
    0x08002814   0x08002814   0x0000003c   Code   RO         1851    i.USART_GetITStatus  stm32f0xx_usart.o
    0x08002850   0x08002850   0x0000002e   Code   RO         1853    i.USART_ITConfig    stm32f0xx_usart.o
    0x0800287e   0x0800287e   0x00000002   PAD
    0x08002880   0x08002880   0x000000b0   Code   RO         1854    i.USART_Init        stm32f0xx_usart.o
    0x08002930   0x08002930   0x00000008   Code   RO         1866    i.USART_ReceiveData  stm32f0xx_usart.o
    0x08002938   0x08002938   0x00000094   Code   RO         2598    i.UartInit          uart.o
    0x080029cc   0x080029cc   0x00000030   Code   RO         3544    i._OnCadDone        lora_node.o
    0x080029fc   0x080029fc   0x00000040   Code   RO         3545    i._OnRxDone         lora_node.o
    0x08002a3c   0x08002a3c   0x00000028   Code   RO         3546    i._OnRxError        lora_node.o
    0x08002a64   0x08002a64   0x00000028   Code   RO         3547    i._OnRxTimeout      lora_node.o
    0x08002a8c   0x08002a8c   0x00000028   Code   RO         3548    i._OnTxDone         lora_node.o
    0x08002ab4   0x08002ab4   0x0000000a   Code   RO         3549    i._OnTxTimeout      lora_node.o
    0x08002abe   0x08002abe   0x00000002   PAD
    0x08002ac0   0x08002ac0   0x00000020   Code   RO         3932    i.__0printf$8       mc_p.l(printf8.o)
    0x08002ae0   0x08002ae0   0x0000002e   Code   RO         4027    i.__ARM_clz         mf_p.l(depilogue.o)
    0x08002b0e   0x08002b0e   0x0000000e   Code   RO         4037    i.__scatterload_copy  mc_p.l(handlers.o)
    0x08002b1c   0x08002b1c   0x00000002   Code   RO         4038    i.__scatterload_null  mc_p.l(handlers.o)
    0x08002b1e   0x08002b1e   0x0000000e   Code   RO         4039    i.__scatterload_zeroinit  mc_p.l(handlers.o)
    0x08002b2c   0x08002b2c   0x00000012   Code   RO         3550    i._again_fsm_func   lora_node.o
    0x08002b3e   0x08002b3e   0x00000002   PAD
    0x08002b40   0x08002b40   0x00000028   Code   RO         3551    i._cad_busy_fsm_func  lora_node.o
    0x08002b68   0x08002b68   0x00000010   Code   RO         3552    i._cad_check_fsm_func  lora_node.o
    0x08002b78   0x08002b78   0x0000000c   Code   RO         3553    i._cad_idie_fsm_func  lora_node.o
    0x08002b84   0x08002b84   0x0000003c   Code   RO         3554    i._check_cad        lora_node.o
    0x08002bc0   0x08002bc0   0x0000002c   Code   RO         2347    i._get_rtc_time     main.o
    0x08002bec   0x08002bec   0x00000044   Code   RO         3555    i._idie_fsm_func    lora_node.o
    0x08002c30   0x08002c30   0x00000428   Code   RO         3939    i._printf_core      mc_p.l(printf8.o)
    0x08003058   0x08003058   0x00000020   Code   RO         3940    i._printf_post_padding  mc_p.l(printf8.o)
    0x08003078   0x08003078   0x0000002c   Code   RO         3941    i._printf_pre_padding  mc_p.l(printf8.o)
    0x080030a4   0x080030a4   0x000000b0   Code   RO         3556    i._recv_end_fsm_func  lora_node.o
    0x08003154   0x08003154   0x0000001c   Code   RO         3557    i._recv_fsm_func    lora_node.o
    0x08003170   0x08003170   0x00000004   Code   RO         3558    i._recv_overtime_fsm_func  lora_node.o
    0x08003174   0x08003174   0x00000004   Code   RO         3559    i._recving_fsm_func  lora_node.o
    0x08003178   0x08003178   0x00000078   Code   RO         3560    i._send_data        lora_node.o
    0x080031f0   0x080031f0   0x0000000c   Code   RO         3561    i._send_end_fsm_func  lora_node.o
    0x080031fc   0x080031fc   0x00000010   Code   RO         3562    i._send_fsm_func    lora_node.o
    0x0800320c   0x0800320c   0x00000004   Code   RO         3563    i._send_overtime_fsm_func  lora_node.o
    0x08003210   0x08003210   0x00000004   Code   RO         3564    i._sending_fsm_func  lora_node.o
    0x08003214   0x08003214   0x00000010   Code   RO         2348    i._set_addr         main.o
    0x08003224   0x08003224   0x0000002c   Code   RO         3565    i._sleep_fsm_func   lora_node.o
    0x08003250   0x08003250   0x00000054   Code   RO         2349    i._write_sn         main.o
    0x080032a4   0x080032a4   0x000000c8   Code   RO         3705    i.ceil              m_ps.l(ceil.o)
    0x0800336c   0x0800336c   0x000000c8   Code   RO         3709    i.floor             m_ps.l(floor.o)
    0x08003434   0x08003434   0x00000018   Code   RO         2599    i.fputc             uart.o
    0x0800344c   0x0800344c   0x0000000c   Code   RO         3566    i.lora_change_state  lora_node.o
    0x08003458   0x08003458   0x00000018   Code   RO         3482    i.lora_common_crc   lora_common.o
    0x08003470   0x08003470   0x00000014   Code   RO         3483    i.lora_common_delay_s  lora_common.o
    0x08003484   0x08003484   0x00000010   Code   RO         3484    i.lora_common_get_data  lora_common.o
    0x08003494   0x08003494   0x0000002c   Code   RO         3485    i.lora_common_snd_beg  lora_common.o
    0x080034c0   0x080034c0   0x0000002c   Code   RO         3486    i.lora_common_snd_end  lora_common.o
    0x080034ec   0x080034ec   0x00000040   Code   RO         3487    i.lora_common_snd_join  lora_common.o
    0x0800352c   0x0800352c   0x00000008   Code   RO         3567    i.lora_node_base_info  lora_node.o
    0x08003534   0x08003534   0x000000ac   Code   RO         3568    i.lora_node_init    lora_node.o
    0x080035e0   0x080035e0   0x00000098   Code   RO         3569    i.lora_node_task    lora_node.o
    0x08003678   0x08003678   0x00000050   Code   RO         2350    i.main              main.o
    0x080036c8   0x080036c8   0x0000000c   Code   RO         2794    i.operate_flash_read  operate_flash.o
    0x080036d4   0x080036d4   0x00000030   Code   RO         2795    i.operate_flash_write  operate_flash.o
    0x08003704   0x08003704   0x00000008   Code   RO         3712    i.rint              m_ps.l(rint.o)
    0x0800370c   0x0800370c   0x0000001a   Code   RO         2731    i.rtc_get_min       rtc.o
    0x08003726   0x08003726   0x00000002   PAD
    0x08003728   0x08003728   0x00000048   Code   RO         2732    i.rtc_get_sec       rtc.o
    0x08003770   0x08003770   0x0000000c   Code   RO         2733    i.rtc_get_time      rtc.o
    0x0800377c   0x0800377c   0x0000007a   Code   RO         2734    i.rtc_set           rtc.o
    0x080037f6   0x080037f6   0x0000000c   Code   RO         2735    i.rtc_set_time      rtc.o
    0x08003802   0x08003802   0x00000002   PAD
    0x08003804   0x08003804   0x0000006c   Data   RO         2873    .constdata          radio.o
    0x08003870   0x08003870   0x000000b4   Data   RO         2874    .constdata          radio.o
    0x08003924   0x08003924   0x0000004f   Data   RO         3571    .constdata          lora_node.o
    0x08003973   0x08003973   0x00000001   PAD
    0x08003974   0x08003974   0x00000020   Data   RO         4035    Region$$Table       anon$$obj.o


    Execution Region RW_IRAM1 (Exec base: 0x20000000, Load base: 0x08003994, Size: 0x000006a0, Max: 0x00001000, ABSOLUTE)

    Exec Addr    Load Addr    Size         Type   Attr      Idx    E Section Name        Object

    0x20000000   0x08003994   0x00000014   Data   RW           15    .data               system_stm32f0xx.o
    0x20000014   0x080039a8   0x00000010   Data   RW          442    .data               stm32f0xx_rcc.o
    0x20000024   0x080039b8   0x0000000c   Data   RW         2517    .data               stm32f0xx_it.o
    0x20000030   0x080039c4   0x00000004   Data   RW         2600    .data               uart.o
    0x20000034   0x080039c8   0x00000004   PAD
    0x20000038   0x080039cc   0x000000a8   Data   RW         2875    .data               radio.o
    0x200000e0   0x08003a74   0x00000008   Data   RW         3126    .data               sx126x.o
    0x200000e8   0x08003a7c   0x00000001   Data   RW         3572    .data               lora_node.o
    0x200000e9   0x08003a7d   0x00000003   PAD
    0x200000ec        -       0x00000150   Zero   RW         2872    .bss                radio.o
    0x2000023c        -       0x00000019   Zero   RW         3488    .bss                lora_common.o
    0x20000255   0x08003a7d   0x00000003   PAD
    0x20000258        -       0x00000044   Zero   RW         3570    .bss                lora_node.o
    0x2000029c   0x08003a7d   0x00000004   PAD
    0x200002a0        -       0x00000400   Zero   RW            1    STACK               startup_stm32f030.o


==============================================================================

Image component sizes


      Code (inc. data)   RO Data    RW Data    ZI Data      Debug   Object Name

        20          6          0          0          0        424   delay.o
       232         10          0          0          0        539   gpio.o
       212         16          0          0         25       4062   lora_common.o
      1212        330         79          1         68      13143   lora_node.o
       466        140          0          0          0     204096   main.o
        60         10          0          0          0        971   operate_flash.o
      2094        186        288        168        336      19754   radio.o
       488         58          0          0          0       3332   rtc.o
       128         10          0          0          0        938   spi.o
        88         38        180          0       1024        728   startup_stm32f030.o
       184         34          0          0          0       3437   stm32f0xx_flash.o
       170          0          0          0          0       3035   stm32f0xx_gpio.o
        78         16          0         12          0       4713   stm32f0xx_it.o
        80          8          0          0          0       1016   stm32f0xx_misc.o
        96         20          0          0          0       2133   stm32f0xx_pwr.o
       800        106          0         16          0       8211   stm32f0xx_rcc.o
      1118         76          0          0          0      11606   stm32f0xx_rtc.o
       148         14          0          0          0       4120   stm32f0xx_spi.o
       314         20          0          0          0       4506   stm32f0xx_usart.o
       622         10          0          0          0       8470   sx126x-board.o
      1736        156          0          8          0      20660   sx126x.o
       252         20          0         20          0     222297   system_stm32f0xx.o
       172         16          0          4          0       3277   uart.o

    ----------------------------------------------------------------------
     10800       1300        580        236       1460     545468   Object Totals
         0          0         32          0          0          0   (incl. Generated)
        30          0          1          7          7          0   (incl. Padding)

    ----------------------------------------------------------------------

      Code (inc. data)   RO Data    RW Data    ZI Data      Debug   Library Member Name

       200         20          0          0          0         76   ceil.o
       200         20          0          0          0         76   floor.o
         8          0          0          0          0         68   rint.o
         0          0          0          0          0          0   entry.o
         0          0          0          0          0          0   entry10a.o
         0          0          0          0          0          0   entry11a.o
         8          4          0          0          0          0   entry2.o
         4          0          0          0          0          0   entry5.o
         0          0          0          0          0          0   entry7b.o
         0          0          0          0          0          0   entry8b.o
         8          4          0          0          0          0   entry9a.o
        30          0          0          0          0          0   handlers.o
        36          8          0          0          0         68   init.o
         0          0          0          0          0          0   iusefp.o
        32          0          0          0          0         68   llshl.o
        38          0          0          0          0         68   llsshr.o
        34          0          0          0          0         68   llushr.o
        36          0          0          0          0         60   memcpya.o
        36          0          0          0          0        100   memseta.o
      1172         52          0          0          0        324   printf8.o
        44          0          0          0          0         72   uidiv.o
        96          0          0          0          0         84   uldiv.o
        40          2          0          0          0         68   cdrcmple.o
       356          4          0          0          0        140   dadd.o
       240          6          0          0          0         84   ddiv.o
       236          0          0          0          0        216   depilogue.o
        60         10          0          0          0         68   dfixui.o
        40          6          0          0          0         68   dflti.o
        28          4          0          0          0         68   dfltui.o
       208          6          0          0          0         88   dmul.o
       124         10          0          0          0         76   drnd.o
        44          0          0          0          0         72   dscalb.o

    ----------------------------------------------------------------------
      3360        156          0          0          0       2080   Library Totals
         2          0          0          0          0          0   (incl. Padding)

    ----------------------------------------------------------------------

      Code (inc. data)   RO Data    RW Data    ZI Data      Debug   Library Name

       408         40          0          0          0        220   m_ps.l
      1574         68          0          0          0        912   mc_p.l
      1376         48          0          0          0        948   mf_p.l

    ----------------------------------------------------------------------
      3360        156          0          0          0       2080   Library Totals

    ----------------------------------------------------------------------

==============================================================================


      Code (inc. data)   RO Data    RW Data    ZI Data      Debug   

     14160       1456        580        236       1460     537836   Grand Totals
     14160       1456        580        236       1460     537836   ELF Image Totals
     14160       1456        580        236          0          0   ROM Totals

==============================================================================

    Total RO  Size (Code + RO Data)                14740 (  14.39kB)
    Total RW  Size (RW Data + ZI Data)              1696 (   1.66kB)
    Total ROM Size (Code + RO Data + RW Data)      14976 (  14.63kB)

==============================================================================

