Component: ARM Compiler 5.06 update 6 (build 750) Tool: armlink [4d35ed]

==============================================================================

Section Cross References

    startup_stm32f030.o(STACK) refers (Special) to heapauxi.o(.text) for __use_two_region_memory
    startup_stm32f030.o(HEAP) refers (Special) to heapauxi.o(.text) for __use_two_region_memory
    startup_stm32f030.o(RESET) refers (Special) to heapauxi.o(.text) for __use_two_region_memory
    startup_stm32f030.o(RESET) refers to startup_stm32f030.o(STACK) for __initial_sp
    startup_stm32f030.o(RESET) refers to startup_stm32f030.o(.text) for Reset_Handler
    startup_stm32f030.o(RESET) refers to stm32f0xx_it.o(i.NMI_Handler) for NMI_Handler
    startup_stm32f030.o(RESET) refers to stm32f0xx_it.o(i.HardFault_Handler) for HardFault_Handler
    startup_stm32f030.o(RESET) refers to stm32f0xx_it.o(i.SVC_Handler) for SVC_Handler
    startup_stm32f030.o(RESET) refers to stm32f0xx_it.o(i.PendSV_Handler) for PendSV_Handler
    startup_stm32f030.o(RESET) refers to stm32f0xx_it.o(i.SysTick_Handler) for SysTick_Handler
    startup_stm32f030.o(RESET) refers to stm32f0xx_it.o(i.RTC_IRQHandler) for RTC_IRQHandler
    startup_stm32f030.o(RESET) refers to stm32f0xx_it.o(i.EXTI0_1_IRQHandler) for EXTI0_1_IRQHandler
    startup_stm32f030.o(RESET) refers to stm32f0xx_it.o(i.ADC1_IRQHandler) for ADC1_IRQHandler
    startup_stm32f030.o(RESET) refers to stm32f0xx_it.o(i.TIM3_IRQHandler) for TIM3_IRQHandler
    startup_stm32f030.o(RESET) refers to stm32f0xx_it.o(i.TIM14_IRQHandler) for TIM14_IRQHandler
    startup_stm32f030.o(RESET) refers to stm32f0xx_it.o(i.SPI2_IRQHandler) for SPI2_IRQHandler
    startup_stm32f030.o(RESET) refers to stm32f0xx_it.o(i.USART1_IRQHandler) for USART1_IRQHandler
    startup_stm32f030.o(.text) refers (Special) to heapauxi.o(.text) for __use_two_region_memory
    startup_stm32f030.o(.text) refers to startup_stm32f030.o(STACK) for __initial_sp
    startup_stm32f030.o(.text) refers to system_stm32f0xx.o(i.SystemInit) for SystemInit
    startup_stm32f030.o(.text) refers to __main.o(!!!main) for __main
    startup_stm32f030.o(.text) refers to startup_stm32f030.o(HEAP) for Heap_Mem
    system_stm32f0xx.o(i.SystemCoreClockUpdate) refers to aeabi_sdiv.o(.text) for __aeabi_uidivmod
    system_stm32f0xx.o(i.SystemCoreClockUpdate) refers to system_stm32f0xx.o(.data) for SystemCoreClock
    system_stm32f0xx.o(i.SystemInit) refers to system_stm32f0xx.o(i.SetSysClock) for SetSysClock
    stm32f0xx_adc.o(i.ADC_DeInit) refers to stm32f0xx_rcc.o(i.RCC_APB2PeriphResetCmd) for RCC_APB2PeriphResetCmd
    stm32f0xx_can.o(i.CAN_DeInit) refers to stm32f0xx_rcc.o(i.RCC_APB1PeriphResetCmd) for RCC_APB1PeriphResetCmd
    stm32f0xx_can.o(i.CAN_GetITStatus) refers to stm32f0xx_can.o(i.CheckITStatus) for CheckITStatus
    stm32f0xx_cec.o(i.CEC_DeInit) refers to stm32f0xx_rcc.o(i.RCC_APB1PeriphResetCmd) for RCC_APB1PeriphResetCmd
    stm32f0xx_crs.o(i.CRS_DeInit) refers to stm32f0xx_rcc.o(i.RCC_APB1PeriphResetCmd) for RCC_APB1PeriphResetCmd
    stm32f0xx_dac.o(i.DAC_DeInit) refers to stm32f0xx_rcc.o(i.RCC_APB1PeriphResetCmd) for RCC_APB1PeriphResetCmd
    stm32f0xx_flash.o(i.FLASH_EraseAllPages) refers to stm32f0xx_flash.o(i.FLASH_WaitForLastOperation) for FLASH_WaitForLastOperation
    stm32f0xx_flash.o(i.FLASH_ErasePage) refers to stm32f0xx_flash.o(i.FLASH_WaitForLastOperation) for FLASH_WaitForLastOperation
    stm32f0xx_flash.o(i.FLASH_OB_BOOT0Config) refers to stm32f0xx_flash.o(i.FLASH_WaitForLastOperation) for FLASH_WaitForLastOperation
    stm32f0xx_flash.o(i.FLASH_OB_BOOT0SWConfig) refers to stm32f0xx_flash.o(i.FLASH_WaitForLastOperation) for FLASH_WaitForLastOperation
    stm32f0xx_flash.o(i.FLASH_OB_BOOTConfig) refers to stm32f0xx_flash.o(i.FLASH_WaitForLastOperation) for FLASH_WaitForLastOperation
    stm32f0xx_flash.o(i.FLASH_OB_EnableWRP) refers to stm32f0xx_flash.o(i.FLASH_WaitForLastOperation) for FLASH_WaitForLastOperation
    stm32f0xx_flash.o(i.FLASH_OB_Erase) refers to stm32f0xx_flash.o(i.FLASH_OB_GetRDP) for FLASH_OB_GetRDP
    stm32f0xx_flash.o(i.FLASH_OB_Erase) refers to stm32f0xx_flash.o(i.FLASH_WaitForLastOperation) for FLASH_WaitForLastOperation
    stm32f0xx_flash.o(i.FLASH_OB_ProgramData) refers to stm32f0xx_flash.o(i.FLASH_WaitForLastOperation) for FLASH_WaitForLastOperation
    stm32f0xx_flash.o(i.FLASH_OB_RDPConfig) refers to stm32f0xx_flash.o(i.FLASH_WaitForLastOperation) for FLASH_WaitForLastOperation
    stm32f0xx_flash.o(i.FLASH_OB_SRAMParityConfig) refers to stm32f0xx_flash.o(i.FLASH_WaitForLastOperation) for FLASH_WaitForLastOperation
    stm32f0xx_flash.o(i.FLASH_OB_UserConfig) refers to stm32f0xx_flash.o(i.FLASH_WaitForLastOperation) for FLASH_WaitForLastOperation
    stm32f0xx_flash.o(i.FLASH_OB_VDDAConfig) refers to stm32f0xx_flash.o(i.FLASH_WaitForLastOperation) for FLASH_WaitForLastOperation
[...]
    Removing stm32f0xx_flash.o(i.FLASH_OB_Erase), (152 bytes).
    Removing stm32f0xx_flash.o(i.FLASH_OB_GetRDP), (28 bytes).
    Removing stm32f0xx_flash.o(i.FLASH_OB_GetUser), (16 bytes).
    Removing stm32f0xx_flash.o(i.FLASH_OB_GetWRP), (12 bytes).
    Removing stm32f0xx_flash.o(i.FLASH_OB_Launch), (20 bytes).
    Removing stm32f0xx_flash.o(i.FLASH_OB_Lock), (20 bytes).
    Removing stm32f0xx_flash.o(i.FLASH_OB_ProgramData), (72 bytes).
    Removing stm32f0xx_flash.o(i.FLASH_OB_RDPConfig), (144 bytes).
    Removing stm32f0xx_flash.o(i.FLASH_OB_SRAMParityConfig), (80 bytes).
    Removing stm32f0xx_flash.o(i.FLASH_OB_Unlock), (40 bytes).
    Removing stm32f0xx_flash.o(i.FLASH_OB_UserConfig), (88 bytes).
    Removing stm32f0xx_flash.o(i.FLASH_OB_VDDAConfig), (80 bytes).
    Removing stm32f0xx_flash.o(i.FLASH_OB_WriteUser), (76 bytes).
    Removing stm32f0xx_flash.o(i.FLASH_PrefetchBufferCmd), (36 bytes).
    Removing stm32f0xx_flash.o(i.FLASH_ProgramHalfWord), (68 bytes).
    Removing stm32f0xx_flash.o(i.FLASH_ProgramWord), (108 bytes).
    Removing stm32f0xx_flash.o(i.FLASH_SetLatency), (28 bytes).
    Removing stm32f0xx_flash.o(i.FLASH_Unlock), (36 bytes).
    Removing stm32f0xx_flash.o(i.FLASH_WaitForLastOperation), (40 bytes).
    Removing stm32f0xx_gpio.o(.rev16_text), (4 bytes).
    Removing stm32f0xx_gpio.o(.revsh_text), (4 bytes).
    Removing stm32f0xx_gpio.o(i.GPIO_DeInit), (176 bytes).
    Removing stm32f0xx_gpio.o(i.GPIO_PinAFConfig), (68 bytes).
    Removing stm32f0xx_gpio.o(i.GPIO_PinLockConfig), (34 bytes).
    Removing stm32f0xx_gpio.o(i.GPIO_ReadInputData), (6 bytes).
    Removing stm32f0xx_gpio.o(i.GPIO_ReadInputDataBit), (20 bytes).
    Removing stm32f0xx_gpio.o(i.GPIO_ReadOutputData), (6 bytes).
    Removing stm32f0xx_gpio.o(i.GPIO_ReadOutputDataBit), (20 bytes).
    Removing stm32f0xx_gpio.o(i.GPIO_ResetBits), (4 bytes).
    Removing stm32f0xx_gpio.o(i.GPIO_SetBits), (4 bytes).
    Removing stm32f0xx_gpio.o(i.GPIO_StructInit), (24 bytes).
    Removing stm32f0xx_gpio.o(i.GPIO_Write), (4 bytes).
    Removing stm32f0xx_i2c.o(.rev16_text), (4 bytes).
    Removing stm32f0xx_i2c.o(.revsh_text), (4 bytes).
    Removing stm32f0xx_i2c.o(i.I2C_10BitAddressHeaderCmd), (28 bytes).
    Removing stm32f0xx_i2c.o(i.I2C_10BitAddressingModeCmd), (28 bytes).
    Removing stm32f0xx_i2c.o(i.I2C_AcknowledgeConfig), (28 bytes).
    Removing stm32f0xx_i2c.o(i.I2C_AutoEndCmd), (28 bytes).
    Removing stm32f0xx_i2c.o(i.I2C_CalculatePEC), (28 bytes).
    Removing stm32f0xx_i2c.o(i.I2C_ClearFlag), (4 bytes).
    Removing stm32f0xx_i2c.o(i.I2C_ClearITPendingBit), (4 bytes).
    Removing stm32f0xx_i2c.o(i.I2C_ClockTimeoutCmd), (28 bytes).
    Removing stm32f0xx_i2c.o(i.I2C_Cmd), (24 bytes).
    Removing stm32f0xx_i2c.o(i.I2C_DMACmd), (20 bytes).
    Removing stm32f0xx_i2c.o(i.I2C_DeInit), (56 bytes).
    Removing stm32f0xx_i2c.o(i.I2C_DualAddressCmd), (28 bytes).
    Removing stm32f0xx_i2c.o(i.I2C_ExtendedClockTimeoutCmd), (26 bytes).
    Removing stm32f0xx_i2c.o(i.I2C_GeneralCallCmd), (28 bytes).
    Removing stm32f0xx_i2c.o(i.I2C_GenerateSTART), (28 bytes).
    Removing stm32f0xx_i2c.o(i.I2C_GenerateSTOP), (28 bytes).
    Removing stm32f0xx_i2c.o(i.I2C_GetAddressMatched), (14 bytes).
    Removing stm32f0xx_i2c.o(i.I2C_GetFlagStatus), (28 bytes).
    Removing stm32f0xx_i2c.o(i.I2C_GetITStatus), (78 bytes).
    Removing stm32f0xx_i2c.o(i.I2C_GetPEC), (8 bytes).
    Removing stm32f0xx_i2c.o(i.I2C_GetTransferDirection), (30 bytes).
    Removing stm32f0xx_i2c.o(i.I2C_ITConfig), (20 bytes).
    Removing stm32f0xx_i2c.o(i.I2C_IdleClockTimeoutCmd), (28 bytes).
    Removing stm32f0xx_i2c.o(i.I2C_Init), (108 bytes).
    Removing stm32f0xx_i2c.o(i.I2C_MasterRequestConfig), (28 bytes).
    Removing stm32f0xx_i2c.o(i.I2C_NumberOfBytesConfig), (28 bytes).
    Removing stm32f0xx_i2c.o(i.I2C_OwnAddress2Config), (36 bytes).
    Removing stm32f0xx_i2c.o(i.I2C_PECRequestCmd), (28 bytes).
    Removing stm32f0xx_i2c.o(i.I2C_ReadRegister), (22 bytes).
    Removing stm32f0xx_i2c.o(i.I2C_ReceiveData), (8 bytes).
    Removing stm32f0xx_i2c.o(i.I2C_ReloadCmd), (28 bytes).
    Removing stm32f0xx_i2c.o(i.I2C_SMBusAlertCmd), (28 bytes).
    Removing stm32f0xx_i2c.o(i.I2C_SendData), (4 bytes).
    Removing stm32f0xx_i2c.o(i.I2C_SlaveAddressConfig), (20 bytes).
    Removing stm32f0xx_i2c.o(i.I2C_SlaveByteControlCmd), (28 bytes).
    Removing stm32f0xx_i2c.o(i.I2C_SoftwareResetCmd), (20 bytes).
    Removing stm32f0xx_i2c.o(i.I2C_StopModeCmd), (28 bytes).
    Removing stm32f0xx_i2c.o(i.I2C_StretchClockCmd), (28 bytes).
    Removing stm32f0xx_i2c.o(i.I2C_StructInit), (24 bytes).
    Removing stm32f0xx_i2c.o(i.I2C_TimeoutAConfig), (20 bytes).
    Removing stm32f0xx_i2c.o(i.I2C_TimeoutBConfig), (32 bytes).
    Removing stm32f0xx_i2c.o(i.I2C_TransferHandling), (44 bytes).
    Removing stm32f0xx_iwdg.o(.rev16_text), (4 bytes).
    Removing stm32f0xx_iwdg.o(.revsh_text), (4 bytes).
    Removing stm32f0xx_iwdg.o(i.IWDG_Enable), (16 bytes).
    Removing stm32f0xx_iwdg.o(i.IWDG_GetFlagStatus), (28 bytes).
    Removing stm32f0xx_iwdg.o(i.IWDG_ReloadCounter), (16 bytes).
    Removing stm32f0xx_iwdg.o(i.IWDG_SetPrescaler), (12 bytes).
    Removing stm32f0xx_iwdg.o(i.IWDG_SetReload), (12 bytes).
    Removing stm32f0xx_iwdg.o(i.IWDG_SetWindowValue), (12 bytes).
    Removing stm32f0xx_iwdg.o(i.IWDG_WriteAccessCmd), (12 bytes).
    Removing stm32f0xx_misc.o(.rev16_text), (4 bytes).
    Removing stm32f0xx_misc.o(.revsh_text), (4 bytes).
    Removing stm32f0xx_misc.o(i.NVIC_Init), (112 bytes).
    Removing stm32f0xx_misc.o(i.NVIC_SystemLPConfig), (32 bytes).
    Removing stm32f0xx_misc.o(i.SysTick_CLKSourceConfig), (36 bytes).
    Removing stm32f0xx_pwr.o(.rev16_text), (4 bytes).
    Removing stm32f0xx_pwr.o(.revsh_text), (4 bytes).
    Removing stm32f0xx_pwr.o(i.PWR_BackupAccessCmd), (40 bytes).
    Removing stm32f0xx_pwr.o(i.PWR_ClearFlag), (20 bytes).
    Removing stm32f0xx_pwr.o(i.PWR_DeInit), (22 bytes).
    Removing stm32f0xx_pwr.o(i.PWR_EnterSTANDBYMode), (36 bytes).
    Removing stm32f0xx_pwr.o(i.PWR_EnterSTOPMode), (100 bytes).
    Removing stm32f0xx_pwr.o(i.PWR_EnterSleepMode), (32 bytes).
    Removing stm32f0xx_pwr.o(i.PWR_GetFlagStatus), (28 bytes).
    Removing stm32f0xx_pwr.o(i.PWR_PVDCmd), (36 bytes).
    Removing stm32f0xx_pwr.o(i.PWR_PVDLevelConfig), (32 bytes).
    Removing stm32f0xx_pwr.o(i.PWR_WakeUpPinCmd), (32 bytes).
    Removing stm32f0xx_rcc.o(.rev16_text), (4 bytes).
    Removing stm32f0xx_rcc.o(.revsh_text), (4 bytes).
    Removing stm32f0xx_rcc.o(i.RCC_ADCCLKConfig), (56 bytes).
    Removing stm32f0xx_rcc.o(i.RCC_AHBPeriphClockCmd), (32 bytes).
    Removing stm32f0xx_rcc.o(i.RCC_AHBPeriphResetCmd), (32 bytes).
    Removing stm32f0xx_rcc.o(i.RCC_APB1PeriphClockCmd), (32 bytes).
    Removing stm32f0xx_rcc.o(i.RCC_APB1PeriphResetCmd), (32 bytes).
    Removing stm32f0xx_rcc.o(i.RCC_APB2PeriphClockCmd), (32 bytes).
    Removing stm32f0xx_rcc.o(i.RCC_APB2PeriphResetCmd), (32 bytes).
    Removing stm32f0xx_rcc.o(i.RCC_AdjustHSI14CalibrationValue), (32 bytes).
    Removing stm32f0xx_rcc.o(i.RCC_AdjustHSICalibrationValue), (32 bytes).
    Removing stm32f0xx_rcc.o(i.RCC_BackupResetCmd), (40 bytes).
    Removing stm32f0xx_rcc.o(i.RCC_CECCLKConfig), (28 bytes).
    Removing stm32f0xx_rcc.o(i.RCC_ClearFlag), (20 bytes).
    Removing stm32f0xx_rcc.o(i.RCC_ClearITPendingBit), (12 bytes).
    Removing stm32f0xx_rcc.o(i.RCC_ClockSecuritySystemCmd), (40 bytes).
    Removing stm32f0xx_rcc.o(i.RCC_GetClocksFreq), (588 bytes).
    Removing stm32f0xx_rcc.o(i.RCC_GetFlagStatus), (72 bytes).
    Removing stm32f0xx_rcc.o(i.RCC_GetITStatus), (28 bytes).
    Removing stm32f0xx_rcc.o(i.RCC_GetSYSCLKSource), (16 bytes).
    Removing stm32f0xx_rcc.o(i.RCC_HCLKConfig), (32 bytes).
    Removing stm32f0xx_rcc.o(i.RCC_HSEConfig), (16 bytes).
    Removing stm32f0xx_rcc.o(i.RCC_HSI14ADCRequestCmd), (36 bytes).
    Removing stm32f0xx_rcc.o(i.RCC_HSI14Cmd), (36 bytes).
    Removing stm32f0xx_rcc.o(i.RCC_HSI48Cmd), (40 bytes).
    Removing stm32f0xx_rcc.o(i.RCC_HSICmd), (36 bytes).
    Removing stm32f0xx_rcc.o(i.RCC_I2CCLKConfig), (28 bytes).
    Removing stm32f0xx_rcc.o(i.RCC_ITConfig), (32 bytes).
    Removing stm32f0xx_rcc.o(i.RCC_LSEConfig), (40 bytes).
    Removing stm32f0xx_rcc.o(i.RCC_LSEDriveConfig), (28 bytes).
    Removing stm32f0xx_rcc.o(i.RCC_LSICmd), (36 bytes).
    Removing stm32f0xx_rcc.o(i.RCC_MCOConfig), (28 bytes).
    Removing stm32f0xx_rcc.o(i.RCC_PCLKConfig), (36 bytes).
    Removing stm32f0xx_rcc.o(i.RCC_PLLCmd), (40 bytes).
    Removing stm32f0xx_rcc.o(i.RCC_PLLConfig), (36 bytes).
    Removing stm32f0xx_rcc.o(i.RCC_PREDIV1Config), (28 bytes).
    Removing stm32f0xx_rcc.o(i.RCC_RTCCLKCmd), (40 bytes).
    Removing stm32f0xx_rcc.o(i.RCC_RTCCLKConfig), (16 bytes).
    Removing stm32f0xx_rcc.o(i.RCC_SYSCLKConfig), (28 bytes).
    Removing stm32f0xx_rcc.o(i.RCC_USARTCLKConfig), (72 bytes).
    Removing stm32f0xx_rcc.o(i.RCC_USBCLKConfig), (28 bytes).
    Removing stm32f0xx_rcc.o(i.RCC_WaitForHSEStartUp), (60 bytes).
    Removing stm32f0xx_rcc.o(.data), (16 bytes).
    Removing stm32f0xx_rtc.o(.rev16_text), (4 bytes).
    Removing stm32f0xx_rtc.o(.revsh_text), (4 bytes).
    Removing stm32f0xx_rtc.o(i.RTC_AlarmCmd), (112 bytes).
    Removing stm32f0xx_rtc.o(i.RTC_AlarmStructInit), (22 bytes).
    Removing stm32f0xx_rtc.o(i.RTC_AlarmSubSecondConfig), (40 bytes).
    Removing stm32f0xx_rtc.o(i.RTC_Bcd2ToByte), (26 bytes).
    Removing stm32f0xx_rtc.o(i.RTC_BypassShadowCmd), (52 bytes).
    Removing stm32f0xx_rtc.o(i.RTC_ByteToBcd2), (28 bytes).
    Removing stm32f0xx_rtc.o(i.RTC_CalibOutputCmd), (56 bytes).
    Removing stm32f0xx_rtc.o(i.RTC_CalibOutputConfig), (44 bytes).
    Removing stm32f0xx_rtc.o(i.RTC_ClearFlag), (32 bytes).
    Removing stm32f0xx_rtc.o(i.RTC_ClearITPendingBit), (36 bytes).
    Removing stm32f0xx_rtc.o(i.RTC_DateStructInit), (14 bytes).
    Removing stm32f0xx_rtc.o(i.RTC_DayLightSavingConfig), (48 bytes).
    Removing stm32f0xx_rtc.o(i.RTC_DeInit), (116 bytes).
    Removing stm32f0xx_rtc.o(i.RTC_EnterInitMode), (88 bytes).
    Removing stm32f0xx_rtc.o(i.RTC_ExitInitMode), (20 bytes).
    Removing stm32f0xx_rtc.o(i.RTC_GetAlarm), (120 bytes).
    Removing stm32f0xx_rtc.o(i.RTC_GetAlarmSubSecond), (20 bytes).
    Removing stm32f0xx_rtc.o(i.RTC_GetDate), (96 bytes).
    Removing stm32f0xx_rtc.o(i.RTC_GetFlagStatus), (44 bytes).
    Removing stm32f0xx_rtc.o(i.RTC_GetITStatus), (76 bytes).
    Removing stm32f0xx_rtc.o(i.RTC_GetStoreOperation), (16 bytes).
    Removing stm32f0xx_rtc.o(i.RTC_GetSubSecond), (16 bytes).
    Removing stm32f0xx_rtc.o(i.RTC_GetTime), (92 bytes).
    Removing stm32f0xx_rtc.o(i.RTC_GetTimeStamp), (164 bytes).
    Removing stm32f0xx_rtc.o(i.RTC_GetTimeStampSubSecond), (12 bytes).
    Removing stm32f0xx_rtc.o(i.RTC_GetWakeUpCounter), (12 bytes).
    Removing stm32f0xx_rtc.o(i.RTC_ITConfig), (100 bytes).
    Removing stm32f0xx_rtc.o(i.RTC_Init), (88 bytes).
    Removing stm32f0xx_rtc.o(i.RTC_OutputConfig), (48 bytes).
    Removing stm32f0xx_rtc.o(i.RTC_OutputTypeConfig), (28 bytes).
    Removing stm32f0xx_rtc.o(i.RTC_ReadBackupRegister), (32 bytes).
    Removing stm32f0xx_rtc.o(i.RTC_RefClockCmd), (76 bytes).
    Removing stm32f0xx_rtc.o(i.RTC_SetAlarm), (216 bytes).
    Removing stm32f0xx_rtc.o(i.RTC_SetDate), (208 bytes).
    Removing stm32f0xx_rtc.o(i.RTC_SetTime), (216 bytes).
    Removing stm32f0xx_rtc.o(i.RTC_SetWakeUpCounter), (24 bytes).
    Removing stm32f0xx_rtc.o(i.RTC_SmoothCalibConfig), (96 bytes).
    Removing stm32f0xx_rtc.o(i.RTC_StructInit), (14 bytes).
    Removing stm32f0xx_rtc.o(i.RTC_SynchroShiftConfig), (124 bytes).
    Removing stm32f0xx_rtc.o(i.RTC_TamperCmd), (32 bytes).
    Removing stm32f0xx_rtc.o(i.RTC_TamperFilterConfig), (28 bytes).
    Removing stm32f0xx_rtc.o(i.RTC_TamperPinsPrechargeDuration), (28 bytes).
    Removing stm32f0xx_rtc.o(i.RTC_TamperPullUpCmd), (40 bytes).
    Removing stm32f0xx_rtc.o(i.RTC_TamperSamplingFreqConfig), (28 bytes).
    Removing stm32f0xx_rtc.o(i.RTC_TamperTriggerConfig), (36 bytes).
    Removing stm32f0xx_rtc.o(i.RTC_TimeStampCmd), (64 bytes).
    Removing stm32f0xx_rtc.o(i.RTC_TimeStampOnTamperDetectionCmd), (36 bytes).
    Removing stm32f0xx_rtc.o(i.RTC_TimeStructInit), (12 bytes).
    Removing stm32f0xx_rtc.o(i.RTC_WaitForSynchro), (108 bytes).
    Removing stm32f0xx_rtc.o(i.RTC_WakeUpClockConfig), (40 bytes).
    Removing stm32f0xx_rtc.o(i.RTC_WakeUpCmd), (116 bytes).
    Removing stm32f0xx_rtc.o(i.RTC_WriteBackupRegister), (28 bytes).
    Removing stm32f0xx_rtc.o(i.RTC_WriteProtectionCmd), (28 bytes).
    Removing stm32f0xx_spi.o(.rev16_text), (4 bytes).
    Removing stm32f0xx_spi.o(.revsh_text), (4 bytes).
    Removing stm32f0xx_spi.o(i.I2S_Cmd), (32 bytes).
    Removing stm32f0xx_spi.o(i.I2S_Init), (232 bytes).
    Removing stm32f0xx_spi.o(i.I2S_StructInit), (20 bytes).
    Removing stm32f0xx_spi.o(i.SPI_BiDirectionalLineConfig), (32 bytes).
    Removing stm32f0xx_spi.o(i.SPI_CRCLengthConfig), (20 bytes).
    Removing stm32f0xx_spi.o(i.SPI_CalculateCRC), (32 bytes).
    Removing stm32f0xx_spi.o(i.SPI_Cmd), (28 bytes).
    Removing stm32f0xx_spi.o(i.SPI_DataSizeConfig), (24 bytes).
    Removing stm32f0xx_spi.o(i.SPI_GetCRC), (16 bytes).
    Removing stm32f0xx_spi.o(i.SPI_GetCRCPolynomial), (6 bytes).
    Removing stm32f0xx_spi.o(i.SPI_GetReceptionFIFOStatus), (12 bytes).
    Removing stm32f0xx_spi.o(i.SPI_GetTransmissionFIFOStatus), (12 bytes).
    Removing stm32f0xx_spi.o(i.SPI_I2S_ClearFlag), (6 bytes).
    Removing stm32f0xx_spi.o(i.SPI_I2S_DMACmd), (20 bytes).
    Removing stm32f0xx_spi.o(i.SPI_I2S_DeInit), (60 bytes).
    Removing stm32f0xx_spi.o(i.SPI_I2S_GetFlagStatus), (20 bytes).
    Removing stm32f0xx_spi.o(i.SPI_I2S_GetITStatus), (56 bytes).
    Removing stm32f0xx_spi.o(i.SPI_I2S_ITConfig), (34 bytes).
    Removing stm32f0xx_spi.o(i.SPI_I2S_ReceiveData16), (6 bytes).
    Removing stm32f0xx_spi.o(i.SPI_I2S_SendData16), (4 bytes).
    Removing stm32f0xx_spi.o(i.SPI_Init), (88 bytes).
    Removing stm32f0xx_spi.o(i.SPI_LastDMATransferCmd), (20 bytes).
    Removing stm32f0xx_spi.o(i.SPI_NSSInternalSoftwareConfig), (32 bytes).
    Removing stm32f0xx_spi.o(i.SPI_NSSPulseModeCmd), (28 bytes).
    Removing stm32f0xx_spi.o(i.SPI_ReceiveData8), (12 bytes).
    Removing stm32f0xx_spi.o(i.SPI_RxFIFOThresholdConfig), (20 bytes).
    Removing stm32f0xx_spi.o(i.SPI_SSOutputCmd), (28 bytes).
    Removing stm32f0xx_spi.o(i.SPI_SendData8), (10 bytes).
    Removing stm32f0xx_spi.o(i.SPI_StructInit), (30 bytes).
    Removing stm32f0xx_spi.o(i.SPI_TIModeCmd), (28 bytes).
    Removing stm32f0xx_spi.o(i.SPI_TransmitCRC), (12 bytes).
    Removing stm32f0xx_syscfg.o(.rev16_text), (4 bytes).
    Removing stm32f0xx_syscfg.o(.revsh_text), (4 bytes).
    Removing stm32f0xx_syscfg.o(i.SYSCFG_BreakConfig), (16 bytes).
    Removing stm32f0xx_syscfg.o(i.SYSCFG_ClearFlag), (16 bytes).
    Removing stm32f0xx_syscfg.o(i.SYSCFG_DMAChannelRemapConfig), (32 bytes).
    Removing stm32f0xx_syscfg.o(i.SYSCFG_DeInit), (44 bytes).
    Removing stm32f0xx_syscfg.o(i.SYSCFG_EXTILineConfig), (64 bytes).
    Removing stm32f0xx_syscfg.o(i.SYSCFG_GetFlagStatus), (32 bytes).
    Removing stm32f0xx_syscfg.o(i.SYSCFG_GetPendingIT), (24 bytes).
    Removing stm32f0xx_syscfg.o(i.SYSCFG_I2CFastModePlusConfig), (32 bytes).
    Removing stm32f0xx_syscfg.o(i.SYSCFG_IRDAEnvSelection), (28 bytes).
    Removing stm32f0xx_tim.o(.rev16_text), (4 bytes).
    Removing stm32f0xx_tim.o(.revsh_text), (4 bytes).
    Removing stm32f0xx_tim.o(i.TI1_Config), (56 bytes).
    Removing stm32f0xx_tim.o(i.TI2_Config), (76 bytes).
    Removing stm32f0xx_tim.o(i.TI3_Config), (72 bytes).
    Removing stm32f0xx_tim.o(i.TI4_Config), (80 bytes).
    Removing stm32f0xx_tim.o(i.TIM_ARRPreloadConfig), (28 bytes).
    Removing stm32f0xx_tim.o(i.TIM_BDTRConfig), (32 bytes).
    Removing stm32f0xx_tim.o(i.TIM_BDTRStructInit), (18 bytes).
    Removing stm32f0xx_tim.o(i.TIM_CCPreloadControl), (28 bytes).
    Removing stm32f0xx_tim.o(i.TIM_CCxCmd), (30 bytes).
    Removing stm32f0xx_tim.o(i.TIM_CCxNCmd), (30 bytes).
    Removing stm32f0xx_tim.o(i.TIM_ClearFlag), (6 bytes).
    Removing stm32f0xx_tim.o(i.TIM_ClearOC1Ref), (24 bytes).
    Removing stm32f0xx_tim.o(i.TIM_ClearOC2Ref), (20 bytes).
    Removing stm32f0xx_tim.o(i.TIM_ClearOC3Ref), (24 bytes).
    Removing stm32f0xx_tim.o(i.TIM_ClearOC4Ref), (20 bytes).
    Removing stm32f0xx_tim.o(i.TIM_Cmd), (28 bytes).
    Removing stm32f0xx_tim.o(i.TIM_CounterModeConfig), (24 bytes).
    Removing stm32f0xx_tim.o(i.TIM_CtrlPWMOutputs), (34 bytes).
    Removing stm32f0xx_tim.o(i.TIM_DMACmd), (20 bytes).
    Removing stm32f0xx_tim.o(i.TIM_DMAConfig), (12 bytes).
    Removing stm32f0xx_tim.o(i.TIM_DeInit), (260 bytes).
    Removing stm32f0xx_tim.o(i.TIM_ETRClockMode1Config), (52 bytes).
    Removing stm32f0xx_tim.o(i.TIM_ETRClockMode2Config), (34 bytes).
    Removing stm32f0xx_tim.o(i.TIM_ETRConfig), (24 bytes).
    Removing stm32f0xx_tim.o(i.TIM_EncoderInterfaceConfig), (68 bytes).
    Removing stm32f0xx_tim.o(i.TIM_ForcedOC1Config), (24 bytes).
    Removing stm32f0xx_tim.o(i.TIM_ForcedOC2Config), (24 bytes).
    Removing stm32f0xx_tim.o(i.TIM_ForcedOC3Config), (24 bytes).
    Removing stm32f0xx_tim.o(i.TIM_ForcedOC4Config), (24 bytes).
    Removing stm32f0xx_tim.o(i.TIM_GenerateEvent), (4 bytes).
    Removing stm32f0xx_tim.o(i.TIM_GetCapture1), (6 bytes).
    Removing stm32f0xx_tim.o(i.TIM_GetCapture2), (6 bytes).
    Removing stm32f0xx_tim.o(i.TIM_GetCapture3), (6 bytes).
    Removing stm32f0xx_tim.o(i.TIM_GetCapture4), (6 bytes).
    Removing stm32f0xx_tim.o(i.TIM_GetCounter), (6 bytes).
    Removing stm32f0xx_tim.o(i.TIM_GetFlagStatus), (20 bytes).
    Removing stm32f0xx_tim.o(i.TIM_GetPrescaler), (6 bytes).
    Removing stm32f0xx_tim.o(i.TIM_ICInit), (112 bytes).
    Removing stm32f0xx_tim.o(i.TIM_ICStructInit), (18 bytes).
    Removing stm32f0xx_tim.o(i.TIM_ITConfig), (20 bytes).
    Removing stm32f0xx_tim.o(i.TIM_ITRxExternalClockConfig), (24 bytes).
    Removing stm32f0xx_tim.o(i.TIM_InternalClockConfig), (16 bytes).
    Removing stm32f0xx_tim.o(i.TIM_OC1FastConfig), (24 bytes).
    Removing stm32f0xx_tim.o(i.TIM_OC1Init), (148 bytes).
    Removing stm32f0xx_tim.o(i.TIM_OC1NPolarityConfig), (24 bytes).
    Removing stm32f0xx_tim.o(i.TIM_OC1PolarityConfig), (24 bytes).
    Removing stm32f0xx_tim.o(i.TIM_OC1PreloadConfig), (24 bytes).
    Removing stm32f0xx_tim.o(i.TIM_OC2FastConfig), (24 bytes).
    Removing stm32f0xx_tim.o(i.TIM_OC2Init), (172 bytes).
    Removing stm32f0xx_tim.o(i.TIM_OC2NPolarityConfig), (24 bytes).
    Removing stm32f0xx_tim.o(i.TIM_OC2PolarityConfig), (24 bytes).
    Removing stm32f0xx_tim.o(i.TIM_OC2PreloadConfig), (24 bytes).
    Removing stm32f0xx_tim.o(i.TIM_OC3FastConfig), (24 bytes).
    Removing stm32f0xx_tim.o(i.TIM_OC3Init), (152 bytes).
    Removing stm32f0xx_tim.o(i.TIM_OC3NPolarityConfig), (24 bytes).
    Removing stm32f0xx_tim.o(i.TIM_OC3PolarityConfig), (24 bytes).
    Removing stm32f0xx_tim.o(i.TIM_OC3PreloadConfig), (24 bytes).
    Removing stm32f0xx_tim.o(i.TIM_OC4FastConfig), (24 bytes).
    Removing stm32f0xx_tim.o(i.TIM_OC4Init), (112 bytes).
    Removing stm32f0xx_tim.o(i.TIM_OC4PolarityConfig), (24 bytes).
    Removing stm32f0xx_tim.o(i.TIM_OC4PreloadConfig), (24 bytes).
    Removing stm32f0xx_tim.o(i.TIM_OCStructInit), (20 bytes).
    Removing stm32f0xx_tim.o(i.TIM_PWMIConfig), (124 bytes).
    Removing stm32f0xx_tim.o(i.TIM_PrescalerConfig), (6 bytes).
    Removing stm32f0xx_tim.o(i.TIM_RemapConfig), (6 bytes).
    Removing stm32f0xx_tim.o(i.TIM_SelectCCDMA), (28 bytes).
    Removing stm32f0xx_tim.o(i.TIM_SelectCOM), (28 bytes).
    Removing stm32f0xx_tim.o(i.TIM_SelectHallSensor), (28 bytes).
    Removing stm32f0xx_tim.o(i.TIM_SelectInputTrigger), (24 bytes).
    Removing stm32f0xx_tim.o(i.TIM_SelectMasterSlaveMode), (20 bytes).
    Removing stm32f0xx_tim.o(i.TIM_SelectOCREFClear), (20 bytes).
    Removing stm32f0xx_tim.o(i.TIM_SelectOCxM), (82 bytes).
    Removing stm32f0xx_tim.o(i.TIM_SelectOnePulseMode), (20 bytes).
    Removing stm32f0xx_tim.o(i.TIM_SelectOutputTrigger), (20 bytes).
    Removing stm32f0xx_tim.o(i.TIM_SelectSlaveMode), (20 bytes).
    Removing stm32f0xx_tim.o(i.TIM_SetAutoreload), (4 bytes).
    Removing stm32f0xx_tim.o(i.TIM_SetClockDivision), (20 bytes).
    Removing stm32f0xx_tim.o(i.TIM_SetCompare1), (4 bytes).
    Removing stm32f0xx_tim.o(i.TIM_SetCompare2), (4 bytes).
    Removing stm32f0xx_tim.o(i.TIM_SetCompare3), (4 bytes).
    Removing stm32f0xx_tim.o(i.TIM_SetCompare4), (4 bytes).
    Removing stm32f0xx_tim.o(i.TIM_SetCounter), (4 bytes).
    Removing stm32f0xx_tim.o(i.TIM_SetIC1Prescaler), (20 bytes).
    Removing stm32f0xx_tim.o(i.TIM_SetIC2Prescaler), (24 bytes).
    Removing stm32f0xx_tim.o(i.TIM_SetIC3Prescaler), (20 bytes).
    Removing stm32f0xx_tim.o(i.TIM_SetIC4Prescaler), (24 bytes).
    Removing stm32f0xx_tim.o(i.TIM_TIxExternalClockConfig), (58 bytes).
    Removing stm32f0xx_tim.o(i.TIM_TimeBaseInit), (124 bytes).
    Removing stm32f0xx_tim.o(i.TIM_TimeBaseStructInit), (18 bytes).
    Removing stm32f0xx_tim.o(i.TIM_UpdateDisableConfig), (28 bytes).
    Removing stm32f0xx_tim.o(i.TIM_UpdateRequestConfig), (28 bytes).
    Removing stm32f0xx_usart.o(.rev16_text), (4 bytes).
    Removing stm32f0xx_usart.o(.revsh_text), (4 bytes).
    Removing stm32f0xx_usart.o(i.USART_AddressDetectionConfig), (16 bytes).
    Removing stm32f0xx_usart.o(i.USART_AutoBaudRateCmd), (28 bytes).
    Removing stm32f0xx_usart.o(i.USART_AutoBaudRateConfig), (18 bytes).
    Removing stm32f0xx_usart.o(i.USART_ClearITPendingBit), (18 bytes).
    Removing stm32f0xx_usart.o(i.USART_ClockInit), (36 bytes).
    Removing stm32f0xx_usart.o(i.USART_ClockStructInit), (12 bytes).
    Removing stm32f0xx_usart.o(i.USART_Cmd), (24 bytes).
    Removing stm32f0xx_usart.o(i.USART_DECmd), (28 bytes).
    Removing stm32f0xx_usart.o(i.USART_DEPolarityConfig), (18 bytes).
    Removing stm32f0xx_usart.o(i.USART_DMACmd), (20 bytes).
    Removing stm32f0xx_usart.o(i.USART_DMAReceptionErrorConfig), (18 bytes).
    Removing stm32f0xx_usart.o(i.USART_DataInvCmd), (28 bytes).
    Removing stm32f0xx_usart.o(i.USART_DeInit), (240 bytes).
    Removing stm32f0xx_usart.o(i.USART_DirectionModeCmd), (20 bytes).
    Removing stm32f0xx_usart.o(i.USART_GetFlagStatus), (20 bytes).
    Removing stm32f0xx_usart.o(i.USART_HalfDuplexCmd), (24 bytes).
    Removing stm32f0xx_usart.o(i.USART_ITConfig), (66 bytes).
    Removing stm32f0xx_usart.o(i.USART_Init), (248 bytes).
    Removing stm32f0xx_usart.o(i.USART_InvPinCmd), (20 bytes).
    Removing stm32f0xx_usart.o(i.USART_IrDACmd), (24 bytes).
    Removing stm32f0xx_usart.o(i.USART_IrDAConfig), (16 bytes).
    Removing stm32f0xx_usart.o(i.USART_LINBreakDetectLengthConfig), (16 bytes).
    Removing stm32f0xx_usart.o(i.USART_LINCmd), (28 bytes).
    Removing stm32f0xx_usart.o(i.USART_MSBFirstCmd), (28 bytes).
    Removing stm32f0xx_usart.o(i.USART_MuteModeCmd), (28 bytes).
    Removing stm32f0xx_usart.o(i.USART_MuteModeWakeUpConfig), (18 bytes).
    Removing stm32f0xx_usart.o(i.USART_OneBitMethodCmd), (28 bytes).
    Removing stm32f0xx_usart.o(i.USART_OverSampling8Cmd), (28 bytes).
    Removing stm32f0xx_usart.o(i.USART_OverrunDetectionConfig), (18 bytes).
    Removing stm32f0xx_usart.o(i.USART_ReceiverTimeOutCmd), (28 bytes).
    Removing stm32f0xx_usart.o(i.USART_RequestCmd), (20 bytes).
    Removing stm32f0xx_usart.o(i.USART_STOPModeCmd), (24 bytes).
    Removing stm32f0xx_usart.o(i.USART_SWAPPinCmd), (28 bytes).
    Removing stm32f0xx_usart.o(i.USART_SendData), (8 bytes).
    Removing stm32f0xx_usart.o(i.USART_SetAddress), (18 bytes).
    Removing stm32f0xx_usart.o(i.USART_SetAutoRetryCount), (20 bytes).
    Removing stm32f0xx_usart.o(i.USART_SetBlockLength), (18 bytes).
    Removing stm32f0xx_usart.o(i.USART_SetDEAssertionTime), (20 bytes).
    Removing stm32f0xx_usart.o(i.USART_SetDEDeassertionTime), (20 bytes).
    Removing stm32f0xx_usart.o(i.USART_SetGuardTime), (16 bytes).
    Removing stm32f0xx_usart.o(i.USART_SetPrescaler), (18 bytes).
    Removing stm32f0xx_usart.o(i.USART_SetReceiverTimeOut), (16 bytes).
    Removing stm32f0xx_usart.o(i.USART_SmartCardCmd), (24 bytes).
    Removing stm32f0xx_usart.o(i.USART_SmartCardNACKCmd), (24 bytes).
    Removing stm32f0xx_usart.o(i.USART_StopModeWakeUpSourceConfig), (18 bytes).
    Removing stm32f0xx_usart.o(i.USART_StructInit), (24 bytes).
    Removing stm32f0xx_wwdg.o(.rev16_text), (4 bytes).
    Removing stm32f0xx_wwdg.o(.revsh_text), (4 bytes).
    Removing stm32f0xx_wwdg.o(i.WWDG_ClearFlag), (12 bytes).
    Removing stm32f0xx_wwdg.o(i.WWDG_DeInit), (22 bytes).
    Removing stm32f0xx_wwdg.o(i.WWDG_Enable), (16 bytes).
    Removing stm32f0xx_wwdg.o(i.WWDG_EnableIT), (20 bytes).
    Removing stm32f0xx_wwdg.o(i.WWDG_GetFlagStatus), (24 bytes).
    Removing stm32f0xx_wwdg.o(i.WWDG_SetCounter), (16 bytes).
    Removing stm32f0xx_wwdg.o(i.WWDG_SetPrescaler), (32 bytes).
    Removing stm32f0xx_wwdg.o(i.WWDG_SetWindowValue), (40 bytes).
    Removing gpio.o(.rev16_text), (4 bytes).
    Removing gpio.o(.revsh_text), (4 bytes).
    Removing gpio.o(i.GPIO_int), (328 bytes).
    Removing main.o(.rev16_text), (4 bytes).
    Removing main.o(.revsh_text), (4 bytes).
    Removing main.o(i.HW_int), (28 bytes).
    Removing main.o(i.I2C2_Hard_Init), (132 bytes).
    Removing main.o(i.I2C2_Read_NByte), (312 bytes).
    Removing main.o(i.I2C2_TIMEOUT_UserCallback), (4 bytes).
    Removing main.o(i.I2C2_Write_NByte), (312 bytes).
    Removing main.o(i.NVIC_SetPriority), (120 bytes).
    Removing main.o(i.RCC_Configuration), (40 bytes).
    Removing main.o(i.SysClock_48), (104 bytes).
    Removing main.o(i.Tick_Configration), (76 bytes).
    Removing main.o(i._Delay_Ms), (32 bytes).
    Removing main.o(i._check_dma), (44 bytes).
    Removing main.o(i._test_i2c), (8 bytes).
    Removing main.o(.data), (4 bytes).
    Removing spi.o(.rev16_text), (4 bytes).
    Removing spi.o(.revsh_text), (4 bytes).
    Removing spi.o(i.SPI2_Int), (80 bytes).
    Removing spi.o(i.SpiIn), (68 bytes).
    Removing spi.o(i.SpiInOut), (52 bytes).
    Removing stm32f0xx_it.o(.rev16_text), (4 bytes).
    Removing stm32f0xx_it.o(.revsh_text), (4 bytes).
    Removing delay.o(i.Delay_Ms), (32 bytes).
    Removing delay.o(i.Delay_Us), (28 bytes).
    Removing delay.o(i.HAL_Delay_nMS), (24 bytes).
    Removing uart.o(.rev16_text), (4 bytes).
    Removing uart.o(.revsh_text), (4 bytes).
    Removing uart.o(i.UART_Recive), (28 bytes).
    Removing uart.o(i.UART_Send), (40 bytes).
    Removing uart.o(i.UART_send_byte), (28 bytes).
    Removing uart.o(i.UartDMAInit), (180 bytes).
    Removing uart.o(i.UartInit), (184 bytes).
    Removing rtc.o(.rev16_text), (4 bytes).
    Removing rtc.o(.revsh_text), (4 bytes).
    Removing rtc.o(i.RTC_Alarm_Config), (116 bytes).
    Removing rtc.o(i.RTC_Alarm_set_min), (216 bytes).
    Removing rtc.o(i.RTC_Init_rtc), (152 bytes).
    Removing rtc.o(i.RTC_NVIC_Config), (48 bytes).
    Removing rtc.o(i.rtc_get_time), (14 bytes).
    Removing rtc.o(i.rtc_set), (138 bytes).
    Removing operate_flash.o(.rev16_text), (4 bytes).
    Removing operate_flash.o(.revsh_text), (4 bytes).
    Removing operate_flash.o(i.operate_flash_read), (12 bytes).
    Removing operate_flash.o(i.operate_flash_write), (64 bytes).

627 unused section(s) (total 25482 bytes) removed from the image.

==============================================================================

Image Symbol Table

    Local Symbols

    Symbol Name                              Value     Ov Type        Size  Object(Section)

    ../clib/angel/boardlib.s                 0x00000000   Number         0  boardinit2.o ABSOLUTE
    ../clib/angel/boardlib.s                 0x00000000   Number         0  boardinit1.o ABSOLUTE
    ../clib/angel/boardlib.s                 0x00000000   Number         0  boardinit3.o ABSOLUTE
    ../clib/angel/boardlib.s                 0x00000000   Number         0  boardshut.o ABSOLUTE
    ../clib/angel/handlers.s                 0x00000000   Number         0  __scatter_copy.o ABSOLUTE
    ../clib/angel/handlers.s                 0x00000000   Number         0  __scatter_zi.o ABSOLUTE
    ../clib/angel/kernel.s                   0x00000000   Number         0  __rtentry2.o ABSOLUTE
    ../clib/angel/kernel.s                   0x00000000   Number         0  rtexit.o ABSOLUTE
    ../clib/angel/kernel.s                   0x00000000   Number         0  rtexit2.o ABSOLUTE
    ../clib/angel/kernel.s                   0x00000000   Number         0  __rtentry.o ABSOLUTE
    ../clib/angel/kernel.s                   0x00000000   Number         0  __rtentry4.o ABSOLUTE
    ../clib/angel/rt.s                       0x00000000   Number         0  rt_raise.o ABSOLUTE
    ../clib/angel/rt.s                       0x00000000   Number         0  rt_div0.o ABSOLUTE
    ../clib/angel/rt.s                       0x00000000   Number         0  aeabi_idiv0.o ABSOLUTE
    ../clib/angel/rt.s                       0x00000000   Number         0  aeabi_idiv0_sigfpe.o ABSOLUTE
    ../clib/angel/scatterp.s                 0x00000000   Number         0  __scatter.o ABSOLUTE
    ../clib/angel/startup.s                  0x00000000   Number         0  __main.o ABSOLUTE
    ../clib/angel/sys.s                      0x00000000   Number         0  use_no_semi.o ABSOLUTE
    ../clib/angel/sys.s                      0x00000000   Number         0  indicate_semi.o ABSOLUTE
    ../clib/angel/sys.s                      0x00000000   Number         0  sys_stackheap_outer.o ABSOLUTE
    ../clib/angel/sys.s                      0x00000000   Number         0  tempstk.o ABSOLUTE
    ../clib/angel/sys.s                      0x00000000   Number         0  libspace.o ABSOLUTE
    ../clib/angel/sysapp.c                   0x00000000   Number         0  sys_command.o ABSOLUTE
    ../clib/angel/sysapp.c                   0x00000000   Number         0  sys_wrch.o ABSOLUTE
    ../clib/angel/sysapp.c                   0x00000000   Number         0  sys_exit.o ABSOLUTE
    ../clib/armsys.c                         0x00000000   Number         0  no_argv.o ABSOLUTE
    ../clib/armsys.c                         0x00000000   Number         0  _get_argv_nomalloc.o ABSOLUTE
    ../clib/armsys.c                         0x00000000   Number         0  argv_veneer.o ABSOLUTE
    ../clib/division.c                       0x00000000   Number         0  rtudiv10.o ABSOLUTE
    ../clib/division.s                       0x00000000   Number         0  aeabi_sdiv.o ABSOLUTE
    ../clib/division.s                       0x00000000   Number         0  aeabi_sdiv_div0.o ABSOLUTE
    ../clib/heapalloc.c                      0x00000000   Number         0  hrguard.o ABSOLUTE
    ../clib/heapaux.c                        0x00000000   Number         0  heapauxi.o ABSOLUTE
    ../clib/libinit.s                        0x00000000   Number         0  libinit2.o ABSOLUTE
    ../clib/libinit.s                        0x00000000   Number         0  libinit.o ABSOLUTE
    ../clib/libinit.s                        0x00000000   Number         0  libshutdown.o ABSOLUTE
    ../clib/libinit.s                        0x00000000   Number         0  libshutdown2.o ABSOLUTE
    ../clib/memcpset.c                       0x00000000   Number         0  rt_memcpy.o ABSOLUTE
    ../clib/memcpset.c                       0x00000000   Number         0  rt_memmove.o ABSOLUTE
    ../clib/memcpset.c                       0x00000000   Number         0  rt_memcpy.o ABSOLUTE
    ../clib/memcpset.c                       0x00000000   Number         0  rt_memclr.o ABSOLUTE
    ../clib/printf.c                         0x00000000   Number         0  __printf_flags_ss_wp.o ABSOLUTE
    ../clib/printf.c                         0x00000000   Number         0  __printf_ss_wp.o ABSOLUTE
    ../clib/printf.c                         0x00000000   Number         0  __printf.o ABSOLUTE
    ../clib/printf.c                         0x00000000   Number         0  noretval__2printf.o ABSOLUTE
    ../clib/printf.c                         0x00000000   Number         0  __2printf.o ABSOLUTE
    ../clib/printf.c                         0x00000000   Number         0  __printf_nopercent.o ABSOLUTE
    ../clib/printf.c                         0x00000000   Number         0  _printf_char_file.o ABSOLUTE
    ../clib/printf.c                         0x00000000   Number         0  __printf_flags_ss.o ABSOLUTE
    ../clib/printf.c                         0x00000000   Number         0  __printf_ss.o ABSOLUTE
    ../clib/printf.c                         0x00000000   Number         0  __printf_flags.o ABSOLUTE
    ../clib/printf.c                         0x00000000   Number         0  __printf_wp.o ABSOLUTE
    ../clib/printf.c                         0x00000000   Number         0  __printf_flags_wp.o ABSOLUTE
    ../clib/printf.c                         0x00000000   Number         0  _printf_char_common.o ABSOLUTE
    ../clib/printf.c                         0x00000000   Number         0  _printf_dec.o ABSOLUTE
    ../clib/printf.c                         0x00000000   Number         0  _printf_intcommon.o ABSOLUTE
    ../clib/printf_percent.s                 0x00000000   Number         0  _printf_percent.o ABSOLUTE
    ../clib/printf_percent.s                 0x00000000   Number         0  _printf_percent_end.o ABSOLUTE
    ../clib/printf_percent.s                 0x00000000   Number         0  _printf_d.o ABSOLUTE
    ../clib/signal.c                         0x00000000   Number         0  defsig_fpe_formal.o ABSOLUTE
    ../clib/signal.c                         0x00000000   Number         0  defsig_fpe_outer.o ABSOLUTE
    ../clib/signal.c                         0x00000000   Number         0  defsig_abrt_inner.o ABSOLUTE
    ../clib/signal.c                         0x00000000   Number         0  defsig_rtred_inner.o ABSOLUTE
    ../clib/signal.c                         0x00000000   Number         0  defsig_rtmem_inner.o ABSOLUTE
    ../clib/signal.c                         0x00000000   Number         0  defsig_rtmem_outer.o ABSOLUTE
    ../clib/signal.c                         0x00000000   Number         0  defsig_rtmem_formal.o ABSOLUTE
    ../clib/signal.c                         0x00000000   Number         0  defsig_stak_inner.o ABSOLUTE
    ../clib/signal.c                         0x00000000   Number         0  defsig_pvfn_inner.o ABSOLUTE
    ../clib/signal.c                         0x00000000   Number         0  defsig_cppl_inner.o ABSOLUTE
    ../clib/signal.c                         0x00000000   Number         0  defsig_segv_inner.o ABSOLUTE
    ../clib/signal.c                         0x00000000   Number         0  defsig_other.o ABSOLUTE
    ../clib/signal.c                         0x00000000   Number         0  defsig_general.o ABSOLUTE
    ../clib/signal.c                         0x00000000   Number         0  __raise.o ABSOLUTE
    ../clib/signal.c                         0x00000000   Number         0  defsig_fpe_inner.o ABSOLUTE
    ../clib/signal.c                         0x00000000   Number         0  defsig_exit.o ABSOLUTE
    ../clib/signal.s                         0x00000000   Number         0  defsig.o ABSOLUTE
    ../clib/stdio.c                          0x00000000   Number         0  ferror_locked.o ABSOLUTE
    ../clib/stdio.c                          0x00000000   Number         0  ferror.o ABSOLUTE
    ../clib/stdlib.c                         0x00000000   Number         0  exit.o ABSOLUTE
    ../fplib/cfplib/fpinit.c                 0x00000000   Number         0  fpinit.o ABSOLUTE
    ..\Libraries\CMSIS\Device\ST\STM32F0xx\Source\Templates\arm\startup_stm32f030.s 0x00000000   Number         0  startup_stm32f030.o ABSOLUTE
    ..\Libraries\CMSIS\Device\ST\STM32F0xx\Source\Templates\system_stm32f0xx.c 0x00000000   Number         0  system_stm32f0xx.o ABSOLUTE
    ..\Libraries\STM32F0xx_StdPeriph_Driver\src\stm32f0xx_adc.c 0x00000000   Number         0  stm32f0xx_adc.o ABSOLUTE
    ..\Libraries\STM32F0xx_StdPeriph_Driver\src\stm32f0xx_can.c 0x00000000   Number         0  stm32f0xx_can.o ABSOLUTE
    ..\Libraries\STM32F0xx_StdPeriph_Driver\src\stm32f0xx_cec.c 0x00000000   Number         0  stm32f0xx_cec.o ABSOLUTE
    ..\Libraries\STM32F0xx_StdPeriph_Driver\src\stm32f0xx_comp.c 0x00000000   Number         0  stm32f0xx_comp.o ABSOLUTE
    ..\Libraries\STM32F0xx_StdPeriph_Driver\src\stm32f0xx_crc.c 0x00000000   Number         0  stm32f0xx_crc.o ABSOLUTE
    ..\Libraries\STM32F0xx_StdPeriph_Driver\src\stm32f0xx_crs.c 0x00000000   Number         0  stm32f0xx_crs.o ABSOLUTE
    ..\Libraries\STM32F0xx_StdPeriph_Driver\src\stm32f0xx_dac.c 0x00000000   Number         0  stm32f0xx_dac.o ABSOLUTE
    ..\Libraries\STM32F0xx_StdPeriph_Driver\src\stm32f0xx_dbgmcu.c 0x00000000   Number         0  stm32f0xx_dbgmcu.o ABSOLUTE
    ..\Libraries\STM32F0xx_StdPeriph_Driver\src\stm32f0xx_dma.c 0x00000000   Number         0  stm32f0xx_dma.o ABSOLUTE
    ..\Libraries\STM32F0xx_StdPeriph_Driver\src\stm32f0xx_exti.c 0x00000000   Number         0  stm32f0xx_exti.o ABSOLUTE
    ..\Libraries\STM32F0xx_StdPeriph_Driver\src\stm32f0xx_flash.c 0x00000000   Number         0  stm32f0xx_flash.o ABSOLUTE
    ..\Libraries\STM32F0xx_StdPeriph_Driver\src\stm32f0xx_gpio.c 0x00000000   Number         0  stm32f0xx_gpio.o ABSOLUTE
    ..\Libraries\STM32F0xx_StdPeriph_Driver\src\stm32f0xx_i2c.c 0x00000000   Number         0  stm32f0xx_i2c.o ABSOLUTE
    ..\Libraries\STM32F0xx_StdPeriph_Driver\src\stm32f0xx_iwdg.c 0x00000000   Number         0  stm32f0xx_iwdg.o ABSOLUTE
    ..\Libraries\STM32F0xx_StdPeriph_Driver\src\stm32f0xx_misc.c 0x00000000   Number         0  stm32f0xx_misc.o ABSOLUTE
    ..\Libraries\STM32F0xx_StdPeriph_Driver\src\stm32f0xx_pwr.c 0x00000000   Number         0  stm32f0xx_pwr.o ABSOLUTE
    ..\Libraries\STM32F0xx_StdPeriph_Driver\src\stm32f0xx_rcc.c 0x00000000   Number         0  stm32f0xx_rcc.o ABSOLUTE
    ..\Libraries\STM32F0xx_StdPeriph_Driver\src\stm32f0xx_rtc.c 0x00000000   Number         0  stm32f0xx_rtc.o ABSOLUTE
    ..\Libraries\STM32F0xx_StdPeriph_Driver\src\stm32f0xx_spi.c 0x00000000   Number         0  stm32f0xx_spi.o ABSOLUTE
    ..\Libraries\STM32F0xx_StdPeriph_Driver\src\stm32f0xx_syscfg.c 0x00000000   Number         0  stm32f0xx_syscfg.o ABSOLUTE
    ..\Libraries\STM32F0xx_StdPeriph_Driver\src\stm32f0xx_tim.c 0x00000000   Number         0  stm32f0xx_tim.o ABSOLUTE
    ..\Libraries\STM32F0xx_StdPeriph_Driver\src\stm32f0xx_usart.c 0x00000000   Number         0  stm32f0xx_usart.o ABSOLUTE
    ..\Libraries\STM32F0xx_StdPeriph_Driver\src\stm32f0xx_wwdg.c 0x00000000   Number         0  stm32f0xx_wwdg.o ABSOLUTE
    ..\\Libraries\\CMSIS\\Device\\ST\\STM32F0xx\\Source\\Templates\\system_stm32f0xx.c 0x00000000   Number         0  system_stm32f0xx.o ABSOLUTE
    ..\\Libraries\\STM32F0xx_StdPeriph_Driver\\src\\stm32f0xx_adc.c 0x00000000   Number         0  stm32f0xx_adc.o ABSOLUTE
    ..\\Libraries\\STM32F0xx_StdPeriph_Driver\\src\\stm32f0xx_can.c 0x00000000   Number         0  stm32f0xx_can.o ABSOLUTE
    ..\\Libraries\\STM32F0xx_StdPeriph_Driver\\src\\stm32f0xx_cec.c 0x00000000   Number         0  stm32f0xx_cec.o ABSOLUTE
    ..\\Libraries\\STM32F0xx_StdPeriph_Driver\\src\\stm32f0xx_comp.c 0x00000000   Number         0  stm32f0xx_comp.o ABSOLUTE
    ..\\Libraries\\STM32F0xx_StdPeriph_Driver\\src\\stm32f0xx_crc.c 0x00000000   Number         0  stm32f0xx_crc.o ABSOLUTE
    ..\\Libraries\\STM32F0xx_StdPeriph_Driver\\src\\stm32f0xx_crs.c 0x00000000   Number         0  stm32f0xx_crs.o ABSOLUTE
    ..\\Libraries\\STM32F0xx_StdPeriph_Driver\\src\\stm32f0xx_dac.c 0x00000000   Number         0  stm32f0xx_dac.o ABSOLUTE
    ..\\Libraries\\STM32F0xx_StdPeriph_Driver\\src\\stm32f0xx_dbgmcu.c 0x00000000   Number         0  stm32f0xx_dbgmcu.o ABSOLUTE
    ..\\Libraries\\STM32F0xx_StdPeriph_Driver\\src\\stm32f0xx_dma.c 0x00000000   Number         0  stm32f0xx_dma.o ABSOLUTE
    ..\\Libraries\\STM32F0xx_StdPeriph_Driver\\src\\stm32f0xx_exti.c 0x00000000   Number         0  stm32f0xx_exti.o ABSOLUTE
    ..\\Libraries\\STM32F0xx_StdPeriph_Driver\\src\\stm32f0xx_flash.c 0x00000000   Number         0  stm32f0xx_flash.o ABSOLUTE
    ..\\Libraries\\STM32F0xx_StdPeriph_Driver\\src\\stm32f0xx_gpio.c 0x00000000   Number         0  stm32f0xx_gpio.o ABSOLUTE
    ..\\Libraries\\STM32F0xx_StdPeriph_Driver\\src\\stm32f0xx_i2c.c 0x00000000   Number         0  stm32f0xx_i2c.o ABSOLUTE
    ..\\Libraries\\STM32F0xx_StdPeriph_Driver\\src\\stm32f0xx_iwdg.c 0x00000000   Number         0  stm32f0xx_iwdg.o ABSOLUTE
    ..\\Libraries\\STM32F0xx_StdPeriph_Driver\\src\\stm32f0xx_misc.c 0x00000000   Number         0  stm32f0xx_misc.o ABSOLUTE
    ..\\Libraries\\STM32F0xx_StdPeriph_Driver\\src\\stm32f0xx_pwr.c 0x00000000   Number         0  stm32f0xx_pwr.o ABSOLUTE
    ..\\Libraries\\STM32F0xx_StdPeriph_Driver\\src\\stm32f0xx_rcc.c 0x00000000   Number         0  stm32f0xx_rcc.o ABSOLUTE
    ..\\Libraries\\STM32F0xx_StdPeriph_Driver\\src\\stm32f0xx_rtc.c 0x00000000   Number         0  stm32f0xx_rtc.o ABSOLUTE
    ..\\Libraries\\STM32F0xx_StdPeriph_Driver\\src\\stm32f0xx_spi.c 0x00000000   Number         0  stm32f0xx_spi.o ABSOLUTE
    ..\\Libraries\\STM32F0xx_StdPeriph_Driver\\src\\stm32f0xx_syscfg.c 0x00000000   Number         0  stm32f0xx_syscfg.o ABSOLUTE
    ..\\Libraries\\STM32F0xx_StdPeriph_Driver\\src\\stm32f0xx_tim.c 0x00000000   Number         0  stm32f0xx_tim.o ABSOLUTE
    ..\\Libraries\\STM32F0xx_StdPeriph_Driver\\src\\stm32f0xx_usart.c 0x00000000   Number         0  stm32f0xx_usart.o ABSOLUTE
    ..\\Libraries\\STM32F0xx_StdPeriph_Driver\\src\\stm32f0xx_wwdg.c 0x00000000   Number         0  stm32f0xx_wwdg.o ABSOLUTE
    ..\\gpio.c                               0x00000000   Number         0  gpio.o ABSOLUTE
    ..\\main.c                               0x00000000   Number         0  main.o ABSOLUTE
    ..\\operate_flash.c                      0x00000000   Number         0  operate_flash.o ABSOLUTE
    ..\\rtc.c                                0x00000000   Number         0  rtc.o ABSOLUTE
    ..\\spi.c                                0x00000000   Number         0  spi.o ABSOLUTE
    ..\\stm32f0xx_it.c                       0x00000000   Number         0  stm32f0xx_it.o ABSOLUTE
    ..\\uart.c                               0x00000000   Number         0  uart.o ABSOLUTE
    ..\delay.c                               0x00000000   Number         0  delay.o ABSOLUTE
    ..\gpio.c                                0x00000000   Number         0  gpio.o ABSOLUTE
    ..\main.c                                0x00000000   Number         0  main.o ABSOLUTE
    ..\operate_flash.c                       0x00000000   Number         0  operate_flash.o ABSOLUTE
    ..\rtc.c                                 0x00000000   Number         0  rtc.o ABSOLUTE
    ..\spi.c                                 0x00000000   Number         0  spi.o ABSOLUTE
    ..\stm32f0xx_it.c                        0x00000000   Number         0  stm32f0xx_it.o ABSOLUTE
    ..\uart.c                                0x00000000   Number         0  uart.o ABSOLUTE
    dc.s                                     0x00000000   Number         0  dc.o ABSOLUTE
    RESET                                    0x08002000   Section      180  startup_stm32f030.o(RESET)
    !!!main                                  0x080020b4   Section        8  __main.o(!!!main)
    !!!scatter                               0x080020bc   Section       60  __scatter.o(!!!scatter)
    !!handler_copy                           0x080020f8   Section       26  __scatter_copy.o(!!handler_copy)
    !!handler_zi                             0x08002114   Section       28  __scatter_zi.o(!!handler_zi)
    .ARM.Collect$$_printf_percent$$00000000  0x08002130   Section        2  _printf_percent.o(.ARM.Collect$$_printf_percent$$00000000)
    .ARM.Collect$$_printf_percent$$00000017  0x08002132   Section        4  _printf_percent_end.o(.ARM.Collect$$_printf_percent$$00000017)
    .ARM.Collect$$libinit$$00000000          0x08002136   Section        2  libinit.o(.ARM.Collect$$libinit$$00000000)
    .ARM.Collect$$libinit$$00000002          0x08002138   Section        0  libinit2.o(.ARM.Collect$$libinit$$00000002)
    .ARM.Collect$$libinit$$00000004          0x08002138   Section        0  libinit2.o(.ARM.Collect$$libinit$$00000004)
    .ARM.Collect$$libinit$$0000000A          0x08002138   Section        0  libinit2.o(.ARM.Collect$$libinit$$0000000A)
    .ARM.Collect$$libinit$$0000000C          0x08002138   Section        0  libinit2.o(.ARM.Collect$$libinit$$0000000C)
    .ARM.Collect$$libinit$$0000000E          0x08002138   Section        0  libinit2.o(.ARM.Collect$$libinit$$0000000E)
    .ARM.Collect$$libinit$$00000011          0x08002138   Section        0  libinit2.o(.ARM.Collect$$libinit$$00000011)
    .ARM.Collect$$libinit$$00000013          0x08002138   Section        0  libinit2.o(.ARM.Collect$$libinit$$00000013)
    .ARM.Collect$$libinit$$00000015          0x08002138   Section        0  libinit2.o(.ARM.Collect$$libinit$$00000015)
    .ARM.Collect$$libinit$$00000017          0x08002138   Section        0  libinit2.o(.ARM.Collect$$libinit$$00000017)
    .ARM.Collect$$libinit$$00000019          0x08002138   Section        0  libinit2.o(.ARM.Collect$$libinit$$00000019)
    .ARM.Collect$$libinit$$0000001B          0x08002138   Section        0  libinit2.o(.ARM.Collect$$libinit$$0000001B)
    .ARM.Collect$$libinit$$0000001D          0x08002138   Section        0  libinit2.o(.ARM.Collect$$libinit$$0000001D)
    .ARM.Collect$$libinit$$0000001F          0x08002138   Section        0  libinit2.o(.ARM.Collect$$libinit$$0000001F)
    .ARM.Collect$$libinit$$00000021          0x08002138   Section        0  libinit2.o(.ARM.Collect$$libinit$$00000021)
    .ARM.Collect$$libinit$$00000023          0x08002138   Section        0  libinit2.o(.ARM.Collect$$libinit$$00000023)
    .ARM.Collect$$libinit$$00000025          0x08002138   Section        0  libinit2.o(.ARM.Collect$$libinit$$00000025)
    .ARM.Collect$$libinit$$0000002C          0x08002138   Section        0  libinit2.o(.ARM.Collect$$libinit$$0000002C)
    .ARM.Collect$$libinit$$0000002E          0x08002138   Section        0  libinit2.o(.ARM.Collect$$libinit$$0000002E)
    .ARM.Collect$$libinit$$00000030          0x08002138   Section        0  libinit2.o(.ARM.Collect$$libinit$$00000030)
    .ARM.Collect$$libinit$$00000032          0x08002138   Section        0  libinit2.o(.ARM.Collect$$libinit$$00000032)
    .ARM.Collect$$libinit$$00000033          0x08002138   Section        2  libinit2.o(.ARM.Collect$$libinit$$00000033)
    .ARM.Collect$$libshutdown$$00000000      0x0800213a   Section        2  libshutdown.o(.ARM.Collect$$libshutdown$$00000000)
    .ARM.Collect$$libshutdown$$00000002      0x0800213c   Section        0  libshutdown2.o(.ARM.Collect$$libshutdown$$00000002)
    .ARM.Collect$$libshutdown$$00000004      0x0800213c   Section        0  libshutdown2.o(.ARM.Collect$$libshutdown$$00000004)
    .ARM.Collect$$libshutdown$$00000007      0x0800213c   Section        0  libshutdown2.o(.ARM.Collect$$libshutdown$$00000007)
    .ARM.Collect$$libshutdown$$0000000A      0x0800213c   Section        0  libshutdown2.o(.ARM.Collect$$libshutdown$$0000000A)
    .ARM.Collect$$libshutdown$$0000000C      0x0800213c   Section        0  libshutdown2.o(.ARM.Collect$$libshutdown$$0000000C)
    .ARM.Collect$$libshutdown$$0000000F      0x0800213c   Section        0  libshutdown2.o(.ARM.Collect$$libshutdown$$0000000F)
    .ARM.Collect$$libshutdown$$00000010      0x0800213c   Section        2  libshutdown2.o(.ARM.Collect$$libshutdown$$00000010)
    .ARM.Collect$$rtentry$$00000000          0x0800213e   Section        0  __rtentry.o(.ARM.Collect$$rtentry$$00000000)
    .ARM.Collect$$rtentry$$00000002          0x0800213e   Section        0  __rtentry2.o(.ARM.Collect$$rtentry$$00000002)
    .ARM.Collect$$rtentry$$00000004          0x0800213e   Section        6  __rtentry4.o(.ARM.Collect$$rtentry$$00000004)
    .ARM.Collect$$rtentry$$00000009          0x08002144   Section        0  __rtentry2.o(.ARM.Collect$$rtentry$$00000009)
    .ARM.Collect$$rtentry$$0000000A          0x08002144   Section        4  __rtentry2.o(.ARM.Collect$$rtentry$$0000000A)
    .ARM.Collect$$rtentry$$0000000C          0x08002148   Section        0  __rtentry2.o(.ARM.Collect$$rtentry$$0000000C)
    .ARM.Collect$$rtentry$$0000000D          0x08002148   Section        8  __rtentry2.o(.ARM.Collect$$rtentry$$0000000D)
    .ARM.Collect$$rtexit$$00000000           0x08002150   Section        2  rtexit.o(.ARM.Collect$$rtexit$$00000000)
    .ARM.Collect$$rtexit$$00000002           0x08002152   Section        0  rtexit2.o(.ARM.Collect$$rtexit$$00000002)
    .ARM.Collect$$rtexit$$00000003           0x08002152   Section        4  rtexit2.o(.ARM.Collect$$rtexit$$00000003)
    .ARM.Collect$$rtexit$$00000004           0x08002156   Section        6  rtexit2.o(.ARM.Collect$$rtexit$$00000004)
    .emb_text                                0x0800215c   Section       56  rt_memcpy.o(.emb_text)
    .text                                    0x08002194   Section      116  startup_stm32f030.o(.text)
    .text                                    0x08002208   Section        0  noretval__2printf.o(.text)
    .text                                    0x08002224   Section        0  __printf.o(.text)
    .text                                    0x08002290   Section        0  rt_memcpy.o(.text)
    .text                                    0x08002312   Section        0  rt_memmove.o(.text)
    .text                                    0x080023a8   Section        0  rt_memclr.o(.text)
    .text                                    0x080023e8   Section        0  heapauxi.o(.text)
    .text                                    0x080023f0   Section        0  _printf_char_file.o(.text)
    .text                                    0x08002418   Section        0  _printf_char_common.o(.text)
    _printf_input_char                       0x08002419   Thumb Code    10  _printf_char_common.o(.text)
    .text                                    0x08002448   Section        0  ferror.o(.text)
    .text                                    0x08002450   Section       62  sys_stackheap_outer.o(.text)
    .text                                    0x0800248e   Section        0  exit.o(.text)
    .text                                    0x080024a0   Section        8  libspace.o(.text)
    .text                                    0x080024a8   Section        0  sys_exit.o(.text)
    .text                                    0x080024b4   Section        2  use_no_semi.o(.text)
    .text                                    0x080024b6   Section        0  indicate_semi.o(.text)
    i.ADC1_IRQHandler                        0x080024b6   Section        0  stm32f0xx_it.o(i.ADC1_IRQHandler)
    i.DMA_ClearFlag                          0x080024b8   Section        0  stm32f0xx_dma.o(i.DMA_ClearFlag)
    i.DMA_Cmd                                0x080024d8   Section        0  stm32f0xx_dma.o(i.DMA_Cmd)
    i.DMA_GetCurrDataCounter                 0x080024f4   Section        0  stm32f0xx_dma.o(i.DMA_GetCurrDataCounter)
    i.DMA_GetFlagStatus                      0x080024fc   Section        0  stm32f0xx_dma.o(i.DMA_GetFlagStatus)
    i.DMA_SetCurrDataCounter                 0x08002530   Section        0  stm32f0xx_dma.o(i.DMA_SetCurrDataCounter)
    i.EXTI0_1_IRQHandler                     0x08002534   Section        0  stm32f0xx_it.o(i.EXTI0_1_IRQHandler)
    i.EXTI_ClearITPendingBit                 0x08002548   Section        0  stm32f0xx_exti.o(i.EXTI_ClearITPendingBit)
    i.EXTI_GetITStatus                       0x08002554   Section        0  stm32f0xx_exti.o(i.EXTI_GetITStatus)
    i.GPIO_Init                              0x08002570   Section        0  stm32f0xx_gpio.o(i.GPIO_Init)
    i.GPIO_WriteBit                          0x08002600   Section        0  stm32f0xx_gpio.o(i.GPIO_WriteBit)
    i.HardFault_Handler                      0x0800260c   Section        0  stm32f0xx_it.o(i.HardFault_Handler)
    i.NMI_Handler                            0x08002610   Section        0  stm32f0xx_it.o(i.NMI_Handler)
    i.PendSV_Handler                         0x08002612   Section        0  stm32f0xx_it.o(i.PendSV_Handler)
    i.RCC_DeInit                             0x08002614   Section        0  stm32f0xx_rcc.o(i.RCC_DeInit)
    i.RTC_IRQHandler                         0x0800268c   Section        0  stm32f0xx_it.o(i.RTC_IRQHandler)
    i.SPI2_IRQHandler                        0x080026b0   Section        0  stm32f0xx_it.o(i.SPI2_IRQHandler)
    i.SVC_Handler                            0x080026b2   Section        0  stm32f0xx_it.o(i.SVC_Handler)
    i.SYSCFG_MemoryRemapConfig               0x080026b4   Section        0  stm32f0xx_syscfg.o(i.SYSCFG_MemoryRemapConfig)
    i.SetSysClock                            0x080026d0   Section        0  system_stm32f0xx.o(i.SetSysClock)
    SetSysClock                              0x080026d1   Thumb Code   206  system_stm32f0xx.o(i.SetSysClock)
    i.SysTick_Handler                        0x080027a8   Section        0  stm32f0xx_it.o(i.SysTick_Handler)
    i.SystemInit                             0x080027c8   Section        0  system_stm32f0xx.o(i.SystemInit)
    i.TIM14_IRQHandler                       0x08002844   Section        0  stm32f0xx_it.o(i.TIM14_IRQHandler)
    i.TIM3_IRQHandler                        0x08002860   Section        0  stm32f0xx_it.o(i.TIM3_IRQHandler)
    i.TIM_ClearITPendingBit                  0x080028c8   Section        0  stm32f0xx_tim.o(i.TIM_ClearITPendingBit)
    i.TIM_GetITStatus                        0x080028ce   Section        0  stm32f0xx_tim.o(i.TIM_GetITStatus)
    i.USART1_IRQHandler                      0x080028f4   Section        0  stm32f0xx_it.o(i.USART1_IRQHandler)
    i.USART_ClearFlag                        0x08002974   Section        0  stm32f0xx_usart.o(i.USART_ClearFlag)
    i.USART_GetITStatus                      0x08002978   Section        0  stm32f0xx_usart.o(i.USART_GetITStatus)
    i.USART_ReceiveData                      0x080029c6   Section        0  stm32f0xx_usart.o(i.USART_ReceiveData)
    i.UartDMA_send                           0x080029d0   Section        0  uart.o(i.UartDMA_send)
    i._handlesys                             0x08002a14   Section        0  main.o(i._handlesys)
    _handlesys                               0x08002a15   Thumb Code   142  main.o(i._handlesys)
    i._test_io                               0x08002aac   Section        0  main.o(i._test_io)
    _test_io                                 0x08002aad   Thumb Code   102  main.o(i._test_io)
    i._test_set_intr                         0x08002b18   Section        0  main.o(i._test_set_intr)
    _test_set_intr                           0x08002b19   Thumb Code    86  main.o(i._test_set_intr)
    i._test_tim3                             0x08002b80   Section        0  main.o(i._test_tim3)
    _test_tim3                               0x08002b81   Thumb Code    68  main.o(i._test_tim3)
    i.fputc                                  0x08002bd4   Section        0  uart.o(i.fputc)
    i.main                                   0x08002bfc   Section        0  main.o(i.main)
    .data                                    0x200000b4   Section       20  stm32f0xx_it.o(.data)
    idx                                      0x200000c4   Data           4  stm32f0xx_it.o(.data)
    .data                                    0x200000c8   Section       20  uart.o(.data)
    t_buf                                    0x200000cc   Data          16  uart.o(.data)
    .bss                                     0x200000dc   Section       16  uart.o(.bss)
    .bss                                     0x200000ec   Section       96  libspace.o(.bss)
    HEAP                                     0x20000150   Section      512  startup_stm32f030.o(HEAP)
    Heap_Mem                                 0x20000150   Data         512  startup_stm32f030.o(HEAP)
    STACK                                    0x20000350   Section     1024  startup_stm32f030.o(STACK)
    Stack_Mem                                0x20000350   Data        1024  startup_stm32f030.o(STACK)
    __initial_sp                             0x20000750   Data           0  startup_stm32f030.o(STACK)

    Global Symbols

    Symbol Name                              Value     Ov Type        Size  Object(Section)

    BuildAttributes$$THM_ISAv3M$S$PE$A:L22$X:L11$S22$IEEE1$IW$USESV6$~STKCKD$USESV7$~SHL$OSPACE$ROPI$EBA8$UX$STANDARDLIB$REQ8$PRES8$EABIv2 0x00000000   Number         0  anon$$obj.o ABSOLUTE
    __ARM_use_no_argv                        0x00000000   Number         0  main.o ABSOLUTE
    __ARM_exceptions_init                     - Undefined Weak Reference
    __alloca_initialize                       - Undefined Weak Reference
    __arm_preinit_                            - Undefined Weak Reference
    __cpp_initialize__aeabi_                  - Undefined Weak Reference
    __cxa_finalize                            - Undefined Weak Reference
    __rt_locale                               - Undefined Weak Reference
    __sigvec_lookup                           - Undefined Weak Reference
    _atexit_init                              - Undefined Weak Reference
    _call_atexit_fns                          - Undefined Weak Reference
    _clock_init                               - Undefined Weak Reference
    _fp_trap_init                             - Undefined Weak Reference
    _fp_trap_shutdown                         - Undefined Weak Reference
    _get_lc_collate                           - Undefined Weak Reference
    _get_lc_ctype                             - Undefined Weak Reference
    _get_lc_monetary                          - Undefined Weak Reference
    _get_lc_numeric                           - Undefined Weak Reference
    _get_lc_time                              - Undefined Weak Reference
    _getenv_init                              - Undefined Weak Reference
    _handle_redirection                       - Undefined Weak Reference
    _init_alloc                               - Undefined Weak Reference
    _init_user_alloc                          - Undefined Weak Reference
    _initio                                   - Undefined Weak Reference
    _mutex_acquire                            - Undefined Weak Reference
    _mutex_release                            - Undefined Weak Reference
    _printf_post_padding                      - Undefined Weak Reference
    _printf_pre_padding                       - Undefined Weak Reference
    _printf_truncate_signed                   - Undefined Weak Reference
    _printf_truncate_unsigned                 - Undefined Weak Reference
    _rand_init                                - Undefined Weak Reference
    _signal_finish                            - Undefined Weak Reference
    _signal_init                              - Undefined Weak Reference
    _terminate_alloc                          - Undefined Weak Reference
    _terminate_user_alloc                     - Undefined Weak Reference
    _terminateio                              - Undefined Weak Reference
    __Vectors_Size                           0x000000b4   Number         0  startup_stm32f030.o ABSOLUTE
    __Vectors                                0x08002000   Data           4  startup_stm32f030.o(RESET)
    __Vectors_End                            0x080020b4   Data           0  startup_stm32f030.o(RESET)
    __main                                   0x080020b5   Thumb Code     8  __main.o(!!!main)
    __scatterload                            0x080020bd   Thumb Code     0  __scatter.o(!!!scatter)
    __scatterload_rt2                        0x080020bd   Thumb Code    52  __scatter.o(!!!scatter)
    __scatterload_rt2_thumb_only             0x080020bd   Thumb Code     0  __scatter.o(!!!scatter)
    __scatterload_null                       0x080020cd   Thumb Code     0  __scatter.o(!!!scatter)
    __scatterload_copy                       0x080020f9   Thumb Code    26  __scatter_copy.o(!!handler_copy)
    __scatterload_zeroinit                   0x08002115   Thumb Code    28  __scatter_zi.o(!!handler_zi)
    _printf_percent                          0x08002131   Thumb Code     0  _printf_percent.o(.ARM.Collect$$_printf_percent$$00000000)
    _printf_percent_end                      0x08002133   Thumb Code     0  _printf_percent_end.o(.ARM.Collect$$_printf_percent$$00000017)
    __rt_lib_init                            0x08002137   Thumb Code     0  libinit.o(.ARM.Collect$$libinit$$00000000)
    __rt_lib_init_alloca_1                   0x08002139   Thumb Code     0  libinit2.o(.ARM.Collect$$libinit$$0000002E)
    __rt_lib_init_argv_1                     0x08002139   Thumb Code     0  libinit2.o(.ARM.Collect$$libinit$$0000002C)
    __rt_lib_init_atexit_1                   0x08002139   Thumb Code     0  libinit2.o(.ARM.Collect$$libinit$$0000001B)
    __rt_lib_init_clock_1                    0x08002139   Thumb Code     0  libinit2.o(.ARM.Collect$$libinit$$00000021)
    __rt_lib_init_cpp_1                      0x08002139   Thumb Code     0  libinit2.o(.ARM.Collect$$libinit$$00000032)
    __rt_lib_init_exceptions_1               0x08002139   Thumb Code     0  libinit2.o(.ARM.Collect$$libinit$$00000030)
    __rt_lib_init_fp_1                       0x08002139   Thumb Code     0  libinit2.o(.ARM.Collect$$libinit$$00000002)
    __rt_lib_init_fp_trap_1                  0x08002139   Thumb Code     0  libinit2.o(.ARM.Collect$$libinit$$0000001F)
    __rt_lib_init_getenv_1                   0x08002139   Thumb Code     0  libinit2.o(.ARM.Collect$$libinit$$00000023)
    __rt_lib_init_heap_1                     0x08002139   Thumb Code     0  libinit2.o(.ARM.Collect$$libinit$$0000000A)
    __rt_lib_init_lc_collate_1               0x08002139   Thumb Code     0  libinit2.o(.ARM.Collect$$libinit$$00000011)
    __rt_lib_init_lc_ctype_1                 0x08002139   Thumb Code     0  libinit2.o(.ARM.Collect$$libinit$$00000013)
    __rt_lib_init_lc_monetary_1              0x08002139   Thumb Code     0  libinit2.o(.ARM.Collect$$libinit$$00000015)
    __rt_lib_init_lc_numeric_1               0x08002139   Thumb Code     0  libinit2.o(.ARM.Collect$$libinit$$00000017)
    __rt_lib_init_lc_time_1                  0x08002139   Thumb Code     0  libinit2.o(.ARM.Collect$$libinit$$00000019)
    __rt_lib_init_preinit_1                  0x08002139   Thumb Code     0  libinit2.o(.ARM.Collect$$libinit$$00000004)
    __rt_lib_init_rand_1                     0x08002139   Thumb Code     0  libinit2.o(.ARM.Collect$$libinit$$0000000E)
    __rt_lib_init_return                     0x08002139   Thumb Code     0  libinit2.o(.ARM.Collect$$libinit$$00000033)
    __rt_lib_init_signal_1                   0x08002139   Thumb Code     0  libinit2.o(.ARM.Collect$$libinit$$0000001D)
    __rt_lib_init_stdio_1                    0x08002139   Thumb Code     0  libinit2.o(.ARM.Collect$$libinit$$00000025)
    __rt_lib_init_user_alloc_1               0x08002139   Thumb Code     0  libinit2.o(.ARM.Collect$$libinit$$0000000C)
    __rt_lib_shutdown                        0x0800213b   Thumb Code     0  libshutdown.o(.ARM.Collect$$libshutdown$$00000000)
    __rt_lib_shutdown_cpp_1                  0x0800213d   Thumb Code     0  libshutdown2.o(.ARM.Collect$$libshutdown$$00000002)
    __rt_lib_shutdown_fp_trap_1              0x0800213d   Thumb Code     0  libshutdown2.o(.ARM.Collect$$libshutdown$$00000007)
    __rt_lib_shutdown_heap_1                 0x0800213d   Thumb Code     0  libshutdown2.o(.ARM.Collect$$libshutdown$$0000000F)
    __rt_lib_shutdown_return                 0x0800213d   Thumb Code     0  libshutdown2.o(.ARM.Collect$$libshutdown$$00000010)
    __rt_lib_shutdown_signal_1               0x0800213d   Thumb Code     0  libshutdown2.o(.ARM.Collect$$libshutdown$$0000000A)
    __rt_lib_shutdown_stdio_1                0x0800213d   Thumb Code     0  libshutdown2.o(.ARM.Collect$$libshutdown$$00000004)
    __rt_lib_shutdown_user_alloc_1           0x0800213d   Thumb Code     0  libshutdown2.o(.ARM.Collect$$libshutdown$$0000000C)
    __rt_entry                               0x0800213f   Thumb Code     0  __rtentry.o(.ARM.Collect$$rtentry$$00000000)
    __rt_entry_presh_1                       0x0800213f   Thumb Code     0  __rtentry2.o(.ARM.Collect$$rtentry$$00000002)
    __rt_entry_sh                            0x0800213f   Thumb Code     0  __rtentry4.o(.ARM.Collect$$rtentry$$00000004)
    __rt_entry_li                            0x08002145   Thumb Code     0  __rtentry2.o(.ARM.Collect$$rtentry$$0000000A)
    __rt_entry_postsh_1                      0x08002145   Thumb Code     0  __rtentry2.o(.ARM.Collect$$rtentry$$00000009)
    __rt_entry_main                          0x08002149   Thumb Code     0  __rtentry2.o(.ARM.Collect$$rtentry$$0000000D)
    __rt_entry_postli_1                      0x08002149   Thumb Code     0  __rtentry2.o(.ARM.Collect$$rtentry$$0000000C)
    __rt_exit                                0x08002151   Thumb Code     0  rtexit.o(.ARM.Collect$$rtexit$$00000000)
    __rt_exit_ls                             0x08002153   Thumb Code     0  rtexit2.o(.ARM.Collect$$rtexit$$00000003)
    __rt_exit_prels_1                        0x08002153   Thumb Code     0  rtexit2.o(.ARM.Collect$$rtexit$$00000002)
    __rt_exit_exit                           0x08002157   Thumb Code     0  rtexit2.o(.ARM.Collect$$rtexit$$00000004)
    __aeabi_memcpy4                          0x0800215d   Thumb Code    56  rt_memcpy.o(.emb_text)
    __aeabi_memcpy8                          0x0800215d   Thumb Code     0  rt_memcpy.o(.emb_text)
    Reset_Handler                            0x08002195   Thumb Code    38  startup_stm32f030.o(.text)
    DMA1_Channel1_IRQHandler                 0x080021c5   Thumb Code     0  startup_stm32f030.o(.text)
    DMA1_Channel2_3_IRQHandler               0x080021c5   Thumb Code     0  startup_stm32f030.o(.text)
    DMA1_Channel4_5_IRQHandler               0x080021c5   Thumb Code     0  startup_stm32f030.o(.text)
    EXTI2_3_IRQHandler                       0x080021c5   Thumb Code     0  startup_stm32f030.o(.text)
    EXTI4_15_IRQHandler                      0x080021c5   Thumb Code     0  startup_stm32f030.o(.text)
    FLASH_IRQHandler                         0x080021c5   Thumb Code     0  startup_stm32f030.o(.text)
    I2C1_IRQHandler                          0x080021c5   Thumb Code     0  startup_stm32f030.o(.text)
    I2C2_IRQHandler                          0x080021c5   Thumb Code     0  startup_stm32f030.o(.text)
    RCC_IRQHandler                           0x080021c5   Thumb Code     0  startup_stm32f030.o(.text)
    SPI1_IRQHandler                          0x080021c5   Thumb Code     0  startup_stm32f030.o(.text)
    TIM15_IRQHandler                         0x080021c5   Thumb Code     0  startup_stm32f030.o(.text)
    TIM16_IRQHandler                         0x080021c5   Thumb Code     0  startup_stm32f030.o(.text)
    TIM17_IRQHandler                         0x080021c5   Thumb Code     0  startup_stm32f030.o(.text)
    TIM1_BRK_UP_TRG_COM_IRQHandler           0x080021c5   Thumb Code     0  startup_stm32f030.o(.text)
    TIM1_CC_IRQHandler                       0x080021c5   Thumb Code     0  startup_stm32f030.o(.text)
    USART2_IRQHandler                        0x080021c5   Thumb Code     0  startup_stm32f030.o(.text)
    WWDG_IRQHandler                          0x080021c5   Thumb Code     0  startup_stm32f030.o(.text)
    __user_initial_stackheap                 0x080021c9   Thumb Code     0  startup_stm32f030.o(.text)
    __2printf                                0x08002209   Thumb Code    22  noretval__2printf.o(.text)
    __printf                                 0x08002225   Thumb Code   108  __printf.o(.text)
    __aeabi_memcpy                           0x08002291   Thumb Code   130  rt_memcpy.o(.text)
    __rt_memcpy                              0x08002291   Thumb Code     0  rt_memcpy.o(.text)
    __aeabi_memmove4                         0x08002313   Thumb Code    70  rt_memmove.o(.text)
    __aeabi_memmove8                         0x08002313   Thumb Code     0  rt_memmove.o(.text)
    __aeabi_memmove                          0x08002359   Thumb Code    80  rt_memmove.o(.text)
    __rt_memmove                             0x08002359   Thumb Code     0  rt_memmove.o(.text)
    _memset_w                                0x080023a9   Thumb Code    26  rt_memclr.o(.text)
    _memset                                  0x080023c3   Thumb Code    30  rt_memclr.o(.text)
    __aeabi_memclr                           0x080023e1   Thumb Code     4  rt_memclr.o(.text)
    __rt_memclr                              0x080023e1   Thumb Code     0  rt_memclr.o(.text)
    __aeabi_memclr4                          0x080023e5   Thumb Code     0  rt_memclr.o(.text)
    __aeabi_memclr8                          0x080023e5   Thumb Code     0  rt_memclr.o(.text)
    __rt_memclr_w                            0x080023e5   Thumb Code     4  rt_memclr.o(.text)
    __use_two_region_memory                  0x080023e9   Thumb Code     2  heapauxi.o(.text)
    __rt_heap_escrow$2region                 0x080023eb   Thumb Code     2  heapauxi.o(.text)
    __rt_heap_expand$2region                 0x080023ed   Thumb Code     2  heapauxi.o(.text)
    _printf_char_file                        0x080023f1   Thumb Code    34  _printf_char_file.o(.text)
    _printf_char_common                      0x08002423   Thumb Code    32  _printf_char_common.o(.text)
    ferror                                   0x08002449   Thumb Code     8  ferror.o(.text)
    __user_setup_stackheap                   0x08002451   Thumb Code    62  sys_stackheap_outer.o(.text)
    exit                                     0x0800248f   Thumb Code    16  exit.o(.text)
    __user_libspace                          0x080024a1   Thumb Code     8  libspace.o(.text)
    __user_perproc_libspace                  0x080024a1   Thumb Code     0  libspace.o(.text)
    __user_perthread_libspace                0x080024a1   Thumb Code     0  libspace.o(.text)
    _sys_exit                                0x080024a9   Thumb Code     8  sys_exit.o(.text)
    __I$use$semihosting                      0x080024b5   Thumb Code     0  use_no_semi.o(.text)
    __use_no_semihosting_swi                 0x080024b5   Thumb Code     2  use_no_semi.o(.text)
    ADC1_IRQHandler                          0x080024b7   Thumb Code     2  stm32f0xx_it.o(i.ADC1_IRQHandler)
    __semihosting_library_function           0x080024b7   Thumb Code     0  indicate_semi.o(.text)
    DMA_ClearFlag                            0x080024b9   Thumb Code    22  stm32f0xx_dma.o(i.DMA_ClearFlag)
    DMA_Cmd                                  0x080024d9   Thumb Code    24  stm32f0xx_dma.o(i.DMA_Cmd)
    DMA_GetCurrDataCounter                   0x080024f5   Thumb Code     8  stm32f0xx_dma.o(i.DMA_GetCurrDataCounter)
    DMA_GetFlagStatus                        0x080024fd   Thumb Code    42  stm32f0xx_dma.o(i.DMA_GetFlagStatus)
    DMA_SetCurrDataCounter                   0x08002531   Thumb Code     4  stm32f0xx_dma.o(i.DMA_SetCurrDataCounter)
    EXTI0_1_IRQHandler                       0x08002535   Thumb Code    20  stm32f0xx_it.o(i.EXTI0_1_IRQHandler)
    EXTI_ClearITPendingBit                   0x08002549   Thumb Code     6  stm32f0xx_exti.o(i.EXTI_ClearITPendingBit)
    EXTI_GetITStatus                         0x08002555   Thumb Code    22  stm32f0xx_exti.o(i.EXTI_GetITStatus)
    GPIO_Init                                0x08002571   Thumb Code   144  stm32f0xx_gpio.o(i.GPIO_Init)
    GPIO_WriteBit                            0x08002601   Thumb Code    12  stm32f0xx_gpio.o(i.GPIO_WriteBit)
    HardFault_Handler                        0x0800260d   Thumb Code     4  stm32f0xx_it.o(i.HardFault_Handler)
    NMI_Handler                              0x08002611   Thumb Code     2  stm32f0xx_it.o(i.NMI_Handler)
    PendSV_Handler                           0x08002613   Thumb Code     2  stm32f0xx_it.o(i.PendSV_Handler)
    RCC_DeInit                               0x08002615   Thumb Code   102  stm32f0xx_rcc.o(i.RCC_DeInit)
    RTC_IRQHandler                           0x0800268d   Thumb Code    10  stm32f0xx_it.o(i.RTC_IRQHandler)
    SPI2_IRQHandler                          0x080026b1   Thumb Code     2  stm32f0xx_it.o(i.SPI2_IRQHandler)
    SVC_Handler                              0x080026b3   Thumb Code     2  stm32f0xx_it.o(i.SVC_Handler)
    SYSCFG_MemoryRemapConfig                 0x080026b5   Thumb Code    24  stm32f0xx_syscfg.o(i.SYSCFG_MemoryRemapConfig)
    SysTick_Handler                          0x080027a9   Thumb Code    22  stm32f0xx_it.o(i.SysTick_Handler)
    SystemInit                               0x080027c9   Thumb Code   110  system_stm32f0xx.o(i.SystemInit)
    TIM14_IRQHandler                         0x08002845   Thumb Code    24  stm32f0xx_it.o(i.TIM14_IRQHandler)
    TIM3_IRQHandler                          0x08002861   Thumb Code    92  stm32f0xx_it.o(i.TIM3_IRQHandler)
    TIM_ClearITPendingBit                    0x080028c9   Thumb Code     6  stm32f0xx_tim.o(i.TIM_ClearITPendingBit)
    TIM_GetITStatus                          0x080028cf   Thumb Code    38  stm32f0xx_tim.o(i.TIM_GetITStatus)
    USART1_IRQHandler                        0x080028f5   Thumb Code   104  stm32f0xx_it.o(i.USART1_IRQHandler)
    USART_ClearFlag                          0x08002975   Thumb Code     4  stm32f0xx_usart.o(i.USART_ClearFlag)
    USART_GetITStatus                        0x08002979   Thumb Code    78  stm32f0xx_usart.o(i.USART_GetITStatus)
    USART_ReceiveData                        0x080029c7   Thumb Code    10  stm32f0xx_usart.o(i.USART_ReceiveData)
    UartDMA_send                             0x080029d1   Thumb Code    58  uart.o(i.UartDMA_send)
    fputc                                    0x08002bd5   Thumb Code    40  uart.o(i.fputc)
    main                                     0x08002bfd   Thumb Code    28  main.o(i.main)
    Region$$Table$$Base                      0x08002c1c   Number         0  anon$$obj.o(Region$$Table)
    Region$$Table$$Limit                     0x08002c3c   Number         0  anon$$obj.o(Region$$Table)
    TickCounter                              0x200000b4   Data           4  stm32f0xx_it.o(.data)
    ticktimer                                0x200000b8   Data           4  stm32f0xx_it.o(.data)
    count_timer                              0x200000bc   Data           4  stm32f0xx_it.o(.data)
    rx_data                                  0x200000c0   Data           2  stm32f0xx_it.o(.data)
    __stdout                                 0x200000c8   Data           4  uart.o(.data)
    rx_buf                                   0x200000dc   Data          16  uart.o(.bss)
    __libspace_start                         0x200000ec   Data          96  libspace.o(.bss)
    __temporary_stack_top$libspace           0x2000014c   Data           0  libspace.o(.bss)



==============================================================================

Memory Map of the image

  Image Entry point : 0x080020b5

  Load Region LR_IROM1 (Base: 0x08002000, Size: 0x00000c64, Max: 0x0000e000, ABSOLUTE)

    Execution Region ER_IROM1 (Exec base: 0x08002000, Load base: 0x08002000, Size: 0x00000c3c, Max: 0x0000e000, ABSOLUTE)

    Exec Addr    Load Addr    Size         Type   Attr      Idx    E Section Name        Object

    0x08002000   0x08002000   0x000000b4   Data   RO            3    RESET               startup_stm32f030.o
    0x080020b4   0x080020b4   0x00000008   Code   RO         4312  * !!!main             c_p.l(__main.o)
    0x080020bc   0x080020bc   0x0000003c   Code   RO         4496    !!!scatter          c_p.l(__scatter.o)
    0x080020f8   0x080020f8   0x0000001a   Code   RO         4498    !!handler_copy      c_p.l(__scatter_copy.o)
    0x08002112   0x08002112   0x00000002   PAD
    0x08002114   0x08002114   0x0000001c   Code   RO         4500    !!handler_zi        c_p.l(__scatter_zi.o)
    0x08002130   0x08002130   0x00000002   Code   RO         4297    .ARM.Collect$$_printf_percent$$00000000  c_p.l(_printf_percent.o)
    0x08002132   0x08002132   0x00000004   Code   RO         4323    .ARM.Collect$$_printf_percent$$00000017  c_p.l(_printf_percent_end.o)
    0x08002136   0x08002136   0x00000002   Code   RO         4365    .ARM.Collect$$libinit$$00000000  c_p.l(libinit.o)
    0x08002138   0x08002138   0x00000000   Code   RO         4379    .ARM.Collect$$libinit$$00000002  c_p.l(libinit2.o)
    0x08002138   0x08002138   0x00000000   Code   RO         4381    .ARM.Collect$$libinit$$00000004  c_p.l(libinit2.o)
    0x08002138   0x08002138   0x00000000   Code   RO         4384    .ARM.Collect$$libinit$$0000000A  c_p.l(libinit2.o)
    0x08002138   0x08002138   0x00000000   Code   RO         4386    .ARM.Collect$$libinit$$0000000C  c_p.l(libinit2.o)
    0x08002138   0x08002138   0x00000000   Code   RO         4388    .ARM.Collect$$libinit$$0000000E  c_p.l(libinit2.o)
    0x08002138   0x08002138   0x00000000   Code   RO         4391    .ARM.Collect$$libinit$$00000011  c_p.l(libinit2.o)
    0x08002138   0x08002138   0x00000000   Code   RO         4393    .ARM.Collect$$libinit$$00000013  c_p.l(libinit2.o)
    0x08002138   0x08002138   0x00000000   Code   RO         4395    .ARM.Collect$$libinit$$00000015  c_p.l(libinit2.o)
    0x08002138   0x08002138   0x00000000   Code   RO         4397    .ARM.Collect$$libinit$$00000017  c_p.l(libinit2.o)
    0x08002138   0x08002138   0x00000000   Code   RO         4399    .ARM.Collect$$libinit$$00000019  c_p.l(libinit2.o)
    0x08002138   0x08002138   0x00000000   Code   RO         4401    .ARM.Collect$$libinit$$0000001B  c_p.l(libinit2.o)
    0x08002138   0x08002138   0x00000000   Code   RO         4403    .ARM.Collect$$libinit$$0000001D  c_p.l(libinit2.o)
    0x08002138   0x08002138   0x00000000   Code   RO         4405    .ARM.Collect$$libinit$$0000001F  c_p.l(libinit2.o)
    0x08002138   0x08002138   0x00000000   Code   RO         4407    .ARM.Collect$$libinit$$00000021  c_p.l(libinit2.o)
    0x08002138   0x08002138   0x00000000   Code   RO         4409    .ARM.Collect$$libinit$$00000023  c_p.l(libinit2.o)
    0x08002138   0x08002138   0x00000000   Code   RO         4411    .ARM.Collect$$libinit$$00000025  c_p.l(libinit2.o)
    0x08002138   0x08002138   0x00000000   Code   RO         4415    .ARM.Collect$$libinit$$0000002C  c_p.l(libinit2.o)
    0x08002138   0x08002138   0x00000000   Code   RO         4417    .ARM.Collect$$libinit$$0000002E  c_p.l(libinit2.o)
    0x08002138   0x08002138   0x00000000   Code   RO         4419    .ARM.Collect$$libinit$$00000030  c_p.l(libinit2.o)
    0x08002138   0x08002138   0x00000000   Code   RO         4421    .ARM.Collect$$libinit$$00000032  c_p.l(libinit2.o)
    0x08002138   0x08002138   0x00000002   Code   RO         4422    .ARM.Collect$$libinit$$00000033  c_p.l(libinit2.o)
    0x0800213a   0x0800213a   0x00000002   Code   RO         4453    .ARM.Collect$$libshutdown$$00000000  c_p.l(libshutdown.o)
    0x0800213c   0x0800213c   0x00000000   Code   RO         4479    .ARM.Collect$$libshutdown$$00000002  c_p.l(libshutdown2.o)
    0x0800213c   0x0800213c   0x00000000   Code   RO         4481    .ARM.Collect$$libshutdown$$00000004  c_p.l(libshutdown2.o)
    0x0800213c   0x0800213c   0x00000000   Code   RO         4484    .ARM.Collect$$libshutdown$$00000007  c_p.l(libshutdown2.o)
    0x0800213c   0x0800213c   0x00000000   Code   RO         4487    .ARM.Collect$$libshutdown$$0000000A  c_p.l(libshutdown2.o)
    0x0800213c   0x0800213c   0x00000000   Code   RO         4489    .ARM.Collect$$libshutdown$$0000000C  c_p.l(libshutdown2.o)
    0x0800213c   0x0800213c   0x00000000   Code   RO         4492    .ARM.Collect$$libshutdown$$0000000F  c_p.l(libshutdown2.o)
    0x0800213c   0x0800213c   0x00000002   Code   RO         4493    .ARM.Collect$$libshutdown$$00000010  c_p.l(libshutdown2.o)
    0x0800213e   0x0800213e   0x00000000   Code   RO         4314    .ARM.Collect$$rtentry$$00000000  c_p.l(__rtentry.o)
    0x0800213e   0x0800213e   0x00000000   Code   RO         4327    .ARM.Collect$$rtentry$$00000002  c_p.l(__rtentry2.o)
    0x0800213e   0x0800213e   0x00000006   Code   RO         4339    .ARM.Collect$$rtentry$$00000004  c_p.l(__rtentry4.o)
    0x08002144   0x08002144   0x00000000   Code   RO         4329    .ARM.Collect$$rtentry$$00000009  c_p.l(__rtentry2.o)
    0x08002144   0x08002144   0x00000004   Code   RO         4330    .ARM.Collect$$rtentry$$0000000A  c_p.l(__rtentry2.o)
    0x08002148   0x08002148   0x00000000   Code   RO         4332    .ARM.Collect$$rtentry$$0000000C  c_p.l(__rtentry2.o)
    0x08002148   0x08002148   0x00000008   Code   RO         4333    .ARM.Collect$$rtentry$$0000000D  c_p.l(__rtentry2.o)
    0x08002150   0x08002150   0x00000002   Code   RO         4370    .ARM.Collect$$rtexit$$00000000  c_p.l(rtexit.o)
    0x08002152   0x08002152   0x00000000   Code   RO         4426    .ARM.Collect$$rtexit$$00000002  c_p.l(rtexit2.o)
    0x08002152   0x08002152   0x00000004   Code   RO         4427    .ARM.Collect$$rtexit$$00000003  c_p.l(rtexit2.o)
    0x08002156   0x08002156   0x00000006   Code   RO         4428    .ARM.Collect$$rtexit$$00000004  c_p.l(rtexit2.o)
    0x0800215c   0x0800215c   0x00000038   Code   RO         4298    .emb_text           c_p.l(rt_memcpy.o)
    0x08002194   0x08002194   0x00000074   Code   RO            4    .text               startup_stm32f030.o
    0x08002208   0x08002208   0x0000001c   Code   RO         4270    .text               c_p.l(noretval__2printf.o)
    0x08002224   0x08002224   0x0000006c   Code   RO         4272    .text               c_p.l(__printf.o)
    0x08002290   0x08002290   0x00000082   Code   RO         4299    .text               c_p.l(rt_memcpy.o)
    0x08002312   0x08002312   0x00000096   Code   RO         4302    .text               c_p.l(rt_memmove.o)
    0x080023a8   0x080023a8   0x00000040   Code   RO         4304    .text               c_p.l(rt_memclr.o)
    0x080023e8   0x080023e8   0x00000006   Code   RO         4310    .text               c_p.l(heapauxi.o)
    0x080023ee   0x080023ee   0x00000002   PAD
    0x080023f0   0x080023f0   0x00000028   Code   RO         4321    .text               c_p.l(_printf_char_file.o)
    0x08002418   0x08002418   0x00000030   Code   RO         4343    .text               c_p.l(_printf_char_common.o)
    0x08002448   0x08002448   0x00000008   Code   RO         4345    .text               c_p.l(ferror.o)
    0x08002450   0x08002450   0x0000003e   Code   RO         4349    .text               c_p.l(sys_stackheap_outer.o)
    0x0800248e   0x0800248e   0x00000010   Code   RO         4354    .text               c_p.l(exit.o)
    0x0800249e   0x0800249e   0x00000002   PAD
    0x080024a0   0x080024a0   0x00000008   Code   RO         4366    .text               c_p.l(libspace.o)
    0x080024a8   0x080024a8   0x0000000c   Code   RO         4423    .text               c_p.l(sys_exit.o)
    0x080024b4   0x080024b4   0x00000002   Code   RO         4442    .text               c_p.l(use_no_semi.o)
    0x080024b6   0x080024b6   0x00000000   Code   RO         4444    .text               c_p.l(indicate_semi.o)
    0x080024b6   0x080024b6   0x00000002   Code   RO         3965    i.ADC1_IRQHandler   stm32f0xx_it.o
    0x080024b8   0x080024b8   0x00000020   Code   RO         1056    i.DMA_ClearFlag     stm32f0xx_dma.o
    0x080024d8   0x080024d8   0x0000001c   Code   RO         1058    i.DMA_Cmd           stm32f0xx_dma.o
    0x080024f4   0x080024f4   0x00000008   Code   RO         1060    i.DMA_GetCurrDataCounter  stm32f0xx_dma.o
    0x080024fc   0x080024fc   0x00000034   Code   RO         1061    i.DMA_GetFlagStatus  stm32f0xx_dma.o
    0x08002530   0x08002530   0x00000004   Code   RO         1066    i.DMA_SetCurrDataCounter  stm32f0xx_dma.o
    0x08002534   0x08002534   0x00000014   Code   RO         3966    i.EXTI0_1_IRQHandler  stm32f0xx_it.o
    0x08002548   0x08002548   0x0000000c   Code   RO         1143    i.EXTI_ClearITPendingBit  stm32f0xx_exti.o
    0x08002554   0x08002554   0x0000001c   Code   RO         1147    i.EXTI_GetITStatus  stm32f0xx_exti.o
    0x08002570   0x08002570   0x00000090   Code   RO         1405    i.GPIO_Init         stm32f0xx_gpio.o
    0x08002600   0x08002600   0x0000000c   Code   RO         1416    i.GPIO_WriteBit     stm32f0xx_gpio.o
    0x0800260c   0x0800260c   0x00000004   Code   RO         3967    i.HardFault_Handler  stm32f0xx_it.o
    0x08002610   0x08002610   0x00000002   Code   RO         3968    i.NMI_Handler       stm32f0xx_it.o
    0x08002612   0x08002612   0x00000002   Code   RO         3969    i.PendSV_Handler    stm32f0xx_it.o
    0x08002614   0x08002614   0x00000078   Code   RO         1938    i.RCC_DeInit        stm32f0xx_rcc.o
    0x0800268c   0x0800268c   0x00000024   Code   RO         3970    i.RTC_IRQHandler    stm32f0xx_it.o
    0x080026b0   0x080026b0   0x00000002   Code   RO         3971    i.SPI2_IRQHandler   stm32f0xx_it.o
    0x080026b2   0x080026b2   0x00000002   Code   RO         3972    i.SVC_Handler       stm32f0xx_it.o
    0x080026b4   0x080026b4   0x0000001c   Code   RO         2725    i.SYSCFG_MemoryRemapConfig  stm32f0xx_syscfg.o
    0x080026d0   0x080026d0   0x000000d8   Code   RO           12    i.SetSysClock       system_stm32f0xx.o
    0x080027a8   0x080027a8   0x00000020   Code   RO         3973    i.SysTick_Handler   stm32f0xx_it.o
    0x080027c8   0x080027c8   0x0000007c   Code   RO           14    i.SystemInit        system_stm32f0xx.o
    0x08002844   0x08002844   0x0000001c   Code   RO         3974    i.TIM14_IRQHandler  stm32f0xx_it.o
    0x08002860   0x08002860   0x00000068   Code   RO         3975    i.TIM3_IRQHandler   stm32f0xx_it.o
    0x080028c8   0x080028c8   0x00000006   Code   RO         2801    i.TIM_ClearITPendingBit  stm32f0xx_tim.o
    0x080028ce   0x080028ce   0x00000026   Code   RO         2827    i.TIM_GetITStatus   stm32f0xx_tim.o
    0x080028f4   0x080028f4   0x00000080   Code   RO         3976    i.USART1_IRQHandler  stm32f0xx_it.o
    0x08002974   0x08002974   0x00000004   Code   RO         3361    i.USART_ClearFlag   stm32f0xx_usart.o
    0x08002978   0x08002978   0x0000004e   Code   RO         3374    i.USART_GetITStatus  stm32f0xx_usart.o
    0x080029c6   0x080029c6   0x0000000a   Code   RO         3389    i.USART_ReceiveData  stm32f0xx_usart.o
    0x080029d0   0x080029d0   0x00000044   Code   RO         4119    i.UartDMA_send      uart.o
    0x08002a14   0x08002a14   0x00000098   Code   RO         3819    i._handlesys        main.o
    0x08002aac   0x08002aac   0x0000006c   Code   RO         3821    i._test_io          main.o
    0x08002b18   0x08002b18   0x00000068   Code   RO         3822    i._test_set_intr    main.o
    0x08002b80   0x08002b80   0x00000054   Code   RO         3823    i._test_tim3        main.o
    0x08002bd4   0x08002bd4   0x00000028   Code   RO         4121    i.fputc             uart.o
    0x08002bfc   0x08002bfc   0x00000020   Code   RO         3824    i.main              main.o
    0x08002c1c   0x08002c1c   0x00000020   Data   RO         4494    Region$$Table       anon$$obj.o


    Execution Region RW_IRAM1 (Exec base: 0x200000b4, Load base: 0x08002c3c, Size: 0x0000069c, Max: 0x00000f3c, ABSOLUTE)

    Exec Addr    Load Addr    Size         Type   Attr      Idx    E Section Name        Object

    0x200000b4   0x08002c3c   0x00000014   Data   RW         3977    .data               stm32f0xx_it.o
    0x200000c8   0x08002c50   0x00000014   Data   RW         4123    .data               uart.o
    0x200000dc        -       0x00000010   Zero   RW         4122    .bss                uart.o
    0x200000ec        -       0x00000060   Zero   RW         4367    .bss                c_p.l(libspace.o)
    0x2000014c   0x08002c64   0x00000004   PAD
    0x20000150        -       0x00000200   Zero   RW            2    HEAP                startup_stm32f030.o
    0x20000350        -       0x00000400   Zero   RW            1    STACK               startup_stm32f030.o


==============================================================================

Image component sizes


      Code (inc. data)   RO Data    RW Data    ZI Data      Debug   Object Name

         0          0          0          0          0       4488   gpio.o
       480         54          0          0          0       1895   main.o
       116         56        180          0       1536        744   startup_stm32f030.o
       124         24          0          0          0       4388   stm32f0xx_dma.o
        40         12          0          0          0       1088   stm32f0xx_exti.o
       156          0          0          0          0       1688   stm32f0xx_gpio.o
       362         76          0         20          0       5407   stm32f0xx_it.o
       120         18          0          0          0        481   stm32f0xx_rcc.o
        28          4          0          0          0        579   stm32f0xx_syscfg.o
        44          0          0          0          0       1774   stm32f0xx_tim.o
        92          0          0          0          0       2546   stm32f0xx_usart.o
       340         24          0          0          0     225265   system_stm32f0xx.o
       108         10          0         20         16       3360   uart.o

    ----------------------------------------------------------------------
      2010        278        212         40       1552     253703   Object Totals
         0          0         32          0          0          0   (incl. Generated)
         0          0          0          0          0          0   (incl. Padding)

    ----------------------------------------------------------------------

      Code (inc. data)   RO Data    RW Data    ZI Data      Debug   Library Member Name

         8          0          0          0          0         68   __main.o
       108          0          0          0          0         76   __printf.o
         0          0          0          0          0          0   __rtentry.o
        12          0          0          0          0          0   __rtentry2.o
         6          0          0          0          0          0   __rtentry4.o
        60          8          0          0          0          0   __scatter.o
        26          0          0          0          0          0   __scatter_copy.o
        28          0          0          0          0          0   __scatter_zi.o
        48          6          0          0          0         88   _printf_char_common.o
        40          6          0          0          0         72   _printf_char_file.o
         2          0          0          0          0          0   _printf_percent.o
         4          0          0          0          0          0   _printf_percent_end.o
        16          0          0          0          0         68   exit.o
         8          0          0          0          0         60   ferror.o
         6          0          0          0          0        136   heapauxi.o
         0          0          0          0          0          0   indicate_semi.o
         2          0          0          0          0          0   libinit.o
         2          0          0          0          0          0   libinit2.o
         2          0          0          0          0          0   libshutdown.o
         2          0          0          0          0          0   libshutdown2.o
         8          4          0          0         96         68   libspace.o
        28          6          0          0          0         84   noretval__2printf.o
        64          0          0          0          0        108   rt_memclr.o
       186          0          0          0          0        144   rt_memcpy.o
       150          0          0          0          0        104   rt_memmove.o
         2          0          0          0          0          0   rtexit.o
        10          0          0          0          0          0   rtexit2.o
        12          4          0          0          0         60   sys_exit.o
        62          0          0          0          0         80   sys_stackheap_outer.o
         2          0          0          0          0         68   use_no_semi.o

    ----------------------------------------------------------------------
       910         34          0          0        100       1284   Library Totals
         6          0          0          0          4          0   (incl. Padding)

    ----------------------------------------------------------------------

      Code (inc. data)   RO Data    RW Data    ZI Data      Debug   Library Name

       904         34          0          0         96       1284   c_p.l

    ----------------------------------------------------------------------
       910         34          0          0        100       1284   Library Totals

    ----------------------------------------------------------------------

==============================================================================


      Code (inc. data)   RO Data    RW Data    ZI Data      Debug   

      2920        312        212         40       1652     252995   Grand Totals
      2920        312        212         40       1652     252995   ELF Image Totals
      2920        312        212         40          0          0   ROM Totals

==============================================================================

    Total RO  Size (Code + RO Data)                 3132 (   3.06kB)
    Total RW  Size (RW Data + ZI Data)              1692 (   1.65kB)
    Total ROM Size (Code + RO Data + RW Data)       3172 (   3.10kB)

==============================================================================

