Component: ARM Compiler 5.06 update 6 (build 750) Tool: armlink [4d35ed]

==============================================================================

Section Cross References

    startup_stm32f030.o(STACK) refers (Special) to heapauxi.o(.text) for __use_two_region_memory
    startup_stm32f030.o(HEAP) refers (Special) to heapauxi.o(.text) for __use_two_region_memory
    startup_stm32f030.o(RESET) refers (Special) to heapauxi.o(.text) for __use_two_region_memory
    startup_stm32f030.o(RESET) refers to startup_stm32f030.o(STACK) for __initial_sp
    startup_stm32f030.o(RESET) refers to startup_stm32f030.o(.text) for Reset_Handler
    startup_stm32f030.o(RESET) refers to stm32f0xx_it.o(i.NMI_Handler) for NMI_Handler
    startup_stm32f030.o(RESET) refers to stm32f0xx_it.o(i.HardFault_Handler) for HardFault_Handler
    startup_stm32f030.o(RESET) refers to stm32f0xx_it.o(i.SVC_Handler) for SVC_Handler
    startup_stm32f030.o(RESET) refers to stm32f0xx_it.o(i.PendSV_Handler) for PendSV_Handler
    startup_stm32f030.o(RESET) refers to stm32f0xx_it.o(i.SysTick_Handler) for SysTick_Handler
    startup_stm32f030.o(RESET) refers to stm32f0xx_it.o(i.RTC_IRQHandler) for RTC_IRQHandler
    startup_stm32f030.o(RESET) refers to stm32f0xx_it.o(i.EXTI0_1_IRQHandler) for EXTI0_1_IRQHandler
    startup_stm32f030.o(RESET) refers to stm32f0xx_it.o(i.ADC1_IRQHandler) for ADC1_IRQHandler
    startup_stm32f030.o(RESET) refers to stm32f0xx_it.o(i.TIM3_IRQHandler) for TIM3_IRQHandler
    startup_stm32f030.o(RESET) refers to stm32f0xx_it.o(i.TIM14_IRQHandler) for TIM14_IRQHandler
    startup_stm32f030.o(RESET) refers to stm32f0xx_it.o(i.SPI2_IRQHandler) for SPI2_IRQHandler
    startup_stm32f030.o(RESET) refers to stm32f0xx_it.o(i.USART1_IRQHandler) for USART1_IRQHandler
    startup_stm32f030.o(.text) refers (Special) to heapauxi.o(.text) for __use_two_region_memory
    startup_stm32f030.o(.text) refers to startup_stm32f030.o(STACK) for __initial_sp
    startup_stm32f030.o(.text) refers to system_stm32f0xx.o(i.SystemInit) for SystemInit
    startup_stm32f030.o(.text) refers to __main.o(!!!main) for __main
    startup_stm32f030.o(.text) refers to startup_stm32f030.o(HEAP) for Heap_Mem
    system_stm32f0xx.o(i.SystemCoreClockUpdate) refers to aeabi_sdiv.o(.text) for __aeabi_uidivmod
    system_stm32f0xx.o(i.SystemCoreClockUpdate) refers to system_stm32f0xx.o(.data) for SystemCoreClock
    system_stm32f0xx.o(i.SystemInit) refers to system_stm32f0xx.o(i.SetSysClock) for SetSysClock
    crc.o(i.RadioComputeCRC) refers to crc.o(i.ComputeCrc) for ComputeCrc
    radio.o(i.RadioGetFskBandwidthRegValue) refers to radio.o(.constdata) for FskBandwidths
    radio.o(i.RadioGetStatus) refers to sx126x.o(i.SX126xGetOperatingMode) for SX126xGetOperatingMode
    radio.o(i.RadioInit) refers to sx126x.o(i.SX126xInit) for SX126xInit
    radio.o(i.RadioInit) refers to sx126x.o(i.SX126xSetStandby) for SX126xSetStandby
    radio.o(i.RadioInit) refers to sx126x.o(i.SX126xSetRegulatorMode) for SX126xSetRegulatorMode
    radio.o(i.RadioInit) refers to sx126x.o(i.SX126xSetBufferBaseAddress) for SX126xSetBufferBaseAddress
    radio.o(i.RadioInit) refers to sx126x.o(i.SX126xSetTxParams) for SX126xSetTxParams
    radio.o(i.RadioInit) refers to sx126x.o(i.SX126xSetDioIrqParams) for SX126xSetDioIrqParams
    radio.o(i.RadioInit) refers to radio.o(.data) for RadioEvents
    radio.o(i.RadioInit) refers to radio.o(i.RadioOnDioIrq) for RadioOnDioIrq
    radio.o(i.RadioIrqProcess) refers to stm32f0xx_gpio.o(i.GPIO_ReadInputDataBit) for GPIO_ReadInputDataBit
    radio.o(i.RadioIrqProcess) refers to sx126x.o(i.SX126xGetIrqStatus) for SX126xGetIrqStatus
    radio.o(i.RadioIrqProcess) refers to sx126x.o(i.SX126xClearIrqStatus) for SX126xClearIrqStatus
    radio.o(i.RadioIrqProcess) refers to sx126x.o(i.SX126xGetPayload) for SX126xGetPayload
    radio.o(i.RadioIrqProcess) refers to sx126x.o(i.SX126xGetPacketStatus) for SX126xGetPacketStatus
    radio.o(i.RadioIrqProcess) refers to sx126x.o(i.SX126xGetOperatingMode) for SX126xGetOperatingMode
    radio.o(i.RadioIrqProcess) refers to radio.o(.data) for IrqFired
    radio.o(i.RadioIrqProcess) refers to radio.o(.bss) for RadioRxPayload
    radio.o(i.RadioIsChannelFree) refers to radio.o(i.RadioSetModem) for RadioSetModem
    radio.o(i.RadioIsChannelFree) refers to radio.o(i.RadioSetChannel) for RadioSetChannel
    radio.o(i.RadioIsChannelFree) refers to radio.o(i.RadioRx) for RadioRx
    radio.o(i.RadioIsChannelFree) refers to delay.o(i.HAL_Delay_nMS) for HAL_Delay_nMS
    radio.o(i.RadioIsChannelFree) refers to radio.o(i.RadioSleep) for RadioSleep
    radio.o(i.RadioOnDioIrq) refers to radio.o(.data) for IrqFired
    radio.o(i.RadioOnRxTimeoutIrq) refers to radio.o(.data) for RadioEvents
    radio.o(i.RadioOnTxTimeoutIrq) refers to radio.o(.data) for RadioEvents
    radio.o(i.RadioRandom) refers to radio.o(i.RadioSetModem) for RadioSetModem
[...]
    _send_end_fsm_func                       0x08004599   Thumb Code    12  lora_node.o(i._send_end_fsm_func)
    i._send_fsm_func                         0x080045a4   Section        0  lora_node.o(i._send_fsm_func)
    _send_fsm_func                           0x080045a5   Thumb Code    16  lora_node.o(i._send_fsm_func)
    i._send_overtime_fsm_func                0x080045b4   Section        0  lora_node.o(i._send_overtime_fsm_func)
    _send_overtime_fsm_func                  0x080045b5   Thumb Code     4  lora_node.o(i._send_overtime_fsm_func)
    i._sending_fsm_func                      0x080045b8   Section        0  lora_node.o(i._sending_fsm_func)
    _sending_fsm_func                        0x080045b9   Thumb Code     4  lora_node.o(i._sending_fsm_func)
    i._sleep_fsm_func                        0x080045bc   Section        0  lora_node.o(i._sleep_fsm_func)
    _sleep_fsm_func                          0x080045bd   Thumb Code    28  lora_node.o(i._sleep_fsm_func)
    i.ceil                                   0x080045ec   Section        0  ceil.o(i.ceil)
    i.floor                                  0x080046b4   Section        0  floor.o(i.floor)
    i.fputc                                  0x0800477c   Section        0  uart.o(i.fputc)
    i.lora_change_state                      0x08004798   Section        0  lora_node.o(i.lora_change_state)
    i.lora_common_crc                        0x080047a4   Section        0  lora_common.o(i.lora_common_crc)
    i.lora_common_get_data                   0x080047c0   Section        0  lora_common.o(i.lora_common_get_data)
    i.lora_common_snd_beg                    0x080047d0   Section        0  lora_common.o(i.lora_common_snd_beg)
    i.lora_common_snd_end                    0x08004804   Section        0  lora_common.o(i.lora_common_snd_end)
    i.lora_common_snd_join                   0x0800483c   Section        0  lora_common.o(i.lora_common_snd_join)
    i.lora_node_init                         0x08004890   Section        0  lora_node.o(i.lora_node_init)
    i.lora_node_task                         0x08004998   Section        0  lora_node.o(i.lora_node_task)
    i.main                                   0x08004a64   Section        0  main.o(i.main)
    i.pow                                    0x08004af4   Section        0  pow.o(i.pow)
    i.rint                                   0x080054f0   Section        0  rint.o(i.rint)
    i.rtc_get_time                           0x080054f8   Section        0  rtc.o(i.rtc_get_time)
    i.rtc_set                                0x08005506   Section        0  rtc.o(i.rtc_set)
    i.sqrt                                   0x08005594   Section        0  sqrt.o(i.sqrt)
    i.timerInit                              0x080055dc   Section        0  main.o(i.timerInit)
    x$fpl$drleqf                             0x0800562c   Section      104  drlef.o(x$fpl$drleqf)
    .constdata                               0x08005694   Section      287  radio.o(.constdata)
    x$fpl$usenofp                            0x08005694   Section        0  usenofp.o(x$fpl$usenofp)
    .constdata                               0x080057b3   Section       79  lora_node.o(.constdata)
    __func__                                 0x080057b3   Data          16  lora_node.o(.constdata)
    __func__                                 0x080057c3   Data          19  lora_node.o(.constdata)
    __func__                                 0x080057d6   Data          10  lora_node.o(.constdata)
    __func__                                 0x080057e0   Data          10  lora_node.o(.constdata)
    __func__                                 0x080057ea   Data          13  lora_node.o(.constdata)
    __func__                                 0x080057f7   Data          11  lora_node.o(.constdata)
    .constdata                               0x08005802   Section       40  _printf_hex_int.o(.constdata)
    uc_hextab                                0x08005802   Data          20  _printf_hex_int.o(.constdata)
    lc_hextab                                0x08005816   Data          20  _printf_hex_int.o(.constdata)
    .constdata                               0x0800582a   Section       17  __printf_flags_wp.o(.constdata)
    maptable                                 0x0800582a   Data          17  __printf_flags_wp.o(.constdata)
    .constdata                               0x0800583b   Section      128  ddiv.o(.constdata)
    ddiv_reciptbl                            0x0800583b   Data         128  ddiv.o(.constdata)
    .constdata                               0x080058c0   Section      136  pow.o(.constdata)
    bp                                       0x080058c0   Data          16  pow.o(.constdata)
    dp_h                                     0x080058d0   Data          16  pow.o(.constdata)
    dp_l                                     0x080058e0   Data          16  pow.o(.constdata)
    L                                        0x080058f0   Data          48  pow.o(.constdata)
    P                                        0x08005920   Data          40  pow.o(.constdata)
    .constdata                               0x08005948   Section        8  qnan.o(.constdata)
    .data                                    0x20000000   Section       20  system_stm32f0xx.o(.data)
    .data                                    0x20000018   Section      164  radio.o(.data)
    RadioLoRaSymbTime                        0x20000018   Data         144  radio.o(.data)
    RadioPublicNetwork                       0x200000b6   Data           2  radio.o(.data)
    RadioEvents                              0x200000b8   Data           4  radio.o(.data)
    .data                                    0x200000bc   Section        9  sx126x.o(.data)
    OperatingMode                            0x200000bc   Data           1  sx126x.o(.data)
    PacketType                               0x200000bd   Data           1  sx126x.o(.data)
    ImageCalibrated                          0x200000c4   Data           1  sx126x.o(.data)
    .data                                    0x200000c5   Section       16  stm32f0xx_rcc.o(.data)
    APBAHBPrescTable                         0x200000c5   Data          16  stm32f0xx_rcc.o(.data)
    .data                                    0x200000d8   Section       16  stm32f0xx_it.o(.data)
    idx                                      0x200000e4   Data           4  stm32f0xx_it.o(.data)
    .data                                    0x200000e8   Section        4  uart.o(.data)
    .data                                    0x200000ec   Section        1  lora_node.o(.data)
    _recv_len                                0x200000ec   Data           1  lora_node.o(.data)
    .bss                                     0x200000f0   Section      336  radio.o(.bss)
    .bss                                     0x20000240   Section       25  lora_common.o(.bss)
    _send_data_info                          0x20000240   Data          25  lora_common.o(.bss)
    .bss                                     0x2000025c   Section       64  lora_node.o(.bss)
    _base_info                               0x2000025c   Data          12  lora_node.o(.bss)
    _RadioEvents                             0x20000268   Data          28  lora_node.o(.bss)
    _recv_buf                                0x20000284   Data          24  lora_node.o(.bss)
    .bss                                     0x2000029c   Section       96  libspace.o(.bss)
    HEAP                                     0x20000300   Section      512  startup_stm32f030.o(HEAP)
    Heap_Mem                                 0x20000300   Data         512  startup_stm32f030.o(HEAP)
    STACK                                    0x20000500   Section     1024  startup_stm32f030.o(STACK)
    Stack_Mem                                0x20000500   Data        1024  startup_stm32f030.o(STACK)
    __initial_sp                             0x20000900   Data           0  startup_stm32f030.o(STACK)

    Global Symbols

    Symbol Name                              Value     Ov Type        Size  Object(Section)

    BuildAttributes$$THM_ISAv3M$S$PE$A:L22$X:L11$S22$IEEE1$IW$USESV6$~STKCKD$USESV7$~SHL$OTIME$ROPI$IEEEX$EBA8$UX$STANDARDLIB$REQ8$PRES8$EABIv2 0x00000000   Number         0  anon$$obj.o ABSOLUTE
    __ARM_use_no_argv                        0x00000000   Number         0  main.o ABSOLUTE
    _printf_flags                            0x00000000   Number         0  printf_stubs.o ABSOLUTE
    _printf_return_value                     0x00000000   Number         0  printf_stubs.o ABSOLUTE
    _printf_sizespec                         0x00000000   Number         0  printf_stubs.o ABSOLUTE
    _printf_widthprec                        0x00000000   Number         0  printf_stubs.o ABSOLUTE
    __ARM_exceptions_init                     - Undefined Weak Reference
    __alloca_initialize                       - Undefined Weak Reference
    __arm_preinit_                            - Undefined Weak Reference
    __cpp_initialize__aeabi_                  - Undefined Weak Reference
    __cxa_finalize                            - Undefined Weak Reference
    __rt_locale                               - Undefined Weak Reference
    __sigvec_lookup                           - Undefined Weak Reference
    _atexit_init                              - Undefined Weak Reference
    _call_atexit_fns                          - Undefined Weak Reference
    _clock_init                               - Undefined Weak Reference
    _fp_trap_init                             - Undefined Weak Reference
    _fp_trap_shutdown                         - Undefined Weak Reference
    _get_lc_collate                           - Undefined Weak Reference
    _get_lc_ctype                             - Undefined Weak Reference
    _get_lc_monetary                          - Undefined Weak Reference
    _get_lc_numeric                           - Undefined Weak Reference
    _get_lc_time                              - Undefined Weak Reference
    _getenv_init                              - Undefined Weak Reference
    _handle_redirection                       - Undefined Weak Reference
    _init_alloc                               - Undefined Weak Reference
    _init_user_alloc                          - Undefined Weak Reference
    _initio                                   - Undefined Weak Reference
    _mutex_acquire                            - Undefined Weak Reference
    _mutex_release                            - Undefined Weak Reference
    _printf_mbtowc                            - Undefined Weak Reference
    _printf_truncate_signed                   - Undefined Weak Reference
    _printf_truncate_unsigned                 - Undefined Weak Reference
    _rand_init                                - Undefined Weak Reference
    _signal_finish                            - Undefined Weak Reference
    _signal_init                              - Undefined Weak Reference
    _terminate_alloc                          - Undefined Weak Reference
    _terminate_user_alloc                     - Undefined Weak Reference
    _terminateio                              - Undefined Weak Reference
    __Vectors_Size                           0x000000b4   Number         0  startup_stm32f030.o ABSOLUTE
    __Vectors                                0x08000000   Data           4  startup_stm32f030.o(RESET)
    __Vectors_End                            0x080000b4   Data           0  startup_stm32f030.o(RESET)
    __main                                   0x080000b5   Thumb Code     8  __main.o(!!!main)
    __scatterload                            0x080000bd   Thumb Code     0  __scatter.o(!!!scatter)
    __scatterload_rt2                        0x080000bd   Thumb Code    52  __scatter.o(!!!scatter)
    __scatterload_rt2_thumb_only             0x080000bd   Thumb Code     0  __scatter.o(!!!scatter)
    __scatterload_null                       0x080000cd   Thumb Code     0  __scatter.o(!!!scatter)
    __scatterload_copy                       0x080000f9   Thumb Code    26  __scatter_copy.o(!!handler_copy)
    __scatterload_zeroinit                   0x08000115   Thumb Code    28  __scatter_zi.o(!!handler_zi)
    _printf_percent                          0x08000131   Thumb Code     0  _printf_percent.o(.ARM.Collect$$_printf_percent$$00000000)
    _printf_d                                0x08000133   Thumb Code     0  _printf_d.o(.ARM.Collect$$_printf_percent$$00000009)
    _printf_x                                0x0800013d   Thumb Code     0  _printf_x.o(.ARM.Collect$$_printf_percent$$0000000C)
    _printf_s                                0x08000147   Thumb Code     0  _printf_s.o(.ARM.Collect$$_printf_percent$$00000014)
    _printf_percent_end                      0x08000151   Thumb Code     0  _printf_percent_end.o(.ARM.Collect$$_printf_percent$$00000017)
    __rt_lib_init                            0x08000155   Thumb Code     0  libinit.o(.ARM.Collect$$libinit$$00000000)
    __rt_lib_init_alloca_1                   0x08000157   Thumb Code     0  libinit2.o(.ARM.Collect$$libinit$$0000002E)
    __rt_lib_init_argv_1                     0x08000157   Thumb Code     0  libinit2.o(.ARM.Collect$$libinit$$0000002C)
    __rt_lib_init_atexit_1                   0x08000157   Thumb Code     0  libinit2.o(.ARM.Collect$$libinit$$0000001B)
    __rt_lib_init_clock_1                    0x08000157   Thumb Code     0  libinit2.o(.ARM.Collect$$libinit$$00000021)
    __rt_lib_init_cpp_1                      0x08000157   Thumb Code     0  libinit2.o(.ARM.Collect$$libinit$$00000032)
    __rt_lib_init_exceptions_1               0x08000157   Thumb Code     0  libinit2.o(.ARM.Collect$$libinit$$00000030)
    __rt_lib_init_fp_1                       0x08000157   Thumb Code     0  libinit2.o(.ARM.Collect$$libinit$$00000002)
    __rt_lib_init_fp_trap_1                  0x08000157   Thumb Code     0  libinit2.o(.ARM.Collect$$libinit$$0000001F)
    __rt_lib_init_getenv_1                   0x08000157   Thumb Code     0  libinit2.o(.ARM.Collect$$libinit$$00000023)
    __rt_lib_init_heap_1                     0x08000157   Thumb Code     0  libinit2.o(.ARM.Collect$$libinit$$0000000A)
    __rt_lib_init_lc_collate_1               0x08000157   Thumb Code     0  libinit2.o(.ARM.Collect$$libinit$$00000011)
    __rt_lib_init_lc_ctype_1                 0x08000157   Thumb Code     0  libinit2.o(.ARM.Collect$$libinit$$00000013)
    __rt_lib_init_lc_monetary_1              0x08000157   Thumb Code     0  libinit2.o(.ARM.Collect$$libinit$$00000015)
    __rt_lib_init_lc_numeric_1               0x08000157   Thumb Code     0  libinit2.o(.ARM.Collect$$libinit$$00000017)
    __rt_lib_init_lc_time_1                  0x08000157   Thumb Code     0  libinit2.o(.ARM.Collect$$libinit$$00000019)
    __rt_lib_init_preinit_1                  0x08000157   Thumb Code     0  libinit2.o(.ARM.Collect$$libinit$$00000004)
    __rt_lib_init_rand_1                     0x08000157   Thumb Code     0  libinit2.o(.ARM.Collect$$libinit$$0000000E)
    __rt_lib_init_return                     0x08000157   Thumb Code     0  libinit2.o(.ARM.Collect$$libinit$$00000033)
    __rt_lib_init_signal_1                   0x08000157   Thumb Code     0  libinit2.o(.ARM.Collect$$libinit$$0000001D)
    __rt_lib_init_stdio_1                    0x08000157   Thumb Code     0  libinit2.o(.ARM.Collect$$libinit$$00000025)
    __rt_lib_init_user_alloc_1               0x08000157   Thumb Code     0  libinit2.o(.ARM.Collect$$libinit$$0000000C)
    __rt_lib_shutdown                        0x08000159   Thumb Code     0  libshutdown.o(.ARM.Collect$$libshutdown$$00000000)
    __rt_lib_shutdown_cpp_1                  0x0800015b   Thumb Code     0  libshutdown2.o(.ARM.Collect$$libshutdown$$00000002)
    __rt_lib_shutdown_fp_trap_1              0x0800015b   Thumb Code     0  libshutdown2.o(.ARM.Collect$$libshutdown$$00000007)
    __rt_lib_shutdown_heap_1                 0x0800015b   Thumb Code     0  libshutdown2.o(.ARM.Collect$$libshutdown$$0000000F)
    __rt_lib_shutdown_return                 0x0800015b   Thumb Code     0  libshutdown2.o(.ARM.Collect$$libshutdown$$00000010)
    __rt_lib_shutdown_signal_1               0x0800015b   Thumb Code     0  libshutdown2.o(.ARM.Collect$$libshutdown$$0000000A)
    __rt_lib_shutdown_stdio_1                0x0800015b   Thumb Code     0  libshutdown2.o(.ARM.Collect$$libshutdown$$00000004)
    __rt_lib_shutdown_user_alloc_1           0x0800015b   Thumb Code     0  libshutdown2.o(.ARM.Collect$$libshutdown$$0000000C)
    __rt_entry                               0x0800015d   Thumb Code     0  __rtentry.o(.ARM.Collect$$rtentry$$00000000)
    __rt_entry_presh_1                       0x0800015d   Thumb Code     0  __rtentry2.o(.ARM.Collect$$rtentry$$00000002)
    __rt_entry_sh                            0x0800015d   Thumb Code     0  __rtentry4.o(.ARM.Collect$$rtentry$$00000004)
    __rt_entry_li                            0x08000163   Thumb Code     0  __rtentry2.o(.ARM.Collect$$rtentry$$0000000A)
    __rt_entry_postsh_1                      0x08000163   Thumb Code     0  __rtentry2.o(.ARM.Collect$$rtentry$$00000009)
    __rt_entry_main                          0x08000167   Thumb Code     0  __rtentry2.o(.ARM.Collect$$rtentry$$0000000D)
    __rt_entry_postli_1                      0x08000167   Thumb Code     0  __rtentry2.o(.ARM.Collect$$rtentry$$0000000C)
    __rt_exit                                0x0800016f   Thumb Code     0  rtexit.o(.ARM.Collect$$rtexit$$00000000)
    __rt_exit_ls                             0x08000171   Thumb Code     0  rtexit2.o(.ARM.Collect$$rtexit$$00000003)
    __rt_exit_prels_1                        0x08000171   Thumb Code     0  rtexit2.o(.ARM.Collect$$rtexit$$00000002)
    __rt_exit_exit                           0x08000175   Thumb Code     0  rtexit2.o(.ARM.Collect$$rtexit$$00000004)
    __aeabi_memcpy4                          0x0800017d   Thumb Code    56  rt_memcpy.o(.emb_text)
    __aeabi_memcpy8                          0x0800017d   Thumb Code     0  rt_memcpy.o(.emb_text)
    Reset_Handler                            0x080001b5   Thumb Code    38  startup_stm32f030.o(.text)
    DMA1_Channel1_IRQHandler                 0x080001e5   Thumb Code     0  startup_stm32f030.o(.text)
    DMA1_Channel2_3_IRQHandler               0x080001e5   Thumb Code     0  startup_stm32f030.o(.text)
    DMA1_Channel4_5_IRQHandler               0x080001e5   Thumb Code     0  startup_stm32f030.o(.text)
    EXTI2_3_IRQHandler                       0x080001e5   Thumb Code     0  startup_stm32f030.o(.text)
    EXTI4_15_IRQHandler                      0x080001e5   Thumb Code     0  startup_stm32f030.o(.text)
    FLASH_IRQHandler                         0x080001e5   Thumb Code     0  startup_stm32f030.o(.text)
    I2C1_IRQHandler                          0x080001e5   Thumb Code     0  startup_stm32f030.o(.text)
    I2C2_IRQHandler                          0x080001e5   Thumb Code     0  startup_stm32f030.o(.text)
    RCC_IRQHandler                           0x080001e5   Thumb Code     0  startup_stm32f030.o(.text)
    SPI1_IRQHandler                          0x080001e5   Thumb Code     0  startup_stm32f030.o(.text)
    TIM15_IRQHandler                         0x080001e5   Thumb Code     0  startup_stm32f030.o(.text)
    TIM16_IRQHandler                         0x080001e5   Thumb Code     0  startup_stm32f030.o(.text)
    TIM17_IRQHandler                         0x080001e5   Thumb Code     0  startup_stm32f030.o(.text)
    TIM1_BRK_UP_TRG_COM_IRQHandler           0x080001e5   Thumb Code     0  startup_stm32f030.o(.text)
    TIM1_CC_IRQHandler                       0x080001e5   Thumb Code     0  startup_stm32f030.o(.text)
    USART2_IRQHandler                        0x080001e5   Thumb Code     0  startup_stm32f030.o(.text)
    WWDG_IRQHandler                          0x080001e5   Thumb Code     0  startup_stm32f030.o(.text)
    __user_initial_stackheap                 0x080001e9   Thumb Code     0  startup_stm32f030.o(.text)
    __2printf                                0x08000229   Thumb Code    22  noretval__2printf.o(.text)
    _printf_pre_padding                      0x08000245   Thumb Code    44  _printf_pad.o(.text)
    _printf_post_padding                     0x08000271   Thumb Code    34  _printf_pad.o(.text)
    _printf_str                              0x08000293   Thumb Code    82  _printf_str.o(.text)
    _printf_int_dec                          0x080002e5   Thumb Code    90  _printf_dec.o(.text)
    _printf_int_hex                          0x08000351   Thumb Code    84  _printf_hex_int.o(.text)
    _printf_longlong_hex                     0x08000351   Thumb Code     0  _printf_hex_int.o(.text)
    __printf                                 0x080003a9   Thumb Code   306  __printf_flags_wp.o(.text)
    __aeabi_memcpy                           0x080004e1   Thumb Code   130  rt_memcpy.o(.text)
    __rt_memcpy                              0x080004e1   Thumb Code     0  rt_memcpy.o(.text)
    _memset_w                                0x08000563   Thumb Code    26  rt_memclr.o(.text)
    _memset                                  0x0800057d   Thumb Code    30  rt_memclr.o(.text)
    __aeabi_memclr                           0x0800059b   Thumb Code     4  rt_memclr.o(.text)
    __rt_memclr                              0x0800059b   Thumb Code     0  rt_memclr.o(.text)
    __aeabi_memclr4                          0x0800059f   Thumb Code     0  rt_memclr.o(.text)
    __aeabi_memclr8                          0x0800059f   Thumb Code     0  rt_memclr.o(.text)
    __rt_memclr_w                            0x0800059f   Thumb Code     4  rt_memclr.o(.text)
    __aeabi_uidiv                            0x080005a3   Thumb Code     0  aeabi_sdiv.o(.text)
    __aeabi_uidivmod                         0x080005a3   Thumb Code    20  aeabi_sdiv.o(.text)
    __aeabi_idiv                             0x080005b7   Thumb Code     0  aeabi_sdiv.o(.text)
    __aeabi_idivmod                          0x080005b7   Thumb Code   326  aeabi_sdiv.o(.text)
    __use_two_region_memory                  0x080006fd   Thumb Code     2  heapauxi.o(.text)
    __rt_heap_escrow$2region                 0x080006ff   Thumb Code     2  heapauxi.o(.text)
    __rt_heap_expand$2region                 0x08000701   Thumb Code     2  heapauxi.o(.text)
    __aeabi_dadd                             0x080009fd   Thumb Code     0  daddsub.o(.text)
    _dadd                                    0x080009fd   Thumb Code    26  daddsub.o(.text)
    __aeabi_dsub                             0x08000a17   Thumb Code     0  daddsub.o(.text)
    _dsub                                    0x08000a17   Thumb Code    22  daddsub.o(.text)
    __aeabi_drsub                            0x08000a2d   Thumb Code     0  daddsub.o(.text)
    _drsb                                    0x08000a2d   Thumb Code    28  daddsub.o(.text)
    __aeabi_ddiv                             0x08000a5d   Thumb Code     0  ddiv.o(.text)
    _ddiv                                    0x08000a5d   Thumb Code  1072  ddiv.o(.text)
    _drdiv                                   0x08000e8d   Thumb Code    20  ddiv.o(.text)
    __aeabi_d2uiz                            0x08000ea5   Thumb Code     0  dfixui.o(.text)
    _dfixu                                   0x08000ea5   Thumb Code    68  dfixui.o(.text)
    __aeabi_i2d_normalise                    0x08000eed   Thumb Code    66  dflti.o(.text)
    __aeabi_i2d                              0x08000f2f   Thumb Code    16  dflti.o(.text)
    _dflt                                    0x08000f2f   Thumb Code     0  dflti.o(.text)
    __aeabi_ui2d                             0x08000f3f   Thumb Code     6  dflti.o(.text)
    _dfltu                                   0x08000f3f   Thumb Code     0  dflti.o(.text)
    __aeabi_dmul                             0x08000f45   Thumb Code     0  dmul.o(.text)
    _dmul                                    0x08000f45   Thumb Code   558  dmul.o(.text)
    __read_errno                             0x0800118d   Thumb Code    10  _rserrno.o(.text)
    __set_errno                              0x08001197   Thumb Code    12  _rserrno.o(.text)
    _printf_int_common                       0x080011a3   Thumb Code   176  _printf_intcommon.o(.text)
    _printf_cs_common                        0x08001253   Thumb Code    22  _printf_char.o(.text)
    _printf_char                             0x08001269   Thumb Code    16  _printf_char.o(.text)
    _printf_string                           0x08001279   Thumb Code     8  _printf_char.o(.text)
    _printf_char_file                        0x08001281   Thumb Code    34  _printf_char_file.o(.text)
    __rt_udiv10                              0x080012a9   Thumb Code    40  rtudiv10.o(.text)
    __fpl_dcmp_InfNaN                        0x080012d1   Thumb Code   140  dcmpin.o(.text)
    _drnd                                    0x08001361   Thumb Code   232  drnd.o(.text)
    __ARM_scalbn                             0x08001451   Thumb Code    84  dscalbn.o(.text)
    __aeabi_errno_addr                       0x080014b1   Thumb Code     8  rt_errno_addr_intlibspace.o(.text)
    __errno$intlibspace                      0x080014b1   Thumb Code     0  rt_errno_addr_intlibspace.o(.text)
    __rt_errno_addr$intlibspace              0x080014b1   Thumb Code     0  rt_errno_addr_intlibspace.o(.text)
    _printf_char_common                      0x080014c3   Thumb Code    32  _printf_char_common.o(.text)
    ferror                                   0x080014e9   Thumb Code     8  ferror.o(.text)
    __fpl_cmpreturn                          0x080014f1   Thumb Code    46  cmpret.o(.text)
    __fpl_dcheck_NaN2                        0x08001521   Thumb Code    14  dnan2.o(.text)
    _dsqrt                                   0x08001535   Thumb Code   248  dsqrt.o(.text)
    __user_libspace                          0x08001635   Thumb Code     8  libspace.o(.text)
    __user_perproc_libspace                  0x08001635   Thumb Code     0  libspace.o(.text)
    __user_perthread_libspace                0x08001635   Thumb Code     0  libspace.o(.text)
    __user_setup_stackheap                   0x0800163d   Thumb Code    62  sys_stackheap_outer.o(.text)
    exit                                     0x0800167b   Thumb Code    16  exit.o(.text)
    __fpl_return_NaN                         0x0800168b   Thumb Code    94  retnan.o(.text)
    _sys_exit                                0x080016e9   Thumb Code     8  sys_exit.o(.text)
    __I$use$semihosting                      0x080016f5   Thumb Code     0  use_no_semi.o(.text)
    __use_no_semihosting_swi                 0x080016f5   Thumb Code     2  use_no_semi.o(.text)
    ADC1_IRQHandler                          0x080016f7   Thumb Code     2  stm32f0xx_it.o(i.ADC1_IRQHandler)
    __semihosting_library_function           0x080016f7   Thumb Code     0  indicate_semi.o(.text)
    Delay_Ms                                 0x080016f9   Thumb Code    28  delay.o(i.Delay_Ms)
    EXTI0_1_IRQHandler                       0x08001719   Thumb Code    20  stm32f0xx_it.o(i.EXTI0_1_IRQHandler)
    EXTI_ClearITPendingBit                   0x0800172d   Thumb Code     6  stm32f0xx_exti.o(i.EXTI_ClearITPendingBit)
    EXTI_GetITStatus                         0x08001739   Thumb Code    22  stm32f0xx_exti.o(i.EXTI_GetITStatus)
    GPIO_Init                                0x08001755   Thumb Code   144  stm32f0xx_gpio.o(i.GPIO_Init)
    GPIO_PinAFConfig                         0x080017e5   Thumb Code    68  stm32f0xx_gpio.o(i.GPIO_PinAFConfig)
    GPIO_ReadInputDataBit                    0x08001829   Thumb Code    20  stm32f0xx_gpio.o(i.GPIO_ReadInputDataBit)
    GPIO_WriteBit                            0x0800183d   Thumb Code    12  stm32f0xx_gpio.o(i.GPIO_WriteBit)
    GPIO_int                                 0x08001849   Thumb Code   322  gpio.o(i.GPIO_int)
    HAL_Delay_nMS                            0x08001991   Thumb Code    20  delay.o(i.HAL_Delay_nMS)
    HW_int                                   0x080019a9   Thumb Code    40  main.o(i.HW_int)
    HardFault_Handler                        0x080019d1   Thumb Code     4  stm32f0xx_it.o(i.HardFault_Handler)
    NMI_Handler                              0x080019d5   Thumb Code     2  stm32f0xx_it.o(i.NMI_Handler)
    NVIC_Init                                0x080019d9   Thumb Code   106  stm32f0xx_misc.o(i.NVIC_Init)
    PWR_BackupAccessCmd                      0x08001ac1   Thumb Code    36  stm32f0xx_pwr.o(i.PWR_BackupAccessCmd)
    PWR_EnterSTANDBYMode                     0x08001ae9   Thumb Code    28  stm32f0xx_pwr.o(i.PWR_EnterSTANDBYMode)
    PendSV_Handler                           0x08001b0d   Thumb Code     2  stm32f0xx_it.o(i.PendSV_Handler)
    RCC_AHBPeriphClockCmd                    0x08001b11   Thumb Code    28  stm32f0xx_rcc.o(i.RCC_AHBPeriphClockCmd)
    RCC_APB1PeriphClockCmd                   0x08001b31   Thumb Code    28  stm32f0xx_rcc.o(i.RCC_APB1PeriphClockCmd)
    RCC_APB2PeriphClockCmd                   0x08001b51   Thumb Code    28  stm32f0xx_rcc.o(i.RCC_APB2PeriphClockCmd)
    RCC_Configuration                        0x08001b71   Thumb Code    30  main.o(i.RCC_Configuration)
    RCC_DeInit                               0x08001b99   Thumb Code   102  stm32f0xx_rcc.o(i.RCC_DeInit)
    RCC_GetClocksFreq                        0x08001c11   Thumb Code   554  stm32f0xx_rcc.o(i.RCC_GetClocksFreq)
    RCC_GetFlagStatus                        0x08001e5d   Thumb Code    68  stm32f0xx_rcc.o(i.RCC_GetFlagStatus)
    RCC_GetSYSCLKSource                      0x08001ea5   Thumb Code    10  stm32f0xx_rcc.o(i.RCC_GetSYSCLKSource)
    RCC_HSICmd                               0x08001eb5   Thumb Code    32  stm32f0xx_rcc.o(i.RCC_HSICmd)
    RCC_LSICmd                               0x08001ed9   Thumb Code    32  stm32f0xx_rcc.o(i.RCC_LSICmd)
    RCC_PLLCmd                               0x08001efd   Thumb Code    36  stm32f0xx_rcc.o(i.RCC_PLLCmd)
    RCC_PLLConfig                            0x08001f25   Thumb Code    30  stm32f0xx_rcc.o(i.RCC_PLLConfig)
    RCC_RTCCLKCmd                            0x08001f49   Thumb Code    36  stm32f0xx_rcc.o(i.RCC_RTCCLKCmd)
    RCC_RTCCLKConfig                         0x08001f71   Thumb Code    12  stm32f0xx_rcc.o(i.RCC_RTCCLKConfig)
    RCC_SYSCLKConfig                         0x08001f81   Thumb Code    24  stm32f0xx_rcc.o(i.RCC_SYSCLKConfig)
    RTC_AlarmCmd                             0x08001f9d   Thumb Code   106  stm32f0xx_rtc.o(i.RTC_AlarmCmd)
    RTC_Alarm_Config                         0x0800200d   Thumb Code   146  rtc.o(i.RTC_Alarm_Config)
    RTC_ClearITPendingBit                    0x080020dd   Thumb Code    30  stm32f0xx_rtc.o(i.RTC_ClearITPendingBit)
    RTC_DateStructInit                       0x08002101   Thumb Code    14  stm32f0xx_rtc.o(i.RTC_DateStructInit)
    RTC_EnterInitMode                        0x08002111   Thumb Code    82  stm32f0xx_rtc.o(i.RTC_EnterInitMode)
    RTC_ExitInitMode                         0x08002169   Thumb Code    14  stm32f0xx_rtc.o(i.RTC_ExitInitMode)
    RTC_GetTime                              0x0800217d   Thumb Code    84  stm32f0xx_rtc.o(i.RTC_GetTime)
    RTC_IRQHandler                           0x080021d9   Thumb Code    10  stm32f0xx_it.o(i.RTC_IRQHandler)
    RTC_ITConfig                             0x080021fd   Thumb Code    94  stm32f0xx_rtc.o(i.RTC_ITConfig)
    RTC_Init                                 0x08002261   Thumb Code    84  stm32f0xx_rtc.o(i.RTC_Init)
    RTC_SetAlarm                             0x080022b9   Thumb Code   210  stm32f0xx_rtc.o(i.RTC_SetAlarm)
    RTC_SetDate                              0x08002391   Thumb Code   198  stm32f0xx_rtc.o(i.RTC_SetDate)
    RTC_SetTime                              0x08002461   Thumb Code   208  stm32f0xx_rtc.o(i.RTC_SetTime)
    RTC_WaitForSynchro                       0x08002539   Thumb Code   104  stm32f0xx_rtc.o(i.RTC_WaitForSynchro)
    RadioCheckRfFrequency                    0x080025a5   Thumb Code     6  radio.o(i.RadioCheckRfFrequency)
    RadioGetStatus                           0x080025e9   Thumb Code    36  radio.o(i.RadioGetStatus)
    RadioGetWakeupTime                       0x0800260d   Thumb Code     4  radio.o(i.RadioGetWakeupTime)
    RadioInit                                0x08002611   Thumb Code    62  radio.o(i.RadioInit)
    RadioIrqProcess                          0x08002661   Thumb Code   336  radio.o(i.RadioIrqProcess)
    RadioIsChannelFree                       0x080027c5   Thumb Code    42  radio.o(i.RadioIsChannelFree)
    RadioOnDioIrq                            0x080027f1   Thumb Code     8  radio.o(i.RadioOnDioIrq)
    RadioRandom                              0x080027fd   Thumb Code    54  radio.o(i.RadioRandom)
    RadioRead                                0x08002833   Thumb Code    12  radio.o(i.RadioRead)
    RadioReadBuffer                          0x0800283f   Thumb Code    20  radio.o(i.RadioReadBuffer)
    RadioRssi                                0x08002853   Thumb Code    10  radio.o(i.RadioRssi)
    RadioRx                                  0x0800285d   Thumb Code    40  radio.o(i.RadioRx)
    RadioRxBoosted                           0x08002891   Thumb Code    40  radio.o(i.RadioRxBoosted)
    RadioSend                                0x080028c5   Thumb Code    54  radio.o(i.RadioSend)
    RadioSetChannel                          0x08002905   Thumb Code    12  radio.o(i.RadioSetChannel)
    RadioSetMaxPayloadLength                 0x08002911   Thumb Code    46  radio.o(i.RadioSetMaxPayloadLength)
    RadioSetModem                            0x08002949   Thumb Code    66  radio.o(i.RadioSetModem)
    RadioSetPublicNetwork                    0x08002991   Thumb Code    60  radio.o(i.RadioSetPublicNetwork)
    RadioSetRxConfig                         0x080029d5   Thumb Code   518  radio.o(i.RadioSetRxConfig)
    RadioSetRxDutyCycle                      0x08002c0d   Thumb Code    16  radio.o(i.RadioSetRxDutyCycle)
    RadioSetTxConfig                         0x08002c1d   Thumb Code   398  radio.o(i.RadioSetTxConfig)
    RadioSetTxContinuousWave                 0x08002dc9   Thumb Code    26  radio.o(i.RadioSetTxContinuousWave)
    RadioSleep                               0x08002de3   Thumb Code    32  radio.o(i.RadioSleep)
    RadioStandby                             0x08002e03   Thumb Code    10  radio.o(i.RadioStandby)
    RadioStartCad                            0x08002e0d   Thumb Code     8  radio.o(i.RadioStartCad)
    RadioTimeOnAir                           0x08002e15   Thumb Code   512  radio.o(i.RadioTimeOnAir)
    RadioWrite                               0x08003035   Thumb Code    16  radio.o(i.RadioWrite)
    RadioWriteBuffer                         0x08003045   Thumb Code    20  radio.o(i.RadioWriteBuffer)
    SPI2_IRQHandler                          0x08003059   Thumb Code     2  stm32f0xx_it.o(i.SPI2_IRQHandler)
    SPI2_Int                                 0x0800305d   Thumb Code    76  spi.o(i.SPI2_Int)
    SPI_Cmd                                  0x080030ad   Thumb Code    24  stm32f0xx_spi.o(i.SPI_Cmd)
    SPI_I2S_GetFlagStatus                    0x080030c9   Thumb Code    20  stm32f0xx_spi.o(i.SPI_I2S_GetFlagStatus)
    SPI_Init                                 0x080030dd   Thumb Code    76  stm32f0xx_spi.o(i.SPI_Init)
    SPI_ReceiveData8                         0x08003135   Thumb Code    12  stm32f0xx_spi.o(i.SPI_ReceiveData8)
    SPI_RxFIFOThresholdConfig                0x08003141   Thumb Code    16  stm32f0xx_spi.o(i.SPI_RxFIFOThresholdConfig)
    SPI_SendData8                            0x08003155   Thumb Code    10  stm32f0xx_spi.o(i.SPI_SendData8)
    SVC_Handler                              0x0800315f   Thumb Code     2  stm32f0xx_it.o(i.SVC_Handler)
    SX126xAntSwOff                           0x08003161   Thumb Code     2  sx126x-board.o(i.SX126xAntSwOff)
    SX126xAntSwOn                            0x08003163   Thumb Code     2  sx126x-board.o(i.SX126xAntSwOn)
    SX126xCalibrateImage                     0x08003165   Thumb Code   104  sx126x.o(i.SX126xCalibrateImage)
    SX126xCheckDeviceReady                   0x080031e1   Thumb Code    32  sx126x.o(i.SX126xCheckDeviceReady)
    SX126xClearIrqStatus                     0x08003201   Thumb Code    26  sx126x.o(i.SX126xClearIrqStatus)
    SX126xGetIrqStatus                       0x0800321b   Thumb Code    24  sx126x.o(i.SX126xGetIrqStatus)
    SX126xGetOperatingMode                   0x08003235   Thumb Code     6  sx126x.o(i.SX126xGetOperatingMode)
    SX126xGetPaSelect                        0x08003241   Thumb Code     6  sx126x-board.o(i.SX126xGetPaSelect)
    SX126xGetPacketStatus                    0x08003249   Thumb Code   154  sx126x.o(i.SX126xGetPacketStatus)
    SX126xGetPacketType                      0x080032e9   Thumb Code     6  sx126x.o(i.SX126xGetPacketType)
    SX126xGetPayload                         0x080032f5   Thumb Code    46  sx126x.o(i.SX126xGetPayload)
    SX126xGetRssiInst                        0x08003323   Thumb Code    28  sx126x.o(i.SX126xGetRssiInst)
    SX126xGetRxBufferStatus                  0x08003341   Thumb Code    62  sx126x.o(i.SX126xGetRxBufferStatus)
    SX126xInit                               0x08003385   Thumb Code    32  sx126x.o(i.SX126xInit)
    SX126xReadBuffer                         0x080033a9   Thumb Code    78  sx126x-board.o(i.SX126xReadBuffer)
    SX126xReadCommand                        0x080033fd   Thumb Code    72  sx126x-board.o(i.SX126xReadCommand)
    SX126xReadRegister                       0x08003449   Thumb Code    20  sx126x-board.o(i.SX126xReadRegister)
    SX126xReadRegisters                      0x0800345d   Thumb Code    90  sx126x-board.o(i.SX126xReadRegisters)
    SX126xReset                              0x080034bd   Thumb Code    42  sx126x-board.o(i.SX126xReset)
    SX126xSendPayload                        0x080034ed   Thumb Code    24  sx126x.o(i.SX126xSendPayload)
    SX126xSetBufferBaseAddress               0x08003505   Thumb Code    24  sx126x.o(i.SX126xSetBufferBaseAddress)
    SX126xSetCad                             0x0800351d   Thumb Code    20  sx126x.o(i.SX126xSetCad)
    SX126xSetCadParams                       0x08003535   Thumb Code    62  sx126x.o(i.SX126xSetCadParams)
    SX126xSetCrcPolynomial                   0x08003579   Thumb Code    40  sx126x.o(i.SX126xSetCrcPolynomial)
    SX126xSetCrcSeed                         0x080035a5   Thumb Code    40  sx126x.o(i.SX126xSetCrcSeed)
    SX126xSetDio2AsRfSwitchCtrl              0x080035d1   Thumb Code    14  sx126x.o(i.SX126xSetDio2AsRfSwitchCtrl)
    SX126xSetDioIrqParams                    0x080035df   Thumb Code    62  sx126x.o(i.SX126xSetDioIrqParams)
    SX126xSetLoRaSymbNumTimeout              0x0800361d   Thumb Code    14  sx126x.o(i.SX126xSetLoRaSymbNumTimeout)
    SX126xSetModulationParams                0x0800362d   Thumb Code   252  sx126x.o(i.SX126xSetModulationParams)
    SX126xSetPaConfig                        0x08003739   Thumb Code    32  sx126x.o(i.SX126xSetPaConfig)
    SX126xSetPacketParams                    0x08003759   Thumb Code   190  sx126x.o(i.SX126xSetPacketParams)
    SX126xSetPacketType                      0x0800382d   Thumb Code    22  sx126x.o(i.SX126xSetPacketType)
    SX126xSetPayload                         0x08003849   Thumb Code    18  sx126x.o(i.SX126xSetPayload)
    SX126xSetRegulatorMode                   0x0800385b   Thumb Code    14  sx126x.o(i.SX126xSetRegulatorMode)
    SX126xSetRfFrequency                     0x08003869   Thumb Code   124  sx126x.o(i.SX126xSetRfFrequency)
    SX126xSetRfTxPower                       0x080038f1   Thumb Code    14  sx126x-board.o(i.SX126xSetRfTxPower)
    SX126xSetRx                              0x08003901   Thumb Code    40  sx126x.o(i.SX126xSetRx)
    SX126xSetRxBoosted                       0x0800392d   Thumb Code    48  sx126x.o(i.SX126xSetRxBoosted)
    SX126xSetRxDutyCycle                     0x08003965   Thumb Code    60  sx126x.o(i.SX126xSetRxDutyCycle)
    SX126xSetSleep                           0x080039a5   Thumb Code    24  sx126x.o(i.SX126xSetSleep)
    SX126xSetStandby                         0x080039c1   Thumb Code    36  sx126x.o(i.SX126xSetStandby)
    SX126xSetStopRxTimerOnPreambleDetect     0x080039e9   Thumb Code    14  sx126x.o(i.SX126xSetStopRxTimerOnPreambleDetect)
    SX126xSetSyncWord                        0x080039f7   Thumb Code    20  sx126x.o(i.SX126xSetSyncWord)
    SX126xSetTx                              0x08003a0d   Thumb Code    40  sx126x.o(i.SX126xSetTx)
    SX126xSetTxContinuousWave                0x08003a39   Thumb Code    14  sx126x.o(i.SX126xSetTxContinuousWave)
    SX126xSetTxParams                        0x08003a49   Thumb Code   130  sx126x.o(i.SX126xSetTxParams)
    SX126xSetWhiteningSeed                   0x08003ad1   Thumb Code    60  sx126x.o(i.SX126xSetWhiteningSeed)
    SX126xWaitOnBusy                         0x08003b11   Thumb Code    20  sx126x-board.o(i.SX126xWaitOnBusy)
    SX126xWakeup                             0x08003b29   Thumb Code    42  sx126x-board.o(i.SX126xWakeup)
    SX126xWriteBuffer                        0x08003b59   Thumb Code    70  sx126x-board.o(i.SX126xWriteBuffer)
    SX126xWriteCommand                       0x08003ba5   Thumb Code    68  sx126x-board.o(i.SX126xWriteCommand)
    SX126xWriteRegister                      0x08003bed   Thumb Code    16  sx126x-board.o(i.SX126xWriteRegister)
    SX126xWriteRegisters                     0x08003bfd   Thumb Code    82  sx126x-board.o(i.SX126xWriteRegisters)
    SpiInOut                                 0x08003d2d   Thumb Code    48  spi.o(i.SpiInOut)
    SysClock_48                              0x08003d61   Thumb Code   102  main.o(i.SysClock_48)
    SysTick_Handler                          0x08003dd1   Thumb Code    22  stm32f0xx_it.o(i.SysTick_Handler)
    SystemInit                               0x08003df1   Thumb Code   110  system_stm32f0xx.o(i.SystemInit)
    TIM14_IRQHandler                         0x08003e6d   Thumb Code    24  stm32f0xx_it.o(i.TIM14_IRQHandler)
    TIM3_IRQHandler                          0x08003e89   Thumb Code    92  stm32f0xx_it.o(i.TIM3_IRQHandler)
    TIM_ClearITPendingBit                    0x08003ef1   Thumb Code     6  stm32f0xx_tim.o(i.TIM_ClearITPendingBit)
    TIM_Cmd                                  0x08003ef9   Thumb Code    24  stm32f0xx_tim.o(i.TIM_Cmd)
    TIM_GetITStatus                          0x08003f15   Thumb Code    38  stm32f0xx_tim.o(i.TIM_GetITStatus)
    TIM_ITConfig                             0x08003f3b   Thumb Code    20  stm32f0xx_tim.o(i.TIM_ITConfig)
    TIM_TimeBaseInit                         0x08003f51   Thumb Code    90  stm32f0xx_tim.o(i.TIM_TimeBaseInit)
    Tick_Configration                        0x08003fcd   Thumb Code    64  main.o(i.Tick_Configration)
    USART1_IRQHandler                        0x08004019   Thumb Code     2  stm32f0xx_it.o(i.USART1_IRQHandler)
    USART_Cmd                                0x0800401b   Thumb Code    24  stm32f0xx_usart.o(i.USART_Cmd)
    USART_Init                               0x08004035   Thumb Code   226  stm32f0xx_usart.o(i.USART_Init)
    UartInit                                 0x0800412d   Thumb Code   114  uart.o(i.UartInit)
    __ARM_fpclassify                         0x0800429d   Thumb Code    40  fpclassify.o(i.__ARM_fpclassify)
    __kernel_poly                            0x080042c9   Thumb Code   172  poly.o(i.__kernel_poly)
    __mathlib_dbl_divzero                    0x08004375   Thumb Code    16  dunder.o(i.__mathlib_dbl_divzero)
    __mathlib_dbl_infnan2                    0x08004389   Thumb Code     8  dunder.o(i.__mathlib_dbl_infnan2)
    __mathlib_dbl_invalid                    0x08004391   Thumb Code    16  dunder.o(i.__mathlib_dbl_invalid)
    __mathlib_dbl_overflow                   0x080043a1   Thumb Code    16  dunder.o(i.__mathlib_dbl_overflow)
    __mathlib_dbl_underflow                  0x080043b5   Thumb Code    14  dunder.o(i.__mathlib_dbl_underflow)
    _is_digit                                0x08004461   Thumb Code    14  __printf_wp.o(i._is_digit)
    ceil                                     0x080045ed   Thumb Code   180  ceil.o(i.ceil)
    floor                                    0x080046b5   Thumb Code   180  floor.o(i.floor)
    fputc                                    0x0800477d   Thumb Code    24  uart.o(i.fputc)
    lora_change_state                        0x08004799   Thumb Code     6  lora_node.o(i.lora_change_state)
    lora_common_crc                          0x080047a5   Thumb Code    26  lora_common.o(i.lora_common_crc)
    lora_common_get_data                     0x080047c1   Thumb Code    12  lora_common.o(i.lora_common_get_data)
    lora_common_snd_beg                      0x080047d1   Thumb Code    48  lora_common.o(i.lora_common_snd_beg)
    lora_common_snd_end                      0x08004805   Thumb Code    52  lora_common.o(i.lora_common_snd_end)
    lora_common_snd_join                     0x0800483d   Thumb Code    80  lora_common.o(i.lora_common_snd_join)
    lora_node_init                           0x08004891   Thumb Code   180  lora_node.o(i.lora_node_init)
    lora_node_task                           0x08004999   Thumb Code   198  lora_node.o(i.lora_node_task)
    main                                     0x08004a65   Thumb Code    66  main.o(i.main)
    pow                                      0x08004af5   Thumb Code  2548  pow.o(i.pow)
    rint                                     0x080054f1   Thumb Code     8  rint.o(i.rint)
    rtc_get_time                             0x080054f9   Thumb Code    14  rtc.o(i.rtc_get_time)
    rtc_set                                  0x08005507   Thumb Code   142  rtc.o(i.rtc_set)
    sqrt                                     0x08005595   Thumb Code    66  sqrt.o(i.sqrt)
    timerInit                                0x080055dd   Thumb Code    70  main.o(i.timerInit)
    __aeabi_cdrcmple                         0x0800562d   Thumb Code     0  drlef.o(x$fpl$drleqf)
    _drcmple                                 0x0800562d   Thumb Code   100  drlef.o(x$fpl$drleqf)
    Radio                                    0x08005694   Data         108  radio.o(.constdata)
    __I$use$fp                               0x08005694   Number         0  usenofp.o(x$fpl$usenofp)
    FskBandwidths                            0x08005700   Data         176  radio.o(.constdata)
    Bandwidths                               0x080057b0   Data           3  radio.o(.constdata)
    __mathlib_zero                           0x08005948   Data           8  qnan.o(.constdata)
    Region$$Table$$Base                      0x08005950   Number         0  anon$$obj.o(Region$$Table)
    Region$$Table$$Limit                     0x08005970   Number         0  anon$$obj.o(Region$$Table)
    SystemCoreClock                          0x20000000   Data           4  system_stm32f0xx.o(.data)
    AHBPrescTable                            0x20000004   Data          16  system_stm32f0xx.o(.data)
    MaxPayloadLength                         0x200000a8   Data           1  radio.o(.data)
    TxTimeout                                0x200000ac   Data           4  radio.o(.data)
    RxTimeout                                0x200000b0   Data           4  radio.o(.data)
    RxContinuous                             0x200000b4   Data           1  radio.o(.data)
    IrqFired                                 0x200000b5   Data           1  radio.o(.data)
    FrequencyError                           0x200000c0   Data           4  sx126x.o(.data)
    TickCounter                              0x200000d8   Data           4  stm32f0xx_it.o(.data)
    ticktimer                                0x200000dc   Data           4  stm32f0xx_it.o(.data)
    count_timer                              0x200000e0   Data           4  stm32f0xx_it.o(.data)
    __stdout                                 0x200000e8   Data           4  uart.o(.data)
    RadioPktStatus                           0x200000f0   Data          20  radio.o(.bss)
    RadioRxPayload                           0x20000104   Data         255  radio.o(.bss)
    SX126x                                   0x20000204   Data          60  radio.o(.bss)
    __libspace_start                         0x2000029c   Data          96  libspace.o(.bss)
    __temporary_stack_top$libspace           0x200002fc   Data           0  libspace.o(.bss)



==============================================================================

Memory Map of the image

  Image Entry point : 0x080000b5

  Load Region LR_IROM1 (Base: 0x08000000, Size: 0x00005a60, Max: 0x00010000, ABSOLUTE)

    Execution Region ER_IROM1 (Exec base: 0x08000000, Load base: 0x08000000, Size: 0x00005970, Max: 0x00010000, ABSOLUTE)

    Exec Addr    Load Addr    Size         Type   Attr      Idx    E Section Name        Object

    0x08000000   0x08000000   0x000000b4   Data   RO            3    RESET               startup_stm32f030.o
    0x080000b4   0x080000b4   0x00000008   Code   RO         5170  * !!!main             c_p.l(__main.o)
    0x080000bc   0x080000bc   0x0000003c   Code   RO         5440    !!!scatter          c_p.l(__scatter.o)
    0x080000f8   0x080000f8   0x0000001a   Code   RO         5442    !!handler_copy      c_p.l(__scatter_copy.o)
    0x08000112   0x08000112   0x00000002   PAD
    0x08000114   0x08000114   0x0000001c   Code   RO         5444    !!handler_zi        c_p.l(__scatter_zi.o)
    0x08000130   0x08000130   0x00000002   Code   RO         5155    .ARM.Collect$$_printf_percent$$00000000  c_p.l(_printf_percent.o)
    0x08000132   0x08000132   0x0000000a   Code   RO         5154    .ARM.Collect$$_printf_percent$$00000009  c_p.l(_printf_d.o)
    0x0800013c   0x0800013c   0x0000000a   Code   RO         5153    .ARM.Collect$$_printf_percent$$0000000C  c_p.l(_printf_x.o)
    0x08000146   0x08000146   0x0000000a   Code   RO         5152    .ARM.Collect$$_printf_percent$$00000014  c_p.l(_printf_s.o)
    0x08000150   0x08000150   0x00000004   Code   RO         5218    .ARM.Collect$$_printf_percent$$00000017  c_p.l(_printf_percent_end.o)
    0x08000154   0x08000154   0x00000002   Code   RO         5310    .ARM.Collect$$libinit$$00000000  c_p.l(libinit.o)
    0x08000156   0x08000156   0x00000000   Code   RO         5323    .ARM.Collect$$libinit$$00000002  c_p.l(libinit2.o)
    0x08000156   0x08000156   0x00000000   Code   RO         5325    .ARM.Collect$$libinit$$00000004  c_p.l(libinit2.o)
    0x08000156   0x08000156   0x00000000   Code   RO         5328    .ARM.Collect$$libinit$$0000000A  c_p.l(libinit2.o)
    0x08000156   0x08000156   0x00000000   Code   RO         5330    .ARM.Collect$$libinit$$0000000C  c_p.l(libinit2.o)
    0x08000156   0x08000156   0x00000000   Code   RO         5332    .ARM.Collect$$libinit$$0000000E  c_p.l(libinit2.o)
    0x08000156   0x08000156   0x00000000   Code   RO         5335    .ARM.Collect$$libinit$$00000011  c_p.l(libinit2.o)
    0x08000156   0x08000156   0x00000000   Code   RO         5337    .ARM.Collect$$libinit$$00000013  c_p.l(libinit2.o)
    0x08000156   0x08000156   0x00000000   Code   RO         5339    .ARM.Collect$$libinit$$00000015  c_p.l(libinit2.o)
    0x08000156   0x08000156   0x00000000   Code   RO         5341    .ARM.Collect$$libinit$$00000017  c_p.l(libinit2.o)
    0x08000156   0x08000156   0x00000000   Code   RO         5343    .ARM.Collect$$libinit$$00000019  c_p.l(libinit2.o)
    0x08000156   0x08000156   0x00000000   Code   RO         5345    .ARM.Collect$$libinit$$0000001B  c_p.l(libinit2.o)
    0x08000156   0x08000156   0x00000000   Code   RO         5347    .ARM.Collect$$libinit$$0000001D  c_p.l(libinit2.o)
    0x08000156   0x08000156   0x00000000   Code   RO         5349    .ARM.Collect$$libinit$$0000001F  c_p.l(libinit2.o)
    0x08000156   0x08000156   0x00000000   Code   RO         5351    .ARM.Collect$$libinit$$00000021  c_p.l(libinit2.o)
    0x08000156   0x08000156   0x00000000   Code   RO         5353    .ARM.Collect$$libinit$$00000023  c_p.l(libinit2.o)
    0x08000156   0x08000156   0x00000000   Code   RO         5355    .ARM.Collect$$libinit$$00000025  c_p.l(libinit2.o)
    0x08000156   0x08000156   0x00000000   Code   RO         5359    .ARM.Collect$$libinit$$0000002C  c_p.l(libinit2.o)
    0x08000156   0x08000156   0x00000000   Code   RO         5361    .ARM.Collect$$libinit$$0000002E  c_p.l(libinit2.o)
    0x08000156   0x08000156   0x00000000   Code   RO         5363    .ARM.Collect$$libinit$$00000030  c_p.l(libinit2.o)
    0x08000156   0x08000156   0x00000000   Code   RO         5365    .ARM.Collect$$libinit$$00000032  c_p.l(libinit2.o)
    0x08000156   0x08000156   0x00000002   Code   RO         5366    .ARM.Collect$$libinit$$00000033  c_p.l(libinit2.o)
    0x08000158   0x08000158   0x00000002   Code   RO         5397    .ARM.Collect$$libshutdown$$00000000  c_p.l(libshutdown.o)
    0x0800015a   0x0800015a   0x00000000   Code   RO         5423    .ARM.Collect$$libshutdown$$00000002  c_p.l(libshutdown2.o)
    0x0800015a   0x0800015a   0x00000000   Code   RO         5425    .ARM.Collect$$libshutdown$$00000004  c_p.l(libshutdown2.o)
    0x0800015a   0x0800015a   0x00000000   Code   RO         5428    .ARM.Collect$$libshutdown$$00000007  c_p.l(libshutdown2.o)
    0x0800015a   0x0800015a   0x00000000   Code   RO         5431    .ARM.Collect$$libshutdown$$0000000A  c_p.l(libshutdown2.o)
    0x0800015a   0x0800015a   0x00000000   Code   RO         5433    .ARM.Collect$$libshutdown$$0000000C  c_p.l(libshutdown2.o)
    0x0800015a   0x0800015a   0x00000000   Code   RO         5436    .ARM.Collect$$libshutdown$$0000000F  c_p.l(libshutdown2.o)
    0x0800015a   0x0800015a   0x00000002   Code   RO         5437    .ARM.Collect$$libshutdown$$00000010  c_p.l(libshutdown2.o)
    0x0800015c   0x0800015c   0x00000000   Code   RO         5205    .ARM.Collect$$rtentry$$00000000  c_p.l(__rtentry.o)
    0x0800015c   0x0800015c   0x00000000   Code   RO         5256    .ARM.Collect$$rtentry$$00000002  c_p.l(__rtentry2.o)
    0x0800015c   0x0800015c   0x00000006   Code   RO         5268    .ARM.Collect$$rtentry$$00000004  c_p.l(__rtentry4.o)
    0x08000162   0x08000162   0x00000000   Code   RO         5258    .ARM.Collect$$rtentry$$00000009  c_p.l(__rtentry2.o)
    0x08000162   0x08000162   0x00000004   Code   RO         5259    .ARM.Collect$$rtentry$$0000000A  c_p.l(__rtentry2.o)
    0x08000166   0x08000166   0x00000000   Code   RO         5261    .ARM.Collect$$rtentry$$0000000C  c_p.l(__rtentry2.o)
    0x08000166   0x08000166   0x00000008   Code   RO         5262    .ARM.Collect$$rtentry$$0000000D  c_p.l(__rtentry2.o)
    0x0800016e   0x0800016e   0x00000002   Code   RO         5314    .ARM.Collect$$rtexit$$00000000  c_p.l(rtexit.o)
    0x08000170   0x08000170   0x00000000   Code   RO         5370    .ARM.Collect$$rtexit$$00000002  c_p.l(rtexit2.o)
    0x08000170   0x08000170   0x00000004   Code   RO         5371    .ARM.Collect$$rtexit$$00000003  c_p.l(rtexit2.o)
    0x08000174   0x08000174   0x00000006   Code   RO         5372    .ARM.Collect$$rtexit$$00000004  c_p.l(rtexit2.o)
    0x0800017a   0x0800017a   0x00000002   PAD
    0x0800017c   0x0800017c   0x00000038   Code   RO         5158    .emb_text           c_p.l(rt_memcpy.o)
    0x080001b4   0x080001b4   0x00000074   Code   RO            4    .text               startup_stm32f030.o
    0x08000228   0x08000228   0x0000001c   Code   RO         5101    .text               c_p.l(noretval__2printf.o)
    0x08000244   0x08000244   0x0000004e   Code   RO         5105    .text               c_p.l(_printf_pad.o)
    0x08000292   0x08000292   0x00000052   Code   RO         5107    .text               c_p.l(_printf_str.o)
    0x080002e4   0x080002e4   0x0000006c   Code   RO         5109    .text               c_p.l(_printf_dec.o)
    0x08000350   0x08000350   0x00000058   Code   RO         5114    .text               c_p.l(_printf_hex_int.o)
    0x080003a8   0x080003a8   0x00000138   Code   RO         5144    .text               c_p.l(__printf_flags_wp.o)
    0x080004e0   0x080004e0   0x00000082   Code   RO         5159    .text               c_p.l(rt_memcpy.o)
    0x08000562   0x08000562   0x00000040   Code   RO         5162    .text               c_p.l(rt_memclr.o)
    0x080005a2   0x080005a2   0x0000015a   Code   RO         5164    .text               c_p.l(aeabi_sdiv.o)
    0x080006fc   0x080006fc   0x00000006   Code   RO         5168    .text               c_p.l(heapauxi.o)
    0x08000702   0x08000702   0x00000002   PAD
    0x08000704   0x08000704   0x00000358   Code   RO         5172    .text               fz_ps.l(daddsub.o)
    0x08000a5c   0x08000a5c   0x00000448   Code   RO         5174    .text               fz_ps.l(ddiv.o)
    0x08000ea4   0x08000ea4   0x00000048   Code   RO         5177    .text               fz_ps.l(dfixui.o)
    0x08000eec   0x08000eec   0x00000058   Code   RO         5179    .text               fz_ps.l(dflti.o)
    0x08000f44   0x08000f44   0x00000248   Code   RO         5181    .text               fz_ps.l(dmul.o)
    0x0800118c   0x0800118c   0x00000016   Code   RO         5210    .text               c_p.l(_rserrno.o)
    0x080011a2   0x080011a2   0x000000b0   Code   RO         5212    .text               c_p.l(_printf_intcommon.o)
    0x08001252   0x08001252   0x0000002e   Code   RO         5214    .text               c_p.l(_printf_char.o)
    0x08001280   0x08001280   0x00000028   Code   RO         5216    .text               c_p.l(_printf_char_file.o)
    0x080012a8   0x080012a8   0x00000028   Code   RO         5219    .text               c_p.l(rtudiv10.o)
    0x080012d0   0x080012d0   0x00000090   Code   RO         5221    .text               fz_ps.l(dcmpin.o)
    0x08001360   0x08001360   0x000000f0   Code   RO         5223    .text               fz_ps.l(drnd.o)
    0x08001450   0x08001450   0x00000060   Code   RO         5225    .text               fz_ps.l(dscalbn.o)
    0x080014b0   0x080014b0   0x00000008   Code   RO         5275    .text               c_p.l(rt_errno_addr_intlibspace.o)
    0x080014b8   0x080014b8   0x00000030   Code   RO         5277    .text               c_p.l(_printf_char_common.o)
    0x080014e8   0x080014e8   0x00000008   Code   RO         5279    .text               c_p.l(ferror.o)
    0x080014f0   0x080014f0   0x0000002e   Code   RO         5283    .text               fz_ps.l(cmpret.o)
    0x0800151e   0x0800151e   0x00000002   PAD
    0x08001520   0x08001520   0x00000014   Code   RO         5287    .text               fz_ps.l(dnan2.o)
    0x08001534   0x08001534   0x00000100   Code   RO         5289    .text               fz_ps.l(dsqrt.o)
    0x08001634   0x08001634   0x00000008   Code   RO         5291    .text               c_p.l(libspace.o)
    0x0800163c   0x0800163c   0x0000003e   Code   RO         5294    .text               c_p.l(sys_stackheap_outer.o)
    0x0800167a   0x0800167a   0x00000010   Code   RO         5299    .text               c_p.l(exit.o)
    0x0800168a   0x0800168a   0x0000005e   Code   RO         5311    .text               fz_ps.l(retnan.o)
    0x080016e8   0x080016e8   0x0000000c   Code   RO         5367    .text               c_p.l(sys_exit.o)
    0x080016f4   0x080016f4   0x00000002   Code   RO         5386    .text               c_p.l(use_no_semi.o)
    0x080016f6   0x080016f6   0x00000000   Code   RO         5388    .text               c_p.l(indicate_semi.o)
    0x080016f6   0x080016f6   0x00000002   Code   RO         4661    i.ADC1_IRQHandler   stm32f0xx_it.o
    0x080016f8   0x080016f8   0x00000020   Code   RO         4757    i.Delay_Ms          delay.o
    0x08001718   0x08001718   0x00000014   Code   RO         4662    i.EXTI0_1_IRQHandler  stm32f0xx_it.o
    0x0800172c   0x0800172c   0x0000000c   Code   RO         1824    i.EXTI_ClearITPendingBit  stm32f0xx_exti.o
    0x08001738   0x08001738   0x0000001c   Code   RO         1828    i.EXTI_GetITStatus  stm32f0xx_exti.o
    0x08001754   0x08001754   0x00000090   Code   RO         2086    i.GPIO_Init         stm32f0xx_gpio.o
    0x080017e4   0x080017e4   0x00000044   Code   RO         2087    i.GPIO_PinAFConfig  stm32f0xx_gpio.o
    0x08001828   0x08001828   0x00000014   Code   RO         2090    i.GPIO_ReadInputDataBit  stm32f0xx_gpio.o
    0x0800183c   0x0800183c   0x0000000c   Code   RO         2097    i.GPIO_WriteBit     stm32f0xx_gpio.o
    0x08001848   0x08001848   0x00000148   Code   RO         4409    i.GPIO_int          gpio.o
    0x08001990   0x08001990   0x00000018   Code   RO         4759    i.HAL_Delay_nMS     delay.o
    0x080019a8   0x080019a8   0x00000028   Code   RO         4489    i.HW_int            main.o
    0x080019d0   0x080019d0   0x00000004   Code   RO         4663    i.HardFault_Handler  stm32f0xx_it.o
    0x080019d4   0x080019d4   0x00000002   Code   RO         4664    i.NMI_Handler       stm32f0xx_it.o
    0x080019d6   0x080019d6   0x00000002   PAD
    0x080019d8   0x080019d8   0x00000070   Code   RO         2499    i.NVIC_Init         stm32f0xx_misc.o
    0x08001a48   0x08001a48   0x00000078   Code   RO         4491    i.NVIC_SetPriority  main.o
    0x08001ac0   0x08001ac0   0x00000028   Code   RO         2531    i.PWR_BackupAccessCmd  stm32f0xx_pwr.o
    0x08001ae8   0x08001ae8   0x00000024   Code   RO         2534    i.PWR_EnterSTANDBYMode  stm32f0xx_pwr.o
    0x08001b0c   0x08001b0c   0x00000002   Code   RO         4665    i.PendSV_Handler    stm32f0xx_it.o
    0x08001b0e   0x08001b0e   0x00000002   PAD
    0x08001b10   0x08001b10   0x00000020   Code   RO         2606    i.RCC_AHBPeriphClockCmd  stm32f0xx_rcc.o
    0x08001b30   0x08001b30   0x00000020   Code   RO         2608    i.RCC_APB1PeriphClockCmd  stm32f0xx_rcc.o
    0x08001b50   0x08001b50   0x00000020   Code   RO         2610    i.RCC_APB2PeriphClockCmd  stm32f0xx_rcc.o
    0x08001b70   0x08001b70   0x00000028   Code   RO         4497    i.RCC_Configuration  main.o
    0x08001b98   0x08001b98   0x00000078   Code   RO         2619    i.RCC_DeInit        stm32f0xx_rcc.o
    0x08001c10   0x08001c10   0x0000024c   Code   RO         2620    i.RCC_GetClocksFreq  stm32f0xx_rcc.o
    0x08001e5c   0x08001e5c   0x00000048   Code   RO         2621    i.RCC_GetFlagStatus  stm32f0xx_rcc.o
    0x08001ea4   0x08001ea4   0x00000010   Code   RO         2623    i.RCC_GetSYSCLKSource  stm32f0xx_rcc.o
    0x08001eb4   0x08001eb4   0x00000024   Code   RO         2629    i.RCC_HSICmd        stm32f0xx_rcc.o
    0x08001ed8   0x08001ed8   0x00000024   Code   RO         2634    i.RCC_LSICmd        stm32f0xx_rcc.o
    0x08001efc   0x08001efc   0x00000028   Code   RO         2637    i.RCC_PLLCmd        stm32f0xx_rcc.o
    0x08001f24   0x08001f24   0x00000024   Code   RO         2638    i.RCC_PLLConfig     stm32f0xx_rcc.o
    0x08001f48   0x08001f48   0x00000028   Code   RO         2640    i.RCC_RTCCLKCmd     stm32f0xx_rcc.o
    0x08001f70   0x08001f70   0x00000010   Code   RO         2641    i.RCC_RTCCLKConfig  stm32f0xx_rcc.o
    0x08001f80   0x08001f80   0x0000001c   Code   RO         2642    i.RCC_SYSCLKConfig  stm32f0xx_rcc.o
    0x08001f9c   0x08001f9c   0x00000070   Code   RO         2867    i.RTC_AlarmCmd      stm32f0xx_rtc.o
    0x0800200c   0x0800200c   0x00000098   Code   RO         4837    i.RTC_Alarm_Config  rtc.o
    0x080020a4   0x080020a4   0x0000001a   Code   RO         2870    i.RTC_Bcd2ToByte    stm32f0xx_rtc.o
    0x080020be   0x080020be   0x0000001c   Code   RO         2872    i.RTC_ByteToBcd2    stm32f0xx_rtc.o
    0x080020da   0x080020da   0x00000002   PAD
    0x080020dc   0x080020dc   0x00000024   Code   RO         2876    i.RTC_ClearITPendingBit  stm32f0xx_rtc.o
    0x08002100   0x08002100   0x0000000e   Code   RO         2877    i.RTC_DateStructInit  stm32f0xx_rtc.o
    0x0800210e   0x0800210e   0x00000002   PAD
    0x08002110   0x08002110   0x00000058   Code   RO         2880    i.RTC_EnterInitMode  stm32f0xx_rtc.o
    0x08002168   0x08002168   0x00000014   Code   RO         2881    i.RTC_ExitInitMode  stm32f0xx_rtc.o
    0x0800217c   0x0800217c   0x0000005c   Code   RO         2889    i.RTC_GetTime       stm32f0xx_rtc.o
    0x080021d8   0x080021d8   0x00000024   Code   RO         4666    i.RTC_IRQHandler    stm32f0xx_it.o
    0x080021fc   0x080021fc   0x00000064   Code   RO         2893    i.RTC_ITConfig      stm32f0xx_rtc.o
    0x08002260   0x08002260   0x00000058   Code   RO         2894    i.RTC_Init          stm32f0xx_rtc.o
    0x080022b8   0x080022b8   0x000000d8   Code   RO         2899    i.RTC_SetAlarm      stm32f0xx_rtc.o
    0x08002390   0x08002390   0x000000d0   Code   RO         2900    i.RTC_SetDate       stm32f0xx_rtc.o
    0x08002460   0x08002460   0x000000d8   Code   RO         2901    i.RTC_SetTime       stm32f0xx_rtc.o
    0x08002538   0x08002538   0x0000006c   Code   RO         2915    i.RTC_WaitForSynchro  stm32f0xx_rtc.o
    0x080025a4   0x080025a4   0x00000006   Code   RO          158    i.RadioCheckRfFrequency  radio.o
    0x080025aa   0x080025aa   0x00000002   PAD
    0x080025ac   0x080025ac   0x0000003c   Code   RO          159    i.RadioGetFskBandwidthRegValue  radio.o
    0x080025e8   0x080025e8   0x00000024   Code   RO          160    i.RadioGetStatus    radio.o
    0x0800260c   0x0800260c   0x00000004   Code   RO          161    i.RadioGetWakeupTime  radio.o
    0x08002610   0x08002610   0x00000050   Code   RO          162    i.RadioInit         radio.o
    0x08002660   0x08002660   0x00000164   Code   RO          163    i.RadioIrqProcess   radio.o
    0x080027c4   0x080027c4   0x0000002a   Code   RO          164    i.RadioIsChannelFree  radio.o
    0x080027ee   0x080027ee   0x00000002   PAD
    0x080027f0   0x080027f0   0x0000000c   Code   RO          165    i.RadioOnDioIrq     radio.o
    0x080027fc   0x080027fc   0x00000036   Code   RO          168    i.RadioRandom       radio.o
    0x08002832   0x08002832   0x0000000c   Code   RO          169    i.RadioRead         radio.o
    0x0800283e   0x0800283e   0x00000014   Code   RO          170    i.RadioReadBuffer   radio.o
    0x08002852   0x08002852   0x0000000a   Code   RO          172    i.RadioRssi         radio.o
    0x0800285c   0x0800285c   0x00000034   Code   RO          173    i.RadioRx           radio.o
    0x08002890   0x08002890   0x00000034   Code   RO          174    i.RadioRxBoosted    radio.o
    0x080028c4   0x080028c4   0x00000040   Code   RO          175    i.RadioSend         radio.o
    0x08002904   0x08002904   0x0000000c   Code   RO          176    i.RadioSetChannel   radio.o
    0x08002910   0x08002910   0x00000038   Code   RO          177    i.RadioSetMaxPayloadLength  radio.o
    0x08002948   0x08002948   0x00000048   Code   RO          178    i.RadioSetModem     radio.o
    0x08002990   0x08002990   0x00000044   Code   RO          179    i.RadioSetPublicNetwork  radio.o
    0x080029d4   0x080029d4   0x00000238   Code   RO          180    i.RadioSetRxConfig  radio.o
    0x08002c0c   0x08002c0c   0x00000010   Code   RO          181    i.RadioSetRxDutyCycle  radio.o
    0x08002c1c   0x08002c1c   0x000001ac   Code   RO          182    i.RadioSetTxConfig  radio.o
    0x08002dc8   0x08002dc8   0x0000001a   Code   RO          183    i.RadioSetTxContinuousWave  radio.o
    0x08002de2   0x08002de2   0x00000020   Code   RO          184    i.RadioSleep        radio.o
    0x08002e02   0x08002e02   0x0000000a   Code   RO          185    i.RadioStandby      radio.o
    0x08002e0c   0x08002e0c   0x00000008   Code   RO          186    i.RadioStartCad     radio.o
    0x08002e14   0x08002e14   0x00000220   Code   RO          187    i.RadioTimeOnAir    radio.o
    0x08003034   0x08003034   0x00000010   Code   RO          189    i.RadioWrite        radio.o
    0x08003044   0x08003044   0x00000014   Code   RO          190    i.RadioWriteBuffer  radio.o
    0x08003058   0x08003058   0x00000002   Code   RO         4667    i.SPI2_IRQHandler   stm32f0xx_it.o
    0x0800305a   0x0800305a   0x00000002   PAD
    0x0800305c   0x0800305c   0x00000050   Code   RO         4629    i.SPI2_Int          spi.o
    0x080030ac   0x080030ac   0x0000001c   Code   RO         3203    i.SPI_Cmd           stm32f0xx_spi.o
    0x080030c8   0x080030c8   0x00000014   Code   RO         3212    i.SPI_I2S_GetFlagStatus  stm32f0xx_spi.o
    0x080030dc   0x080030dc   0x00000058   Code   RO         3217    i.SPI_Init          stm32f0xx_spi.o
    0x08003134   0x08003134   0x0000000c   Code   RO         3221    i.SPI_ReceiveData8  stm32f0xx_spi.o
    0x08003140   0x08003140   0x00000014   Code   RO         3222    i.SPI_RxFIFOThresholdConfig  stm32f0xx_spi.o
    0x08003154   0x08003154   0x0000000a   Code   RO         3224    i.SPI_SendData8     stm32f0xx_spi.o
    0x0800315e   0x0800315e   0x00000002   Code   RO         4668    i.SVC_Handler       stm32f0xx_it.o
    0x08003160   0x08003160   0x00000002   Code   RO          708    i.SX126xAntSwOff    sx126x-board.o
    0x08003162   0x08003162   0x00000002   Code   RO          709    i.SX126xAntSwOn     sx126x-board.o
    0x08003164   0x08003164   0x0000007c   Code   RO          412    i.SX126xCalibrateImage  sx126x.o
    0x080031e0   0x080031e0   0x00000020   Code   RO          413    i.SX126xCheckDeviceReady  sx126x.o
    0x08003200   0x08003200   0x0000001a   Code   RO          415    i.SX126xClearIrqStatus  sx126x.o
    0x0800321a   0x0800321a   0x00000018   Code   RO          417    i.SX126xGetIrqStatus  sx126x.o
    0x08003232   0x08003232   0x00000002   PAD
    0x08003234   0x08003234   0x0000000c   Code   RO          418    i.SX126xGetOperatingMode  sx126x.o
    0x08003240   0x08003240   0x00000006   Code   RO          711    i.SX126xGetPaSelect  sx126x-board.o
    0x08003246   0x08003246   0x00000002   PAD
    0x08003248   0x08003248   0x000000a0   Code   RO          419    i.SX126xGetPacketStatus  sx126x.o
    0x080032e8   0x080032e8   0x0000000c   Code   RO          420    i.SX126xGetPacketType  sx126x.o
    0x080032f4   0x080032f4   0x0000002e   Code   RO          421    i.SX126xGetPayload  sx126x.o
    0x08003322   0x08003322   0x0000001c   Code   RO          423    i.SX126xGetRssiInst  sx126x.o
    0x0800333e   0x0800333e   0x00000002   PAD
    0x08003340   0x08003340   0x00000044   Code   RO          424    i.SX126xGetRxBufferStatus  sx126x.o
    0x08003384   0x08003384   0x00000024   Code   RO          426    i.SX126xInit        sx126x.o
    0x080033a8   0x080033a8   0x00000054   Code   RO          712    i.SX126xReadBuffer  sx126x-board.o
    0x080033fc   0x080033fc   0x0000004c   Code   RO          713    i.SX126xReadCommand  sx126x-board.o
    0x08003448   0x08003448   0x00000014   Code   RO          714    i.SX126xReadRegister  sx126x-board.o
    0x0800345c   0x0800345c   0x00000060   Code   RO          715    i.SX126xReadRegisters  sx126x-board.o
    0x080034bc   0x080034bc   0x00000030   Code   RO          716    i.SX126xReset       sx126x-board.o
    0x080034ec   0x080034ec   0x00000018   Code   RO          427    i.SX126xSendPayload  sx126x.o
    0x08003504   0x08003504   0x00000018   Code   RO          428    i.SX126xSetBufferBaseAddress  sx126x.o
    0x0800351c   0x0800351c   0x00000018   Code   RO          429    i.SX126xSetCad      sx126x.o
    0x08003534   0x08003534   0x00000044   Code   RO          430    i.SX126xSetCadParams  sx126x.o
    0x08003578   0x08003578   0x0000002c   Code   RO          431    i.SX126xSetCrcPolynomial  sx126x.o
    0x080035a4   0x080035a4   0x0000002c   Code   RO          432    i.SX126xSetCrcSeed  sx126x.o
    0x080035d0   0x080035d0   0x0000000e   Code   RO          433    i.SX126xSetDio2AsRfSwitchCtrl  sx126x.o
    0x080035de   0x080035de   0x0000003e   Code   RO          435    i.SX126xSetDioIrqParams  sx126x.o
    0x0800361c   0x0800361c   0x0000000e   Code   RO          437    i.SX126xSetLoRaSymbNumTimeout  sx126x.o
    0x0800362a   0x0800362a   0x00000002   PAD
    0x0800362c   0x0800362c   0x0000010c   Code   RO          438    i.SX126xSetModulationParams  sx126x.o
    0x08003738   0x08003738   0x00000020   Code   RO          439    i.SX126xSetPaConfig  sx126x.o
    0x08003758   0x08003758   0x000000d4   Code   RO          440    i.SX126xSetPacketParams  sx126x.o
    0x0800382c   0x0800382c   0x0000001c   Code   RO          441    i.SX126xSetPacketType  sx126x.o
    0x08003848   0x08003848   0x00000012   Code   RO          442    i.SX126xSetPayload  sx126x.o
    0x0800385a   0x0800385a   0x0000000e   Code   RO          443    i.SX126xSetRegulatorMode  sx126x.o
    0x08003868   0x08003868   0x00000088   Code   RO          444    i.SX126xSetRfFrequency  sx126x.o
    0x080038f0   0x080038f0   0x0000000e   Code   RO          717    i.SX126xSetRfTxPower  sx126x-board.o
    0x080038fe   0x080038fe   0x00000002   PAD
    0x08003900   0x08003900   0x0000002c   Code   RO          445    i.SX126xSetRx       sx126x.o
    0x0800392c   0x0800392c   0x00000038   Code   RO          446    i.SX126xSetRxBoosted  sx126x.o
    0x08003964   0x08003964   0x00000040   Code   RO          447    i.SX126xSetRxDutyCycle  sx126x.o
    0x080039a4   0x080039a4   0x0000001c   Code   RO          449    i.SX126xSetSleep    sx126x.o
    0x080039c0   0x080039c0   0x00000028   Code   RO          450    i.SX126xSetStandby  sx126x.o
    0x080039e8   0x080039e8   0x0000000e   Code   RO          451    i.SX126xSetStopRxTimerOnPreambleDetect  sx126x.o
    0x080039f6   0x080039f6   0x00000014   Code   RO          452    i.SX126xSetSyncWord  sx126x.o
    0x08003a0a   0x08003a0a   0x00000002   PAD
    0x08003a0c   0x08003a0c   0x0000002c   Code   RO          453    i.SX126xSetTx       sx126x.o
    0x08003a38   0x08003a38   0x0000000e   Code   RO          454    i.SX126xSetTxContinuousWave  sx126x.o
    0x08003a46   0x08003a46   0x00000002   PAD
    0x08003a48   0x08003a48   0x00000088   Code   RO          456    i.SX126xSetTxParams  sx126x.o
    0x08003ad0   0x08003ad0   0x00000040   Code   RO          457    i.SX126xSetWhiteningSeed  sx126x.o
    0x08003b10   0x08003b10   0x00000018   Code   RO          718    i.SX126xWaitOnBusy  sx126x-board.o
    0x08003b28   0x08003b28   0x00000030   Code   RO          719    i.SX126xWakeup      sx126x-board.o
    0x08003b58   0x08003b58   0x0000004c   Code   RO          720    i.SX126xWriteBuffer  sx126x-board.o
    0x08003ba4   0x08003ba4   0x00000048   Code   RO          721    i.SX126xWriteCommand  sx126x-board.o
    0x08003bec   0x08003bec   0x00000010   Code   RO          722    i.SX126xWriteRegister  sx126x-board.o
    0x08003bfc   0x08003bfc   0x00000058   Code   RO          723    i.SX126xWriteRegisters  sx126x-board.o
    0x08003c54   0x08003c54   0x000000d8   Code   RO           12    i.SetSysClock       system_stm32f0xx.o
    0x08003d2c   0x08003d2c   0x00000034   Code   RO         4631    i.SpiInOut          spi.o
    0x08003d60   0x08003d60   0x00000070   Code   RO         4498    i.SysClock_48       main.o
    0x08003dd0   0x08003dd0   0x00000020   Code   RO         4669    i.SysTick_Handler   stm32f0xx_it.o
    0x08003df0   0x08003df0   0x0000007c   Code   RO           14    i.SystemInit        system_stm32f0xx.o
    0x08003e6c   0x08003e6c   0x0000001c   Code   RO         4670    i.TIM14_IRQHandler  stm32f0xx_it.o
    0x08003e88   0x08003e88   0x00000068   Code   RO         4671    i.TIM3_IRQHandler   stm32f0xx_it.o
    0x08003ef0   0x08003ef0   0x00000006   Code   RO         3482    i.TIM_ClearITPendingBit  stm32f0xx_tim.o
    0x08003ef6   0x08003ef6   0x00000002   PAD
    0x08003ef8   0x08003ef8   0x0000001c   Code   RO         3487    i.TIM_Cmd           stm32f0xx_tim.o
    0x08003f14   0x08003f14   0x00000026   Code   RO         3508    i.TIM_GetITStatus   stm32f0xx_tim.o
    0x08003f3a   0x08003f3a   0x00000014   Code   RO         3512    i.TIM_ITConfig      stm32f0xx_tim.o
    0x08003f4e   0x08003f4e   0x00000002   PAD
    0x08003f50   0x08003f50   0x0000007c   Code   RO         3560    i.TIM_TimeBaseInit  stm32f0xx_tim.o
    0x08003fcc   0x08003fcc   0x0000004c   Code   RO         4499    i.Tick_Configration  main.o
    0x08004018   0x08004018   0x00000002   Code   RO         4672    i.USART1_IRQHandler  stm32f0xx_it.o
    0x0800401a   0x0800401a   0x00000018   Code   RO         4046    i.USART_Cmd         stm32f0xx_usart.o
    0x08004032   0x08004032   0x00000002   PAD
    0x08004034   0x08004034   0x000000f8   Code   RO         4058    i.USART_Init        stm32f0xx_usart.o
    0x0800412c   0x0800412c   0x00000078   Code   RO         4786    i.UartInit          uart.o
    0x080041a4   0x080041a4   0x00000030   Code   RO         4930    i._OnCadDone        lora_node.o
    0x080041d4   0x080041d4   0x00000044   Code   RO         4931    i._OnRxDone         lora_node.o
    0x08004218   0x08004218   0x00000028   Code   RO         4932    i._OnRxError        lora_node.o
    0x08004240   0x08004240   0x00000028   Code   RO         4933    i._OnRxTimeout      lora_node.o
    0x08004268   0x08004268   0x00000028   Code   RO         4934    i._OnTxDone         lora_node.o
    0x08004290   0x08004290   0x0000000a   Code   RO         4935    i._OnTxTimeout      lora_node.o
    0x0800429a   0x0800429a   0x00000002   PAD
    0x0800429c   0x0800429c   0x0000002c   Code   RO         5242    i.__ARM_fpclassify  m_ps.l(fpclassify.o)
    0x080042c8   0x080042c8   0x000000ac   Code   RO         5244    i.__kernel_poly     m_ps.l(poly.o)
    0x08004374   0x08004374   0x00000014   Code   RO         5228    i.__mathlib_dbl_divzero  m_ps.l(dunder.o)
    0x08004388   0x08004388   0x00000008   Code   RO         5230    i.__mathlib_dbl_infnan2  m_ps.l(dunder.o)
    0x08004390   0x08004390   0x00000010   Code   RO         5231    i.__mathlib_dbl_invalid  m_ps.l(dunder.o)
    0x080043a0   0x080043a0   0x00000014   Code   RO         5232    i.__mathlib_dbl_overflow  m_ps.l(dunder.o)
    0x080043b4   0x080043b4   0x00000014   Code   RO         5234    i.__mathlib_dbl_underflow  m_ps.l(dunder.o)
    0x080043c8   0x080043c8   0x0000000c   Code   RO         4937    i._again_fsm_func   lora_node.o
    0x080043d4   0x080043d4   0x00000028   Code   RO         4939    i._cad_busy_fsm_func  lora_node.o
    0x080043fc   0x080043fc   0x00000010   Code   RO         4940    i._cad_check_fsm_func  lora_node.o
    0x0800440c   0x0800440c   0x0000000c   Code   RO         4941    i._cad_idie_fsm_func  lora_node.o
    0x08004418   0x08004418   0x0000003c   Code   RO         4942    i._check_cad        lora_node.o
    0x08004454   0x08004454   0x0000000c   Code   RO         4943    i._idie_fsm_func    lora_node.o
    0x08004460   0x08004460   0x0000000e   Code   RO         5142    i._is_digit         c_p.l(__printf_wp.o)
    0x0800446e   0x0800446e   0x00000002   PAD
    0x08004470   0x08004470   0x0000008c   Code   RO         4944    i._recv_end_fsm_func  lora_node.o
    0x080044fc   0x080044fc   0x0000001c   Code   RO         4945    i._recv_fsm_func    lora_node.o
    0x08004518   0x08004518   0x00000004   Code   RO         4946    i._recv_overtime_fsm_func  lora_node.o
    0x0800451c   0x0800451c   0x00000004   Code   RO         4947    i._recving_fsm_func  lora_node.o
    0x08004520   0x08004520   0x00000078   Code   RO         4948    i._send_data        lora_node.o
    0x08004598   0x08004598   0x0000000c   Code   RO         4949    i._send_end_fsm_func  lora_node.o
    0x080045a4   0x080045a4   0x00000010   Code   RO         4950    i._send_fsm_func    lora_node.o
    0x080045b4   0x080045b4   0x00000004   Code   RO         4951    i._send_overtime_fsm_func  lora_node.o
    0x080045b8   0x080045b8   0x00000004   Code   RO         4952    i._sending_fsm_func  lora_node.o
    0x080045bc   0x080045bc   0x00000030   Code   RO         4953    i._sleep_fsm_func   lora_node.o
    0x080045ec   0x080045ec   0x000000c8   Code   RO         5186    i.ceil              m_ps.l(ceil.o)
    0x080046b4   0x080046b4   0x000000c8   Code   RO         5190    i.floor             m_ps.l(floor.o)
    0x0800477c   0x0800477c   0x0000001c   Code   RO         4787    i.fputc             uart.o
    0x08004798   0x08004798   0x0000000c   Code   RO         4954    i.lora_change_state  lora_node.o
    0x080047a4   0x080047a4   0x0000001a   Code   RO         4883    i.lora_common_crc   lora_common.o
    0x080047be   0x080047be   0x00000002   PAD
    0x080047c0   0x080047c0   0x00000010   Code   RO         4884    i.lora_common_get_data  lora_common.o
    0x080047d0   0x080047d0   0x00000034   Code   RO         4885    i.lora_common_snd_beg  lora_common.o
    0x08004804   0x08004804   0x00000038   Code   RO         4886    i.lora_common_snd_end  lora_common.o
    0x0800483c   0x0800483c   0x00000054   Code   RO         4887    i.lora_common_snd_join  lora_common.o
    0x08004890   0x08004890   0x00000108   Code   RO         4955    i.lora_node_init    lora_node.o
    0x08004998   0x08004998   0x000000cc   Code   RO         4956    i.lora_node_task    lora_node.o
    0x08004a64   0x08004a64   0x00000090   Code   RO         4503    i.main              main.o
    0x08004af4   0x08004af4   0x000009fc   Code   RO         5194    i.pow               m_ps.l(pow.o)
    0x080054f0   0x080054f0   0x00000008   Code   RO         5203    i.rint              m_ps.l(rint.o)
    0x080054f8   0x080054f8   0x0000000e   Code   RO         4840    i.rtc_get_time      rtc.o
    0x08005506   0x08005506   0x0000008e   Code   RO         4841    i.rtc_set           rtc.o
    0x08005594   0x08005594   0x00000048   Code   RO         5248    i.sqrt              m_ps.l(sqrt.o)
    0x080055dc   0x080055dc   0x00000050   Code   RO         4504    i.timerInit         main.o
    0x0800562c   0x0800562c   0x00000068   Code   RO         5183    x$fpl$drleqf        fz_ps.l(drlef.o)
    0x08005694   0x08005694   0x00000000   Code   RO         5227    x$fpl$usenofp       fz_ps.l(usenofp.o)
    0x08005694   0x08005694   0x0000011f   Data   RO          193    .constdata          radio.o
    0x080057b3   0x080057b3   0x0000004f   Data   RO         4958    .constdata          lora_node.o
    0x08005802   0x08005802   0x00000028   Data   RO         5115    .constdata          c_p.l(_printf_hex_int.o)
    0x0800582a   0x0800582a   0x00000011   Data   RO         5145    .constdata          c_p.l(__printf_flags_wp.o)
    0x0800583b   0x0800583b   0x00000080   Data   RO         5175    .constdata          fz_ps.l(ddiv.o)
    0x080058bb   0x080058bb   0x00000005   PAD
    0x080058c0   0x080058c0   0x00000088   Data   RO         5195    .constdata          m_ps.l(pow.o)
    0x08005948   0x08005948   0x00000008   Data   RO         5246    .constdata          m_ps.l(qnan.o)
    0x08005950   0x08005950   0x00000020   Data   RO         5438    Region$$Table       anon$$obj.o


    Execution Region RW_IRAM1 (Exec base: 0x20000000, Load base: 0x08005970, Size: 0x00000900, Max: 0x00002000, ABSOLUTE)

    Exec Addr    Load Addr    Size         Type   Attr      Idx    E Section Name        Object

    0x20000000   0x08005970   0x00000014   Data   RW           15    .data               system_stm32f0xx.o
    0x20000014   0x08005984   0x00000004   PAD
    0x20000018   0x08005988   0x000000a4   Data   RW          194    .data               radio.o
    0x200000bc   0x08005a2c   0x00000009   Data   RW          458    .data               sx126x.o
    0x200000c5   0x08005a35   0x00000010   Data   RW         2646    .data               stm32f0xx_rcc.o
    0x200000d5   0x08005a45   0x00000003   PAD
    0x200000d8   0x08005a48   0x00000010   Data   RW         4673    .data               stm32f0xx_it.o
    0x200000e8   0x08005a58   0x00000004   Data   RW         4788    .data               uart.o
    0x200000ec   0x08005a5c   0x00000001   Data   RW         4959    .data               lora_node.o
    0x200000ed   0x08005a5d   0x00000003   PAD
    0x200000f0        -       0x00000150   Zero   RW          192    .bss                radio.o
    0x20000240        -       0x00000019   Zero   RW         4888    .bss                lora_common.o
    0x20000259   0x08005a5d   0x00000003   PAD
    0x2000025c        -       0x00000040   Zero   RW         4957    .bss                lora_node.o
    0x2000029c        -       0x00000060   Zero   RW         5292    .bss                c_p.l(libspace.o)
    0x200002fc   0x08005a5d   0x00000004   PAD
    0x20000300        -       0x00000200   Zero   RW            2    HEAP                startup_stm32f030.o
    0x20000500        -       0x00000400   Zero   RW            1    STACK               startup_stm32f030.o


==============================================================================

Image component sizes


      Code (inc. data)   RO Data    RW Data    ZI Data      Debug   Object Name

        56          8          0          0          0        875   delay.o
       328          6          0          0          0       5123   gpio.o
       234         16          0          0         25       3568   lora_common.o
      1258        346         79          1         64      12785   lora_node.o
       612        130          0          0          0      10617   main.o
      2736        216        287        164        336      27406   radio.o
       308          6          0          0          0       1940   rtc.o
       132          8          0          0          0        942   spi.o
       116         56        180          0       1536        752   startup_stm32f030.o
        40         12          0          0          0       1104   stm32f0xx_exti.o
       244          0          0          0          0       3027   stm32f0xx_gpio.o
       236         52          0         16          0       5310   stm32f0xx_it.o
       112          6          0          0          0        956   stm32f0xx_misc.o
        76         12          0          0          0       1009   stm32f0xx_pwr.o
      1124        104          0         16          0       9018   stm32f0xx_rcc.o
      1352         70          0          0          0       9839   stm32f0xx_rtc.o
       178         20          0          0          0       4036   stm32f0xx_spi.o
       216         38          0          0          0       3590   stm32f0xx_tim.o
       272         22          0          0          0       2117   stm32f0xx_usart.o
       672         48          0          0          0      10370   sx126x-board.o
      2118        160          0          9          0      21136   sx126x.o
       340         24          0         20          0     236945   system_stm32f0xx.o
       148         10          0          4          0       3241   uart.o

    ----------------------------------------------------------------------
     12946       1370        578        240       1964     375706   Object Totals
         0          0         32          0          0          0   (incl. Generated)
        38          0          0         10          3          0   (incl. Padding)

    ----------------------------------------------------------------------

      Code (inc. data)   RO Data    RW Data    ZI Data      Debug   Library Member Name

         8          0          0          0          0         68   __main.o
       312          6         17          0          0         76   __printf_flags_wp.o
        14          0          0          0          0         60   __printf_wp.o
         0          0          0          0          0          0   __rtentry.o
        12          0          0          0          0          0   __rtentry2.o
         6          0          0          0          0          0   __rtentry4.o
        60          8          0          0          0          0   __scatter.o
        26          0          0          0          0          0   __scatter_copy.o
        28          0          0          0          0          0   __scatter_zi.o
        46          0          0          0          0        100   _printf_char.o
        48          6          0          0          0         88   _printf_char_common.o
        40          6          0          0          0         72   _printf_char_file.o
        10          0          0          0          0          0   _printf_d.o
       108         18          0          0          0         76   _printf_dec.o
        88          4         40          0          0         72   _printf_hex_int.o
       176          0          0          0          0         84   _printf_intcommon.o
        78          0          0          0          0        100   _printf_pad.o
         2          0          0          0          0          0   _printf_percent.o
         4          0          0          0          0          0   _printf_percent_end.o
        10          0          0          0          0          0   _printf_s.o
        82          0          0          0          0         72   _printf_str.o
        10          0          0          0          0          0   _printf_x.o
        22          0          0          0          0         92   _rserrno.o
       346          0          0          0          0         92   aeabi_sdiv.o
        16          0          0          0          0         68   exit.o
         8          0          0          0          0         60   ferror.o
         6          0          0          0          0        136   heapauxi.o
         0          0          0          0          0          0   indicate_semi.o
         2          0          0          0          0          0   libinit.o
         2          0          0          0          0          0   libinit2.o
         2          0          0          0          0          0   libshutdown.o
         2          0          0          0          0          0   libshutdown2.o
         8          4          0          0         96         68   libspace.o
        28          6          0          0          0         84   noretval__2printf.o
         8          4          0          0          0         68   rt_errno_addr_intlibspace.o
        64          0          0          0          0        108   rt_memclr.o
       186          0          0          0          0        144   rt_memcpy.o
         2          0          0          0          0          0   rtexit.o
        10          0          0          0          0          0   rtexit2.o
        40          0          0          0          0         60   rtudiv10.o
        12          4          0          0          0         60   sys_exit.o
        62          0          0          0          0         80   sys_stackheap_outer.o
         2          0          0          0          0         68   use_no_semi.o
        46          0          0          0          0         60   cmpret.o
       856         20          0          0          0        208   daddsub.o
       144          4          0          0          0         76   dcmpin.o
      1096         26        128          0          0        112   ddiv.o
        72          4          0          0          0         68   dfixui.o
        88          0          0          0          0         92   dflti.o
       584         26          0          0          0         84   dmul.o
        20          6          0          0          0         68   dnan2.o
       104          4          0          0          0        104   drlef.o
       240          8          0          0          0         76   drnd.o
        96         12          0          0          0         72   dscalbn.o
       256          8          0          0          0         76   dsqrt.o
        94          0          0          0          0         68   retnan.o
         0          0          0          0          0          0   usenofp.o
       200         20          0          0          0         76   ceil.o
        84         14          0          0          0        340   dunder.o
       200         20          0          0          0         76   floor.o
        44          4          0          0          0         60   fpclassify.o
       172          0          0          0          0         76   poly.o
      2556        196        136          0          0        240   pow.o
         0          0          8          0          0          0   qnan.o
         8          0          0          0          0         68   rint.o
        72          6          0          0          0         76   sqrt.o

    ----------------------------------------------------------------------
      9038        444        334          0        100       4232   Library Totals
        10          0          5          0          4          0   (incl. Padding)

    ----------------------------------------------------------------------

      Code (inc. data)   RO Data    RW Data    ZI Data      Debug   Library Name

      1996         66         57          0         96       2056   c_p.l
      3696        118        128          0          0       1164   fz_ps.l
      3336        260        144          0          0       1012   m_ps.l

    ----------------------------------------------------------------------
      9038        444        334          0        100       4232   Library Totals

    ----------------------------------------------------------------------

==============================================================================


      Code (inc. data)   RO Data    RW Data    ZI Data      Debug   

     21984       1814        912        240       2064     369562   Grand Totals
     21984       1814        912        240       2064     369562   ELF Image Totals
     21984       1814        912        240          0          0   ROM Totals

==============================================================================

    Total RO  Size (Code + RO Data)                22896 (  22.36kB)
    Total RW  Size (RW Data + ZI Data)              2304 (   2.25kB)
    Total ROM Size (Code + RO Data + RW Data)      23136 (  22.59kB)

==============================================================================

