<html>
<body>
<pre>
<h1>µVision Build Log</h1>
<h2>Tool Versions:</h2>
IDE-Version: ¦ÌVision V5.27.1.0
Copyright (C) 2019 ARM Ltd and ARM Germany GmbH. All rights reserved.
License Information: bigwudan bigwudan, bigwudan, LIC=76F30-BJCAZ-62SLB-2APYG-2CWL9-AAJGB
 
Tool Versions:
Toolchain:       MDK-ARM Plus  Version: 5.27.1.0
Toolchain Path:  D:\keil5\ARM\ARMCC\Bin
C Compiler:      Armcc.exe V5.06 update 6 (build 750)
Assembler:       Armasm.exe V5.06 update 6 (build 750)
Linker/Locator:  ArmLink.exe V5.06 update 6 (build 750)
Library Manager: ArmAr.exe V5.06 update 6 (build 750)
Hex Converter:   FromElf.exe V5.06 update 6 (build 750)
CPU DLL:         SARMCM3.DLL V5.27.1.0
Dialog DLL:      DARMCM1.DLL V1.19.2.0
Target DLL:      STLink\ST-LINKIII-KEIL_SWO.dll V3.0.6.0
Dialog DLL:      TARMCM1.DLL V1.14.1.0
 
<h2>Project:</h2>
D:\lora_node\bootloader\MDK-ARM\LLCC68 Demo.uvprojx
Project File Date:  12/07/2022

<h2>Output:</h2>
*** Using Compiler 'V5.06 update 6 (build 750)', folder: 'D:\keil5\ARM\ARMCC\Bin'
Rebuild target 'Demo'
assembling startup_stm32f030.s...
compiling stm32f0xx_misc.c...
compiling stm32f0xx_gpio.c...
compiling stm32f0xx_pwr.c...
compiling system_stm32f0xx.c...
compiling stm32f0xx_exti.c...
compiling stm32f0xx_rcc.c...
compiling stm32f0xx_rtc.c...
compiling stm32f0xx_spi.c...
compiling stm32f0xx_syscfg.c...
compiling stm32f0xx_it.c...
..\stm32f0xx_it.c(131): warning:  #177-D: variable "data"  was declared but never referenced
  	uint16_t data = 0;
..\stm32f0xx_it.c: 1 warning, 0 errors
compiling main.c...
..\Radio\lora_app\lora_common.h(65): warning:  #1295-D: Deprecated declaration lora_common_snd_beg - give arg types
  lora_err_t lora_common_snd_beg();
..\Radio\lora_app\lora_common.h(88): warning:  #1295-D: Deprecated declaration lora_common_snd_end - give arg types
  lora_err_t lora_common_snd_end();
..\Radio\lora_app\lora_common.h(98): warning:  #1295-D: Deprecated declaration lora_node_task - give arg types
  void lora_node_task();
..\Radio\lora_app\lora_common.h(100): warning:  #1295-D: Deprecated declaration lora_node_init - give arg types
  void lora_node_init();
..\Radio\lora_app\lora_common.h(105): warning:  #1295-D: Deprecated declaration lora_node_base_info - give arg types
  lora_base_data_t *lora_node_base_info();
..\rtc.h(10): warning:  #1295-D: Deprecated declaration rtc_get_sec - give arg types
  uint32_t rtc_get_sec();
..\rtc.h(13): warning:  #1295-D: Deprecated declaration rtc_get_min - give arg types
  uint32_t rtc_get_min();
..\operate_flash.h(8): warning:  #1295-D: Deprecated declaration operate_flash_read - give arg types
  uint16_t operate_flash_read();
..\main.c: 8 warnings, 0 errors
compiling stm32f0xx_flash.c...
compiling stm32f0xx_usart.c...
compiling stm32f0xx_tim.c...
compiling delay.c...
compiling crc.c...
compiling sx126x.c...
compiling uart.c...
compiling gpio.c...
compiling spi.c...
compiling operate_flash.c...
..\operate_flash.h(8): warning:  #1295-D: Deprecated declaration operate_flash_read - give arg types
  uint16_t operate_flash_read();
..\operate_flash.c(15): warning:  #68-D: integer conversion resulted in a change of sign
  		return -1;
..\operate_flash.c(27): warning:  #1-D: last line of file ends without a newline
  	
..\operate_flash.c: 3 warnings, 0 errors
compiling rtc.c...
..\rtc.h(10): warning:  #1295-D: Deprecated declaration rtc_get_sec - give arg types
  uint32_t rtc_get_sec();
..\rtc.h(13): warning:  #1295-D: Deprecated declaration rtc_get_min - give arg types
  uint32_t rtc_get_min();
..\rtc.c(121): warning:  #177-D: variable "EXTI_InitStructure"  was declared but never referenced
  	EXTI_InitTypeDef EXTI_InitStructure;
..\rtc.c(171): warning:  #177-D: variable "EXTI_InitStructure"  was declared but never referenced
  	EXTI_InitTypeDef EXTI_InitStructure;
..\rtc.c: 4 warnings, 0 errors
compiling radio.c...
compiling lora_common.c...
..\Radio\lora_app\lora_common.h(65): warning:  #1295-D: Deprecated declaration lora_common_snd_beg - give arg types
  lora_err_t lora_common_snd_beg();
..\Radio\lora_app\lora_common.h(88): warning:  #1295-D: Deprecated declaration lora_common_snd_end - give arg types
  lora_err_t lora_common_snd_end();
..\Radio\lora_app\lora_common.h(98): warning:  #1295-D: Deprecated declaration lora_node_task - give arg types
  void lora_node_task();
..\Radio\lora_app\lora_common.h(100): warning:  #1295-D: Deprecated declaration lora_node_init - give arg types
  void lora_node_init();
..\Radio\lora_app\lora_common.h(105): warning:  #1295-D: Deprecated declaration lora_node_base_info - give arg types
  lora_base_data_t *lora_node_base_info();
..\.\rtc.h(10): warning:  #1295-D: Deprecated declaration rtc_get_sec - give arg types
  uint32_t rtc_get_sec();
..\.\rtc.h(13): warning:  #1295-D: Deprecated declaration rtc_get_min - give arg types
  uint32_t rtc_get_min();
..\Radio\lora_app\lora_common.c: 7 warnings, 0 errors
compiling sx126x-board.c...
compiling lora_node.c...
..\Radio\lora_app\lora_common.h(65): warning:  #1295-D: Deprecated declaration lora_common_snd_beg - give arg types
  lora_err_t lora_common_snd_beg();
..\Radio\lora_app\lora_common.h(88): warning:  #1295-D: Deprecated declaration lora_common_snd_end - give arg types
  lora_err_t lora_common_snd_end();
..\Radio\lora_app\lora_common.h(98): warning:  #1295-D: Deprecated declaration lora_node_task - give arg types
  void lora_node_task();
..\Radio\lora_app\lora_common.h(100): warning:  #1295-D: Deprecated declaration lora_node_init - give arg types
  void lora_node_init();
..\Radio\lora_app\lora_common.h(105): warning:  #1295-D: Deprecated declaration lora_node_base_info - give arg types
  lora_base_data_t *lora_node_base_info();
..\.\rtc.h(10): warning:  #1295-D: Deprecated declaration rtc_get_sec - give arg types
  uint32_t rtc_get_sec();
..\.\rtc.h(13): warning:  #1295-D: Deprecated declaration rtc_get_min - give arg types
  uint32_t rtc_get_min();
..\Radio\lora_app\lora_node.c(99): warning:  #1295-D: Deprecated declaration _check_cad - give arg types
  void _check_cad();
..\Radio\lora_app\lora_node.c(295): warning:  #177-D: function "_againing_fsm_func"  was declared but never referenced
  static lora_err_t _againing_fsm_func(){
..\Radio\lora_app\lora_node.c(302): warning:  #177-D: function "_again_end_fsm_func"  was declared but never referenced
  static lora_err_t _again_end_fsm_func(){
..\Radio\lora_app\lora_node.c: 10 warnings, 0 errors
linking...
Program Size: Code=14160 RO-data=580 RW-data=236 ZI-data=1460  
FromELF: creating hex file...
".\Objects\LLCC68 Demo.axf" - 0 Error(s), 33 Warning(s).

<h2>Software Packages used:</h2>

Package Vendor: Keil
                https://www.keil.com/pack/Keil.STM32F0xx_DFP.2.1.1.pack
                Keil.STM32F0xx_DFP.2.1.1
                STMicroelectronics STM32F0 Series Device Support, Drivers and Examples

<h2>Collection of Component include folders:</h2>
  .\RTE\_Demo
  D:\keil5_pack\Keil\STM32F0xx_DFP\2.1.1\Drivers\CMSIS\Device\ST\STM32F0xx\Include

<h2>Collection of Component Files used:</h2>
Build Time Elapsed:  00:00:03
</pre>
</body>
</html>
