###############################################################################
#
# IAR ELF Linker V7.30.3.8024/W32 for ARM                 13/Mar/2021  17:42:42
# Copyright 2007-2014 IAR Systems AB.
#
#    Output file  =  
#        E:\G\STM32F0_Andrew\STM32F0xx_StdPeriph_Lib_V1.5.0 LLCC68\LLCC68 Easy
#        Demo v1.0\EWARM\STM32F030\Exe\Project.out
#    Map file     =  
#        E:\G\STM32F0_Andrew\STM32F0xx_StdPeriph_Lib_V1.5.0 LLCC68\LLCC68 Easy
#        Demo v1.0\EWARM\STM32F030\List\Project.map
#    Command line =  
#        "E:\G\STM32F0_Andrew\STM32F0xx_StdPeriph_Lib_V1.5.0 LLCC68\LLCC68 Easy
#        Demo v1.0\EWARM\STM32F030\Obj\crc.o"
#        "E:\G\STM32F0_Andrew\STM32F0xx_StdPeriph_Lib_V1.5.0 LLCC68\LLCC68 Easy
#        Demo v1.0\EWARM\STM32F030\Obj\delay.o"
#        "E:\G\STM32F0_Andrew\STM32F0xx_StdPeriph_Lib_V1.5.0 LLCC68\LLCC68 Easy
#        Demo v1.0\EWARM\STM32F030\Obj\gpio.o"
#        "E:\G\STM32F0_Andrew\STM32F0xx_StdPeriph_Lib_V1.5.0 LLCC68\LLCC68 Easy
#        Demo v1.0\EWARM\STM32F030\Obj\main.o"
#        "E:\G\STM32F0_Andrew\STM32F0xx_StdPeriph_Lib_V1.5.0 LLCC68\LLCC68 Easy
#        Demo v1.0\EWARM\STM32F030\Obj\radio.o"
#        "E:\G\STM32F0_Andrew\STM32F0xx_StdPeriph_Lib_V1.5.0 LLCC68\LLCC68 Easy
#        Demo v1.0\EWARM\STM32F030\Obj\spi.o"
#        "E:\G\STM32F0_Andrew\STM32F0xx_StdPeriph_Lib_V1.5.0 LLCC68\LLCC68 Easy
#        Demo v1.0\EWARM\STM32F030\Obj\startup_stm32f030.o"
#        "E:\G\STM32F0_Andrew\STM32F0xx_StdPeriph_Lib_V1.5.0 LLCC68\LLCC68 Easy
#        Demo v1.0\EWARM\STM32F030\Obj\stm32f0xx_adc.o"
#        "E:\G\STM32F0_Andrew\STM32F0xx_StdPeriph_Lib_V1.5.0 LLCC68\LLCC68 Easy
#        Demo v1.0\EWARM\STM32F030\Obj\stm32f0xx_can.o"
#        "E:\G\STM32F0_Andrew\STM32F0xx_StdPeriph_Lib_V1.5.0 LLCC68\LLCC68 Easy
#        Demo v1.0\EWARM\STM32F030\Obj\stm32f0xx_cec.o"
#        "E:\G\STM32F0_Andrew\STM32F0xx_StdPeriph_Lib_V1.5.0 LLCC68\LLCC68 Easy
#        Demo v1.0\EWARM\STM32F030\Obj\stm32f0xx_comp.o"
#        "E:\G\STM32F0_Andrew\STM32F0xx_StdPeriph_Lib_V1.5.0 LLCC68\LLCC68 Easy
#        Demo v1.0\EWARM\STM32F030\Obj\stm32f0xx_crc.o"
#        "E:\G\STM32F0_Andrew\STM32F0xx_StdPeriph_Lib_V1.5.0 LLCC68\LLCC68 Easy
#        Demo v1.0\EWARM\STM32F030\Obj\stm32f0xx_crs.o"
#        "E:\G\STM32F0_Andrew\STM32F0xx_StdPeriph_Lib_V1.5.0 LLCC68\LLCC68 Easy
#        Demo v1.0\EWARM\STM32F030\Obj\stm32f0xx_dac.o"
#        "E:\G\STM32F0_Andrew\STM32F0xx_StdPeriph_Lib_V1.5.0 LLCC68\LLCC68 Easy
#        Demo v1.0\EWARM\STM32F030\Obj\stm32f0xx_dbgmcu.o"
#        "E:\G\STM32F0_Andrew\STM32F0xx_StdPeriph_Lib_V1.5.0 LLCC68\LLCC68 Easy
#        Demo v1.0\EWARM\STM32F030\Obj\stm32f0xx_dma.o"
#        "E:\G\STM32F0_Andrew\STM32F0xx_StdPeriph_Lib_V1.5.0 LLCC68\LLCC68 Easy
#        Demo v1.0\EWARM\STM32F030\Obj\stm32f0xx_exti.o"
#        "E:\G\STM32F0_Andrew\STM32F0xx_StdPeriph_Lib_V1.5.0 LLCC68\LLCC68 Easy
#        Demo v1.0\EWARM\STM32F030\Obj\stm32f0xx_flash.o"
#        "E:\G\STM32F0_Andrew\STM32F0xx_StdPeriph_Lib_V1.5.0 LLCC68\LLCC68 Easy
#        Demo v1.0\EWARM\STM32F030\Obj\stm32f0xx_gpio.o"
#        "E:\G\STM32F0_Andrew\STM32F0xx_StdPeriph_Lib_V1.5.0 LLCC68\LLCC68 Easy
#        Demo v1.0\EWARM\STM32F030\Obj\stm32f0xx_i2c.o"
#        "E:\G\STM32F0_Andrew\STM32F0xx_StdPeriph_Lib_V1.5.0 LLCC68\LLCC68 Easy
#        Demo v1.0\EWARM\STM32F030\Obj\stm32f0xx_it.o"
#        "E:\G\STM32F0_Andrew\STM32F0xx_StdPeriph_Lib_V1.5.0 LLCC68\LLCC68 Easy
#        Demo v1.0\EWARM\STM32F030\Obj\stm32f0xx_iwdg.o"
#        "E:\G\STM32F0_Andrew\STM32F0xx_StdPeriph_Lib_V1.5.0 LLCC68\LLCC68 Easy
#        Demo v1.0\EWARM\STM32F030\Obj\stm32f0xx_misc.o"
#        "E:\G\STM32F0_Andrew\STM32F0xx_StdPeriph_Lib_V1.5.0 LLCC68\LLCC68 Easy
#        Demo v1.0\EWARM\STM32F030\Obj\stm32f0xx_pwr.o"
#        "E:\G\STM32F0_Andrew\STM32F0xx_StdPeriph_Lib_V1.5.0 LLCC68\LLCC68 Easy
#        Demo v1.0\EWARM\STM32F030\Obj\stm32f0xx_rcc.o"
#        "E:\G\STM32F0_Andrew\STM32F0xx_StdPeriph_Lib_V1.5.0 LLCC68\LLCC68 Easy
#        Demo v1.0\EWARM\STM32F030\Obj\stm32f0xx_rtc.o"
#        "E:\G\STM32F0_Andrew\STM32F0xx_StdPeriph_Lib_V1.5.0 LLCC68\LLCC68 Easy
#        Demo v1.0\EWARM\STM32F030\Obj\stm32f0xx_spi.o"
#        "E:\G\STM32F0_Andrew\STM32F0xx_StdPeriph_Lib_V1.5.0 LLCC68\LLCC68 Easy
#        Demo v1.0\EWARM\STM32F030\Obj\stm32f0xx_syscfg.o"
#        "E:\G\STM32F0_Andrew\STM32F0xx_StdPeriph_Lib_V1.5.0 LLCC68\LLCC68 Easy
#        Demo v1.0\EWARM\STM32F030\Obj\stm32f0xx_tim.o"
#        "E:\G\STM32F0_Andrew\STM32F0xx_StdPeriph_Lib_V1.5.0 LLCC68\LLCC68 Easy
#        Demo v1.0\EWARM\STM32F030\Obj\stm32f0xx_usart.o"
#        "E:\G\STM32F0_Andrew\STM32F0xx_StdPeriph_Lib_V1.5.0 LLCC68\LLCC68 Easy
#        Demo v1.0\EWARM\STM32F030\Obj\stm32f0xx_wwdg.o"
#        "E:\G\STM32F0_Andrew\STM32F0xx_StdPeriph_Lib_V1.5.0 LLCC68\LLCC68 Easy
#        Demo v1.0\EWARM\STM32F030\Obj\sx126x-board.o"
#        "E:\G\STM32F0_Andrew\STM32F0xx_StdPeriph_Lib_V1.5.0 LLCC68\LLCC68 Easy
#        Demo v1.0\EWARM\STM32F030\Obj\sx126x.o"
#        "E:\G\STM32F0_Andrew\STM32F0xx_StdPeriph_Lib_V1.5.0 LLCC68\LLCC68 Easy
#        Demo v1.0\EWARM\STM32F030\Obj\system_stm32f0xx.o" --redirect
#        _Printf=_PrintfSmall --redirect _Scanf=_ScanfSmall -o
#        "E:\G\STM32F0_Andrew\STM32F0xx_StdPeriph_Lib_V1.5.0 LLCC68\LLCC68 Easy
#        Demo v1.0\EWARM\STM32F030\Exe\Project.out" --map
#        "E:\G\STM32F0_Andrew\STM32F0xx_StdPeriph_Lib_V1.5.0 LLCC68\LLCC68 Easy
#        Demo v1.0\EWARM\STM32F030\List\Project.map" --config
#        "E:\G\STM32F0_Andrew\STM32F0xx_StdPeriph_Lib_V1.5.0 LLCC68\LLCC68 Easy
#        Demo v1.0\EWARM\stm32f030_flash.icf" --semihosting --entry
#        __iar_program_start --vfe
#
###############################################################################

*******************************************************************************
*** RUNTIME MODEL ATTRIBUTES
***

CppFlavor       = *
__SystemLibrary = DLib


*******************************************************************************
*** PLACEMENT SUMMARY
***

"A1":  place at 0x08000000 { ro section .intvec };
"P1":  place in [from 0x08000000 to 0x0800ffff] { ro };
"P2":  place in [from 0x20000000 to 0x20001fff] { rw, block CSTACK, block HEAP };

  Section             Kind        Address    Size  Object
  -------             ----        -------    ----  ------
"A1":                                        0xb4
  .intvec             ro code  0x08000000    0xb4  startup_stm32f030.o [1]
                             - 0x080000b4    0xb4

"P1":                                      0x3af4
  .text               ro code  0x080000b4   0xa1c  radio.o [1]
  .text               ro code  0x08000ad0   0x80c  sx126x.o [1]
  .text               ro code  0x080012dc    0x18  delay.o [1]
  .text               ro code  0x080012f4    0x34  I32ToDbl.o [4]
  .text               ro code  0x08001328    0xc2  DblDiv.o [4]
  .text               ro code  0x080013ea   0x184  DblMul.o [4]
  .text               ro code  0x0800156e    0x2a  zero_init3.o [5]
  .text               ro code  0x08001598    0x52  DblToI32.o [4]
  .text               ro code  0x080015ea     0x2  startup_stm32f030.o [1]
  .text               ro code  0x080015ec   0x2a8  sx126x-board.o [1]
  .text               ro code  0x08001894   0x1b4  DblAddSub.o [4]
  .text               ro code  0x08001a48    0x24  rint.o [4]
  .text               ro code  0x08001a6c    0xe0  I32DivModFast.o [5]
  .text               ro code  0x08001b4c    0x58  ceil.o [4]
  .text               ro code  0x08001ba4    0x32  DblCmpGe.o [4]
  .text               ro code  0x08001bd6     0x2  startup_stm32f030.o [1]
  .text               ro code  0x08001bd8    0x58  floor.o [4]
  .text               ro code  0x08001c30   0x12e  stm32f0xx_gpio.o [1]
  .rodata             const    0x08001d60    0x6c  radio.o [1]
  .text               ro code  0x08001dd0   0x890  pow.o [4]
  .text               ro code  0x08002660    0x54  ABImemset.o [5]
  .text               ro code  0x080026b4    0x90  spi.o [1]
  .text               ro code  0x08002744    0x80  xrint.o [4]
  .text               ro code  0x080027c4     0x2  IntDivZer.o [5]
  .text               ro code  0x080027c6    0x44  xdnorm.o [4]
  .text               ro code  0x0800280a     0x2  startup_stm32f030.o [1]
  .text               ro code  0x0800280c    0x8c  xdint.o [4]
  .text               ro code  0x08002898    0x24  DblCmpEq.o [4]
  .text               ro code  0x080028bc    0x10  errno.o [3]
  .text               ro code  0x080028cc    0x32  DblCmpLe.o [4]
  .text               ro code  0x080028fe     0x2  startup_stm32f030.o [1]
  .text               ro code  0x08002900    0xa4  xlog.o [4]
  .text               ro code  0x080029a4   0x2b8  xexp.o [4]
  .text               ro code  0x08002c5c    0xc6  stm32f0xx_spi.o [1]
  .text               ro code  0x08002d22     0x2  xtls.o [3]
  .text               ro code  0x08002d24    0x3c  xdtest.o [4]
  .text               ro code  0x08002d60   0x11c  xdscale.o [4]
  .text               ro code  0x08002e7c   0x484  main.o [1]
  .text               ro code  0x08003300   0x12c  stm32f0xx_rcc.o [1]
  .text               ro code  0x0800342c   0x1ac  gpio.o [1]
  .text               ro code  0x080035d8    0x98  crc.o [1]
  .text               ro code  0x08003670    0x5c  ABImemcpy.o [5]
  .text               ro code  0x080036cc    0x28  memcmp.o [5]
  .text               ro code  0x080036f4   0x164  system_stm32f0xx.o [1]
  .rodata             const    0x08003858    0xb0  radio.o [1]
  .text               ro code  0x08003908    0x60  stm32f0xx_it.o [1]
  .text               ro code  0x08003968    0x32  stm32f0xx_tim.o [1]
  .text               ro code  0x0800399a     0x2  startup_stm32f030.o [1]
  .text               ro code  0x0800399c    0x24  stm32f0xx_exti.o [1]
  .text               ro code  0x080039c0    0x3c  startup_stm32f030.o [1]
  .text               ro code  0x080039fc    0x30  copy_init3.o [5]
  .text               ro code  0x08003a2c    0x28  data_init.o [5]
  .iar.init_table     const    0x08003a54    0x24  - Linker created -
  .text               ro code  0x08003a78    0x1a  cmain.o [5]
  .text               ro code  0x08003a92     0x4  low_level_init.o [3]
  .text               ro code  0x08003a96     0x8  exit.o [3]
  .text               ro code  0x08003a9e     0x2  startup_stm32f030.o [1]
  .text               ro code  0x08003aa0     0xa  cexit.o [5]
  .text               ro code  0x08003aaa     0x2  startup_stm32f030.o [1]
  .text               ro code  0x08003aac    0x14  exit.o [6]
  .text               ro code  0x08003ac0     0xc  cstartup_M.o [5]
  .rodata             const    0x08003acc     0x8  main.o [1]
  .rodata             const    0x08003ad4     0x8  main.o [1]
  .rodata             const    0x08003adc     0x8  radio.o [1]
  .rodata             const    0x08003ae4     0x8  radio.o [1]
  .rodata             const    0x08003aec     0x4  radio.o [1]
  .rodata             const    0x08003af0     0x4  radio.o [1]
  .text               ro code  0x08003af4     0x2  startup_stm32f030.o [1]
  .text               ro code  0x08003af6     0x2  startup_stm32f030.o [1]
  .text               ro code  0x08003af8     0x2  startup_stm32f030.o [1]
  .text               ro code  0x08003afa     0x2  startup_stm32f030.o [1]
  .text               ro code  0x08003afc     0x2  startup_stm32f030.o [1]
  .text               ro code  0x08003afe     0x2  startup_stm32f030.o [1]
  .text               ro code  0x08003b00     0x2  startup_stm32f030.o [1]
  .text               ro code  0x08003b02     0x2  startup_stm32f030.o [1]
  .text               ro code  0x08003b04     0x2  startup_stm32f030.o [1]
  .text               ro code  0x08003b06     0x2  startup_stm32f030.o [1]
  .text               ro code  0x08003b08     0x2  startup_stm32f030.o [1]
  .text               ro code  0x08003b0a     0x2  startup_stm32f030.o [1]
  .rodata             const    0x08003b0c     0x0  zero_init3.o [5]
  .rodata             const    0x08003b0c     0x0  copy_init3.o [5]
  Initializer bytes   ro data  0x08003b0c    0x9c  <for P2 s0>
                             - 0x08003ba8  0x3af4

"P2":                                       0x6b0
  P2 s0                        0x20000000    0x9c  <Init block>
    .data             inited   0x20000000    0x90  radio.o [1]
    .data             inited   0x20000090     0x4  system_stm32f0xx.o [1]
    __DLIB_PERTHREAD  inited   0x20000094     0x4  errno.o [3]
    .data             inited   0x20000098     0x2  main.o [1]
    .data             inited   0x2000009a     0x1  main.o [1]
    .data             inited   0x2000009b     0x1  radio.o [1]
  .bss                zero     0x2000009c   0x100  radio.o [1]
  .bss                zero     0x2000019c    0x40  main.o [1]
  .bss                zero     0x200001dc    0x40  main.o [1]
  .bss                zero     0x2000021c    0x3c  radio.o [1]
  .bss                zero     0x20000258    0x1c  main.o [1]
  .bss                zero     0x20000274    0x14  radio.o [1]
  .bss                zero     0x20000288     0x4  radio.o [1]
  .bss                zero     0x2000028c     0x4  radio.o [1]
  .bss                zero     0x20000290     0x4  radio.o [1]
  .bss                zero     0x20000294     0x4  radio.o [1]
  .bss                zero     0x20000298     0x4  stm32f0xx_it.o [1]
  .bss                zero     0x2000029c     0x4  stm32f0xx_it.o [1]
  .bss                zero     0x200002a0     0x4  sx126x.o [1]
  .bss                zero     0x200002a4     0x2  main.o [1]
  .bss                zero     0x200002a6     0x1  main.o [1]
  .bss                zero     0x200002a7     0x1  main.o [1]
  .bss                zero     0x200002a8     0x1  radio.o [1]
  .bss                zero     0x200002a9     0x1  radio.o [1]
  .bss                zero     0x200002aa     0x1  sx126x.o [1]
  .bss                zero     0x200002ab     0x1  sx126x.o [1]
  .bss                zero     0x200002ac     0x1  sx126x.o [1]
  CSTACK                       0x200002b0   0x400  <Block>
    CSTACK            uninit   0x200002b0   0x400  <Block tail>
                             - 0x200006b0   0x6b0


*******************************************************************************
*** INIT TABLE
***

          Address     Size
          -------     ----
Zero (__iar_zero_init3)
    1 destination range, total size 0x211:
          0x2000009c  0x211

Copy (__iar_copy_init3)
    1 source range, total size 0x9c:
          0x08003b0c   0x9c
    1 destination range, total size 0x9c:
          0x20000000   0x9c



*******************************************************************************
*** MODULE SUMMARY
***

    Module               ro code  ro data  rw data
    ------               -------  -------  -------
E:\G\STM32F0_Andrew\STM32F0xx_StdPeriph_Lib_V1.5.0  LLCC68\LLCC68 Easy Demo v1.0\EWARM\STM32F030\Obj: [1]
    crc.o                    152
    delay.o                   24
    gpio.o                   428
    main.o                 1 156       19      163
    radio.o                2 588      453      499
    spi.o                    144
    startup_stm32f030.o      278
    stm32f0xx_exti.o          36
    stm32f0xx_gpio.o         302
    stm32f0xx_it.o            96                 8
    stm32f0xx_rcc.o          300
    stm32f0xx_spi.o          198
    stm32f0xx_tim.o           50
    sx126x-board.o           680
    sx126x.o               2 060                 7
    system_stm32f0xx.o       356        4        4
    ----------------------------------------------
    Total:                 8 848      476      681

command line: [2]
    ----------------------------------------------
    Total:

dl6M_tln.a: [3]
    errno.o                   16        4        4
    exit.o                     8
    low_level_init.o           4
    xtls.o                     2
    ----------------------------------------------
    Total:                    30        4        4

m6M_tl.a: [4]
    DblAddSub.o              436
    DblCmpEq.o                36
    DblCmpGe.o                50
    DblCmpLe.o                50
    DblDiv.o                 194
    DblMul.o                 388
    DblToI32.o                82
    I32ToDbl.o                52
    ceil.o                    88
    floor.o                   88
    pow.o                  2 192
    rint.o                    36
    xdint.o                  140
    xdnorm.o                  68
    xdscale.o                284
    xdtest.o                  60
    xexp.o                   696
    xlog.o                   164
    xrint.o                  128
    ----------------------------------------------
    Total:                 5 232

rt6M_tl.a: [5]
    ABImemcpy.o               92
    ABImemset.o               84
    I32DivModFast.o          224
    IntDivZer.o                2
    cexit.o                   10
    cmain.o                   26
    copy_init3.o              48
    cstartup_M.o              12
    data_init.o               40
    memcmp.o                  40
    zero_init3.o              42
    ----------------------------------------------
    Total:                   620

shb_l.a: [6]
    exit.o                    20
    ----------------------------------------------
    Total:                    20

    Gaps                       4        2
    Linker created                     36    1 024
--------------------------------------------------
    Grand Total:          14 754      518    1 709


*******************************************************************************
*** ENTRY LIST
***

Entry                      Address   Size  Type      Object
-----                      -------   ----  ----      ------
?main                   0x08003a79         Code  Gb  cmain.o [5]
ADC1_IRQHandler         0x0800392b    0x2  Code  Gb  stm32f0xx_it.o [1]
Bandwidths              0x08003aec    0x4  Data  Gb  radio.o [1]
BufferSize              0x20000098    0x2  Data  Gb  main.o [1]
CSTACK$$Base            0x200002b0          --   Gb  - Linker created -
CSTACK$$Limit           0x200006b0          --   Gb  - Linker created -
ComputeCrc              0x080035d9   0x32  Code  Gb  crc.o [1]
EXTI0_1_IRQHandler      0x08003955   0x14  Code  Gb  stm32f0xx_it.o [1]
EXTI_ClearITPendingBit  0x080039b7    0x6  Code  Gb  stm32f0xx_exti.o [1]
EXTI_GetITStatus        0x0800399d   0x1a  Code  Gb  stm32f0xx_exti.o [1]
EnableMaster            0x2000009a    0x1  Data  Gb  main.o [1]
FrequencyError          0x200002a0    0x4  Data  Gb  sx126x.o [1]
FskBandwidths           0x08003858   0xb0  Data  Gb  radio.o [1]
GPIO_Init               0x08001c31   0xa0  Code  Gb  stm32f0xx_gpio.o [1]
GPIO_PinAFConfig        0x08001cfd   0x62  Code  Gb  stm32f0xx_gpio.o [1]
GPIO_ReadInputDataBit   0x08001cd1   0x1a  Code  Gb  stm32f0xx_gpio.o [1]
GPIO_WriteBit           0x08001ceb   0x12  Code  Gb  stm32f0xx_gpio.o [1]
GPIO_int                0x0800342d  0x1ac  Code  Gb  gpio.o [1]
HAL_Delay_nMS           0x080012dd   0x14  Code  Gb  delay.o [1]
HW_int                  0x08002f95   0x18  Code  Gb  main.o [1]
HardFault_Handler       0x0800390b    0x4  Code  Gb  stm32f0xx_it.o [1]
ImageCalibrated         0x200002ac    0x1  Data  Lc  sx126x.o [1]
IrqFired                0x200002a9    0x1  Data  Gb  radio.o [1]
LedToggle               0x08002fad   0x26  Code  Gb  main.o [1]
MaxPayloadLength        0x2000009b    0x1  Data  Gb  radio.o [1]
NMI_Handler             0x08003909    0x2  Code  Gb  stm32f0xx_it.o [1]
NVIC_SetPriority        0x08002e7d   0x86  Code  Lc  main.o [1]
OnRxDone                0x080030ed   0xea  Code  Gb  main.o [1]
OnRxError               0x08003269   0x62  Code  Gb  main.o [1]
OnRxTimeout             0x080031e7   0x62  Code  Gb  main.o [1]
OnTxDone                0x080030d1   0x14  Code  Gb  main.o [1]
OnTxTimeout             0x080031e5    0x2  Code  Gb  main.o [1]
OperatingMode           0x200002aa    0x1  Data  Lc  sx126x.o [1]
PacketType              0x200002ab    0x1  Data  Lc  sx126x.o [1]
PendSV_Handler          0x08003911    0x2  Code  Gb  stm32f0xx_it.o [1]
PingMsg                 0x08003acc    0x8  Data  Gb  main.o [1]
PongMsg                 0x08003ad4    0x8  Data  Gb  main.o [1]
RCC_AHBPeriphClockCmd   0x08003365   0x20  Code  Gb  stm32f0xx_rcc.o [1]
RCC_APB1PeriphClockCmd  0x080033a5   0x20  Code  Gb  stm32f0xx_rcc.o [1]
RCC_APB2PeriphClockCmd  0x08003385   0x20  Code  Gb  stm32f0xx_rcc.o [1]
RCC_Configuration       0x08002f77   0x1e  Code  Gb  main.o [1]
RCC_GetFlagStatus       0x080033c5   0x4a  Code  Gb  stm32f0xx_rcc.o [1]
RCC_PLLCmd              0x0800331b   0x26  Code  Gb  stm32f0xx_rcc.o [1]
RCC_PLLConfig           0x08003301   0x1a  Code  Gb  stm32f0xx_rcc.o [1]
RCC_SYSCLKConfig        0x08003341   0x14  Code  Gb  stm32f0xx_rcc.o [1]
RX_Buffer               0x200001dc   0x40  Data  Gb  main.o [1]
Radio                   0x08001d60   0x6c  Data  Gb  radio.o [1]
RadioCheckRfFrequency   0x080005c9    0x4  Code  Gb  radio.o [1]
RadioComputeCRC         0x0800360b   0x56  Code  Gb  crc.o [1]
RadioEvents             0x20000258   0x1c  Data  Lc  main.o [1]
RadioEvents             0x20000294    0x4  Data  Lc  radio.o [1]
RadioGetFskBandwidthRegValue
                        0x080000b5   0x44  Code  Lc  radio.o [1]
RadioGetStatus          0x08000135   0x22  Code  Gb  radio.o [1]
RadioGetWakeupTime      0x08000931    0x4  Code  Gb  radio.o [1]
RadioInit               0x080000f9   0x3c  Code  Gb  radio.o [1]
RadioIrqProcess         0x08000969  0x144  Code  Gb  radio.o [1]
RadioIsChannelFree      0x080001a9   0x28  Code  Gb  radio.o [1]
RadioLoRaSymbTime       0x20000000   0x90  Data  Lc  radio.o [1]
RadioOnDioIrq           0x08000941    0x8  Code  Gb  radio.o [1]
RadioPktStatus          0x20000274   0x14  Data  Gb  radio.o [1]
RadioPublicNetwork      0x20000290    0x4  Data  Lc  radio.o [1]
RadioRandom             0x080001d1   0x3a  Code  Gb  radio.o [1]
RadioRead               0x0800087d    0xa  Code  Gb  radio.o [1]
RadioReadBuffer         0x08000895    0xe  Code  Gb  radio.o [1]
RadioRssi               0x08000867    0xa  Code  Gb  radio.o [1]
RadioRx                 0x080007e1   0x28  Code  Gb  radio.o [1]
RadioRxBoosted          0x0800080d   0x28  Code  Gb  radio.o [1]
RadioRxPayload          0x2000009c  0x100  Data  Gb  radio.o [1]
RadioSend               0x0800077d   0x38  Code  Gb  radio.o [1]
RadioSetChannel         0x080001a1    0x8  Code  Gb  radio.o [1]
RadioSetMaxPayloadLength
                        0x080008a3   0x38  Code  Gb  radio.o [1]
RadioSetModem           0x08000157   0x3a  Code  Gb  radio.o [1]
RadioSetPublicNetwork   0x080008e1   0x44  Code  Gb  radio.o [1]
RadioSetRxConfig        0x0800020b  0x1e4  Code  Gb  radio.o [1]
RadioSetRxDutyCycle     0x08000841    0x8  Code  Gb  radio.o [1]
RadioSetTxConfig        0x08000425  0x178  Code  Gb  radio.o [1]
RadioSetTxContinuousWave
                        0x08000851   0x16  Code  Gb  radio.o [1]
RadioSleep              0x080007b5   0x22  Code  Gb  radio.o [1]
RadioStandby            0x080007d7    0xa  Code  Gb  radio.o [1]
RadioStartCad           0x08000849    0x8  Code  Gb  radio.o [1]
RadioTimeOnAir          0x080005cd  0x1a8  Code  Gb  radio.o [1]
RadioWrite              0x08000871    0xc  Code  Gb  radio.o [1]
RadioWriteBuffer        0x08000887    0xe  Code  Gb  radio.o [1]
Region$$Table$$Base     0x08003a54          --   Gb  - Linker created -
Region$$Table$$Limit    0x08003a78          --   Gb  - Linker created -
RssiValue               0x200002a6    0x1  Data  Gb  main.o [1]
RxContinuous            0x200002a8    0x1  Data  Gb  radio.o [1]
RxTimeout               0x2000028c    0x4  Data  Gb  radio.o [1]
SPI2_IRQHandler         0x0800392d    0x2  Code  Gb  stm32f0xx_it.o [1]
SPI2_Int                0x080026b5   0x5e  Code  Gb  spi.o [1]
SPI_Cmd                 0x08002cb7   0x1c  Code  Gb  stm32f0xx_spi.o [1]
SPI_I2S_GetFlagStatus   0x08002d0d   0x16  Code  Gb  stm32f0xx_spi.o [1]
SPI_Init                0x08002c5d   0x5a  Code  Gb  stm32f0xx_spi.o [1]
SPI_ReceiveData8        0x08002ced    0xa  Code  Gb  stm32f0xx_spi.o [1]
SPI_RxFIFOThresholdConfig
                        0x08002cd3   0x10  Code  Gb  stm32f0xx_spi.o [1]
SPI_SendData8           0x08002ce3    0xa  Code  Gb  stm32f0xx_spi.o [1]
SVC_Handler             0x0800390f    0x2  Code  Gb  stm32f0xx_it.o [1]
SX126x                  0x2000021c   0x3c  Data  Gb  radio.o [1]
SX126xAntSwOff          0x08001893    0x2  Code  Gb  sx126x-board.o [1]
SX126xAntSwOn           0x08001891    0x2  Code  Gb  sx126x-board.o [1]
SX126xCalibrateImage    0x08000d5d   0x70  Code  Gb  sx126x.o [1]
SX126xCheckDeviceReady  0x08000af5   0x20  Code  Gb  sx126x.o [1]
SX126xClearIrqStatus    0x080012c1   0x1c  Code  Gb  sx126x.o [1]
SX126xGetIrqStatus      0x08000e41   0x1c  Code  Gb  sx126x.o [1]
SX126xGetOperatingMode  0x08000aef    0x6  Code  Gb  sx126x.o [1]
SX126xGetPaSelect       0x0800188d    0x4  Code  Gb  sx126x-board.o [1]
SX126xGetPacketStatus   0x08001201   0xa0  Code  Gb  sx126x.o [1]
SX126xGetPacketType     0x08000ef7    0x6  Code  Gb  sx126x.o [1]
SX126xGetPayload        0x08000b25   0x34  Code  Gb  sx126x.o [1]
SX126xGetRssiInst       0x0800119b   0x1c  Code  Gb  sx126x.o [1]
SX126xGetRxBufferStatus
                        0x080011b7   0x40  Code  Gb  sx126x.o [1]
SX126xInit              0x08000ad1   0x1e  Code  Gb  sx126x.o [1]
SX126xReadBuffer        0x08001821   0x5a  Code  Gb  sx126x-board.o [1]
SX126xReadCommand       0x080016a3   0x50  Code  Gb  sx126x-board.o [1]
SX126xReadRegister      0x080017bd   0x12  Code  Gb  sx126x-board.o [1]
SX126xReadRegisters     0x0800175b   0x62  Code  Gb  sx126x-board.o [1]
SX126xReset             0x080015ed   0x2a  Code  Gb  sx126x-board.o [1]
SX126xSendPayload       0x08000b59   0x12  Code  Gb  sx126x.o [1]
SX126xSetBufferBaseAddress
                        0x08001185   0x16  Code  Gb  sx126x.o [1]
SX126xSetCad            0x08000d09   0x14  Code  Gb  sx126x.o [1]
SX126xSetCrcPolynomial  0x08000ba3   0x26  Code  Gb  sx126x.o [1]
SX126xSetCrcSeed        0x08000b7d   0x26  Code  Gb  sx126x.o [1]
SX126xSetDio2AsRfSwitchCtrl
                        0x08000e5d    0xe  Code  Gb  sx126x.o [1]
SX126xSetDioIrqParams   0x08000df9   0x48  Code  Gb  sx126x.o [1]
SX126xSetLoRaSymbNumTimeout
                        0x08000d41    0xe  Code  Gb  sx126x.o [1]
SX126xSetModulationParams
                        0x08000fa5   0xf8  Code  Gb  sx126x.o [1]
SX126xSetPaConfig       0x08000dd9   0x20  Code  Gb  sx126x.o [1]
SX126xSetPacketParams   0x080010a5   0xd0  Code  Gb  sx126x.o [1]
SX126xSetPacketType     0x08000ee1   0x16  Code  Gb  sx126x.o [1]
SX126xSetPayload        0x08000b15   0x10  Code  Gb  sx126x.o [1]
SX126xSetRegulatorMode  0x08000d4f    0xe  Code  Gb  sx126x.o [1]
SX126xSetRfFrequency    0x08000e6b   0x76  Code  Gb  sx126x.o [1]
SX126xSetRfTxPower      0x08001881    0xc  Code  Gb  sx126x-board.o [1]
SX126xSetRx             0x08000c6f   0x28  Code  Gb  sx126x.o [1]
SX126xSetRxBoosted      0x08000c97   0x34  Code  Gb  sx126x.o [1]
SX126xSetRxDutyCycle    0x08000ccb   0x3e  Code  Gb  sx126x.o [1]
SX126xSetSleep          0x08000c0b   0x18  Code  Gb  sx126x.o [1]
SX126xSetStandby        0x08000c23   0x24  Code  Gb  sx126x.o [1]
SX126xSetStopRxTimerOnPreambleDetect
                        0x08000d33    0xe  Code  Gb  sx126x.o [1]
SX126xSetSyncWord       0x08000b6b   0x12  Code  Gb  sx126x.o [1]
SX126xSetTx             0x08000c47   0x28  Code  Gb  sx126x.o [1]
SX126xSetTxContinuousWave
                        0x08000d25    0xe  Code  Gb  sx126x.o [1]
SX126xSetTxParams       0x08000f01   0x92  Code  Gb  sx126x.o [1]
SX126xSetWhiteningSeed  0x08000bc9   0x42  Code  Gb  sx126x.o [1]
SX126xWaitOnBusy        0x08001617   0x12  Code  Gb  sx126x-board.o [1]
SX126xWakeup            0x08001629   0x2c  Code  Gb  sx126x-board.o [1]
SX126xWriteBuffer       0x080017cf   0x52  Code  Gb  sx126x-board.o [1]
SX126xWriteCommand      0x08001655   0x4e  Code  Gb  sx126x-board.o [1]
SX126xWriteRegister     0x0800174d    0xe  Code  Gb  sx126x-board.o [1]
SX126xWriteRegisters    0x080016f3   0x5a  Code  Gb  sx126x-board.o [1]
SetSysClock             0x08003763   0xbe  Code  Lc  system_stm32f0xx.o [1]
SnrValue                0x200002a7    0x1  Data  Gb  main.o [1]
SpiInOut                0x08002713   0x2e  Code  Gb  spi.o [1]
SysClock_48             0x08002f33   0x2a  Code  Gb  main.o [1]
SysTick_Config          0x08002f03   0x30  Code  Lc  main.o [1]
SysTick_Handler         0x08003913   0x16  Code  Gb  stm32f0xx_it.o [1]
SystemCoreClock         0x20000090    0x4  Data  Gb  system_stm32f0xx.o [1]
SystemInit              0x080036f5   0x6e  Code  Gb  system_stm32f0xx.o [1]
TIM14_IRQHandler        0x0800392f   0x18  Code  Gb  stm32f0xx_it.o [1]
TIM_ClearITPendingBit   0x08003993    0x8  Code  Gb  stm32f0xx_tim.o [1]
TIM_GetITStatus         0x08003969   0x2a  Code  Gb  stm32f0xx_tim.o [1]
TX_Buffer               0x2000019c   0x40  Data  Gb  main.o [1]
TickCounter             0x20000298    0x4  Data  Gb  stm32f0xx_it.o [1]
Tick_Configration       0x08002f5d   0x1a  Code  Gb  main.o [1]
TxTimeout               0x20000288    0x4  Data  Gb  radio.o [1]
USART1_IRQHandler       0x08003929    0x2  Code  Gb  stm32f0xx_it.o [1]
__ICFEDIT_region_RAM_end__ {Abs}
                        0x20001fff          --   Gb  command line/config [2]
__ICFEDIT_region_RAM_start__ {Abs}
                        0x20000000          --   Gb  command line/config [2]
__aeabi_cdcmpeq         0x08002899         Code  Gb  DblCmpEq.o [4]
__aeabi_cdcmple         0x080028cd         Code  Gb  DblCmpLe.o [4]
__aeabi_cdrcmple        0x08001ba5         Code  Gb  DblCmpGe.o [4]
__aeabi_d2iz            0x08001599         Code  Gb  DblToI32.o [4]
__aeabi_d2uiz           0x080015bd         Code  Gb  DblToI32.o [4]
__aeabi_dadd            0x08001895         Code  Gb  DblAddSub.o [4]
__aeabi_ddiv            0x08001329         Code  Gb  DblDiv.o [4]
__aeabi_dmul            0x080013eb         Code  Gb  DblMul.o [4]
__aeabi_dsub            0x0800195b         Code  Gb  DblAddSub.o [4]
__aeabi_errno_addr      0x080028bd    0xa  Code  Gb  errno.o [3]
__aeabi_i2d             0x080012f5         Code  Gb  I32ToDbl.o [4]
__aeabi_idiv            0x08001a99         Code  Gb  I32DivModFast.o [5]
__aeabi_idiv0           0x080027c5         Code  Gb  IntDivZer.o [5]
__aeabi_idivmod         0x08001a99         Code  Gb  I32DivModFast.o [5]
__aeabi_memclr4         0x080026b1         Code  Gb  ABImemset.o [5]
__aeabi_memclr8         0x080026b1         Code  Gb  ABImemset.o [5]
__aeabi_memcpy          0x08003671         Code  Gb  ABImemcpy.o [5]
__aeabi_memset          0x08002661         Code  Gb  ABImemset.o [5]
__aeabi_ui2d            0x08001309         Code  Gb  I32ToDbl.o [4]
__aeabi_uidiv           0x08001a9f         Code  Gb  I32DivModFast.o [5]
__aeabi_uidivmod        0x08001a9f         Code  Gb  I32DivModFast.o [5]
__cmain                 0x08003a79         Code  Gb  cmain.o [5]
__exit                  0x08003aad   0x14  Code  Gb  exit.o [6]
__iar_Dint              0x0800280d   0x8c  Code  Gb  xdint.o [4]
__iar_Dnorm             0x080027c7   0x44  Code  Gb  xdnorm.o [4]
__iar_Dscale            0x08002d61  0x11c  Code  Gb  xdscale.o [4]
__iar_Dtest             0x08002d25   0x3c  Code  Gb  xdtest.o [4]
__iar_Errno             0x20000094    0x4  Data  Gb  errno.o [3]
__iar_Exp               0x080029a5  0x2b8  Code  Gb  xexp.o [4]
__iar_Logpoly           0x08002901   0x6c  Code  Gb  xlog.o [4]
__iar_Memset4_word      0x08002681         Code  Gb  ABImemset.o [5]
__iar_Memset_word       0x0800266d         Code  Gb  ABImemset.o [5]
__iar_Rint              0x08002745   0x80  Code  Gb  xrint.o [4]
__iar_ceil              0x08001b4d         Code  Gb  ceil.o [4]
__iar_ceill             0x08001b4d         Code  Gb  ceil.o [4]
__iar_copy_init3        0x080039fd   0x30  Code  Gb  copy_init3.o [5]
__iar_d2uiz             0x080015c1         Code  Gb  DblToI32.o [4]
__iar_data_init3        0x08003a2d   0x28  Code  Gb  data_init.o [5]
__iar_dlib_perthread_access
                        0x08002d23    0x2  Code  Gb  xtls.o [3]
__iar_floor             0x08001bd9         Code  Gb  floor.o [4]
__iar_floorl            0x08001bd9         Code  Gb  floor.o [4]
__iar_program_start     0x08003ac1         Code  Gb  cstartup_M.o [5]
__iar_ui2d              0x0800130d         Code  Gb  I32ToDbl.o [4]
__iar_zero_init3        0x0800156f   0x2a  Code  Gb  zero_init3.o [5]
__low_level_init        0x08003a93    0x4  Code  Gb  low_level_init.o [3]
__vector_table          0x08000000         Data  Gb  startup_stm32f030.o [1]
_call_main              0x08003a85         Code  Gb  cmain.o [5]
_exit                   0x08003aa1         Code  Gb  cexit.o [5]
_main                   0x08003a8f         Code  Gb  cmain.o [5]
ceil                    0x08001b4d         Code  Gb  ceil.o [4]
ceill                   0x08001b4d         Code  Gb  ceil.o [4]
crc_value               0x200002a4    0x2  Data  Gb  main.o [1]
exit                    0x08003a97    0x8  Code  Gb  exit.o [3]
floor                   0x08001bd9         Code  Gb  floor.o [4]
floorl                  0x08001bd9         Code  Gb  floor.o [4]
internal_Pow            0x08001dd1  0x434  Code  Lc  pow.o [4]
lnbias                  0x08002240  0x420  Data  Lc  pow.o [4]
main                    0x08002fd3   0xfe  Code  Gb  main.o [1]
memcmp                  0x080036cd   0x28  Code  Gb  memcmp.o [5]
pow                     0x08002231    0xe  Code  Gb  pow.o [4]
rint                    0x08001a49   0x24  Code  Gb  rint.o [4]
ticktimer               0x2000029c    0x4  Data  Gb  stm32f0xx_it.o [1]


[1] = E:\G\STM32F0_Andrew\STM32F0xx_StdPeriph_Lib_V1.5.0  LLCC68\LLCC68 Easy Demo v1.0\EWARM\STM32F030\Obj
[2] = command line
[3] = dl6M_tln.a
[4] = m6M_tl.a
[5] = rt6M_tl.a
[6] = shb_l.a

  14 754 bytes of readonly  code memory
     518 bytes of readonly  data memory
   1 709 bytes of readwrite data memory

Errors: none
Warnings: none
